[Function]
../logs/01.11.2017/13_00_09/BeLog/server_console.log 2017.11.01
../logs/01.11.2017/17_00_09/BeLog/server_console.log 2017.11.01
../logs/01.11.2017/19_13_20/BeLog/server_console.log 2017.11.01
../logs/01.11.2017/1_00_09/BeLog/server_console.log 2017.11.01
../logs/01.11.2017/21_00_09/BeLog/server_console.log 2017.11.01
../logs/01.12.2017/13_00_06/BeLog/server_console.log 2017.12.01
../logs/01.12.2017/17_00_06/BeLog/server_console.log 2017.12.01
../logs/01.12.2017/19_40_20/BeLog/server_console.log 2017.12.01
../logs/01.12.2017/1_00_06/BeLog/server_console.log 2017.12.01
../logs/01.12.2017/21_00_06/BeLog/server_console.log 2017.12.01
../logs/01.12.2017/22_23_15/BeLog/server_console.log 2017.12.01
../logs/02.11.2017/13_00_09/BeLog/server_console.log 2017.11.02
../logs/02.11.2017/17_00_09/BeLog/server_console.log 2017.11.02
../logs/02.11.2017/19_05_22/BeLog/server_console.log 2017.11.02
../logs/02.11.2017/1_00_09/BeLog/server_console.log 2017.11.02
../logs/02.11.2017/21_00_06/BeLog/server_console.log 2017.11.02
../logs/02.12.2017/13_00_06/BeLog/server_console.log 2017.12.02
../logs/02.12.2017/17_00_06/BeLog/server_console.log 2017.12.02
../logs/02.12.2017/18_22_24/BeLog/server_console.log 2017.12.02
../logs/02.12.2017/19_27_10/BeLog/server_console.log 2017.12.02
../logs/02.12.2017/1_00_06/BeLog/server_console.log 2017.12.02
../logs/02.12.2017/21_00_06/BeLog/server_console.log 2017.12.02
../logs/03.11.2017/13_00_06/BeLog/server_console.log 2017.11.03
../logs/03.11.2017/17_00_06/BeLog/server_console.log 2017.11.03
../logs/03.11.2017/1_00_09/BeLog/server_console.log 2017.11.03
../logs/03.11.2017/21_00_06/BeLog/server_console.log 2017.11.03
../logs/03.12.2017/12_45_02/BeLog/server_console.log 2017.12.03
../logs/03.12.2017/16_15_16/BeLog/server_console.log 2017.12.03
../logs/03.12.2017/17_00_06/BeLog/server_console.log 2017.12.03
../logs/03.12.2017/18_10_00/BeLog/server_console.log 2017.12.03
../logs/03.12.2017/1_00_06/BeLog/server_console.log 2017.12.03
../logs/03.12.2017/1_23_06/BeLog/server_console.log 2017.12.03
../logs/03.12.2017/21_00_03/BeLog/server_console.log 2017.12.03
../logs/03.12.2017/23_59_37/BeLog/server_console.log 2017.12.03
../logs/03.12.2017/4_52_40/BeLog/server_console.log 2017.12.03
../logs/04.11.2017/0_04_35/BeLog/server_console.log 2017.11.04
../logs/04.11.2017/13_00_06/BeLog/server_console.log 2017.11.04
../logs/04.11.2017/17_00_04/BeLog/server_console.log 2017.11.04
../logs/04.11.2017/1_00_06/BeLog/server_console.log 2017.11.04
../logs/04.11.2017/21_00_06/BeLog/server_console.log 2017.11.04
../logs/04.11.2017/23_00_02/BeLog/server_console.log 2017.11.04
../logs/04.12.2017/13_00_07/BeLog/server_console.log 2017.12.04
../logs/04.12.2017/17_00_07/BeLog/server_console.log 2017.12.04
../logs/04.12.2017/18_27_20/BeLog/server_console.log 2017.12.04
../logs/04.12.2017/19_29_36/BeLog/server_console.log 2017.12.04
../logs/04.12.2017/19_31_27/BeLog/server_console.log 2017.12.04
../logs/04.12.2017/1_00_07/BeLog/server_console.log 2017.12.04
../logs/04.12.2017/20_21_25/BeLog/server_console.log 2017.12.04
../logs/04.12.2017/21_48_52/BeLog/server_console.log 2017.12.04
../logs/05.11.2017/13_00_06/BeLog/server_console.log 2017.11.05
../logs/05.11.2017/14_59_50/BeLog/server_console.log 2017.11.05
../logs/05.11.2017/17_00_06/BeLog/server_console.log 2017.11.05
../logs/05.11.2017/1_00_06/BeLog/server_console.log 2017.11.05
../logs/05.11.2017/21_00_06/BeLog/server_console.log 2017.11.05
../logs/05.12.2017/13_00_07/BeLog/server_console.log 2017.12.05
../logs/05.12.2017/17_00_07/BeLog/server_console.log 2017.12.05
../logs/05.12.2017/18_39_47/BeLog/server_console.log 2017.12.05
../logs/05.12.2017/19_22_48/BeLog/server_console.log 2017.12.05
../logs/05.12.2017/1_00_07/BeLog/server_console.log 2017.12.05
../logs/05.12.2017/21_00_06/BeLog/server_console.log 2017.12.05
../logs/06.11.2017/13_00_06/BeLog/server_console.log 2017.11.06
../logs/06.11.2017/17_00_06/BeLog/server_console.log 2017.11.06
../logs/06.11.2017/1_00_06/BeLog/server_console.log 2017.11.06
../logs/06.11.2017/21_00_06/BeLog/server_console.log 2017.11.06
../logs/06.12.2017/13_00_06/BeLog/server_console.log 2017.12.06
../logs/06.12.2017/17_00_06/BeLog/server_console.log 2017.12.06
../logs/06.12.2017/17_37_07/BeLog/server_console.log 2017.12.06
../logs/06.12.2017/1_00_06/BeLog/server_console.log 2017.12.06
../logs/06.12.2017/1_05_24/BeLog/server_console.log 2017.12.06
../logs/06.12.2017/21_00_06/BeLog/server_console.log 2017.12.06
../logs/07.11.2017/13_00_06/BeLog/server_console.log 2017.11.07
../logs/07.11.2017/17_00_06/BeLog/server_console.log 2017.11.07
../logs/07.11.2017/1_00_06/BeLog/server_console.log 2017.11.07
../logs/07.11.2017/21_00_06/BeLog/server_console.log 2017.11.07
../logs/07.12.2017/13_00_07/BeLog/server_console.log 2017.12.07
../logs/07.12.2017/17_00_06/BeLog/server_console.log 2017.12.07
../logs/07.12.2017/18_10_14/BeLog/server_console.log 2017.12.07
../logs/07.12.2017/1_00_03/BeLog/server_console.log 2017.12.07
../logs/07.12.2017/21_00_07/BeLog/server_console.log 2017.12.07
../logs/07.12.2017/22_17_29/BeLog/server_console.log 2017.12.07
../logs/08.11.2017/13_00_06/BeLog/server_console.log 2017.11.08
../logs/08.11.2017/15_31_57/BeLog/server_console.log 2017.11.08
../logs/08.11.2017/17_00_06/BeLog/server_console.log 2017.11.08
../logs/08.11.2017/1_00_06/BeLog/server_console.log 2017.11.08
../logs/08.11.2017/21_00_06/BeLog/server_console.log 2017.11.08
../logs/08.12.2017/13_00_07/BeLog/server_console.log 2017.12.08
../logs/08.12.2017/17_00_07/BeLog/server_console.log 2017.12.08
../logs/08.12.2017/17_29_41/BeLog/server_console.log 2017.12.08
../logs/08.12.2017/19_34_02/BeLog/server_console.log 2017.12.08
../logs/08.12.2017/1_00_07/BeLog/server_console.log 2017.12.08
../logs/08.12.2017/21_00_06/BeLog/server_console.log 2017.12.08
../logs/08.12.2017/21_49_44/BeLog/server_console.log 2017.12.08
../logs/08.12.2017/22_37_03/BeLog/server_console.log 2017.12.08
../logs/09.11.2017/12_55_07/BeLog/server_console.log 2017.11.09
../logs/09.11.2017/17_00_06/BeLog/server_console.log 2017.11.09
../logs/09.11.2017/1_00_06/BeLog/server_console.log 2017.11.09
../logs/09.11.2017/21_00_06/BeLog/server_console.log 2017.11.09
../logs/09.11.2017/21_48_39/BeLog/server_console.log 2017.11.09
../logs/09.12.2017/13_00_07/BeLog/server_console.log 2017.12.09
../logs/09.12.2017/16_20_48/BeLog/server_console.log 2017.12.09
../logs/09.12.2017/17_00_07/BeLog/server_console.log 2017.12.09
../logs/09.12.2017/1_00_07/BeLog/server_console.log 2017.12.09
../logs/09.12.2017/1_06_18/BeLog/server_console.log 2017.12.09
../logs/09.12.2017/20_18_04/BeLog/server_console.log 2017.12.09
../logs/09.12.2017/21_00_06/BeLog/server_console.log 2017.12.09
../logs/09.12.2017/22_14_17/BeLog/server_console.log 2017.12.09
../logs/09.12.2017/23_07_05/BeLog/server_console.log 2017.12.09
../logs/09.12.2017/3_02_24/BeLog/server_console.log 2017.12.09
../logs/09.12.2017/3_05_17/BeLog/server_console.log 2017.12.09
../logs/10.11.2017/13_00_06/BeLog/server_console.log 2017.11.10
../logs/10.11.2017/17_00_06/BeLog/server_console.log 2017.11.10
../logs/10.11.2017/1_00_06/BeLog/server_console.log 2017.11.10
../logs/10.11.2017/21_00_06/BeLog/server_console.log 2017.11.10
../logs/10.12.2017/1_00_07/BeLog/server_console.log 2017.12.10
../logs/11.11.2017/13_00_06/BeLog/server_console.log 2017.11.11
../logs/11.11.2017/17_00_06/BeLog/server_console.log 2017.11.11
../logs/11.11.2017/19_05_13/BeLog/server_console.log 2017.11.11
../logs/11.11.2017/1_00_06/BeLog/server_console.log 2017.11.11
../logs/11.11.2017/20_15_26/BeLog/server_console.log 2017.11.11
../logs/11.11.2017/20_19_47/BeLog/server_console.log 2017.11.11
../logs/11.11.2017/21_00_06/BeLog/server_console.log 2017.11.11
../logs/11.11.2017/22_38_47/BeLog/server_console.log 2017.11.11
../logs/11.11.2017/23_31_29/BeLog/server_console.log 2017.11.11
../logs/12.11.2017/0_06_17/BeLog/server_console.log 2017.11.12
../logs/12.11.2017/13_00_06/BeLog/server_console.log 2017.11.12
../logs/12.11.2017/17_00_06/BeLog/server_console.log 2017.11.12
../logs/12.11.2017/17_41_51/BeLog/server_console.log 2017.11.12
../logs/12.11.2017/19_04_55/BeLog/server_console.log 2017.11.12
../logs/12.11.2017/1_00_06/BeLog/server_console.log 2017.11.12
../logs/12.11.2017/1_29_46/BeLog/server_console.log 2017.11.12
../logs/12.11.2017/21_00_06/BeLog/server_console.log 2017.11.12
../logs/12.11.2017/2_30_55/BeLog/server_console.log 2017.11.12
../logs/12.11.2017/5_00_09/BeLog/server_console.log 2017.11.12
../logs/13.11.2017/13_00_06/BeLog/server_console.log 2017.11.13
../logs/13.11.2017/17_00_06/BeLog/server_console.log 2017.11.13
../logs/13.11.2017/1_00_06/BeLog/server_console.log 2017.11.13
../logs/13.11.2017/21_00_06/BeLog/server_console.log 2017.11.13
../logs/14.11.2017/13_00_06/BeLog/server_console.log 2017.11.14
../logs/14.11.2017/17_00_06/BeLog/server_console.log 2017.11.14
../logs/14.11.2017/1_00_06/BeLog/server_console.log 2017.11.14
../logs/14.11.2017/21_00_06/BeLog/server_console.log 2017.11.14
../logs/15.10.2017/13_00_06/BeLog/server_console.log 2017.10.15
../logs/15.10.2017/16_03_37/BeLog/server_console.log 2017.10.15
../logs/15.10.2017/18_00_06/BeLog/server_console.log 2017.10.15
../logs/15.10.2017/21_00_06/BeLog/server_console.log 2017.10.15
../logs/15.11.2017/13_00_06/BeLog/server_console.log 2017.11.15
../logs/15.11.2017/17_00_06/BeLog/server_console.log 2017.11.15
../logs/15.11.2017/1_00_06/BeLog/server_console.log 2017.11.15
../logs/15.11.2017/21_00_06/BeLog/server_console.log 2017.11.15
../logs/16.10.2017/0_01_33/BeLog/server_console.log 2017.10.16
../logs/16.10.2017/13_00_06/BeLog/server_console.log 2017.10.16
../logs/16.10.2017/17_00_06/BeLog/server_console.log 2017.10.16
../logs/16.10.2017/18_26_00/BeLog/server_console.log 2017.10.16
../logs/16.10.2017/1_00_06/BeLog/server_console.log 2017.10.16
../logs/16.10.2017/21_00_06/BeLog/server_console.log 2017.10.16
../logs/16.10.2017/6_00_36/BeLog/server_console.log 2017.10.16
../logs/16.10.2017/8_25_02/BeLog/server_console.log 2017.10.16
../logs/16.11.2017/13_00_06/BeLog/server_console.log 2017.11.16
../logs/16.11.2017/17_00_06/BeLog/server_console.log 2017.11.16
../logs/16.11.2017/17_58_15/BeLog/server_console.log 2017.11.16
../logs/16.11.2017/1_00_06/BeLog/server_console.log 2017.11.16
../logs/16.11.2017/21_00_06/BeLog/server_console.log 2017.11.16
../logs/17.10.2017/13_00_06/BeLog/server_console.log 2017.10.17
../logs/17.10.2017/17_00_06/BeLog/server_console.log 2017.10.17
../logs/17.10.2017/21_00_06/BeLog/server_console.log 2017.10.17
../logs/17.11.2017/13_00_06/BeLog/server_console.log 2017.11.17
../logs/17.11.2017/14_02_32/BeLog/server_console.log 2017.11.17
../logs/17.11.2017/17_00_06/BeLog/server_console.log 2017.11.17
../logs/17.11.2017/1_00_06/BeLog/server_console.log 2017.11.17
../logs/17.11.2017/21_00_06/BeLog/server_console.log 2017.11.17
../logs/18.10.2017/13_00_06/BeLog/server_console.log 2017.10.18
../logs/18.10.2017/17_00_06/BeLog/server_console.log 2017.10.18
../logs/18.10.2017/1_00_06/BeLog/server_console.log 2017.10.18
../logs/18.10.2017/21_00_06/BeLog/server_console.log 2017.10.18
../logs/18.10.2017/22_13_38/BeLog/server_console.log 2017.10.18
../logs/18.10.2017/23_24_56/BeLog/server_console.log 2017.10.18
../logs/18.11.2017/13_00_06/BeLog/server_console.log 2017.11.18
../logs/18.11.2017/17_00_06/BeLog/server_console.log 2017.11.18
../logs/18.11.2017/1_00_06/BeLog/server_console.log 2017.11.18
../logs/18.11.2017/21_00_06/BeLog/server_console.log 2017.11.18
../logs/19.10.2017/13_00_06/BeLog/server_console.log 2017.10.19
../logs/19.10.2017/17_00_06/BeLog/server_console.log 2017.10.19
../logs/19.10.2017/18_58_03/BeLog/server_console.log 2017.10.19
../logs/19.10.2017/1_00_06/BeLog/server_console.log 2017.10.19
../logs/19.10.2017/21_00_06/BeLog/server_console.log 2017.10.19
../logs/19.11.2017/13_00_06/BeLog/server_console.log 2017.11.19
../logs/19.11.2017/17_00_06/BeLog/server_console.log 2017.11.19
../logs/19.11.2017/1_00_06/BeLog/server_console.log 2017.11.19
../logs/19.11.2017/21_00_06/BeLog/server_console.log 2017.11.19
../logs/20.10.2017/13_00_06/BeLog/server_console.log 2017.10.20
../logs/20.10.2017/17_00_06/BeLog/server_console.log 2017.10.20
../logs/20.10.2017/1_00_06/BeLog/server_console.log 2017.10.20
../logs/20.10.2017/21_00_06/BeLog/server_console.log 2017.10.20
../logs/20.11.2017/13_00_06/BeLog/server_console.log 2017.11.20
../logs/20.11.2017/17_00_06/BeLog/server_console.log 2017.11.20
../logs/20.11.2017/1_00_06/BeLog/server_console.log 2017.11.20
../logs/20.11.2017/21_00_06/BeLog/server_console.log 2017.11.20
../logs/21.10.2017/13_00_06/BeLog/server_console.log 2017.10.21
../logs/21.10.2017/17_00_06/BeLog/server_console.log 2017.10.21
../logs/21.10.2017/1_00_06/BeLog/server_console.log 2017.10.21
../logs/21.10.2017/20_10_04/BeLog/server_console.log 2017.10.21
../logs/21.10.2017/21_00_06/BeLog/server_console.log 2017.10.21
../logs/21.10.2017/21_22_02/BeLog/server_console.log 2017.10.21
../logs/21.11.2017/13_00_06/BeLog/server_console.log 2017.11.21
../logs/21.11.2017/17_00_06/BeLog/server_console.log 2017.11.21
../logs/21.11.2017/19_47_05/BeLog/server_console.log 2017.11.21
../logs/21.11.2017/1_00_06/BeLog/server_console.log 2017.11.21
../logs/21.11.2017/21_00_06/BeLog/server_console.log 2017.11.21
../logs/22.10.2017/13_00_06/BeLog/server_console.log 2017.10.22
../logs/22.10.2017/15_07_55/BeLog/server_console.log 2017.10.22
../logs/22.10.2017/17_00_16/BeLog/server_console.log 2017.10.22
../logs/22.10.2017/19_01_40/BeLog/server_console.log 2017.10.22
../logs/22.10.2017/1_00_06/BeLog/server_console.log 2017.10.22
../logs/22.10.2017/21_00_16/BeLog/server_console.log 2017.10.22
../logs/22.10.2017/23_24_45/BeLog/server_console.log 2017.10.22
../logs/22.10.2017/2_40_17/BeLog/server_console.log 2017.10.22
../logs/22.11.2017/13_00_06/BeLog/server_console.log 2017.11.22
../logs/22.11.2017/17_00_06/BeLog/server_console.log 2017.11.22
../logs/22.11.2017/19_57_34/BeLog/server_console.log 2017.11.22
../logs/22.11.2017/1_00_06/BeLog/server_console.log 2017.11.22
../logs/22.11.2017/21_00_06/BeLog/server_console.log 2017.11.22
../logs/22.11.2017/21_59_06/BeLog/server_console.log 2017.11.22
../logs/23.10.2017/13_00_06/BeLog/server_console.log 2017.10.23
../logs/23.10.2017/17_00_06/BeLog/server_console.log 2017.10.23
../logs/23.10.2017/1_00_06/BeLog/server_console.log 2017.10.23
../logs/23.10.2017/21_00_06/BeLog/server_console.log 2017.10.23
../logs/23.10.2017/22_51_54/BeLog/server_console.log 2017.10.23
../logs/23.11.2017/13_00_06/BeLog/server_console.log 2017.11.23
../logs/23.11.2017/17_00_06/BeLog/server_console.log 2017.11.23
../logs/23.11.2017/18_56_36/BeLog/server_console.log 2017.11.23
../logs/23.11.2017/1_00_06/BeLog/server_console.log 2017.11.23
../logs/23.11.2017/21_00_06/BeLog/server_console.log 2017.11.23
../logs/24.10.2017/13_00_06/BeLog/server_console.log 2017.10.24
../logs/24.10.2017/17_00_06/BeLog/server_console.log 2017.10.24
../logs/24.10.2017/1_00_06/BeLog/server_console.log 2017.10.24
../logs/24.10.2017/21_00_06/BeLog/server_console.log 2017.10.24
../logs/24.10.2017/22_32_52/BeLog/server_console.log 2017.10.24
../logs/24.11.2017/13_00_06/BeLog/server_console.log 2017.11.24
../logs/24.11.2017/17_00_06/BeLog/server_console.log 2017.11.24
../logs/24.11.2017/1_00_06/BeLog/server_console.log 2017.11.24
../logs/24.11.2017/21_00_06/BeLog/server_console.log 2017.11.24
../logs/25.10.2017/13_00_06/BeLog/server_console.log 2017.10.25
../logs/25.10.2017/17_00_06/BeLog/server_console.log 2017.10.25
../logs/25.10.2017/1_00_06/BeLog/server_console.log 2017.10.25
../logs/25.10.2017/21_00_06/BeLog/server_console.log 2017.10.25
../logs/25.10.2017/22_17_51/BeLog/server_console.log 2017.10.25
../logs/25.11.2017/13_00_06/BeLog/server_console.log 2017.11.25
../logs/25.11.2017/17_00_06/BeLog/server_console.log 2017.11.25
../logs/25.11.2017/1_00_06/BeLog/server_console.log 2017.11.25
../logs/25.11.2017/1_39_16/BeLog/server_console.log 2017.11.25
../logs/25.11.2017/1_48_01/BeLog/server_console.log 2017.11.25
../logs/25.11.2017/21_00_06/BeLog/server_console.log 2017.11.25
../logs/25.11.2017/21_26_54/BeLog/server_console.log 2017.11.25
../logs/26.10.2017/13_00_06/BeLog/server_console.log 2017.10.26
../logs/26.10.2017/17_00_06/BeLog/server_console.log 2017.10.26
../logs/26.10.2017/18_25_41/BeLog/server_console.log 2017.10.26
../logs/26.10.2017/1_00_06/BeLog/server_console.log 2017.10.26
../logs/26.10.2017/21_00_06/BeLog/server_console.log 2017.10.26
../logs/26.11.2017/13_00_06/BeLog/server_console.log 2017.11.26
../logs/26.11.2017/16_14_41/BeLog/server_console.log 2017.11.26
../logs/26.11.2017/17_00_06/BeLog/server_console.log 2017.11.26
../logs/26.11.2017/17_41_14/BeLog/server_console.log 2017.11.26
../logs/26.11.2017/19_24_13/BeLog/server_console.log 2017.11.26
../logs/26.11.2017/19_51_32/BeLog/server_console.log 2017.11.26
../logs/26.11.2017/1_00_06/BeLog/server_console.log 2017.11.26
../logs/26.11.2017/21_08_08/BeLog/server_console.log 2017.11.26
../logs/26.11.2017/22_00_51/BeLog/server_console.log 2017.11.26
../logs/27.10.2017/13_00_06/BeLog/server_console.log 2017.10.27
../logs/27.10.2017/17_00_06/BeLog/server_console.log 2017.10.27
../logs/27.10.2017/19_44_00/BeLog/server_console.log 2017.10.27
../logs/27.10.2017/1_00_06/BeLog/server_console.log 2017.10.27
../logs/27.10.2017/21_00_06/BeLog/server_console.log 2017.10.27
../logs/27.11.2017/13_00_06/BeLog/server_console.log 2017.11.27
../logs/27.11.2017/17_00_06/BeLog/server_console.log 2017.11.27
../logs/27.11.2017/18_00_48/BeLog/server_console.log 2017.11.27
../logs/27.11.2017/18_50_09/BeLog/server_console.log 2017.11.27
../logs/27.11.2017/19_29_44/BeLog/server_console.log 2017.11.27
../logs/27.11.2017/1_00_06/BeLog/server_console.log 2017.11.27
../logs/28.10.2017/13_00_06/BeLog/server_console.log 2017.10.28
../logs/28.10.2017/14_45_05/BeLog/server_console.log 2017.10.28
../logs/28.10.2017/14_54_56/BeLog/server_console.log 2017.10.28
../logs/28.10.2017/17_00_06/BeLog/server_console.log 2017.10.28
../logs/28.10.2017/1_00_06/BeLog/server_console.log 2017.10.28
../logs/28.10.2017/1_37_02/BeLog/server_console.log 2017.10.28
../logs/28.10.2017/21_00_06/BeLog/server_console.log 2017.10.28
../logs/28.11.2017/13_00_06/BeLog/server_console.log 2017.11.28
../logs/28.11.2017/16_02_23/BeLog/server_console.log 2017.11.28
../logs/28.11.2017/17_00_06/BeLog/server_console.log 2017.11.28
../logs/28.11.2017/19_00_14/BeLog/server_console.log 2017.11.28
../logs/28.11.2017/1_00_06/BeLog/server_console.log 2017.11.28
../logs/28.11.2017/21_00_06/BeLog/server_console.log 2017.11.28
../logs/29.10.2017/13_00_06/BeLog/server_console.log 2017.10.29
../logs/29.10.2017/17_00_06/BeLog/server_console.log 2017.10.29
../logs/29.10.2017/19_30_35/BeLog/server_console.log 2017.10.29
../logs/29.10.2017/1_00_06/BeLog/server_console.log 2017.10.29
../logs/29.10.2017/21_00_06/BeLog/server_console.log 2017.10.29
../logs/29.10.2017/22_15_59/BeLog/server_console.log 2017.10.29
../logs/29.11.2017/13_00_06/BeLog/server_console.log 2017.11.29
../logs/29.11.2017/17_00_06/BeLog/server_console.log 2017.11.29
../logs/29.11.2017/19_21_38/BeLog/server_console.log 2017.11.29
../logs/29.11.2017/1_00_06/BeLog/server_console.log 2017.11.29
../logs/29.11.2017/21_00_06/BeLog/server_console.log 2017.11.29
../logs/29.11.2017/22_05_59/BeLog/server_console.log 2017.11.29
../logs/30.10.2017/13_00_09/BeLog/server_console.log 2017.10.30
../logs/30.10.2017/15_23_06/BeLog/server_console.log 2017.10.30
../logs/30.10.2017/17_00_06/BeLog/server_console.log 2017.10.30
../logs/30.10.2017/19_01_06/BeLog/server_console.log 2017.10.30
../logs/30.10.2017/1_00_06/BeLog/server_console.log 2017.10.30
../logs/30.10.2017/21_00_09/BeLog/server_console.log 2017.10.30
../logs/30.10.2017/22_14_38/BeLog/server_console.log 2017.10.30
../logs/30.10.2017/22_51_04/BeLog/server_console.log 2017.10.30
../logs/30.10.2017/22_57_35/BeLog/server_console.log 2017.10.30
../logs/30.10.2017/4_32_25/BeLog/server_console.log 2017.10.30
../logs/30.11.2017/13_00_06/BeLog/server_console.log 2017.11.30
../logs/30.11.2017/17_00_06/BeLog/server_console.log 2017.11.30
../logs/30.11.2017/17_23_13/BeLog/server_console.log 2017.11.30
../logs/30.11.2017/1_00_06/BeLog/server_console.log 2017.11.30
../logs/30.11.2017/21_00_06/BeLog/server_console.log 2017.11.30
../logs/31.10.2017/13_00_09/BeLog/server_console.log 2017.10.31
../logs/31.10.2017/15_45_54/BeLog/server_console.log 2017.10.31
../logs/31.10.2017/17_00_09/BeLog/server_console.log 2017.10.31
../logs/31.10.2017/1_00_09/BeLog/server_console.log 2017.10.31
../logs/31.10.2017/21_00_06/BeLog/server_console.log 2017.10.31
../logs/31.10.2017/21_53_46/BeLog/server_console.log 2017.10.31
../logs/31.10.2017/2_02_50/BeLog/server_console.log 2017.10.31
loop1
loop1
loop1
loop1
loop1
loop1
loop1
loop1
loop1
loop1
loop1
loop1
loop1
loop1
loop1
loop1
loop1
loop1
loop1
loop1
loop1
loop1
loop1
loop1
loop1
loop1
loop1
loop1
loop1
loop1
loop1
loop1
loop1
loop1
loop1
loop1
loop1
loop1
loop1
loop1
loop1
loop1
loop1
loop1
loop1
loop1
loop1
loop1
loop1
loop1
loop1
loop1
loop1
loop1
loop1
loop1
loop1
loop1
loop1
loop1
loop1
loop1
loop1
loop1
loop1
loop1
loop1
loop1
loop1
loop1
loop1
loop1
loop1
loop1
loop1
loop1
loop1
loop1
loop1
loop1
loop1
loop1
loop1
loop1
loop1
loop1
loop1
loop1
loop1
loop1
loop1
loop1
loop1
loop1
loop1
loop1
loop1
loop1
loop1
loop1
loop1
loop1
loop1
loop1
loop1
loop1
loop1
loop1
loop1
loop1
loop1
loop1
loop1
loop1
loop1
loop1
loop1
loop1
loop1
loop1
loop1
loop1
loop1
loop1
loop1
loop1
loop1
loop1
loop1
loop1
loop1
loop1
loop1
loop1
loop1
loop1
loop1
loop1
loop1
loop1
loop1
loop1
loop1
loop1
loop1
loop1
loop1
loop1
loop1
loop1
loop1
loop1
loop1
loop1
loop1
loop1
loop1
loop1
loop1
loop1
loop1
loop1
loop1
loop1
loop1
loop1
loop1
loop1
loop1
loop1
loop1
loop1
loop1
loop1
loop1
loop1
loop1
loop1
loop1
loop1
loop1
loop1
loop1
loop1
loop1
loop1
loop1
loop1
loop1
loop1
loop1
loop1
loop1
loop1
loop1
loop1
loop1
loop1
loop1
loop1
loop1
loop1
loop1
loop1
loop1
loop1
loop1
loop1
loop1
loop1
loop1
loop1
loop1
loop1
loop1
loop1
loop1
loop1
loop1
loop1
loop1
loop1
loop1
loop1
loop1
loop1
loop1
loop1
loop1
loop1
loop1
loop1
loop1
loop1
loop1
loop1
loop1
loop1
loop1
loop1
loop1
loop1
loop1
loop1
loop1
loop1
loop1
loop1
loop1
loop1
loop1
loop1
loop1
loop1
loop1
loop1
loop1
loop1
loop1
loop1
loop1
loop1
loop1
loop1
loop1
loop1
loop1
loop1
loop1
loop1
loop1
loop1
loop1
loop1
loop1
loop1
loop1
loop1
loop1
loop1
loop1
loop1
loop1
loop1
loop1
loop1
loop1
loop1
loop1
loop1
loop1
loop1
loop1
loop1
loop1
loop1
loop1
loop1
loop1
loop1
loop1
loop1
loop1
loop1
loop1
loop1
loop1
loop1
loop1
loop1
loop1
loop1
loop1
loop1
loop1
loop1
loop1
loop1
loop1
loop1
loop1
loop1
loop1
loop1
loop1
loop1
loop1
loop1
loop1
loop1
loop1
loop1
loop1
loop1
loop1
loop1
loop1
loop1
loop1
loop1
loop1
loop1
loop1
loop1
loop1
loop1
loop1
loop1
loop1
loop1
loop1
loop1
loop1
loop1
loop1
loop1
loop1
loop1
loop1
loop1
loop1
loop1
loop1
loop1
loop1
loop1
loop1
loop1
loop1
loop1
loop1
loop1
loop1
loop1
loop1
loop1
loop1
loop1
loop1
loop1
loop1
loop1
loop1
loop1
loop1
loop1
loop1
loop1
loop1
loop1
loop1
loop1
loop1
loop1
loop1
loop1
loop1
loop1
loop1
loop1
loop1
loop1
loop1
loop1
loop1
loop1
loop1
loop1
loop1
loop1
loop1
loop1
loop1
loop1
loop1
loop1
loop1
loop1
loop1
loop1
loop1
loop1
loop1
loop1
loop1
loop1
loop1
loop1
loop1
loop1
loop1
loop1
loop1
loop1
loop1
loop1
loop1
loop1
loop1
loop1
loop1
loop1
loop1
loop1
loop1
loop1
loop1
loop1
loop1
loop1
loop1
loop1
loop1
loop1
loop1
loop1
loop1
loop1
loop1
loop1
loop1
loop1
loop1
loop1
loop1
loop1
loop1
loop1
loop1
loop1
loop1
loop1
loop1
loop1
loop1
loop1
loop1
loop1
loop1
loop1
loop1
loop1
loop1
loop1
loop1
loop1
loop1
loop1
loop1
loop1
loop1
loop1
loop1
loop1
loop1
loop1
loop1
loop1
loop1
loop1
loop1
loop1
loop1
loop1
loop1
loop1
loop1
loop1
loop1
loop1
loop1
loop1
loop1
loop1
loop1
loop1
loop1
loop1
loop1
loop1
loop1
loop1
loop1
loop1
loop1
loop1
loop1
loop1
loop1
loop1
loop1
loop1
loop1
loop1
loop1
loop1
loop1
loop1
loop1
loop1
loop1
loop1
loop1
loop1
loop1
loop1
loop1
loop1
loop1
loop1
loop1
loop1
loop1
loop1
loop1
loop1
loop1
loop1
loop1
loop1
loop1
loop1
loop1
loop1
loop1
loop1
loop1
loop1
loop1
loop1
loop1
loop1
loop1
loop1
loop1
loop1
loop1
loop1
loop1
loop1
loop1
loop1
loop1
loop1
loop1
loop1
loop1
loop1
loop1
loop1
loop1
loop1
loop1
loop1
loop1
loop1
loop1
loop1
loop1
loop1
loop1
loop1
loop1
loop1
loop1
loop1
loop1
loop1
loop1
loop1
loop1
loop1
loop1
loop1
loop1
loop1
loop1
loop1
loop1
loop1
loop1
loop1
loop1
loop1
loop1
loop1
loop1
loop1
loop1
loop1
loop1
loop1
loop1
loop1
loop1
loop1
loop1
loop1
loop1
loop1
loop1
loop1
loop1
loop1
loop1
loop1
loop1
loop1
loop1
loop1
loop1
loop1
loop1
loop1
loop1
loop1
loop1
loop1
loop1
loop1
loop1
loop1
loop1
loop1
loop1
loop1
loop1
loop1
loop1
loop1
loop1
loop1
loop1
loop1
loop1
loop1
loop1
loop1
loop1
loop1
loop1
loop1
loop1
loop1
loop1
loop1
loop1
loop1
loop1
loop1
loop1
loop1
loop1
loop1
loop1
loop1
loop1
loop1
loop1
loop1
loop1
loop1
loop1
loop1
loop1
loop1
loop1
loop1
loop1
loop1
loop1
loop1
loop1
loop1
loop1
loop1
loop1
loop1
loop1
loop1
loop1
loop1
loop1
loop1
loop1
loop1
loop1
loop1
loop1
loop1
loop1
loop1
loop1
loop1
loop1
loop1
loop1
loop1
loop1
loop1
loop1
loop1
loop1
loop1
loop1
loop1
loop1
loop1
loop1
loop1
loop1
loop1
loop1
loop1
loop1
loop1
loop1
loop1
loop1
loop1
loop1
loop1
loop1
loop1
loop1
loop1
loop1
loop1
loop1
loop1
loop1
loop1
loop1
loop1
loop1
loop1
loop1
loop1
loop1
loop1
loop1
loop1
loop1
loop1
loop1
loop1
loop1
loop1
loop1
loop1
loop1
loop1
loop1
loop1
loop1
loop1
loop1
loop1
loop1
loop1
loop1
loop1
loop1
loop1
loop1
loop1
loop1
loop1
loop1
loop1
loop1
loop1
loop1
loop1
loop1
loop1
loop1
loop1
loop1
loop1
loop1
loop1
loop1
loop1
loop1
loop1
loop1
loop1
loop1
loop1
loop1
loop1
loop1
loop1
loop1
loop1
loop1
finished ../logs/01.11.2017/17_00_09/BeLog/server_console.log
current sessions 0
current adjustments 0
loop1
loop1
loop1
loop1
loop1
loop1
loop1
loop1
loop1
loop1
loop1
loop1
loop1
loop1
loop1
loop1
loop1
loop1
loop1
loop1
loop1
loop1
loop1
loop1
loop1
loop1
loop1
loop1
loop1
loop1
loop1
loop1
loop1
loop1
loop1
loop1
loop1
loop1
loop1
loop1
loop1
loop1
loop1
loop1
loop1
loop1
loop1
loop1
loop1
loop1
loop1
loop1
loop1
loop1
loop1
loop1
loop1
loop1
loop1
loop1
loop1
loop1
loop1
loop1
loop1
loop1
loop1
loop1
loop1
loop1
loop1
loop1
loop1
loop1
loop1
loop1
loop1
loop1
loop1
loop1
loop1
loop1
loop1
loop1
loop1
loop1
loop1
loop1
loop1
loop1
loop1
loop1
loop1
loop1
loop1
loop1
loop1
loop1
loop1
loop1
loop1
loop1
loop1
loop1
loop1
loop1
loop1
loop1
loop1
loop1
loop1
loop1
loop1
loop1
loop1
loop1
loop1
loop1
loop1
loop1
loop1
loop1
loop1
loop1
loop1
loop1
loop1
loop1
loop1
loop1
loop1
loop1
loop1
loop1
loop1
loop1
loop1
loop1
loop1
loop1
loop1
loop1
loop1
loop1
loop1
loop1
loop1
loop1
loop1
loop1
loop1
loop1
loop1
loop1
loop1
loop1
loop1
loop1
loop1
loop1
loop1
loop1
loop1
loop1
loop1
loop1
loop1
loop1
loop1
loop1
loop1
loop1
loop1
loop1
loop1
loop1
loop1
loop1
loop1
loop1
loop1
loop1
loop1
loop1
loop1
loop1
loop1
loop1
loop1
loop1
loop1
loop1
loop1
loop1
loop1
loop1
loop1
loop1
loop1
loop1
loop1
loop1
loop1
loop1
loop1
loop1
loop1
loop1
loop1
loop1
loop1
loop1
loop1
loop1
loop1
loop1
loop1
loop1
loop1
loop1
loop1
loop1
loop1
loop1
loop1
loop1
loop1
loop1
loop1
loop1
loop1
loop1
loop1
loop1
loop1
loop1
loop1
loop1
loop1
loop1
loop1
loop1
loop1
loop1
loop1
loop1
loop1
loop1
loop1
loop1
loop1
loop1
loop1
loop1
loop1
loop1
loop1
loop1
loop1
loop1
loop1
loop1
loop1
loop1
loop1
loop1
loop1
loop1
loop1
loop1
loop1
loop1
loop1
loop1
loop1
loop1
loop1
loop1
loop1
loop1
loop1
loop1
loop1
loop1
loop1
loop1
loop1
loop1
loop1
loop1
loop1
loop1
loop1
loop1
loop1
loop1
loop1
loop1
loop1
loop1
loop1
loop1
loop1
loop1
loop1
loop1
loop1
loop1
loop1
loop1
loop1
loop1
loop1
loop1
loop1
loop1
loop1
loop1
loop1
loop1
loop1
loop1
loop1
loop1
loop1
loop1
loop1
loop1
loop1
loop1
loop1
loop1
loop1
loop1
loop1
loop1
loop1
loop1
loop1
loop1
loop1
loop1
loop1
loop1
loop1
loop1
loop1
loop1
loop1
loop1
loop1
loop1
loop1
loop1
loop1
loop1
loop1
loop1
loop1
loop1
loop1
loop1
loop1
loop1
loop1
loop1
loop1
loop1
loop1
loop1
loop1
loop1
loop1
loop1
loop1
loop1
loop1
loop1
loop1
loop1
loop1
loop1
loop1
loop1
loop1
loop1
loop1
loop1
loop1
loop1
loop1
loop1
loop1
loop1
loop1
loop1
loop1
loop1
loop1
loop1
loop1
loop1
loop1
loop1
loop1
loop1
loop1
loop1
loop1
loop1
loop1
loop1
loop1
loop1
loop1
loop1
loop1
loop1
loop1
loop1
loop1
loop1
loop1
loop1
loop1
loop1
loop1
loop1
loop1
loop1
loop1
loop1
loop1
loop1
loop1
loop1
loop1
loop1
loop1
loop1
loop1
loop1
loop1
loop1
loop1
loop1
loop1
loop1
loop1
loop1
loop1
loop1
loop1
loop1
loop1
loop1
loop1
loop1
loop1
loop1
loop1
loop1
loop1
loop1
loop1
loop1
loop1
loop1
loop1
loop1
loop1
loop1
loop1
loop1
loop1
loop1
loop1
loop1
loop1
loop1
loop1
loop1
loop1
loop1
loop1
loop1
loop1
loop1
loop1
loop1
loop1
loop1
loop1
loop1
loop1
loop1
loop1
loop1
loop1
loop1
loop1
loop1
loop1
loop1
loop1
loop1
loop1
loop1
loop1
loop1
loop1
loop1
loop1
loop1
loop1
loop1
loop1
loop1
loop1
loop1
loop1
loop1
loop1
loop1
loop1
loop1
loop1
loop1
loop1
loop1
loop1
loop1
loop1
loop1
loop1
loop1
loop1
loop1
loop1
loop1
loop1
loop1
loop1
loop1
loop1
loop1
loop1
loop1
loop1
loop1
loop1
loop1
loop1
loop1
loop1
loop1
loop1
loop1
loop1
loop1
loop1
loop1
loop1
loop1
loop1
loop1
loop1
loop1
loop1
loop1
loop1
loop1
loop1
loop1
loop1
loop1
loop1
loop1
loop1
loop1
loop1
loop1
loop1
loop1
loop1
loop1
loop1
loop1
loop1
loop1
loop1
loop1
loop1
loop1
loop1
loop1
loop1
loop1
loop1
loop1
loop1
loop1
loop1
loop1
loop1
loop1
loop1
loop1
loop1
loop1
loop1
loop1
loop1
loop1
loop1
loop1
loop1
loop1
loop1
loop1
loop1
loop1
loop1
loop1
loop1
loop1
loop1
loop1
loop1
loop1
loop1
loop1
loop1
loop1
loop1
loop1
loop1
loop1
loop1
loop1
loop1
loop1
loop1
loop1
loop1
loop1
loop1
loop1
loop1
loop1
loop1
loop1
loop1
loop1
loop1
loop1
loop1
loop1
loop1
loop1
loop1
loop1
loop1
loop1
loop1
loop1
loop1
loop1
loop1
loop1
loop1
loop1
loop1
loop1
loop1
loop1
loop1
loop1
loop1
loop1
loop1
loop1
loop1
loop1
loop1
loop1
loop1
loop1
loop1
loop1
loop1
loop1
loop1
loop1
loop1
loop1
loop1
loop1
loop1
loop1
loop1
loop1
loop1
loop1
loop1
loop1
loop1
loop1
loop1
loop1
loop1
loop1
loop1
loop1
loop1
loop1
loop1
loop1
loop1
loop1
loop1
loop1
loop1
loop1
loop1
loop1
loop1
loop1
loop1
loop1
loop1
loop1
loop1
loop1
loop1
loop1
loop1
loop1
loop1
loop1
loop1
loop1
loop1
loop1
loop1
loop1
loop1
loop1
loop1
loop1
loop1
loop1
loop1
loop1
loop1
loop1
loop1
loop1
loop1
loop1
loop1
loop1
loop1
loop1
loop1
loop1
loop1
loop1
loop1
loop1
loop1
loop1
loop1
loop1
loop1
loop1
loop1
loop1
loop1
loop1
loop1
loop1
loop1
loop1
loop1
loop1
loop1
loop1
loop1
loop1
loop1
loop1
loop1
loop1
loop1
loop1
loop1
loop1
loop1
loop1
loop1
loop1
loop1
loop1
loop1
loop1
loop1
loop1
loop1
loop1
loop1
loop1
loop1
loop1
loop1
loop1
loop1
loop1
loop1
loop1
loop1
loop1
loop1
loop1
loop1
loop1
loop1
loop1
loop1
loop1
loop1
loop1
loop1
loop1
loop1
loop1
loop1
loop1
loop1
loop1
loop1
loop1
loop1
loop1
loop1
loop1
loop1
loop1
loop1
loop1
loop1
loop1
loop1
loop1
loop1
loop1
loop1
loop1
loop1
loop1
loop1
loop1
loop1
loop1
loop1
loop1
loop1
loop1
loop1
loop1
loop1
loop1
loop1
loop1
loop1
loop1
loop1
loop1
loop1
loop1
loop1
loop1
loop1
loop1
loop1
loop1
loop1
loop1
loop1
loop1
loop1
loop1
loop1
loop1
loop1
loop1
loop1
loop1
loop1
loop1
loop1
loop1
loop1
loop1
loop1
loop1
loop1
loop1
loop1
loop1
loop1
loop1
loop1
loop1
loop1
loop1
loop1
loop1
loop1
loop1
loop1
loop1
loop1
loop1
loop1
loop1
loop1
loop1
loop1
loop1
loop1
loop1
loop1
loop1
loop1
loop1
loop1
loop1
loop1
loop1
loop1
loop1
loop1
loop1
loop1
loop1
loop1
loop1
loop1
loop1
loop1
loop1
loop1
loop1
loop1
loop1
loop1
loop1
loop1
loop1
loop1
loop1
loop1
loop1
loop1
loop1
loop1
loop1
loop1
loop1
loop1
loop1
loop1
loop1
loop1
loop1
loop1
loop1
loop1
loop1
loop1
loop1
loop1
loop1
loop1
loop1
loop1
loop1
loop1
loop1
loop1
loop1
loop1
loop1
loop1
loop1
loop1
loop1
loop1
loop1
loop1
loop1
loop1
loop1
loop1
loop1
loop1
loop1
loop1
loop1
loop1
loop1
loop1
loop1
loop1
loop1
loop1
loop1
loop1
loop1
loop1
loop1
loop1
loop1
loop1
loop1
loop1
loop1
loop1
loop1
loop1
loop1
loop1
loop1
loop1
loop1
loop1
loop1
loop1
loop1
loop1
loop1
loop1
loop1
loop1
loop1
loop1
loop1
loop1
loop1
loop1
loop1
loop1
loop1
loop1
loop1
loop1
loop1
loop1
loop1
loop1
loop1
loop1
loop1
loop1
loop1
loop1
loop1
loop1
loop1
loop1
loop1
loop1
loop1
loop1
loop1
loop1
loop1
loop1
loop1
loop1
loop1
loop1
loop1
loop1
loop1
loop1
loop1
loop1
loop1
loop1
loop1
loop1
loop1
loop1
loop1
loop1
loop1
loop1
loop1
loop1
loop1
loop1
loop1
loop1
loop1
loop1
loop1
loop1
loop1
loop1
loop1
loop1
loop1
loop1
loop1
loop1
loop1
loop1
loop1
loop1
loop1
loop1
loop1
loop1
loop1
loop1
loop1
loop1
loop1
loop1
loop1
loop1
loop1
loop1
loop1
loop1
loop1
loop1
loop1
loop1
loop1
loop1
loop1
loop1
loop1
loop1
loop1
loop1
loop1
loop1
loop1
loop1
loop1
loop1
loop1
loop1
loop1
loop1
loop1
loop1
loop1
loop1
loop1
loop1
loop1
loop1
loop1
loop1
loop1
loop1
loop1
loop1
loop1
loop1
loop1
loop1
loop1
loop1
loop1
loop1
loop1
loop1
loop1
loop1
loop1
loop1
loop1
loop1
loop1
loop1
loop1
loop1
loop1
loop1
loop1
loop1
loop1
loop1
loop1
loop1
loop1
loop1
loop1
loop1
loop1
loop1
loop1
loop1
loop1
loop1
loop1
loop1
loop1
loop1
loop1
loop1
loop1
loop1
loop1
loop1
loop1
loop1
loop1
loop1
loop1
loop1
loop1
loop1
loop1
loop1
loop1
loop1
loop1
loop1
loop1
loop1
loop1
loop1
loop1
loop1
loop1
loop1
loop1
loop1
loop1
loop1
loop1
loop1
loop1
loop1
loop1
loop1
loop1
loop1
loop1
loop1
loop1
loop1
loop1
loop1
loop1
loop1
loop1
loop1
loop1
loop1
loop1
loop1
loop1
loop1
loop1
loop1
loop1
loop1
loop1
loop1
loop1
loop1
loop1
loop1
loop1
loop1
loop1
loop1
loop1
loop1
loop1
loop1
loop1
loop1
loop1
loop1
loop1
loop1
loop1
loop1
loop1
loop1
loop1
loop1
loop1
loop1
loop1
loop1
loop1
loop1
loop1
loop1
loop1
loop1
loop1
loop1
loop1
loop1
loop1
loop1
loop1
loop1
loop1
loop1
loop1
loop1
loop1
loop1
loop1
loop1
loop1
loop1
loop1
loop1
loop1
loop1
loop1
loop1
loop1
loop1
loop1
loop1
loop1
loop1
loop1
loop1
loop1
loop1
loop1
loop1
loop1
loop1
loop1
loop1
loop1
loop1
loop1
loop1
loop1
loop1
loop1
loop1
loop1
loop1
loop1
loop1
loop1
loop1
loop1
loop1
loop1
loop1
loop1
loop1
loop1
loop1
loop1
loop1
loop1
loop1
loop1
loop1
loop1
loop1
loop1
loop1
loop1
loop1
loop1
loop1
loop1
loop1
loop1
loop1
loop1
loop1
loop1
loop1
loop1
loop1
loop1
loop1
loop1
loop1
loop1
loop1
loop1
loop1
loop1
loop1
loop1
loop1
loop1
loop1
loop1
loop1
loop1
loop1
loop1
loop1
loop1
loop1
loop1
loop1
loop1
loop1
loop1
loop1
loop1
loop1
loop1
loop1
loop1
loop1
loop1
loop1
loop1
loop1
loop1
loop1
loop1
loop1
loop1
loop1
loop1
loop1
loop1
loop1
loop1
loop1
loop1
loop1
loop1
loop1
loop1
loop1
loop1
loop1
loop1
loop1
loop1
loop1
loop1
loop1
loop1
loop1
loop1
loop1
loop1
loop1
loop1
loop1
loop1
loop1
loop1
loop1
loop1
loop1
loop1
loop1
loop1
loop1
loop1
loop1
loop1
loop1
loop1
loop1
loop1
loop1
loop1
loop1
loop1
loop1
loop1
loop1
loop1
loop1
loop1
loop1
loop1
loop1
loop1
loop1
loop1
loop1
loop1
loop1
loop1
loop1
loop1
loop1
loop1
loop1
loop1
loop1
loop1
loop1
loop1
loop1
loop1
loop1
loop1
loop1
loop1
loop1
loop1
loop1
loop1
loop1
loop1
loop1
loop1
loop1
loop1
loop1
loop1
loop1
loop1
loop1
loop1
loop1
loop1
loop1
loop1
loop1
loop1
loop1
loop1
loop1
loop1
loop1
loop1
loop1
loop1
loop1
loop1
loop1
loop1
loop1
loop1
loop1
loop1
loop1
loop1
loop1
loop1
loop1
loop1
loop1
loop1
loop1
loop1
loop1
loop1
loop1
loop1
loop1
loop1
loop1
loop1
loop1
loop1
loop1
loop1
loop1
loop1
loop1
loop1
loop1
loop1
loop1
loop1
loop1
loop1
loop1
loop1
loop1
loop1
loop1
loop1
loop1
loop1
loop1
loop1
loop1
loop1
loop1
loop1
loop1
loop1
loop1
loop1
loop1
loop1
loop1
loop1
loop1
loop1
loop1
loop1
loop1
loop1
loop1
loop1
loop1
loop1
loop1
loop1
loop1
loop1
loop1
loop1
loop1
loop1
loop1
loop1
loop1
loop1
loop1
loop1
loop1
loop1
loop1
loop1
loop1
loop1
loop1
loop1
loop1
loop1
loop1
loop1
loop1
loop1
loop1
loop1
loop1
loop1
loop1
loop1
loop1
loop1
loop1
loop1
loop1
loop1
loop1
loop1
loop1
loop1
loop1
loop1
loop1
loop1
loop1
loop1
loop1
loop1
loop1
loop1
loop1
loop1
loop1
loop1
loop1
loop1
loop1
loop1
loop1
loop1
loop1
loop1
loop1
loop1
loop1
loop1
loop1
loop1
loop1
loop1
loop1
loop1
loop1
loop1
loop1
loop1
loop1
loop1
loop1
loop1
loop1
loop1
loop1
loop1
loop1
loop1
loop1
loop1
loop1
loop1
loop1
loop1
loop1
loop1
loop1
loop1
loop1
loop1
loop1
loop1
loop1
loop1
loop1
loop1
loop1
loop1
loop1
loop1
loop1
loop1
loop1
loop1
loop1
loop1
loop1
loop1
loop1
loop1
loop1
loop1
loop1
loop1
loop1
loop1
loop1
loop1
loop1
loop1
loop1
loop1
loop1
loop1
loop1
loop1
loop1
loop1
loop1
loop1
loop1
loop1
loop1
loop1
loop1
loop1
loop1
loop1
loop1
loop1
loop1
loop1
loop1
loop1
loop1
loop1
loop1
loop1
loop1
loop1
loop1
loop1
loop1
loop1
loop1
loop1
loop1
loop1
loop1
loop1
loop1
loop1
loop1
loop1
loop1
loop1
loop1
loop1
loop1
loop1
loop1
loop1
loop1
loop1
loop1
loop1
loop1
loop1
loop1
loop1
loop1
loop1
loop1
loop1
loop1
loop1
loop1
loop1
loop1
loop1
loop1
loop1
loop1
loop1
loop1
loop1
loop1
loop1
loop1
loop1
loop1
loop1
loop1
loop1
loop1
loop1
loop1
loop1
loop1
loop1
loop1
loop1
loop1
loop1
loop1
loop1
loop1
loop1
loop1
loop1
loop1
loop1
loop1
loop1
loop1
loop1
loop1
loop1
loop1
loop1
loop1
loop1
loop1
loop1
loop1
loop1
loop1
loop1
loop1
loop1
loop1
loop1
loop1
loop1
loop1
loop1
loop1
loop1
loop1
loop1
loop1
loop1
loop1
loop1
loop1
loop1
loop1
loop1
loop1
loop1
loop1
loop1
loop1
loop1
loop1
loop1
loop1
loop1
loop1
loop1
loop1
loop1
loop1
loop1
loop1
loop1
loop1
loop1
loop1
loop1
loop1
loop1
loop1
loop1
loop1
loop1
loop1
loop1
loop1
loop1
loop1
loop1
loop1
loop1
loop1
loop1
loop1
loop1
loop1
loop1
loop1
loop1
loop1
loop1
loop1
loop1
loop1
loop1
loop1
loop1
loop1
loop1
loop1
loop1
loop1
loop1
loop1
loop1
loop1
loop1
loop1
loop1
loop1
loop1
loop1
loop1
loop1
loop1
loop1
loop1
loop1
loop1
loop1
loop1
loop1
loop1
loop1
loop1
loop1
loop1
loop1
loop1
loop1
loop1
loop1
loop1
loop1
loop1
loop1
loop1
loop1
loop1
loop1
loop1
loop1
loop1
loop1
loop1
loop1
loop1
loop1
loop1
loop1
loop1
loop1
loop1
loop1
loop1
loop1
loop1
loop1
loop1
loop1
loop1
loop1
loop1
loop1
loop1
loop1
loop1
loop1
loop1
loop1
loop1
loop1
loop1
loop1
loop1
loop1
loop1
loop1
loop1
loop1
loop1
loop1
loop1
loop1
loop1
loop1
loop1
loop1
loop1
loop1
loop1
loop1
loop1
loop1
loop1
loop1
loop1
loop1
loop1
loop1
loop1
loop1
loop1
loop1
loop1
loop1
loop1
loop1
loop1
loop1
loop1
loop1
loop1
loop1
loop1
loop1
loop1
loop1
loop1
loop1
loop1
loop1
loop1
loop1
loop1
loop1
loop1
loop1
loop1
loop1
loop1
loop1
loop1
loop1
loop1
loop1
loop1
loop1
loop1
loop1
loop1
loop1
loop1
loop1
loop1
loop1
loop1
loop1
loop1
loop1
loop1
loop1
loop1
loop1
loop1
loop1
loop1
loop1
loop1
loop1
loop1
loop1
loop1
loop1
loop1
loop1
loop1
loop1
loop1
loop1
loop1
loop1
loop1
loop1
loop1
loop1
loop1
loop1
loop1
loop1
loop1
loop1
loop1
loop1
loop1
loop1
loop1
loop1
loop1
loop1
loop1
loop1
loop1
loop1
loop1
loop1
loop1
loop1
loop1
loop1
loop1
loop1
loop1
loop1
loop1
loop1
loop1
loop1
loop1
loop1
loop1
loop1
loop1
loop1
loop1
loop1
loop1
loop1
loop1
loop1
loop1
loop1
loop1
loop1
loop1
loop1
loop1
loop1
loop1
loop1
loop1
loop1
loop1
loop1
loop1
loop1
loop1
loop1
loop1
loop1
loop1
loop1
loop1
loop1
loop1
loop1
loop1
loop1
loop1
loop1
loop1
loop1
loop1
loop1
loop1
loop1
loop1
loop1
loop1
loop1
loop1
loop1
loop1
loop1
loop1
loop1
loop1
loop1
loop1
loop1
loop1
loop1
loop1
loop1
loop1
loop1
loop1
loop1
loop1
loop1
loop1
loop1
loop1
loop1
loop1
loop1
loop1
loop1
loop1
loop1
loop1
loop1
loop1
loop1
loop1
loop1
loop1
loop1
loop1
loop1
loop1
loop1
loop1
loop1
loop1
loop1
loop1
loop1
loop1
loop1
loop1
loop1
loop1
loop1
loop1
loop1
loop1
loop1
loop1
loop1
loop1
loop1
loop1
loop1
loop1
loop1
loop1
loop1
loop1
loop1
loop1
loop1
loop1
loop1
loop1
loop1
loop1
loop1
loop1
loop1
loop1
loop1
loop1
loop1
loop1
loop1
loop1
loop1
loop1
loop1
loop1
loop1
loop1
loop1
loop1
loop1
loop1
loop1
loop1
loop1
loop1
loop1
loop1
loop1
loop1
loop1
loop1
loop1
loop1
loop1
loop1
loop1
loop1
loop1
loop1
loop1
loop1
loop1
loop1
loop1
loop1
loop1
loop1
loop1
loop1
loop1
loop1
loop1
loop1
loop1
loop1
loop1
loop1
loop1
loop1
loop1
loop1
loop1
loop1
loop1
loop1
loop1
loop1
loop1
loop1
loop1
loop1
loop1
loop1
loop1
loop1
loop1
loop1
loop1
loop1
loop1
loop1
loop1
loop1
loop1
loop1
loop1
loop1
loop1
loop1
loop1
loop1
loop1
loop1
loop1
loop1
loop1
loop1
loop1
loop1
loop1
loop1
loop1
loop1
loop1
loop1
loop1
loop1
loop1
loop1
loop1
loop1
loop1
loop1
loop1
loop1
loop1
loop1
loop1
loop1
loop1
loop1
loop1
loop1
loop1
loop1
loop1
loop1
loop1
loop1
loop1
loop1
loop1
loop1
loop1
loop1
loop1
loop1
loop1
loop1
loop1
loop1
loop1
loop1
loop1
loop1
loop1
loop1
loop1
loop1
loop1
loop1
loop1
loop1
loop1
loop1
loop1
loop1
loop1
loop1
loop1
loop1
loop1
loop1
loop1
loop1
loop1
loop1
loop1
loop1
loop1
loop1
loop1
loop1
loop1
loop1
loop1
loop1
loop1
loop1
loop1
loop1
loop1
loop1
loop1
loop1
loop1
loop1
loop1
loop1
loop1
loop1
loop1
loop1
loop1
loop1
loop1
loop1
loop1
loop1
loop1
loop1
loop1
loop1
loop1
loop1
loop1
loop1
loop1
loop1
loop1
loop1
loop1
loop1
loop1
loop1
loop1
loop1
loop1
loop1
loop1
loop1
loop1
loop1
loop1
loop1
loop1
loop1
loop1
loop1
loop1
loop1
loop1
loop1
loop1
loop1
loop1
loop1
loop1
loop1
loop1
loop1
loop1
loop1
loop1
loop1
loop1
loop1
loop1
loop1
loop1
loop1
loop1
loop1
loop1
loop1
loop1
loop1
loop1
loop1
loop1
loop1
loop1
loop1
loop1
loop1
loop1
loop1
loop1
loop1
loop1
loop1
loop1
loop1
loop1
loop1
loop1
loop1
loop1
loop1
loop1
loop1
loop1
loop1
loop1
loop1
loop1
loop1
loop1
loop1
loop1
loop1
loop1
loop1
loop1
loop1
loop1
loop1
loop1
loop1
loop1
loop1
loop1
loop1
loop1
loop1
loop1
loop1
loop1
loop1
loop1
loop1
loop1
loop1
loop1
loop1
loop1
loop1
loop1
loop1
loop1
loop1
loop1
loop1
loop1
loop1
loop1
loop1
loop1
loop1
loop1
loop1
loop1
loop1
loop1
loop1
loop1
loop1
loop1
loop1
loop1
loop1
loop1
loop1
loop1
loop1
loop1
loop1
loop1
loop1
loop1
loop1
loop1
loop1
loop1
loop1
loop1
loop1
loop1
loop1
loop1
loop1
loop1
loop1
loop1
loop1
loop1
loop1
loop1
loop1
loop1
loop1
loop1
loop1
loop1
loop1
loop1
loop1
loop1
loop1
loop1
loop1
loop1
loop1
loop1
loop1
loop1
loop1
loop1
loop1
loop1
loop1
loop1
loop1
loop1
loop1
loop1
loop1
loop1
loop1
loop1
loop1
loop1
loop1
loop1
loop1
loop1
loop1
loop1
loop1
loop1
loop1
loop1
loop1
loop1
loop1
loop1
loop1
loop1
loop1
loop1
loop1
loop1
loop1
loop1
loop1
loop1
loop1
loop1
loop1
loop1
loop1
loop1
loop1
loop1
loop1
loop1
loop1
loop1
loop1
loop1
loop1
loop1
loop1
loop1
loop1
loop1
loop1
loop1
loop1
loop1
loop1
loop1
loop1
loop1
loop1
loop1
loop1
loop1
loop1
loop1
loop1
loop1
loop1
loop1
loop1
loop1
loop1
loop1
loop1
loop1
loop1
loop1
loop1
loop1
loop1
loop1
loop1
loop1
loop1
loop1
loop1
loop1
loop1
loop1
loop1
loop1
loop1
loop1
loop1
loop1
loop1
loop1
loop1
loop1
loop1
loop1
loop1
loop1
loop1
loop1
loop1
loop1
loop1
loop1
loop1
loop1
loop1
loop1
loop1
loop1
loop1
loop1
loop1
loop1
loop1
loop1
loop1
loop1
loop1
loop1
loop1
loop1
loop1
loop1
loop1
loop1
loop1
loop1
loop1
loop1
loop1
loop1
loop1
loop1
loop1
loop1
loop1
loop1
loop1
loop1
loop1
loop1
loop1
loop1
loop1
loop1
loop1
loop1
loop1
loop1
loop1
loop1
loop1
loop1
loop1
loop1
loop1
loop1
loop1
loop1
loop1
loop1
loop1
loop1
loop1
loop1
loop1
loop1
loop1
loop1
loop1
loop1
loop1
loop1
loop1
loop1
loop1
loop1
loop1
loop1
loop1
loop1
loop1
loop1
loop1
loop1
loop1
loop1
loop1
loop1
loop1
loop1
loop1
loop1
loop1
loop1
loop1
loop1
loop1
loop1
loop1
loop1
loop1
loop1
loop1
loop1
loop1
loop1
loop1
loop1
loop1
loop1
loop1
loop1
loop1
loop1
loop1
loop1
loop1
loop1
loop1
loop1
loop1
loop1
loop1
loop1
loop1
loop1
loop1
loop1
loop1
loop1
loop1
loop1
loop1
loop1
loop1
loop1
loop1
loop1
loop1
loop1
loop1
loop1
loop1
loop1
loop1
loop1
loop1
loop1
loop1
loop1
loop1
loop1
loop1
loop1
loop1
loop1
loop1
loop1
loop1
loop1
loop1
loop1
loop1
loop1
loop1
loop1
loop1
loop1
loop1
loop1
loop1
loop1
loop1
loop1
loop1
loop1
loop1
loop1
loop1
loop1
loop1
loop1
loop1
loop1
loop1
loop1
loop1
loop1
loop1
loop1
loop1
loop1
loop1
loop1
loop1
loop1
loop1
loop1
loop1
loop1
loop1
loop1
loop1
loop1
loop1
loop1
loop1
loop1
loop1
loop1
loop1
loop1
loop1
loop1
loop1
loop1
loop1
loop1
loop1
loop1
loop1
loop1
loop1
loop1
loop1
loop1
loop1
loop1
loop1
loop1
loop1
loop1
loop1
loop1
loop1
loop1
loop1
loop1
loop1
loop1
loop1
loop1
loop1
loop1
loop1
loop1
loop1
loop1
loop1
loop1
loop1
loop1
loop1
loop1
loop1
loop1
loop1
loop1
loop1
loop1
loop1
loop1
loop1
loop1
loop1
loop1
loop1
loop1
loop1
loop1
loop1
loop1
loop1
loop1
loop1
loop1
loop1
loop1
loop1
loop1
loop1
loop1
loop1
loop1
loop1
loop1
loop1
loop1
loop1
loop1
loop1
loop1
loop1
loop1
loop1
loop1
loop1
loop1
loop1
loop1
loop1
loop1
loop1
loop1
loop1
loop1
loop1
loop1
loop1
loop1
loop1
loop1
loop1
loop1
loop1
loop1
loop1
loop1
loop1
loop1
loop1
loop1
loop1
loop1
loop1
loop1
loop1
loop1
loop1
loop1
loop1
loop1
loop1
loop1
loop1
loop1
loop1
loop1
loop1
loop1
loop1
loop1
loop1
loop1
loop1
loop1
loop1
loop1
loop1
loop1
loop1
loop1
loop1
loop1
loop1
loop1
loop1
loop1
loop1
loop1
loop1
loop1
loop1
loop1
loop1
loop1
loop1
loop1
loop1
loop1
loop1
loop1
loop1
loop1
loop1
loop1
loop1
loop1
loop1
loop1
loop1
loop1
loop1
loop1
loop1
loop1
loop1
loop1
loop1
loop1
loop1
loop1
loop1
loop1
loop1
loop1
loop1
loop1
loop1
loop1
loop1
loop1
loop1
loop1
loop1
loop1
loop1
loop1
loop1
loop1
loop1
loop1
loop1
loop1
loop1
loop1
loop1
loop1
loop1
loop1
loop1
loop1
loop1
loop1
loop1
loop1
loop1
loop1
loop1
loop1
loop1
loop1
loop1
loop1
loop1
loop1
loop1
loop1
loop1
loop1
loop1
loop1
loop1
loop1
loop1
loop1
loop1
loop1
loop1
loop1
loop1
loop1
loop1
loop1
loop1
loop1
loop1
loop1
loop1
loop1
loop1
loop1
loop1
loop1
loop1
loop1
loop1
loop1
loop1
loop1
loop1
loop1
loop1
loop1
loop1
loop1
loop1
loop1
loop1
loop1
loop1
loop1
loop1
loop1
loop1
loop1
loop1
loop1
loop1
loop1
loop1
loop1
loop1
loop1
loop1
loop1
loop1
loop1
loop1
loop1
loop1
loop1
loop1
loop1
loop1
loop1
loop1
loop1
loop1
loop1
loop1
loop1
loop1
loop1
loop1
loop1
loop1
loop1
loop1
loop1
loop1
loop1
loop1
loop1
loop1
loop1
loop1
loop1
loop1
loop1
loop1
loop1
loop1
loop1
loop1
loop1
loop1
loop1
loop1
loop1
loop1
loop1
loop1
loop1
loop1
loop1
loop1
loop1
loop1
loop1
loop1
loop1
loop1
loop1
loop1
loop1
loop1
loop1
loop1
loop1
loop1
loop1
loop1
loop1
loop1
loop1
loop1
loop1
loop1
loop1
loop1
loop1
loop1
loop1
loop1
loop1
loop1
loop1
loop1
loop1
loop1
loop1
loop1
loop1
loop1
loop1
loop1
loop1
loop1
loop1
loop1
loop1
loop1
loop1
loop1
loop1
loop1
loop1
loop1
loop1
loop1
loop1
loop1
loop1
loop1
loop1
loop1
loop1
loop1
loop1
loop1
loop1
loop1
loop1
loop1
loop1
loop1
loop1
loop1
loop1
loop1
loop1
loop1
loop1
loop1
loop1
loop1
loop1
loop1
loop1
loop1
loop1
loop1
loop1
loop1
loop1
loop1
loop1
loop1
loop1
loop1
loop1
loop1
loop1
loop1
loop1
loop1
loop1
loop1
loop1
loop1
loop1
loop1
loop1
loop1
loop1
loop1
loop1
loop1
loop1
loop1
loop1
loop1
loop1
loop1
loop1
loop1
loop1
loop1
loop1
loop1
loop1
loop1
loop1
loop1
loop1
loop1
loop1
loop1
loop1
loop1
loop1
loop1
loop1
loop1
loop1
loop1
loop1
loop1
loop1
loop1
loop1
loop1
loop1
loop1
loop1
loop1
loop1
loop1
loop1
loop1
loop1
loop1
loop1
loop1
loop1
loop1
loop1
loop1
loop1
loop1
loop1
loop1
loop1
loop1
loop1
loop1
loop1
loop1
loop1
loop1
loop1
loop1
loop1
loop1
loop1
loop1
loop1
loop1
loop1
loop1
loop1
loop1
loop1
loop1
loop1
loop1
loop1
loop1
loop1
loop1
loop1
loop1
loop1
loop1
loop1
loop1
loop1
loop1
loop1
loop1
loop1
loop1
loop1
loop1
loop1
loop1
loop1
loop1
loop1
loop1
loop1
loop1
loop1
loop1
loop1
loop1
loop1
loop1
loop1
loop1
loop1
loop1
loop1
loop1
loop1
loop1
loop1
loop1
loop1
loop1
loop1
loop1
loop1
loop1
loop1
loop1
loop1
loop1
loop1
loop1
loop1
loop1
loop1
loop1
loop1
loop1
loop1
loop1
loop1
loop1
loop1
loop1
loop1
loop1
loop1
loop1
loop1
loop1
loop1
loop1
loop1
loop1
loop1
loop1
loop1
loop1
loop1
loop1
loop1
loop1
loop1
loop1
loop1
loop1
loop1
loop1
loop1
loop1
loop1
loop1
loop1
loop1
loop1
loop1
loop1
loop1
loop1
loop1
loop1
loop1
loop1
loop1
loop1
loop1
loop1
loop1
loop1
loop1
loop1
loop1
loop1
loop1
loop1
loop1
loop1
loop1
loop1
loop1
loop1
loop1
loop1
loop1
loop1
loop1
loop1
loop1
loop1
loop1
loop1
loop1
loop1
loop1
loop1
loop1
loop1
loop1
loop1
loop1
loop1
loop1
loop1
loop1
loop1
loop1
loop1
loop1
loop1
loop1
loop1
loop1
loop1
loop1
loop1
loop1
loop1
loop1
loop1
loop1
loop1
loop1
loop1
loop1
loop1
loop1
loop1
loop1
loop1
loop1
loop1
loop1
loop1
loop1
loop1
loop1
loop1
loop1
loop1
loop1
loop1
loop1
loop1
loop1
loop1
loop1
loop1
loop1
loop1
loop1
loop1
loop1
loop1
loop1
loop1
loop1
loop1
loop1
loop1
loop1
loop1
loop1
loop1
loop1
loop1
loop1
loop1
loop1
loop1
loop1
loop1
loop1
loop1
loop1
loop1
loop1
loop1
loop1
loop1
loop1
loop1
loop1
loop1
loop1
loop1
loop1
loop1
loop1
loop1
loop1
loop1
loop1
loop1
loop1
loop1
loop1
loop1
loop1
loop1
loop1
loop1
loop1
loop1
loop1
loop1
loop1
loop1
loop1
loop1
loop1
loop1
loop1
loop1
loop1
loop1
loop1
loop1
loop1
loop1
loop1
loop1
loop1
loop1
loop1
loop1
loop1
loop1
loop1
loop1
loop1
loop1
loop1
loop1
loop1
loop1
loop1
loop1
loop1
loop1
loop1
loop1
loop1
loop1
loop1
loop1
loop1
loop1
loop1
loop1
loop1
loop1
loop1
loop1
loop1
loop1
loop1
loop1
loop1
loop1
loop1
loop1
loop1
loop1
loop1
loop1
loop1
loop1
loop1
loop1
loop1
loop1
loop1
loop1
loop1
loop1
loop1
loop1
loop1
loop1
loop1
loop1
loop1
loop1
loop1
loop1
loop1
loop1
loop1
loop1
loop1
loop1
loop1
loop1
loop1
loop1
loop1
loop1
loop1
loop1
loop1
loop1
loop1
loop1
loop1
loop1
loop1
loop1
loop1
loop1
loop1
loop1
loop1
loop1
loop1
loop1
loop1
loop1
loop1
loop1
loop1
loop1
loop1
loop1
loop1
loop1
loop1
loop1
loop1
loop1
loop1
loop1
loop1
loop1
loop1
loop1
loop1
loop1
loop1
loop1
loop1
loop1
loop1
loop1
loop1
loop1
loop1
loop1
loop1
loop1
loop1
loop1
loop1
loop1
loop1
loop1
loop1
loop1
loop1
loop1
loop1
loop1
loop1
loop1
loop1
loop1
loop1
loop1
loop1
loop1
loop1
loop1
loop1
loop1
loop1
loop1
loop1
loop1
loop1
loop1
loop1
loop1
loop1
loop1
loop1
loop1
loop1
loop1
loop1
loop1
loop1
loop1
loop1
loop1
loop1
loop1
loop1
loop1
loop1
loop1
loop1
loop1
loop1
loop1
loop1
loop1
loop1
loop1
loop1
loop1
loop1
loop1
loop1
loop1
loop1
loop1
loop1
loop1
loop1
loop1
loop1
loop1
loop1
loop1
loop1
loop1
loop1
loop1
loop1
loop1
loop1
loop1
loop1
loop1
loop1
loop1
loop1
loop1
loop1
loop1
loop1
loop1
loop1
loop1
loop1
loop1
loop1
loop1
loop1
loop1
loop1
loop1
loop1
loop1
loop1
loop1
loop1
loop1
loop1
loop1
loop1
loop1
loop1
loop1
loop1
loop1
loop1
loop1
loop1
loop1
loop1
loop1
loop1
loop1
loop1
loop1
loop1
loop1
loop1
loop1
loop1
loop1
loop1
loop1
loop1
loop1
loop1
loop1
loop1
loop1
loop1
loop1
loop1
loop1
loop1
loop1
loop1
loop1
loop1
loop1
loop1
loop1
loop1
loop1
loop1
loop1
loop1
loop1
loop1
loop1
loop1
loop1
loop1
loop1
loop1
loop1
loop1
loop1
loop1
loop1
loop1
loop1
loop1
loop1
loop1
loop1
loop1
loop1
loop1
loop1
loop1
loop1
loop1
loop1
loop1
loop1
loop1
loop1
loop1
loop1
loop1
loop1
loop1
loop1
loop1
loop1
loop1
loop1
loop1
loop1
loop1
loop1
loop1
loop1
loop1
loop1
loop1
loop1
loop1
loop1
loop1
loop1
loop1
loop1
loop1
loop1
loop1
loop1
loop1
loop1
loop1
loop1
loop1
loop1
loop1
loop1
loop1
loop1
loop1
loop1
loop1
loop1
loop1
loop1
loop1
loop1
loop1
loop1
loop1
loop1
loop1
loop1
loop1
loop1
loop1
loop1
loop1
loop1
loop1
loop1
loop1
loop1
loop1
loop1
loop1
loop1
loop1
loop1
loop1
loop1
loop1
loop1
loop1
loop1
loop1
loop1
loop1
loop1
loop1
loop1
loop1
loop1
loop1
loop1
loop1
loop1
loop1
loop1
loop1
loop1
loop1
loop1
loop1
loop1
loop1
loop1
loop1
loop1
loop1
loop1
loop1
loop1
loop1
loop1
loop1
loop1
loop1
loop1
loop1
loop1
loop1
loop1
loop1
loop1
loop1
loop1
loop1
loop1
loop1
loop1
loop1
loop1
loop1
loop1
loop1
loop1
loop1
loop1
loop1
loop1
loop1
loop1
loop1
loop1
loop1
loop1
loop1
loop1
loop1
loop1
loop1
loop1
loop1
loop1
loop1
loop1
loop1
loop1
loop1
loop1
loop1
loop1
loop1
loop1
loop1
loop1
loop1
loop1
loop1
loop1
loop1
loop1
loop1
loop1
loop1
loop1
loop1
loop1
loop1
loop1
loop1
loop1
loop1
loop1
loop1
loop1
loop1
loop1
loop1
loop1
loop1
loop1
loop1
loop1
loop1
loop1
loop1
loop1
loop1
loop1
loop1
loop1
loop1
loop1
loop1
loop1
loop1
loop1
loop1
loop1
loop1
loop1
loop1
loop1
loop1
loop1
loop1
loop1
loop1
loop1
loop1
loop1
loop1
loop1
loop1
loop1
loop1
loop1
loop1
loop1
loop1
loop1
loop1
loop1
loop1
loop1
loop1
loop1
loop1
loop1
loop1
loop1
loop1
loop1
loop1
loop1
loop1
loop1
loop1
loop1
loop1
loop1
loop1
loop1
loop1
loop1
loop1
loop1
loop1
loop1
loop1
loop1
loop1
loop1
loop1
loop1
loop1
loop1
loop1
loop1
loop1
loop1
loop1
loop1
loop1
loop1
loop1
loop1
loop1
loop1
loop1
loop1
loop1
loop1
loop1
loop1
loop1
loop1
loop1
loop1
loop1
loop1
loop1
loop1
loop1
loop1
loop1
loop1
loop1
loop1
loop1
loop1
loop1
loop1
loop1
loop1
loop1
loop1
loop1
loop1
loop1
loop1
loop1
loop1
loop1
loop1
loop1
loop1
loop1
loop1
loop1
loop1
loop1
loop1
loop1
loop1
loop1
loop1
loop1
loop1
loop1
loop1
loop1
loop1
loop1
loop1
loop1
loop1
loop1
loop1
loop1
loop1
loop1
loop1
loop1
loop1
loop1
loop1
loop1
loop1
loop1
loop1
loop1
loop1
loop1
loop1
loop1
loop1
loop1
loop1
loop1
loop1
loop1
loop1
loop1
loop1
loop1
loop1
loop1
loop1
loop1
loop1
loop1
loop1
loop1
loop1
loop1
loop1
loop1
loop1
loop1
loop1
loop1
loop1
loop1
loop1
loop1
loop1
loop1
loop1
loop1
loop1
loop1
loop1
loop1
loop1
loop1
loop1
loop1
loop1
loop1
loop1
loop1
loop1
loop1
loop1
loop1
loop1
loop1
loop1
loop1
loop1
loop1
loop1
loop1
loop1
loop1
loop1
loop1
loop1
loop1
loop1
loop1
loop1
loop1
loop1
loop1
loop1
loop1
loop1
loop1
loop1
loop1
loop1
loop1
loop1
loop1
loop1
loop1
loop1
loop1
loop1
loop1
loop1
loop1
loop1
loop1
loop1
loop1
loop1
loop1
loop1
loop1
loop1
loop1
loop1
loop1
loop1
loop1
loop1
loop1
loop1
loop1
loop1
loop1
loop1
loop1
loop1
loop1
loop1
loop1
loop1
loop1
loop1
loop1
loop1
loop1
loop1
loop1
loop1
loop1
loop1
loop1
loop1
loop1
loop1
loop1
loop1
loop1
loop1
loop1
loop1
loop1
loop1
loop1
loop1
loop1
loop1
loop1
loop1
loop1
loop1
loop1
loop1
loop1
loop1
loop1
loop1
loop1
loop1
loop1
loop1
loop1
loop1
loop1
loop1
loop1
loop1
loop1
loop1
loop1
loop1
loop1
loop1
loop1
loop1
loop1
loop1
loop1
loop1
loop1
loop1
loop1
loop1
loop1
loop1
loop1
loop1
loop1
loop1
loop1
loop1
loop1
loop1
loop1
loop1
loop1
loop1
loop1
loop1
loop1
loop1
loop1
loop1
loop1
loop1
loop1
loop1
loop1
loop1
loop1
loop1
loop1
loop1
loop1
loop1
loop1
loop1
loop1
loop1
loop1
loop1
loop1
loop1
loop1
loop1
loop1
loop1
loop1
loop1
loop1
loop1
loop1
loop1
loop1
loop1
loop1
loop1
loop1
loop1
loop1
loop1
loop1
loop1
loop1
loop1
loop1
loop1
loop1
loop1
loop1
loop1
loop1
loop1
loop1
loop1
loop1
loop1
loop1
loop1
loop1
loop1
loop1
loop1
loop1
loop1
loop1
loop1
loop1
loop1
loop1
loop1
loop1
loop1
loop1
loop1
loop1
loop1
loop1
loop1
loop1
loop1
loop1
loop1
loop1
loop1
loop1
loop1
loop1
loop1
loop1
loop1
loop1
loop1
loop1
loop1
loop1
loop1
loop1
loop1
loop1
loop1
loop1
loop1
loop1
loop1
loop1
loop1
loop1
loop1
loop1
loop1
loop1
loop1
loop1
loop1
loop1
loop1
loop1
loop1
loop1
loop1
loop1
loop1
loop1
loop1
loop1
loop1
loop1
loop1
loop1
loop1
loop1
loop1
loop1
loop1
loop1
loop1
loop1
loop1
loop1
loop1
loop1
loop1
loop1
loop1
loop1
loop1
loop1
loop1
loop1
loop1
loop1
loop1
loop1
loop1
loop1
loop1
loop1
loop1
loop1
loop1
loop1
loop1
loop1
loop1
loop1
loop1
loop1
loop1
loop1
loop1
loop1
loop1
loop1
loop1
loop1
loop1
loop1
loop1
loop1
loop1
loop1
loop1
loop1
loop1
loop1
loop1
loop1
loop1
loop1
loop1
loop1
loop1
loop1
loop1
loop1
loop1
loop1
loop1
loop1
loop1
loop1
loop1
loop1
loop1
loop1
loop1
loop1
loop1
loop1
loop1
loop1
loop1
loop1
loop1
loop1
loop1
loop1
loop1
loop1
loop1
loop1
loop1
loop1
loop1
loop1
loop1
loop1
loop1
loop1
loop1
loop1
loop1
loop1
loop1
loop1
loop1
loop1
loop1
loop1
loop1
loop1
loop1
loop1
loop1
loop1
loop1
loop1
loop1
loop1
loop1
loop1
loop1
loop1
loop1
loop1
loop1
loop1
loop1
loop1
loop1
loop1
loop1
loop1
loop1
loop1
loop1
loop1
loop1
loop1
loop1
loop1
loop1
loop1
loop1
loop1
loop1
loop1
loop1
loop1
loop1
loop1
loop1
loop1
loop1
loop1
loop1
loop1
loop1
loop1
loop1
loop1
loop1
loop1
loop1
loop1
loop1
loop1
loop1
loop1
loop1
loop1
loop1
loop1
loop1
loop1
loop1
loop1
loop1
loop1
loop1
loop1
loop1
loop1
loop1
loop1
loop1
loop1
loop1
loop1
loop1
loop1
loop1
loop1
loop1
loop1
loop1
loop1
loop1
loop1
loop1
loop1
loop1
loop1
loop1
loop1
loop1
loop1
loop1
loop1
loop1
loop1
loop1
loop1
loop1
loop1
loop1
loop1
loop1
loop1
loop1
loop1
loop1
loop1
loop1
loop1
loop1
loop1
loop1
loop1
loop1
loop1
loop1
loop1
loop1
loop1
loop1
loop1
loop1
loop1
loop1
loop1
loop1
loop1
loop1
loop1
loop1
loop1
loop1
loop1
loop1
loop1
loop1
loop1
loop1
loop1
loop1
loop1
loop1
loop1
loop1
loop1
loop1
loop1
loop1
loop1
loop1
loop1
loop1
loop1
loop1
loop1
loop1
loop1
loop1
loop1
loop1
loop1
loop1
loop1
loop1
loop1
loop1
loop1
loop1
loop1
loop1
loop1
loop1
loop1
loop1
loop1
loop1
loop1
loop1
loop1
loop1
loop1
loop1
loop1
loop1
loop1
loop1
loop1
loop1
loop1
loop1
loop1
loop1
loop1
loop1
loop1
loop1
loop1
loop1
loop1
loop1
loop1
loop1
loop1
loop1
loop1
loop1
loop1
loop1
loop1
loop1
loop1
loop1
loop1
loop1
loop1
loop1
loop1
loop1
loop1
loop1
loop1
loop1
loop1
loop1
loop1
loop1
loop1
loop1
loop1
loop1
loop1
loop1
loop1
loop1
loop1
loop1
loop1
loop1
loop1
loop1
loop1
loop1
loop1
loop1
loop1
loop1
loop1
loop1
loop1
loop1
loop1
loop1
loop1
loop1
loop1
loop1
loop1
loop1
loop1
loop1
loop1
loop1
loop1
loop1
loop1
loop1
loop1
loop1
loop1
loop1
loop1
loop1
loop1
loop1
loop1
loop1
loop1
loop1
loop1
loop1
loop1
loop1
loop1
loop1
loop1
loop1
loop1
loop1
loop1
loop1
loop1
loop1
loop1
loop1
loop1
loop1
loop1
loop1
loop1
loop1
loop1
loop1
loop1
loop1
loop1
loop1
loop1
loop1
loop1
loop1
loop1
loop1
loop1
loop1
loop1
loop1
loop1
loop1
loop1
loop1
loop1
loop1
loop1
loop1
loop1
loop1
loop1
loop1
loop1
loop1
loop1
loop1
loop1
loop1
loop1
loop1
loop1
loop1
loop1
loop1
loop1
loop1
loop1
loop1
loop1
loop1
loop1
loop1
loop1
loop1
loop1
loop1
loop1
loop1
loop1
loop1
loop1
loop1
loop1
loop1
loop1
loop1
loop1
loop1
loop1
loop1
loop1
loop1
loop1
loop1
loop1
loop1
loop1
loop1
loop1
loop1
loop1
loop1
loop1
loop1
loop1
loop1
loop1
loop1
loop1
loop1
loop1
loop1
loop1
loop1
loop1
loop1
loop1
loop1
loop1
loop1
loop1
loop1
loop1
loop1
loop1
loop1
loop1
loop1
loop1
loop1
loop1
loop1
loop1
loop1
loop1
loop1
loop1
loop1
loop1
loop1
loop1
loop1
loop1
loop1
loop1
loop1
loop1
loop1
loop1
loop1
loop1
loop1
loop1
loop1
loop1
loop1
loop1
loop1
loop1
loop1
loop1
loop1
loop1
loop1
loop1
loop1
loop1
loop1
loop1
loop1
loop1
loop1
loop1
loop1
loop1
loop1
loop1
loop1
loop1
loop1
loop1
loop1
loop1
loop1
loop1
loop1
loop1
loop1
loop1
loop1
loop1
loop1
loop1
loop1
loop1
loop1
loop1
loop1
loop1
loop1
loop1
loop1
loop1
loop1
loop1
loop1
loop1
loop1
loop1
loop1
loop1
loop1
loop1
loop1
loop1
loop1
loop1
loop1
loop1
loop1
loop1
loop1
loop1
loop1
loop1
loop1
loop1
loop1
loop1
loop1
loop1
loop1
loop1
loop1
loop1
loop1
loop1
loop1
loop1
loop1
loop1
loop1
loop1
loop1
loop1
loop1
loop1
loop1
loop1
loop1
loop1
loop1
loop1
loop1
loop1
loop1
loop1
loop1
loop1
loop1
loop1
loop1
loop1
loop1
loop1
loop1
loop1
loop1
loop1
loop1
loop1
loop1
loop1
loop1
loop1
loop1
loop1
loop1
loop1
loop1
loop1
loop1
loop1
loop1
loop1
loop1
loop1
loop1
loop1
loop1
loop1
loop1
loop1
loop1
loop1
loop1
loop1
loop1
loop1
loop1
loop1
loop1
loop1
loop1
loop1
loop1
loop1
loop1
loop1
loop1
loop1
loop1
loop1
loop1
loop1
loop1
loop1
loop1
loop1
loop1
loop1
loop1
loop1
loop1
loop1
loop1
loop1
loop1
loop1
loop1
loop1
loop1
loop1
loop1
loop1
loop1
loop1
loop1
loop1
loop1
loop1
loop1
loop1
loop1
loop1
loop1
loop1
loop1
loop1
loop1
loop1
loop1
loop1
loop1
loop1
loop1
loop1
loop1
loop1
loop1
loop1
loop1
loop1
loop1
loop1
loop1
loop1
loop1
loop1
loop1
loop1
loop1
loop1
loop1
loop1
loop1
loop1
loop1
loop1
loop1
loop1
loop1
loop1
loop1
loop1
loop1
loop1
loop1
loop1
loop1
loop1
loop1
loop1
loop1
loop1
loop1
loop1
loop1
loop1
loop1
loop1
loop1
loop1
loop1
loop1
loop1
loop1
loop1
loop1
loop1
loop1
loop1
loop1
loop1
loop1
loop1
loop1
loop1
loop1
loop1
loop1
loop1
loop1
loop1
loop1
loop1
loop1
loop1
loop1
loop1
loop1
loop1
loop1
loop1
loop1
loop1
loop1
loop1
loop1
loop1
loop1
loop1
loop1
loop1
loop1
loop1
loop1
loop1
loop1
loop1
loop1
loop1
loop1
loop1
loop1
loop1
loop1
loop1
loop1
loop1
loop1
loop1
loop1
loop1
loop1
loop1
loop1
loop1
loop1
loop1
loop1
loop1
loop1
loop1
loop1
loop1
loop1
loop1
loop1
loop1
loop1
loop1
loop1
loop1
loop1
loop1
loop1
loop1
loop1
loop1
loop1
loop1
loop1
loop1
loop1
loop1
loop1
loop1
loop1
loop1
loop1
loop1
loop1
loop1
loop1
loop1
loop1
loop1
loop1
loop1
loop1
loop1
loop1
loop1
loop1
loop1
loop1
loop1
loop1
loop1
loop1
loop1
loop1
loop1
loop1
loop1
loop1
loop1
loop1
loop1
loop1
loop1
loop1
loop1
loop1
loop1
loop1
loop1
loop1
loop1
loop1
loop1
loop1
loop1
loop1
loop1
loop1
loop1
loop1
loop1
loop1
loop1
loop1
loop1
loop1
loop1
loop1
loop1
loop1
loop1
loop1
loop1
loop1
loop1
loop1
loop1
loop1
loop1
loop1
loop1
loop1
loop1
loop1
loop1
loop1
loop1
loop1
loop1
loop1
loop1
loop1
loop1
loop1
loop1
loop1
loop1
loop1
loop1
loop1
loop1
loop1
loop1
loop1
loop1
loop1
loop1
loop1
loop1
loop1
loop1
loop1
loop1
loop1
loop1
loop1
loop1
loop1
loop1
loop1
loop1
loop1
loop1
loop1
loop1
loop1
loop1
loop1
loop1
loop1
loop1
loop1
loop1
loop1
loop1
loop1
loop1
loop1
loop1
loop1
loop1
loop1
loop1
loop1
loop1
loop1
loop1
loop1
loop1
loop1
loop1
loop1
loop1
loop1
loop1
loop1
loop1
loop1
loop1
loop1
loop1
loop1
loop1
loop1
loop1
loop1
loop1
loop1
loop1
loop1
loop1
loop1
loop1
loop1
loop1
loop1
loop1
loop1
loop1
loop1
loop1
loop1
loop1
loop1
loop1
loop1
loop1
loop1
loop1
loop1
loop1
loop1
loop1
loop1
loop1
loop1
loop1
loop1
loop1
loop1
loop1
loop1
loop1
loop1
loop1
loop1
loop1
loop1
loop1
loop1
loop1
loop1
loop1
loop1
loop1
loop1
loop1
loop1
loop1
loop1
loop1
loop1
loop1
loop1
loop1
loop1
loop1
loop1
loop1
loop1
loop1
loop1
loop1
loop1
loop1
loop1
loop1
loop1
loop1
loop1
loop1
loop1
loop1
loop1
loop1
loop1
loop1
loop1
loop1
loop1
loop1
loop1
loop1
loop1
loop1
loop1
loop1
loop1
loop1
loop1
loop1
loop1
loop1
loop1
loop1
loop1
loop1
loop1
loop1
loop1
loop1
loop1
loop1
loop1
loop1
loop1
loop1
loop1
loop1
loop1
loop1
loop1
loop1
loop1
loop1
loop1
loop1
loop1
loop1
loop1
loop1
loop1
loop1
loop1
loop1
loop1
loop1
loop1
loop1
loop1
loop1
loop1
loop1
loop1
loop1
loop1
loop1
loop1
loop1
loop1
loop1
loop1
loop1
loop1
loop1
loop1
loop1
loop1
loop1
loop1
loop1
loop1
loop1
loop1
loop1
loop1
loop1
loop1
loop1
loop1
loop1
loop1
loop1
loop1
loop1
loop1
loop1
loop1
loop1
loop1
loop1
loop1
loop1
loop1
loop1
loop1
loop1
loop1
loop1
loop1
loop1
loop1
loop1
loop1
loop1
loop1
loop1
loop1
loop1
loop1
loop1
loop1
loop1
loop1
loop1
loop1
loop1
loop1
loop1
loop1
loop1
loop1
loop1
loop1
loop1
loop1
loop1
loop1
loop1
loop1
loop1
loop1
loop1
loop1
loop1
loop1
loop1
loop1
loop1
loop1
loop1
loop1
loop1
loop1
loop1
loop1
loop1
loop1
loop1
loop1
loop1
loop1
loop1
loop1
loop1
loop1
loop1
loop1
loop1
loop1
loop1
loop1
loop1
loop1
loop1
loop1
loop1
loop1
loop1
loop1
loop1
loop1
loop1
loop1
loop1
loop1
loop1
loop1
loop1
loop1
loop1
loop1
loop1
loop1
loop1
loop1
loop1
loop1
loop1
loop1
loop1
loop1
loop1
loop1
loop1
loop1
loop1
loop1
loop1
loop1
loop1
loop1
loop1
loop1
loop1
loop1
loop1
loop1
loop1
loop1
loop1
loop1
loop1
loop1
loop1
loop1
loop1
loop1
loop1
loop1
loop1
loop1
loop1
loop1
loop1
loop1
loop1
loop1
loop1
loop1
loop1
loop1
loop1
loop1
loop1
loop1
loop1
loop1
loop1
loop1
loop1
loop1
loop1
loop1
loop1
loop1
loop1
loop1
loop1
loop1
loop1
loop1
loop1
loop1
loop1
loop1
loop1
loop1
loop1
loop1
loop1
loop1
loop1
loop1
loop1
loop1
loop1
loop1
loop1
loop1
loop1
loop1
loop1
loop1
loop1
loop1
loop1
loop1
loop1
loop1
loop1
loop1
loop1
loop1
loop1
loop1
loop1
loop1
loop1
loop1
loop1
loop1
loop1
loop1
loop1
loop1
loop1
loop1
loop1
loop1
loop1
loop1
loop1
loop1
loop1
loop1
loop1
loop1
loop1
loop1
loop1
loop1
loop1
loop1
loop1
loop1
loop1
loop1
loop1
loop1
loop1
loop1
loop1
loop1
loop1
loop1
loop1
loop1
loop1
loop1
loop1
loop1
loop1
loop1
loop1
loop1
loop1
loop1
loop1
loop1
loop1
loop1
loop1
loop1
loop1
loop1
loop1
loop1
loop1
loop1
loop1
loop1
loop1
loop1
loop1
loop1
loop1
loop1
loop1
loop1
loop1
loop1
loop1
loop1
loop1
loop1
loop1
loop1
loop1
loop1
loop1
loop1
loop1
loop1
loop1
loop1
loop1
loop1
loop1
loop1
loop1
loop1
loop1
loop1
loop1
loop1
loop1
loop1
loop1
loop1
loop1
loop1
loop1
loop1
loop1
loop1
loop1
loop1
loop1
loop1
loop1
loop1
loop1
loop1
loop1
loop1
loop1
loop1
loop1
loop1
loop1
loop1
loop1
loop1
loop1
loop1
loop1
loop1
loop1
loop1
loop1
loop1
loop1
loop1
loop1
loop1
loop1
loop1
loop1
loop1
loop1
loop1
loop1
loop1
loop1
loop1
loop1
loop1
loop1
loop1
loop1
loop1
loop1
loop1
loop1
loop1
loop1
loop1
loop1
loop1
loop1
loop1
loop1
loop1
loop1
loop1
loop1
loop1
loop1
loop1
loop1
loop1
loop1
loop1
loop1
loop1
loop1
loop1
loop1
loop1
loop1
loop1
loop1
loop1
loop1
loop1
loop1
loop1
loop1
loop1
loop1
loop1
loop1
loop1
loop1
loop1
loop1
loop1
loop1
loop1
loop1
loop1
loop1
loop1
loop1
loop1
loop1
loop1
loop1
loop1
loop1
loop1
loop1
loop1
loop1
loop1
loop1
loop1
loop1
loop1
loop1
loop1
loop1
loop1
loop1
loop1
loop1
loop1
loop1
loop1
loop1
loop1
loop1
loop1
loop1
loop1
loop1
loop1
loop1
loop1
loop1
loop1
loop1
loop1
loop1
loop1
loop1
loop1
loop1
loop1
loop1
loop1
loop1
loop1
loop1
loop1
loop1
loop1
loop1
loop1
loop1
loop1
loop1
loop1
loop1
loop1
loop1
loop1
loop1
loop1
loop1
loop1
loop1
loop1
loop1
loop1
loop1
loop1
loop1
loop1
loop1
loop1
loop1
loop1
loop1
loop1
loop1
loop1
loop1
loop1
loop1
loop1
loop1
loop1
loop1
loop1
loop1
loop1
loop1
loop1
loop1
loop1
loop1
loop1
loop1
loop1
loop1
loop1
loop1
loop1
loop1
loop1
loop1
loop1
loop1
loop1
loop1
loop1
loop1
loop1
loop1
loop1
loop1
loop1
loop1
loop1
loop1
loop1
loop1
loop1
loop1
loop1
loop1
loop1
loop1
loop1
loop1
loop1
loop1
loop1
loop1
loop1
loop1
loop1
loop1
loop1
loop1
loop1
loop1
loop1
loop1
loop1
loop1
loop1
loop1
loop1
loop1
loop1
loop1
loop1
loop1
loop1
loop1
loop1
loop1
loop1
loop1
loop1
loop1
loop1
loop1
loop1
loop1
loop1
loop1
loop1
loop1
loop1
loop1
loop1
loop1
loop1
loop1
loop1
loop1
loop1
loop1
loop1
loop1
loop1
loop1
loop1
loop1
loop1
loop1
loop1
loop1
loop1
loop1
loop1
loop1
loop1
loop1
loop1
loop1
loop1
loop1
loop1
loop1
loop1
loop1
loop1
loop1
loop1
loop1
loop1
loop1
loop1
loop1
loop1
loop1
loop1
loop1
loop1
loop1
loop1
loop1
loop1
loop1
loop1
loop1
loop1
loop1
loop1
loop1
loop1
loop1
loop1
loop1
loop1
loop1
loop1
loop1
loop1
loop1
loop1
loop1
loop1
loop1
loop1
loop1
loop1
loop1
loop1
loop1
loop1
loop1
loop1
loop1
loop1
loop1
loop1
loop1
loop1
loop1
loop1
loop1
loop1
loop1
loop1
loop1
loop1
loop1
loop1
loop1
loop1
loop1
loop1
loop1
loop1
loop1
loop1
loop1
loop1
loop1
loop1
loop1
loop1
loop1
loop1
loop1
loop1
loop1
loop1
loop1
loop1
loop1
loop1
loop1
loop1
loop1
loop1
loop1
loop1
loop1
loop1
loop1
loop1
loop1
loop1
loop1
loop1
loop1
loop1
loop1
loop1
loop1
loop1
loop1
loop1
loop1
loop1
loop1
loop1
loop1
loop1
loop1
loop1
loop1
loop1
loop1
loop1
loop1
loop1
loop1
loop1
loop1
loop1
loop1
loop1
loop1
loop1
loop1
loop1
loop1
loop1
loop1
loop1
loop1
loop1
loop1
loop1
loop1
loop1
loop1
loop1
loop1
loop1
loop1
loop1
loop1
loop1
loop1
loop1
loop1
loop1
loop1
loop1
loop1
loop1
loop1
loop1
loop1
loop1
loop1
loop1
loop1
loop1
loop1
loop1
loop1
loop1
loop1
loop1
loop1
loop1
loop1
loop1
loop1
loop1
loop1
loop1
loop1
loop1
loop1
loop1
loop1
loop1
loop1
loop1
loop1
loop1
loop1
loop1
loop1
loop1
loop1
loop1
loop1
loop1
loop1
loop1
loop1
loop1
loop1
loop1
loop1
loop1
loop1
loop1
loop1
loop1
loop1
loop1
loop1
loop1
loop1
loop1
loop1
loop1
loop1
loop1
loop1
loop1
loop1
loop1
loop1
loop1
loop1
loop1
loop1
loop1
loop1
loop1
loop1
loop1
loop1
loop1
loop1
loop1
loop1
loop1
loop1
loop1
loop1
loop1
loop1
loop1
loop1
loop1
loop1
loop1
loop1
loop1
loop1
loop1
loop1
loop1
loop1
loop1
loop1
loop1
loop1
loop1
loop1
loop1
loop1
loop1
loop1
loop1
loop1
loop1
loop1
loop1
loop1
loop1
loop1
loop1
loop1
loop1
loop1
loop1
loop1
loop1
loop1
loop1
loop1
loop1
loop1
loop1
loop1
loop1
loop1
loop1
loop1
loop1
loop1
loop1
loop1
loop1
loop1
loop1
loop1
loop1
loop1
loop1
loop1
loop1
loop1
loop1
loop1
loop1
loop1
loop1
loop1
loop1
loop1
loop1
loop1
loop1
loop1
loop1
loop1
loop1
loop1
loop1
loop1
loop1
loop1
loop1
loop1
loop1
loop1
loop1
loop1
loop1
loop1
loop1
loop1
loop1
loop1
loop1
loop1
loop1
loop1
loop1
loop1
loop1
loop1
loop1
loop1
loop1
loop1
loop1
loop1
loop1
loop1
loop1
loop1
loop1
loop1
loop1
loop1
loop1
loop1
loop1
loop1
loop1
loop1
loop1
loop1
loop1
loop1
loop1
loop1
loop1
loop1
loop1
loop1
loop1
loop1
loop1
loop1
loop1
loop1
loop1
loop1
loop1
loop1
loop1
loop1
loop1
loop1
loop1
loop1
loop1
loop1
loop1
loop1
loop1
loop1
loop1
loop1
loop1
loop1
loop1
loop1
loop1
loop1
loop1
loop1
loop1
loop1
loop1
loop1
loop1
loop1
loop1
loop1
loop1
loop1
loop1
loop1
loop1
loop1
loop1
loop1
loop1
loop1
loop1
loop1
loop1
loop1
loop1
loop1
loop1
loop1
loop1
loop1
loop1
loop1
loop1
loop1
loop1
loop1
loop1
loop1
loop1
loop1
loop1
loop1
loop1
loop1
loop1
loop1
loop1
loop1
loop1
loop1
loop1
loop1
loop1
loop1
loop1
loop1
loop1
loop1
loop1
loop1
loop1
loop1
loop1
loop1
loop1
loop1
loop1
loop1
loop1
loop1
loop1
loop1
loop1
loop1
loop1
loop1
loop1
loop1
loop1
loop1
loop1
loop1
loop1
loop1
loop1
loop1
loop1
loop1
loop1
loop1
loop1
loop1
loop1
loop1
loop1
loop1
loop1
loop1
loop1
loop1
loop1
loop1
loop1
loop1
loop1
loop1
loop1
loop1
loop1
loop1
loop1
loop1
loop1
loop1
loop1
loop1
loop1
loop1
loop1
loop1
loop1
loop1
loop1
loop1
loop1
loop1
loop1
loop1
loop1
loop1
loop1
loop1
loop1
loop1
loop1
loop1
loop1
loop1
loop1
loop1
loop1
loop1
loop1
loop1
loop1
loop1
loop1
loop1
loop1
loop1
loop1
loop1
loop1
loop1
loop1
loop1
loop1
loop1
loop1
loop1
loop1
loop1
loop1
loop1
loop1
loop1
loop1
loop1
loop1
loop1
loop1
loop1
loop1
loop1
loop1
loop1
loop1
loop1
loop1
loop1
loop1
loop1
loop1
loop1
loop1
loop1
loop1
loop1
loop1
loop1
loop1
loop1
loop1
loop1
loop1
loop1
loop1
loop1
loop1
loop1
loop1
loop1
loop1
loop1
loop1
loop1
loop1
loop1
loop1
loop1
loop1
loop1
loop1
loop1
loop1
loop1
loop1
loop1
loop1
loop1
loop1
loop1
loop1
loop1
loop1
loop1
loop1
loop1
loop1
loop1
loop1
loop1
loop1
loop1
loop1
loop1
loop1
loop1
loop1
loop1
loop1
loop1
loop1
loop1
loop1
loop1
loop1
loop1
loop1
loop1
loop1
loop1
loop1
loop1
loop1
loop1
loop1
loop1
loop1
loop1
loop1
loop1
loop1
loop1
loop1
loop1
loop1
loop1
loop1
loop1
loop1
loop1
loop1
loop1
loop1
loop1
loop1
loop1
loop1
loop1
loop1
loop1
loop1
loop1
loop1
loop1
loop1
loop1
loop1
loop1
loop1
loop1
loop1
loop1
loop1
loop1
loop1
loop1
loop1
loop1
loop1
loop1
loop1
loop1
loop1
loop1
loop1
loop1
loop1
loop1
loop1
loop1
loop1
loop1
loop1
loop1
loop1
loop1
loop1
loop1
loop1
loop1
loop1
loop1
loop1
loop1
loop1
loop1
loop1
loop1
loop1
loop1
loop1
loop1
loop1
loop1
loop1
loop1
loop1
loop1
loop1
loop1
loop1
loop1
loop1
loop1
loop1
loop1
loop1
loop1
loop1
loop1
loop1
loop1
loop1
loop1
loop1
loop1
loop1
loop1
loop1
loop1
loop1
loop1
loop1
loop1
loop1
loop1
loop1
loop1
loop1
loop1
loop1
loop1
loop1
loop1
loop1
loop1
loop1
loop1
loop1
loop1
loop1
loop1
loop1
loop1
loop1
loop1
loop1
loop1
loop1
loop1
loop1
loop1
loop1
loop1
loop1
loop1
loop1
loop1
loop1
loop1
loop1
loop1
loop1
loop1
loop1
loop1
loop1
loop1
loop1
loop1
loop1
loop1
loop1
loop1
loop1
loop1
loop1
loop1
loop1
loop1
loop1
loop1
loop1
loop1
loop1
loop1
loop1
loop1
loop1
loop1
loop1
loop1
loop1
loop1
loop1
loop1
loop1
loop1
loop1
loop1
loop1
loop1
loop1
loop1
loop1
loop1
loop1
loop1
loop1
loop1
loop1
loop1
loop1
loop1
loop1
loop1
loop1
loop1
loop1
loop1
loop1
loop1
loop1
loop1
loop1
loop1
loop1
loop1
loop1
loop1
loop1
loop1
loop1
loop1
loop1
loop1
loop1
loop1
loop1
loop1
loop1
loop1
loop1
loop1
loop1
loop1
loop1
loop1
loop1
loop1
loop1
loop1
loop1
loop1
loop1
loop1
loop1
loop1
loop1
loop1
loop1
loop1
loop1
loop1
loop1
loop1
loop1
loop1
loop1
loop1
loop1
loop1
loop1
loop1
loop1
loop1
loop1
loop1
loop1
loop1
loop1
loop1
loop1
loop1
loop1
loop1
loop1
loop1
loop1
loop1
loop1
loop1
loop1
loop1
loop1
loop1
loop1
loop1
loop1
loop1
loop1
loop1
loop1
loop1
loop1
loop1
loop1
loop1
loop1
loop1
loop1
loop1
loop1
loop1
loop1
loop1
loop1
loop1
loop1
loop1
loop1
loop1
loop1
loop1
loop1
loop1
loop1
loop1
loop1
loop1
loop1
loop1
loop1
loop1
loop1
loop1
loop1
loop1
loop1
loop1
loop1
loop1
loop1
loop1
loop1
loop1
loop1
loop1
loop1
loop1
loop1
loop1
loop1
loop1
loop1
loop1
loop1
loop1
loop1
loop1
loop1
loop1
loop1
loop1
loop1
loop1
loop1
loop1
loop1
loop1
loop1
loop1
loop1
loop1
loop1
loop1
loop1
loop1
loop1
loop1
loop1
loop1
loop1
loop1
loop1
loop1
loop1
loop1
loop1
loop1
loop1
loop1
loop1
loop1
loop1
loop1
loop1
loop1
loop1
loop1
loop1
loop1
loop1
loop1
loop1
loop1
loop1
loop1
loop1
loop1
loop1
loop1
loop1
loop1
loop1
loop1
loop1
loop1
loop1
loop1
loop1
loop1
loop1
loop1
loop1
loop1
loop1
loop1
loop1
loop1
loop1
loop1
loop1
loop1
loop1
loop1
loop1
loop1
loop1
loop1
loop1
loop1
loop1
loop1
loop1
loop1
loop1
loop1
loop1
loop1
loop1
loop1
loop1
loop1
loop1
loop1
loop1
loop1
loop1
loop1
loop1
loop1
loop1
loop1
loop1
loop1
loop1
loop1
loop1
loop1
loop1
loop1
loop1
loop1
loop1
loop1
loop1
loop1
loop1
loop1
loop1
loop1
loop1
loop1
loop1
loop1
loop1
loop1
loop1
loop1
loop1
loop1
loop1
loop1
loop1
loop1
loop1
loop1
loop1
loop1
loop1
loop1
loop1
loop1
loop1
loop1
loop1
loop1
loop1
loop1
loop1
loop1
loop1
loop1
loop1
loop1
loop1
loop1
loop1
loop1
loop1
loop1
loop1
loop1
loop1
loop1
loop1
loop1
loop1
loop1
loop1
loop1
loop1
loop1
loop1
loop1
loop1
loop1
loop1
loop1
loop1
loop1
loop1
loop1
loop1
loop1
loop1
loop1
loop1
loop1
loop1
loop1
loop1
loop1
loop1
loop1
loop1
loop1
loop1
loop1
loop1
loop1
loop1
loop1
loop1
loop1
loop1
loop1
loop1
loop1
loop1
loop1
loop1
loop1
loop1
loop1
loop1
loop1
loop1
loop1
loop1
loop1
loop1
loop1
loop1
loop1
loop1
loop1
loop1
loop1
loop1
loop1
loop1
loop1
loop1
loop1
loop1
loop1
loop1
loop1
loop1
loop1
loop1
loop1
loop1
loop1
loop1
loop1
loop1
loop1
loop1
loop1
loop1
loop1
loop1
loop1
loop1
loop1
loop1
loop1
loop1
loop1
loop1
loop1
loop1
loop1
loop1
loop1
loop1
loop1
loop1
loop1
loop1
loop1
loop1
loop1
loop1
loop1
loop1
loop1
loop1
loop1
loop1
loop1
loop1
loop1
loop1
loop1
loop1
loop1
loop1
loop1
loop1
loop1
loop1
loop1
loop1
loop1
loop1
loop1
loop1
loop1
loop1
loop1
loop1
loop1
loop1
loop1
loop1
loop1
loop1
loop1
loop1
loop1
loop1
loop1
loop1
loop1
loop1
loop1
loop1
loop1
loop1
loop1
loop1
loop1
loop1
loop1
loop1
loop1
loop1
loop1
loop1
loop1
loop1
loop1
loop1
loop1
loop1
loop1
loop1
loop1
loop1
loop1
loop1
loop1
loop1
loop1
loop1
loop1
loop1
loop1
loop1
loop1
loop1
loop1
loop1
loop1
loop1
loop1
loop1
loop1
loop1
loop1
loop1
loop1
loop1
loop1
loop1
loop1
loop1
loop1
loop1
loop1
loop1
loop1
loop1
loop1
loop1
loop1
loop1
loop1
loop1
loop1
loop1
loop1
loop1
loop1
loop1
loop1
loop1
loop1
loop1
loop1
loop1
loop1
loop1
loop1
loop1
loop1
loop1
loop1
loop1
loop1
loop1
loop1
loop1
loop1
loop1
loop1
loop1
loop1
loop1
loop1
loop1
loop1
loop1
loop1
loop1
loop1
loop1
loop1
loop1
loop1
loop1
loop1
loop1
loop1
loop1
loop1
loop1
loop1
loop1
loop1
loop1
loop1
loop1
loop1
loop1
loop1
loop1
loop1
loop1
loop1
loop1
loop1
loop1
loop1
loop1
loop1
loop1
loop1
loop1
loop1
loop1
loop1
loop1
loop1
loop1
loop1
loop1
loop1
loop1
loop1
loop1
loop1
loop1
loop1
loop1
loop1
loop1
loop1
loop1
loop1
loop1
loop1
loop1
loop1
loop1
loop1
loop1
loop1
loop1
loop1
loop1
loop1
loop1
loop1
loop1
loop1
loop1
loop1
loop1
loop1
loop1
loop1
loop1
loop1
loop1
loop1
loop1
loop1
loop1
loop1
loop1
loop1
loop1
loop1
loop1
loop1
loop1
loop1
loop1
loop1
loop1
loop1
loop1
loop1
loop1
loop1
loop1
loop1
loop1
loop1
loop1
loop1
loop1
loop1
loop1
loop1
loop1
loop1
loop1
loop1
loop1
loop1
loop1
loop1
loop1
loop1
loop1
loop1
loop1
loop1
loop1
loop1
loop1
loop1
loop1
loop1
loop1
loop1
loop1
loop1
loop1
loop1
loop1
loop1
loop1
loop1
loop1
loop1
loop1
loop1
loop1
loop1
loop1
loop1
loop1
loop1
loop1
loop1
loop1
loop1
loop1
loop1
loop1
loop1
loop1
loop1
loop1
loop1
loop1
loop1
loop1
loop1
loop1
loop1
loop1
loop1
loop1
loop1
loop1
loop1
loop1
loop1
loop1
loop1
loop1
loop1
loop1
loop1
loop1
loop1
loop1
loop1
loop1
loop1
loop1
loop1
loop1
loop1
loop1
loop1
loop1
loop1
loop1
loop1
loop1
loop1
loop1
loop1
loop1
loop1
loop1
loop1
loop1
loop1
loop1
loop1
loop1
loop1
loop1
loop1
loop1
loop1
loop1
loop1
loop1
loop1
loop1
loop1
loop1
loop1
loop1
loop1
loop1
loop1
loop1
loop1
loop1
loop1
loop1
loop1
loop1
loop1
loop1
loop1
loop1
loop1
loop1
loop1
loop1
loop1
loop1
loop1
loop1
loop1
loop1
loop1
loop1
loop1
loop1
loop1
loop1
loop1
loop1
loop1
loop1
loop1
loop1
loop1
loop1
loop1
loop1
loop1
loop1
loop1
loop1
loop1
loop1
loop1
loop1
loop1
loop1
loop1
loop1
loop1
loop1
loop1
loop1
loop1
loop1
loop1
loop1
loop1
loop1
loop1
loop1
loop1
loop1
loop1
loop1
loop1
loop1
loop1
loop1
loop1
loop1
loop1
loop1
loop1
loop1
loop1
loop1
loop1
loop1
loop1
loop1
loop1
loop1
loop1
loop1
loop1
loop1
loop1
loop1
loop1
loop1
loop1
loop1
loop1
loop1
loop1
loop1
loop1
loop1
loop1
loop1
loop1
loop1
loop1
loop1
loop1
loop1
loop1
loop1
loop1
loop1
loop1
loop1
loop1
loop1
loop1
loop1
loop1
loop1
loop1
loop1
loop1
loop1
loop1
loop1
loop1
loop1
loop1
loop1
loop1
loop1
loop1
loop1
loop1
loop1
loop1
loop1
loop1
loop1
loop1
loop1
loop1
loop1
loop1
loop1
loop1
loop1
loop1
loop1
loop1
loop1
loop1
loop1
loop1
loop1
loop1
loop1
loop1
loop1
loop1
loop1
loop1
loop1
loop1
loop1
loop1
loop1
loop1
loop1
loop1
loop1
loop1
loop1
loop1
loop1
loop1
loop1
loop1
loop1
loop1
loop1
loop1
loop1
loop1
loop1
loop1
loop1
loop1
loop1
loop1
loop1
loop1
loop1
loop1
loop1
loop1
loop1
loop1
loop1
loop1
loop1
loop1
loop1
loop1
loop1
loop1
loop1
loop1
loop1
loop1
loop1
loop1
loop1
loop1
loop1
loop1
loop1
loop1
loop1
loop1
loop1
loop1
loop1
loop1
loop1
loop1
loop1
loop1
loop1
loop1
loop1
loop1
loop1
loop1
loop1
loop1
loop1
loop1
loop1
loop1
loop1
loop1
loop1
loop1
loop1
loop1
loop1
loop1
loop1
loop1
loop1
loop1
loop1
loop1
loop1
loop1
loop1
loop1
loop1
loop1
loop1
loop1
loop1
loop1
loop1
loop1
loop1
loop1
loop1
loop1
loop1
loop1
loop1
loop1
loop1
loop1
loop1
loop1
loop1
loop1
loop1
loop1
loop1
loop1
loop1
loop1
loop1
loop1
loop1
loop1
loop1
loop1
loop1
loop1
loop1
loop1
loop1
loop1
loop1
loop1
loop1
loop1
loop1
loop1
loop1
loop1
loop1
loop1
loop1
loop1
loop1
loop1
loop1
loop1
loop1
loop1
loop1
loop1
loop1
loop1
loop1
loop1
loop1
loop1
loop1
loop1
loop1
loop1
loop1
loop1
loop1
loop1
loop1
loop1
loop1
loop1
loop1
loop1
loop1
loop1
loop1
loop1
loop1
loop1
loop1
loop1
loop1
loop1
loop1
loop1
loop1
loop1
loop1
loop1
loop1
loop1
loop1
loop1
loop1
loop1
loop1
loop1
loop1
loop1
loop1
loop1
loop1
loop1
loop1
loop1
loop1
loop1
loop1
loop1
loop1
loop1
loop1
loop1
loop1
loop1
loop1
loop1
loop1
loop1
loop1
loop1
loop1
loop1
loop1
loop1
loop1
loop1
loop1
loop1
loop1
loop1
loop1
loop1
loop1
loop1
loop1
loop1
loop1
loop1
loop1
loop1
loop1
loop1
loop1
loop1
loop1
loop1
loop1
loop1
loop1
loop1
loop1
loop1
loop1
loop1
loop1
loop1
loop1
loop1
loop1
loop1
loop1
loop1
loop1
loop1
loop1
loop1
loop1
loop1
loop1
loop1
loop1
loop1
loop1
loop1
loop1
loop1
loop1
loop1
loop1
loop1
loop1
loop1
loop1
loop1
loop1
loop1
loop1
loop1
loop1
loop1
loop1
loop1
loop1
loop1
loop1
loop1
loop1
loop1
loop1
loop1
loop1
loop1
loop1
loop1
loop1
loop1
loop1
loop1
loop1
loop1
loop1
loop1
loop1
loop1
loop1
loop1
loop1
loop1
loop1
loop1
loop1
loop1
loop1
loop1
loop1
loop1
loop1
loop1
loop1
loop1
loop1
loop1
loop1
loop1
loop1
loop1
loop1
loop1
loop1
loop1
loop1
loop1
loop1
loop1
loop1
loop1
loop1
loop1
loop1
loop1
loop1
loop1
loop1
loop1
loop1
loop1
loop1
loop1
loop1
loop1
loop1
loop1
loop1
loop1
loop1
loop1
loop1
loop1
loop1
loop1
loop1
loop1
loop1
loop1
loop1
loop1
loop1
loop1
loop1
loop1
loop1
loop1
loop1
loop1
loop1
loop1
loop1
loop1
loop1
loop1
loop1
loop1
loop1
loop1
loop1
loop1
loop1
loop1
loop1
loop1
loop1
loop1
loop1
loop1
loop1
loop1
loop1
loop1
loop1
loop1
loop1
loop1
loop1
loop1
loop1
loop1
loop1
loop1
loop1
loop1
loop1
loop1
loop1
loop1
loop1
loop1
loop1
loop1
loop1
loop1
loop1
loop1
loop1
loop1
loop1
loop1
loop1
loop1
loop1
loop1
loop1
loop1
loop1
loop1
loop1
loop1
loop1
loop1
loop1
loop1
loop1
loop1
loop1
loop1
loop1
loop1
loop1
loop1
loop1
loop1
loop1
loop1
loop1
loop1
loop1
loop1
loop1
loop1
loop1
loop1
loop1
loop1
loop1
loop1
loop1
loop1
loop1
loop1
loop1
loop1
loop1
loop1
loop1
loop1
loop1
loop1
loop1
loop1
loop1
loop1
loop1
loop1
loop1
loop1
loop1
loop1
loop1
loop1
loop1
loop1
loop1
loop1
loop1
loop1
loop1
loop1
loop1
loop1
loop1
loop1
loop1
loop1
loop1
loop1
loop1
loop1
loop1
loop1
loop1
loop1
loop1
loop1
loop1
loop1
loop1
loop1
loop1
loop1
loop1
loop1
loop1
loop1
loop1
loop1
loop1
loop1
loop1
loop1
loop1
loop1
loop1
loop1
loop1
loop1
loop1
loop1
loop1
loop1
loop1
loop1
loop1
loop1
loop1
loop1
loop1
loop1
loop1
loop1
loop1
loop1
loop1
loop1
loop1
loop1
loop1
loop1
loop1
loop1
loop1
loop1
loop1
loop1
loop1
loop1
loop1
loop1
loop1
loop1
loop1
loop1
loop1
loop1
loop1
loop1
loop1
loop1
loop1
loop1
loop1
loop1
loop1
loop1
loop1
loop1
loop1
loop1
loop1
loop1
loop1
loop1
loop1
loop1
loop1
loop1
loop1
loop1
loop1
loop1
loop1
loop1
loop1
loop1
loop1
loop1
loop1
loop1
loop1
loop1
loop1
loop1
loop1
loop1
loop1
loop1
loop1
loop1
loop1
loop1
loop1
loop1
loop1
loop1
loop1
loop1
loop1
loop1
loop1
loop1
loop1
loop1
loop1
loop1
loop1
loop1
loop1
loop1
loop1
loop1
loop1
loop1
loop1
loop1
loop1
loop1
loop1
loop1
loop1
loop1
loop1
loop1
loop1
loop1
loop1
loop1
loop1
loop1
loop1
loop1
loop1
loop1
loop1
loop1
loop1
loop1
loop1
loop1
loop1
loop1
loop1
loop1
loop1
loop1
loop1
loop1
loop1
loop1
loop1
loop1
loop1
loop1
loop1
loop1
loop1
loop1
loop1
loop1
loop1
loop1
loop1
loop1
loop1
loop1
loop1
loop1
loop1
loop1
loop1
loop1
loop1
loop1
loop1
loop1
loop1
loop1
loop1
loop1
loop1
loop1
loop1
loop1
loop1
loop1
loop1
loop1
loop1
loop1
loop1
loop1
loop1
loop1
loop1
loop1
loop1
loop1
loop1
loop1
loop1
loop1
loop1
loop1
loop1
loop1
loop1
loop1
loop1
loop1
loop1
loop1
loop1
loop1
loop1
loop1
loop1
loop1
loop1
loop1
loop1
loop1
loop1
loop1
loop1
loop1
loop1
loop1
loop1
loop1
loop1
loop1
loop1
loop1
loop1
loop1
loop1
loop1
loop1
loop1
loop1
loop1
loop1
loop1
loop1
loop1
loop1
loop1
loop1
loop1
loop1
loop1
loop1
loop1
loop1
loop1
loop1
loop1
loop1
loop1
loop1
loop1
loop1
loop1
loop1
loop1
loop1
loop1
loop1
loop1
loop1
loop1
loop1
loop1
loop1
loop1
loop1
loop1
loop1
loop1
loop1
loop1
loop1
loop1
loop1
loop1
loop1
loop1
loop1
loop1
loop1
loop1
loop1
loop1
loop1
loop1
loop1
loop1
loop1
loop1
loop1
loop1
loop1
loop1
loop1
loop1
loop1
loop1
loop1
loop1
loop1
loop1
loop1
loop1
loop1
loop1
loop1
loop1
loop1
loop1
loop1
loop1
loop1
loop1
loop1
loop1
loop1
loop1
loop1
loop1
loop1
loop1
loop1
loop1
loop1
loop1
loop1
loop1
loop1
loop1
loop1
loop1
loop1
loop1
loop1
loop1
loop1
loop1
loop1
loop1
loop1
loop1
loop1
loop1
loop1
loop1
loop1
loop1
loop1
loop1
loop1
loop1
loop1
loop1
loop1
loop1
loop1
loop1
loop1
loop1
loop1
loop1
loop1
loop1
loop1
loop1
loop1
loop1
loop1
loop1
loop1
loop1
loop1
loop1
loop1
loop1
loop1
loop1
loop1
loop1
loop1
loop1
loop1
loop1
loop1
loop1
loop1
loop1
loop1
loop1
loop1
loop1
loop1
loop1
loop1
loop1
loop1
loop1
loop1
loop1
loop1
loop1
loop1
loop1
loop1
loop1
loop1
loop1
loop1
loop1
loop1
loop1
loop1
loop1
loop1
loop1
loop1
loop1
loop1
loop1
loop1
loop1
loop1
loop1
loop1
loop1
loop1
loop1
loop1
loop1
loop1
loop1
loop1
loop1
loop1
loop1
loop1
loop1
loop1
loop1
loop1
loop1
loop1
loop1
loop1
loop1
loop1
loop1
loop1
loop1
loop1
loop1
loop1
loop1
loop1
loop1
loop1
loop1
loop1
loop1
loop1
loop1
loop1
loop1
loop1
loop1
loop1
loop1
loop1
loop1
loop1
loop1
loop1
loop1
loop1
loop1
loop1
loop1
loop1
loop1
loop1
loop1
loop1
loop1
loop1
loop1
loop1
loop1
loop1
loop1
loop1
loop1
loop1
loop1
loop1
loop1
loop1
loop1
loop1
loop1
loop1
loop1
loop1
loop1
loop1
loop1
loop1
loop1
loop1
loop1
loop1
loop1
loop1
loop1
loop1
loop1
loop1
loop1
loop1
loop1
loop1
loop1
loop1
loop1
loop1
loop1
loop1
loop1
loop1
loop1
loop1
loop1
loop1
loop1
loop1
loop1
loop1
loop1
loop1
loop1
loop1
loop1
loop1
loop1
loop1
loop1
loop1
loop1
loop1
loop1
loop1
loop1
loop1
loop1
loop1
loop1
loop1
loop1
loop1
loop1
loop1
loop1
loop1
loop1
loop1
loop1
loop1
loop1
loop1
loop1
loop1
loop1
loop1
loop1
loop1
loop1
loop1
loop1
loop1
loop1
loop1
loop1
loop1
loop1
loop1
loop1
loop1
loop1
loop1
loop1
loop1
loop1
loop1
loop1
loop1
loop1
loop1
loop1
loop1
loop1
loop1
loop1
loop1
loop1
loop1
loop1
loop1
loop1
loop1
loop1
loop1
loop1
loop1
loop1
loop1
loop1
loop1
loop1
loop1
loop1
loop1
loop1
loop1
loop1
loop1
loop1
loop1
loop1
loop1
loop1
loop1
loop1
loop1
loop1
loop1
loop1
loop1
loop1
loop1
loop1
loop1
loop1
loop1
loop1
loop1
loop1
loop1
loop1
loop1
loop1
loop1
loop1
loop1
loop1
loop1
loop1
loop1
loop1
loop1
loop1
loop1
loop1
loop1
loop1
loop1
loop1
loop1
loop1
loop1
loop1
loop1
loop1
loop1
loop1
loop1
loop1
loop1
loop1
loop1
loop1
loop1
loop1
loop1
loop1
loop1
loop1
loop1
loop1
loop1
loop1
loop1
loop1
loop1
loop1
loop1
loop1
loop1
loop1
loop1
loop1
loop1
loop1
loop1
loop1
loop1
loop1
loop1
loop1
loop1
loop1
loop1
loop1
loop1
loop1
loop1
loop1
loop1
loop1
loop1
loop1
loop1
loop1
loop1
loop1
loop1
loop1
loop1
loop1
loop1
loop1
loop1
loop1
loop1
loop1
loop1
loop1
loop1
loop1
loop1
loop1
loop1
loop1
loop1
loop1
loop1
loop1
loop1
loop1
loop1
loop1
loop1
loop1
loop1
loop1
loop1
loop1
loop1
loop1
loop1
loop1
loop1
loop1
loop1
loop1
loop1
loop1
loop1
loop1
loop1
loop1
loop1
loop1
loop1
loop1
loop1
loop1
loop1
loop1
loop1
loop1
loop1
loop1
loop1
loop1
loop1
loop1
loop1
loop1
loop1
loop1
loop1
loop1
loop1
loop1
loop1
loop1
loop1
loop1
loop1
loop1
loop1
loop1
loop1
loop1
loop1
loop1
loop1
loop1
loop1
loop1
loop1
loop1
loop1
loop1
loop1
loop1
loop1
loop1
loop1
loop1
loop1
loop1
loop1
loop1
loop1
loop1
loop1
loop1
loop1
loop1
loop1
loop1
loop1
loop1
loop1
loop1
loop1
loop1
loop1
loop1
loop1
loop1
loop1
loop1
loop1
loop1
loop1
loop1
loop1
loop1
loop1
loop1
loop1
loop1
loop1
loop1
loop1
loop1
loop1
loop1
loop1
loop1
loop1
loop1
loop1
loop1
loop1
loop1
loop1
loop1
loop1
loop1
loop1
loop1
loop1
loop1
loop1
loop1
loop1
loop1
loop1
loop1
loop1
loop1
loop1
loop1
loop1
loop1
loop1
loop1
loop1
loop1
loop1
loop1
loop1
loop1
loop1
loop1
loop1
loop1
loop1
loop1
loop1
loop1
loop1
loop1
loop1
loop1
loop1
loop1
loop1
loop1
loop1
loop1
loop1
loop1
loop1
loop1
loop1
loop1
loop1
loop1
loop1
loop1
loop1
loop1
loop1
loop1
loop1
loop1
loop1
loop1
loop1
loop1
loop1
loop1
loop1
loop1
loop1
loop1
loop1
loop1
loop1
loop1
loop1
loop1
loop1
loop1
loop1
loop1
loop1
loop1
loop1
loop1
loop1
loop1
loop1
loop1
loop1
loop1
loop1
loop1
loop1
loop1
loop1
loop1
loop1
loop1
loop1
loop1
loop1
loop1
loop1
loop1
loop1
loop1
loop1
loop1
loop1
loop1
loop1
loop1
loop1
loop1
loop1
loop1
loop1
loop1
loop1
loop1
loop1
loop1
loop1
loop1
loop1
loop1
loop1
loop1
loop1
loop1
loop1
loop1
loop1
loop1
loop1
loop1
loop1
loop1
loop1
loop1
loop1
loop1
loop1
loop1
loop1
loop1
loop1
loop1
loop1
loop1
loop1
loop1
loop1
loop1
loop1
loop1
loop1
loop1
loop1
loop1
loop1
loop1
loop1
loop1
loop1
loop1
loop1
loop1
loop1
loop1
loop1
loop1
loop1
loop1
loop1
loop1
loop1
loop1
loop1
loop1
loop1
loop1
loop1
loop1
loop1
loop1
loop1
loop1
loop1
loop1
loop1
loop1
loop1
loop1
loop1
loop1
loop1
loop1
loop1
loop1
loop1
loop1
loop1
loop1
loop1
loop1
loop1
loop1
loop1
loop1
loop1
loop1
loop1
loop1
loop1
loop1
loop1
loop1
loop1
loop1
loop1
loop1
loop1
loop1
loop1
loop1
loop1
loop1
loop1
loop1
loop1
loop1
loop1
loop1
loop1
loop1
loop1
loop1
loop1
loop1
loop1
loop1
loop1
loop1
loop1
loop1
loop1
loop1
loop1
loop1
loop1
loop1
loop1
loop1
loop1
loop1
loop1
loop1
loop1
loop1
loop1
loop1
loop1
loop1
loop1
loop1
loop1
loop1
loop1
loop1
loop1
loop1
loop1
loop1
loop1
loop1
loop1
loop1
loop1
loop1
loop1
loop1
loop1
loop1
loop1
loop1
loop1
loop1
loop1
loop1
loop1
loop1
loop1
loop1
loop1
loop1
loop1
loop1
loop1
loop1
loop1
loop1
loop1
loop1
loop1
loop1
loop1
loop1
loop1
loop1
loop1
loop1
loop1
loop1
loop1
loop1
loop1
loop1
loop1
loop1
loop1
loop1
loop1
loop1
loop1
loop1
loop1
loop1
loop1
loop1
loop1
loop1
loop1
loop1
loop1
loop1
loop1
loop1
loop1
loop1
loop1
loop1
loop1
loop1
loop1
loop1
loop1
loop1
loop1
loop1
loop1
loop1
loop1
loop1
loop1
loop1
loop1
loop1
loop1
loop1
loop1
loop1
loop1
loop1
loop1
loop1
loop1
loop1
loop1
loop1
loop1
loop1
loop1
loop1
loop1
loop1
loop1
loop1
loop1
loop1
loop1
loop1
loop1
loop1
loop1
loop1
loop1
loop1
loop1
loop1
loop1
loop1
loop1
loop1
loop1
loop1
loop1
loop1
loop1
loop1
loop1
loop1
loop1
loop1
loop1
loop1
loop1
loop1
loop1
loop1
loop1
loop1
loop1
loop1
loop1
loop1
loop1
loop1
loop1
loop1
loop1
loop1
loop1
loop1
loop1
loop1
loop1
loop1
loop1
loop1
loop1
loop1
loop1
loop1
loop1
loop1
loop1
loop1
loop1
loop1
loop1
loop1
loop1
loop1
loop1
loop1
loop1
loop1
loop1
loop1
loop1
loop1
loop1
loop1
loop1
loop1
loop1
loop1
loop1
loop1
loop1
loop1
loop1
loop1
loop1
loop1
loop1
loop1
loop1
loop1
loop1
loop1
loop1
loop1
loop1
loop1
loop1
loop1
loop1
loop1
loop1
loop1
loop1
loop1
loop1
loop1
loop1
loop1
loop1
loop1
loop1
loop1
loop1
loop1
loop1
loop1
loop1
loop1
loop1
loop1
loop1
loop1
loop1
loop1
loop1
loop1
loop1
loop1
loop1
loop1
loop1
loop1
loop1
loop1
loop1
loop1
loop1
loop1
loop1
loop1
loop1
loop1
loop1
loop1
loop1
loop1
loop1
loop1
loop1
loop1
loop1
loop1
loop1
loop1
loop1
loop1
loop1
loop1
loop1
loop1
loop1
loop1
loop1
loop1
loop1
loop1
loop1
loop1
loop1
loop1
loop1
loop1
loop1
loop1
loop1
loop1
loop1
loop1
loop1
loop1
loop1
loop1
loop1
loop1
loop1
loop1
loop1
loop1
loop1
loop1
loop1
loop1
loop1
loop1
loop1
loop1
loop1
loop1
loop1
loop1
loop1
loop1
loop1
loop1
loop1
loop1
loop1
loop1
loop1
loop1
loop1
loop1
loop1
loop1
loop1
loop1
loop1
loop1
loop1
loop1
loop1
loop1
loop1
loop1
loop1
loop1
loop1
loop1
loop1
loop1
loop1
loop1
loop1
loop1
loop1
loop1
loop1
loop1
loop1
loop1
loop1
loop1
loop1
loop1
loop1
loop1
loop1
loop1
loop1
loop1
loop1
loop1
loop1
loop1
loop1
loop1
loop1
loop1
loop1
loop1
loop1
loop1
loop1
loop1
loop1
loop1
loop1
loop1
loop1
loop1
loop1
loop1
loop1
loop1
loop1
loop1
loop1
loop1
loop1
loop1
loop1
loop1
loop1
loop1
loop1
loop1
loop1
loop1
loop1
loop1
loop1
loop1
loop1
loop1
loop1
loop1
loop1
loop1
loop1
loop1
loop1
loop1
loop1
loop1
loop1
loop1
loop1
loop1
loop1
loop1
loop1
loop1
loop1
loop1
loop1
loop1
loop1
loop1
loop1
loop1
loop1
loop1
loop1
loop1
loop1
loop1
loop1
loop1
loop1
loop1
loop1
loop1
loop1
loop1
loop1
loop1
loop1
loop1
loop1
loop1
loop1
loop1
loop1
loop1
loop1
loop1
loop1
loop1
loop1
loop1
loop1
loop1
loop1
loop1
loop1
loop1
loop1
loop1
loop1
loop1
loop1
loop1
loop1
loop1
loop1
loop1
loop1
loop1
loop1
loop1
loop1
loop1
loop1
loop1
loop1
loop1
loop1
loop1
loop1
loop1
loop1
loop1
loop1
loop1
loop1
loop1
loop1
loop1
loop1
loop1
loop1
loop1
loop1
loop1
loop1
loop1
loop1
loop1
loop1
loop1
loop1
loop1
loop1
loop1
loop1
loop1
loop1
loop1
loop1
loop1
loop1
loop1
loop1
loop1
loop1
loop1
loop1
loop1
loop1
loop1
loop1
loop1
loop1
loop1
loop1
loop1
loop1
loop1
loop1
loop1
loop1
loop1
loop1
loop1
loop1
loop1
loop1
loop1
loop1
loop1
loop1
loop1
loop1
loop1
loop1
loop1
loop1
loop1
loop1
loop1
loop1
loop1
loop1
loop1
loop1
loop1
loop1
loop1
loop1
loop1
loop1
loop1
loop1
loop1
loop1
loop1
loop1
loop1
loop1
loop1
loop1
loop1
loop1
loop1
loop1
loop1
loop1
loop1
loop1
loop1
loop1
loop1
loop1
loop1
loop1
loop1
loop1
loop1
loop1
loop1
loop1
loop1
loop1
loop1
loop1
loop1
loop1
loop1
loop1
loop1
loop1
loop1
loop1
loop1
loop1
loop1
loop1
loop1
loop1
loop1
loop1
loop1
loop1
loop1
loop1
loop1
loop1
loop1
loop1
loop1
loop1
loop1
loop1
loop1
loop1
loop1
loop1
loop1
loop1
loop1
loop1
loop1
loop1
loop1
loop1
loop1
loop1
loop1
loop1
loop1
loop1
loop1
loop1
loop1
loop1
loop1
loop1
loop1
loop1
loop1
loop1
loop1
loop1
loop1
loop1
loop1
loop1
loop1
loop1
loop1
loop1
loop1
loop1
loop1
loop1
loop1
loop1
loop1
loop1
loop1
loop1
loop1
loop1
loop1
loop1
loop1
loop1
loop1
loop1
loop1
loop1
loop1
loop1
loop1
loop1
loop1
loop1
loop1
loop1
loop1
loop1
loop1
loop1
loop1
loop1
loop1
loop1
loop1
loop1
loop1
loop1
loop1
loop1
loop1
loop1
loop1
loop1
loop1
loop1
loop1
loop1
loop1
loop1
loop1
loop1
loop1
loop1
loop1
loop1
loop1
loop1
loop1
loop1
loop1
loop1
loop1
loop1
loop1
loop1
loop1
loop1
loop1
loop1
loop1
loop1
loop1
loop1
loop1
loop1
loop1
loop1
loop1
loop1
loop1
loop1
loop1
loop1
loop1
loop1
loop1
loop1
loop1
loop1
loop1
loop1
loop1
loop1
loop1
loop1
loop1
loop1
loop1
loop1
loop1
loop1
loop1
loop1
loop1
loop1
loop1
loop1
loop1
loop1
loop1
loop1
loop1
loop1
loop1
loop1
loop1
loop1
loop1
loop1
loop1
loop1
loop1
loop1
loop1
loop1
loop1
loop1
loop1
loop1
loop1
loop1
loop1
loop1
loop1
loop1
loop1
loop1
loop1
loop1
loop1
loop1
loop1
loop1
loop1
loop1
loop1
loop1
loop1
loop1
loop1
loop1
loop1
loop1
loop1
loop1
loop1
loop1
loop1
loop1
loop1
loop1
loop1
loop1
loop1
loop1
loop1
loop1
loop1
loop1
loop1
loop1
loop1
loop1
loop1
loop1
loop1
loop1
loop1
loop1
loop1
loop1
loop1
loop1
loop1
loop1
loop1
loop1
loop1
loop1
loop1
loop1
loop1
loop1
loop1
loop1
loop1
loop1
loop1
loop1
loop1
loop1
loop1
loop1
loop1
loop1
loop1
loop1
loop1
loop1
loop1
loop1
loop1
loop1
loop1
loop1
loop1
loop1
loop1
loop1
loop1
loop1
loop1
loop1
loop1
loop1
loop1
loop1
loop1
loop1
loop1
loop1
loop1
loop1
loop1
loop1
loop1
loop1
loop1
loop1
loop1
loop1
loop1
loop1
loop1
loop1
loop1
loop1
loop1
loop1
loop1
loop1
loop1
loop1
loop1
loop1
loop1
loop1
loop1
loop1
loop1
loop1
loop1
loop1
loop1
loop1
loop1
loop1
loop1
loop1
loop1
loop1
loop1
loop1
loop1
loop1
loop1
loop1
loop1
loop1
loop1
loop1
loop1
loop1
loop1
loop1
loop1
loop1
loop1
loop1
loop1
loop1
loop1
loop1
loop1
loop1
loop1
loop1
loop1
loop1
loop1
loop1
loop1
loop1
loop1
loop1
loop1
loop1
loop1
loop1
loop1
loop1
loop1
loop1
loop1
loop1
loop1
loop1
loop1
loop1
loop1
loop1
loop1
loop1
loop1
loop1
loop1
loop1
loop1
loop1
loop1
loop1
loop1
loop1
loop1
loop1
loop1
loop1
loop1
loop1
loop1
loop1
loop1
loop1
loop1
loop1
loop1
loop1
loop1
loop1
loop1
loop1
loop1
loop1
loop1
loop1
loop1
loop1
loop1
loop1
loop1
loop1
loop1
loop1
loop1
loop1
loop1
loop1
loop1
loop1
loop1
loop1
loop1
loop1
loop1
loop1
loop1
loop1
loop1
loop1
loop1
loop1
loop1
loop1
loop1
loop1
loop1
loop1
loop1
loop1
loop1
loop1
loop1
loop1
loop1
loop1
loop1
loop1
loop1
loop1
loop1
loop1
loop1
loop1
loop1
loop1
loop1
loop1
loop1
loop1
loop1
loop1
loop1
loop1
loop1
loop1
loop1
loop1
loop1
loop1
loop1
loop1
loop1
loop1
loop1
loop1
loop1
loop1
loop1
loop1
loop1
loop1
loop1
loop1
loop1
loop1
loop1
loop1
loop1
loop1
loop1
loop1
loop1
loop1
loop1
loop1
loop1
loop1
loop1
loop1
loop1
loop1
loop1
loop1
loop1
loop1
loop1
loop1
loop1
loop1
loop1
loop1
loop1
loop1
loop1
loop1
loop1
loop1
loop1
loop1
loop1
loop1
loop1
loop1
loop1
loop1
loop1
loop1
loop1
loop1
loop1
loop1
loop1
loop1
loop1
loop1
loop1
loop1
loop1
loop1
loop1
loop1
loop1
loop1
loop1
loop1
loop1
loop1
loop1
loop1
loop1
loop1
loop1
loop1
loop1
loop1
loop1
loop1
loop1
loop1
loop1
loop1
loop1
loop1
loop1
loop1
loop1
loop1
loop1
loop1
loop1
loop1
loop1
loop1
loop1
loop1
loop1
loop1
loop1
loop1
loop1
loop1
loop1
loop1
loop1
loop1
loop1
loop1
loop1
loop1
loop1
loop1
loop1
loop1
loop1
loop1
loop1
loop1
loop1
loop1
loop1
loop1
loop1
loop1
loop1
loop1
loop1
loop1
loop1
loop1
loop1
loop1
loop1
loop1
loop1
loop1
loop1
loop1
loop1
loop1
loop1
loop1
loop1
loop1
loop1
loop1
loop1
loop1
loop1
loop1
loop1
loop1
loop1
loop1
loop1
loop1
loop1
loop1
loop1
loop1
loop1
loop1
loop1
loop1
loop1
loop1
loop1
loop1
loop1
loop1
loop1
loop1
loop1
loop1
loop1
loop1
loop1
loop1
loop1
loop1
loop1
loop1
loop1
loop1
loop1
loop1
loop1
loop1
loop1
loop1
loop1
loop1
loop1
loop1
loop1
loop1
loop1
loop1
loop1
loop1
loop1
loop1
loop1
loop1
loop1
loop1
loop1
loop1
loop1
loop1
loop1
loop1
loop1
loop1
loop1
loop1
loop1
loop1
loop1
loop1
loop1
loop1
loop1
loop1
loop1
loop1
loop1
loop1
loop1
loop1
loop1
loop1
loop1
loop1
loop1
loop1
loop1
loop1
loop1
loop1
loop1
loop1
loop1
loop1
loop1
loop1
loop1
loop1
loop1
loop1
loop1
loop1
loop1
loop1
loop1
loop1
loop1
loop1
loop1
loop1
loop1
loop1
loop1
loop1
loop1
loop1
loop1
loop1
loop1
loop1
loop1
loop1
loop1
loop1
loop1
loop1
loop1
loop1
loop1
loop1
loop1
loop1
loop1
loop1
loop1
loop1
loop1
loop1
loop1
loop1
loop1
loop1
loop1
loop1
loop1
loop1
loop1
loop1
loop1
loop1
loop1
loop1
loop1
loop1
loop1
loop1
loop1
loop1
loop1
loop1
loop1
loop1
loop1
loop1
loop1
loop1
loop1
loop1
loop1
loop1
loop1
loop1
loop1
loop1
loop1
loop1
loop1
loop1
loop1
loop1
loop1
loop1
loop1
loop1
loop1
loop1
loop1
loop1
loop1
loop1
loop1
loop1
loop1
loop1
loop1
loop1
loop1
loop1
loop1
loop1
loop1
loop1
loop1
loop1
loop1
loop1
loop1
loop1
loop1
loop1
loop1
loop1
loop1
loop1
loop1
loop1
loop1
loop1
loop1
loop1
loop1
loop1
loop1
loop1
loop1
loop1
loop1
loop1
loop1
loop1
loop1
loop1
loop1
loop1
loop1
loop1
loop1
loop1
loop1
loop1
loop1
loop1
loop1
loop1
loop1
loop1
loop1
loop1
loop1
loop1
loop1
loop1
loop1
loop1
loop1
loop1
loop1
loop1
loop1
loop1
loop1
loop1
loop1
loop1
loop1
loop1
loop1
loop1
loop1
loop1
loop1
loop1
loop1
loop1
loop1
loop1
loop1
loop1
loop1
loop1
loop1
loop1
loop1
loop1
loop1
loop1
loop1
loop1
loop1
loop1
loop1
loop1
loop1
loop1
loop1
loop1
loop1
loop1
loop1
loop1
loop1
loop1
loop1
loop1
loop1
loop1
loop1
loop1
loop1
loop1
loop1
loop1
loop1
loop1
loop1
loop1
loop1
loop1
loop1
loop1
loop1
loop1
loop1
loop1
loop1
loop1
loop1
loop1
loop1
loop1
loop1
loop1
loop1
loop1
loop1
loop1
loop1
loop1
loop1
loop1
loop1
loop1
loop1
loop1
loop1
loop1
loop1
loop1
loop1
loop1
loop1
loop1
loop1
loop1
loop1
loop1
loop1
loop1
loop1
loop1
loop1
loop1
loop1
loop1
loop1
loop1
loop1
loop1
loop1
loop1
loop1
loop1
loop1
loop1
loop1
loop1
loop1
loop1
loop1
loop1
loop1
loop1
loop1
loop1
loop1
loop1
loop1
loop1
loop1
loop1
loop1
loop1
loop1
loop1
loop1
loop1
loop1
loop1
loop1
loop1
loop1
loop1
loop1
loop1
loop1
loop1
loop1
loop1
loop1
loop1
loop1
loop1
loop1
loop1
loop1
loop1
loop1
loop1
loop1
loop1
loop1
loop1
loop1
loop1
loop1
loop1
loop1
loop1
loop1
loop1
loop1
loop1
loop1
loop1
loop1
loop1
loop1
loop1
loop1
loop1
loop1
loop1
loop1
loop1
loop1
loop1
loop1
loop1
loop1
loop1
loop1
loop1
loop1
loop1
loop1
loop1
loop1
loop1
loop1
loop1
loop1
loop1
loop1
loop1
loop1
loop1
loop1
loop1
loop1
loop1
loop1
loop1
loop1
loop1
loop1
loop1
loop1
loop1
loop1
loop1
loop1
loop1
loop1
loop1
loop1
loop1
loop1
loop1
loop1
loop1
loop1
loop1
loop1
loop1
loop1
loop1
loop1
loop1
loop1
loop1
loop1
loop1
loop1
loop1
loop1
loop1
loop1
loop1
loop1
loop1
loop1
loop1
loop1
loop1
loop1
loop1
loop1
loop1
loop1
loop1
loop1
loop1
loop1
loop1
loop1
loop1
loop1
loop1
loop1
loop1
loop1
loop1
loop1
loop1
loop1
loop1
loop1
loop1
loop1
loop1
loop1
loop1
loop1
loop1
loop1
loop1
loop1
loop1
loop1
loop1
loop1
loop1
loop1
loop1
loop1
loop1
loop1
loop1
loop1
loop1
loop1
loop1
loop1
loop1
loop1
loop1
loop1
loop1
loop1
loop1
loop1
loop1
loop1
loop1
loop1
loop1
loop1
loop1
loop1
loop1
loop1
loop1
loop1
loop1
loop1
loop1
loop1
loop1
loop1
loop1
loop1
loop1
loop1
loop1
loop1
loop1
loop1
loop1
loop1
loop1
loop1
loop1
loop1
loop1
loop1
loop1
loop1
loop1
loop1
loop1
loop1
loop1
loop1
loop1
loop1
loop1
loop1
loop1
loop1
loop1
loop1
loop1
loop1
loop1
loop1
loop1
loop1
loop1
loop1
loop1
loop1
loop1
loop1
loop1
loop1
loop1
loop1
loop1
loop1
loop1
loop1
loop1
loop1
loop1
loop1
loop1
loop1
loop1
loop1
loop1
loop1
loop1
loop1
loop1
loop1
loop1
loop1
loop1
loop1
loop1
loop1
loop1
loop1
loop1
loop1
loop1
loop1
loop1
loop1
loop1
loop1
loop1
loop1
loop1
loop1
loop1
loop1
loop1
loop1
loop1
loop1
loop1
loop1
loop1
loop1
loop1
loop1
loop1
loop1
loop1
loop1
loop1
loop1
loop1
loop1
loop1
loop1
loop1
loop1
loop1
loop1
loop1
loop1
loop1
loop1
loop1
loop1
loop1
loop1
loop1
loop1
loop1
loop1
loop1
loop1
loop1
loop1
loop1
loop1
loop1
loop1
loop1
loop1
loop1
loop1
loop1
loop1
loop1
loop1
loop1
loop1
loop1
loop1
loop1
loop1
loop1
loop1
loop1
loop1
loop1
loop1
loop1
loop1
loop1
loop1
loop1
loop1
loop1
loop1
loop1
loop1
loop1
loop1
loop1
loop1
loop1
loop1
loop1
loop1
loop1
loop1
loop1
loop1
loop1
loop1
loop1
loop1
loop1
loop1
loop1
loop1
loop1
loop1
loop1
loop1
loop1
loop1
loop1
loop1
loop1
loop1
loop1
loop1
loop1
loop1
loop1
loop1
loop1
loop1
loop1
loop1
loop1
loop1
loop1
loop1
loop1
loop1
loop1
loop1
loop1
loop1
loop1
loop1
loop1
loop1
loop1
loop1
loop1
loop1
loop1
loop1
loop1
loop1
loop1
loop1
loop1
loop1
loop1
loop1
loop1
loop1
loop1
loop1
loop1
loop1
loop1
loop1
loop1
loop1
loop1
loop1
loop1
loop1
loop1
loop1
loop1
loop1
loop1
loop1
loop1
loop1
loop1
loop1
loop1
loop1
loop1
loop1
loop1
loop1
loop1
loop1
loop1
loop1
loop1
loop1
loop1
loop1
loop1
loop1
loop1
loop1
loop1
loop1
loop1
loop1
loop1
loop1
loop1
loop1
loop1
loop1
loop1
loop1
loop1
loop1
loop1
loop1
loop1
loop1
loop1
loop1
loop1
loop1
loop1
loop1
loop1
loop1
loop1
loop1
loop1
loop1
loop1
loop1
loop1
loop1
loop1
loop1
loop1
loop1
loop1
loop1
loop1
loop1
loop1
loop1
loop1
loop1
loop1
loop1
loop1
loop1
loop1
loop1
loop1
loop1
loop1
loop1
loop1
loop1
loop1
loop1
loop1
loop1
loop1
loop1
loop1
loop1
loop1
loop1
loop1
loop1
loop1
loop1
loop1
loop1
loop1
loop1
loop1
loop1
loop1
loop1
loop1
loop1
loop1
loop1
loop1
loop1
loop1
loop1
loop1
loop1
loop1
loop1
loop1
loop1
loop1
loop1
loop1
loop1
loop1
loop1
loop1
loop1
loop1
loop1
loop1
loop1
loop1
loop1
loop1
loop1
loop1
loop1
loop1
loop1
loop1
loop1
loop1
loop1
loop1
loop1
loop1
loop1
loop1
loop1
loop1
loop1
loop1
loop1
loop1
loop1
loop1
loop1
loop1
loop1
loop1
loop1
loop1
loop1
loop1
loop1
loop1
loop1
loop1
loop1
loop1
loop1
loop1
loop1
loop1
loop1
loop1
loop1
loop1
loop1
loop1
loop1
loop1
loop1
loop1
loop1
loop1
loop1
loop1
loop1
loop1
loop1
loop1
loop1
loop1
loop1
loop1
loop1
loop1
loop1
loop1
loop1
loop1
loop1
loop1
loop1
loop1
loop1
loop1
loop1
loop1
loop1
loop1
loop1
loop1
loop1
loop1
loop1
loop1
loop1
loop1
loop1
loop1
loop1
loop1
loop1
loop1
loop1
loop1
loop1
loop1
loop1
loop1
loop1
loop1
loop1
loop1
loop1
loop1
loop1
loop1
loop1
loop1
loop1
loop1
loop1
loop1
loop1
loop1
loop1
loop1
loop1
loop1
loop1
loop1
loop1
loop1
loop1
loop1
loop1
loop1
loop1
loop1
loop1
loop1
loop1
loop1
loop1
loop1
loop1
loop1
loop1
loop1
loop1
loop1
loop1
loop1
loop1
loop1
loop1
loop1
loop1
loop1
loop1
loop1
loop1
loop1
loop1
loop1
loop1
loop1
loop1
loop1
loop1
loop1
loop1
loop1
loop1
loop1
loop1
loop1
loop1
loop1
loop1
loop1
loop1
loop1
loop1
loop1
loop1
loop1
loop1
loop1
loop1
loop1
loop1
loop1
loop1
loop1
loop1
loop1
loop1
loop1
loop1
loop1
loop1
loop1
loop1
loop1
loop1
loop1
loop1
loop1
loop1
loop1
loop1
loop1
loop1
loop1
loop1
loop1
loop1
loop1
loop1
loop1
loop1
loop1
loop1
loop1
loop1
loop1
loop1
loop1
loop1
loop1
loop1
loop1
loop1
loop1
loop1
loop1
loop1
loop1
loop1
loop1
loop1
loop1
loop1
loop1
loop1
loop1
loop1
loop1
loop1
loop1
loop1
loop1
loop1
loop1
loop1
loop1
loop1
loop1
loop1
loop1
loop1
loop1
loop1
loop1
loop1
loop1
loop1
loop1
loop1
loop1
loop1
loop1
loop1
loop1
loop1
loop1
loop1
loop1
loop1
loop1
loop1
loop1
loop1
loop1
loop1
loop1
loop1
loop1
loop1
loop1
loop1
loop1
loop1
loop1
loop1
loop1
loop1
loop1
loop1
loop1
loop1
loop1
loop1
loop1
loop1
loop1
loop1
loop1
loop1
loop1
loop1
loop1
loop1
loop1
loop1
loop1
loop1
loop1
loop1
loop1
loop1
loop1
loop1
loop1
loop1
loop1
loop1
loop1
loop1
loop1
loop1
loop1
loop1
loop1
loop1
loop1
loop1
loop1
loop1
loop1
loop1
loop1
loop1
loop1
loop1
loop1
loop1
loop1
loop1
loop1
loop1
loop1
loop1
loop1
loop1
loop1
loop1
loop1
loop1
loop1
loop1
loop1
loop1
loop1
loop1
loop1
loop1
loop1
loop1
loop1
loop1
loop1
loop1
loop1
loop1
loop1
loop1
loop1
loop1
loop1
loop1
loop1
loop1
loop1
loop1
loop1
loop1
loop1
loop1
loop1
loop1
loop1
loop1
loop1
loop1
loop1
loop1
loop1
loop1
loop1
loop1
loop1
loop1
loop1
loop1
loop1
loop1
loop1
loop1
loop1
loop1
loop1
loop1
loop1
loop1
loop1
loop1
loop1
loop1
loop1
loop1
loop1
loop1
loop1
loop1
loop1
loop1
loop1
loop1
loop1
loop1
loop1
loop1
loop1
loop1
loop1
loop1
loop1
loop1
loop1
loop1
loop1
loop1
loop1
loop1
loop1
loop1
loop1
loop1
loop1
loop1
loop1
loop1
loop1
loop1
loop1
loop1
loop1
loop1
loop1
loop1
loop1
loop1
loop1
loop1
loop1
loop1
loop1
loop1
loop1
loop1
loop1
loop1
loop1
loop1
loop1
loop1
loop1
loop1
loop1
loop1
loop1
loop1
loop1
loop1
loop1
loop1
loop1
loop1
loop1
loop1
loop1
loop1
loop1
loop1
loop1
loop1
loop1
loop1
loop1
loop1
loop1
loop1
loop1
loop1
loop1
loop1
loop1
loop1
loop1
loop1
loop1
loop1
loop1
loop1
loop1
loop1
loop1
loop1
loop1
loop1
loop1
loop1
loop1
loop1
loop1
loop1
loop1
loop1
loop1
loop1
loop1
loop1
loop1
loop1
loop1
loop1
loop1
loop1
loop1
loop1
loop1
loop1
loop1
loop1
loop1
loop1
loop1
loop1
loop1
loop1
loop1
loop1
loop1
loop1
loop1
loop1
loop1
loop1
loop1
loop1
loop1
loop1
loop1
loop1
loop1
loop1
loop1
loop1
loop1
loop1
loop1
loop1
loop1
loop1
loop1
loop1
loop1
loop1
loop1
loop1
loop1
loop1
loop1
loop1
loop1
loop1
loop1
loop1
loop1
loop1
loop1
loop1
loop1
loop1
loop1
loop1
loop1
loop1
loop1
loop1
loop1
loop1
loop1
loop1
loop1
loop1
loop1
loop1
loop1
loop1
loop1
loop1
loop1
loop1
loop1
loop1
loop1
loop1
loop1
loop1
loop1
loop1
loop1
loop1
loop1
loop1
loop1
loop1
loop1
loop1
loop1
loop1
loop1
loop1
loop1
loop1
loop1
loop1
loop1
loop1
loop1
loop1
loop1
loop1
loop1
loop1
loop1
loop1
loop1
loop1
loop1
loop1
loop1
loop1
loop1
loop1
loop1
loop1
loop1
loop1
loop1
loop1
loop1
loop1
loop1
loop1
loop1
loop1
loop1
loop1
loop1
loop1
loop1
loop1
loop1
loop1
loop1
loop1
loop1
loop1
loop1
loop1
loop1
loop1
loop1
loop1
loop1
loop1
loop1
loop1
loop1
loop1
loop1
loop1
loop1
loop1
loop1
loop1
loop1
loop1
loop1
loop1
loop1
loop1
loop1
loop1
loop1
loop1
loop1
loop1
loop1
loop1
loop1
loop1
loop1
loop1
loop1
loop1
loop1
loop1
loop1
loop1
loop1
loop1
loop1
loop1
loop1
loop1
loop1
loop1
loop1
loop1
loop1
loop1
loop1
loop1
loop1
loop1
loop1
loop1
loop1
loop1
loop1
loop1
loop1
loop1
loop1
loop1
loop1
loop1
loop1
loop1
loop1
loop1
loop1
loop1
loop1
loop1
loop1
loop1
loop1
loop1
loop1
loop1
loop1
loop1
loop1
loop1
loop1
loop1
loop1
loop1
loop1
loop1
loop1
loop1
loop1
loop1
loop1
loop1
loop1
loop1
loop1
loop1
loop1
loop1
loop1
loop1
loop1
loop1
loop1
loop1
loop1
loop1
loop1
loop1
loop1
loop1
loop1
loop1
loop1
loop1
loop1
loop1
loop1
loop1
loop1
loop1
loop1
loop1
loop1
loop1
loop1
loop1
loop1
loop1
loop1
loop1
loop1
loop1
loop1
loop1
loop1
loop1
loop1
loop1
loop1
loop1
loop1
loop1
loop1
loop1
loop1
loop1
loop1
loop1
loop1
loop1
loop1
loop1
loop1
loop1
loop1
loop1
loop1
loop1
loop1
loop1
loop1
loop1
loop1
loop1
loop1
loop1
loop1
loop1
loop1
loop1
loop1
loop1
loop1
loop1
loop1
loop1
loop1
loop1
loop1
loop1
loop1
loop1
loop1
loop1
loop1
loop1
loop1
loop1
loop1
loop1
loop1
loop1
loop1
loop1
loop1
loop1
loop1
loop1
loop1
loop1
loop1
loop1
loop1
loop1
loop1
loop1
loop1
loop1
loop1
loop1
loop1
loop1
loop1
loop1
loop1
loop1
loop1
loop1
loop1
loop1
loop1
loop1
loop1
loop1
loop1
loop1
loop1
loop1
loop1
loop1
loop1
loop1
loop1
loop1
loop1
loop1
loop1
loop1
loop1
loop1
loop1
loop1
loop1
loop1
loop1
loop1
loop1
loop1
loop1
loop1
loop1
loop1
loop1
loop1
loop1
loop1
loop1
loop1
loop1
loop1
loop1
loop1
loop1
loop1
loop1
loop1
loop1
loop1
loop1
loop1
loop1
loop1
loop1
loop1
loop1
loop1
loop1
loop1
loop1
loop1
loop1
loop1
loop1
loop1
loop1
loop1
loop1
loop1
loop1
loop1
loop1
loop1
loop1
loop1
loop1
loop1
loop1
loop1
loop1
loop1
loop1
loop1
loop1
loop1
loop1
loop1
loop1
loop1
loop1
loop1
loop1
loop1
loop1
loop1
loop1
loop1
loop1
loop1
loop1
loop1
loop1
loop1
loop1
loop1
loop1
loop1
loop1
loop1
loop1
loop1
loop1
loop1
loop1
loop1
loop1
loop1
loop1
loop1
loop1
loop1
loop1
loop1
loop1
loop1
loop1
loop1
loop1
loop1
loop1
loop1
loop1
loop1
loop1
loop1
loop1
loop1
loop1
loop1
loop1
loop1
loop1
loop1
loop1
loop1
loop1
loop1
loop1
loop1
loop1
loop1
loop1
loop1
loop1
loop1
loop1
loop1
loop1
loop1
loop1
loop1
loop1
loop1
loop1
loop1
loop1
loop1
loop1
loop1
loop1
loop1
loop1
loop1
loop1
loop1
loop1
loop1
loop1
loop1
loop1
loop1
loop1
loop1
loop1
loop1
loop1
loop1
loop1
loop1
loop1
loop1
loop1
loop1
loop1
loop1
loop1
loop1
loop1
loop1
loop1
loop1
loop1
loop1
loop1
loop1
loop1
loop1
loop1
loop1
loop1
loop1
loop1
loop1
loop1
loop1
loop1
loop1
loop1
loop1
loop1
loop1
loop1
loop1
loop1
loop1
loop1
loop1
loop1
loop1
loop1
loop1
loop1
loop1
loop1
loop1
loop1
loop1
loop1
loop1
loop1
loop1
loop1
loop1
loop1
loop1
loop1
loop1
loop1
loop1
loop1
loop1
loop1
loop1
loop1
loop1
loop1
loop1
loop1
loop1
loop1
loop1
loop1
loop1
loop1
loop1
loop1
loop1
loop1
loop1
loop1
loop1
loop1
loop1
loop1
loop1
loop1
loop1
loop1
loop1
loop1
loop1
loop1
loop1
loop1
loop1
loop1
loop1
loop1
loop1
loop1
loop1
loop1
loop1
loop1
loop1
loop1
loop1
loop1
loop1
loop1
loop1
loop1
loop1
loop1
loop1
loop1
loop1
loop1
loop1
loop1
loop1
loop1
loop1
loop1
loop1
loop1
loop1
loop1
loop1
loop1
loop1
loop1
loop1
loop1
loop1
loop1
loop1
loop1
loop1
loop1
loop1
loop1
loop1
loop1
loop1
loop1
loop1
loop1
loop1
loop1
loop1
loop1
loop1
loop1
loop1
loop1
loop1
loop1
loop1
loop1
loop1
loop1
loop1
loop1
loop1
loop1
loop1
loop1
loop1
loop1
loop1
loop1
loop1
loop1
loop1
loop1
loop1
loop1
loop1
loop1
loop1
loop1
loop1
loop1
loop1
loop1
loop1
loop1
loop1
loop1
loop1
loop1
loop1
loop1
loop1
loop1
loop1
loop1
loop1
loop1
loop1
loop1
loop1
loop1
loop1
loop1
loop1
loop1
loop1
loop1
loop1
loop1
loop1
loop1
loop1
loop1
loop1
loop1
loop1
loop1
loop1
loop1
loop1
loop1
loop1
loop1
loop1
loop1
loop1
loop1
loop1
loop1
loop1
loop1
loop1
loop1
loop1
loop1
loop1
loop1
loop1
loop1
loop1
loop1
loop1
loop1
loop1
loop1
loop1
loop1
loop1
loop1
loop1
loop1
loop1
loop1
loop1
loop1
loop1
loop1
loop1
loop1
loop1
loop1
loop1
loop1
loop1
loop1
loop1
loop1
loop1
loop1
loop1
loop1
loop1
loop1
loop1
loop1
loop1
loop1
loop1
loop1
loop1
loop1
loop1
loop1
loop1
loop1
loop1
loop1
loop1
loop1
loop1
loop1
loop1
loop1
loop1
loop1
loop1
loop1
loop1
loop1
loop1
loop1
loop1
loop1
loop1
loop1
loop1
loop1
loop1
loop1
loop1
loop1
loop1
loop1
loop1
loop1
loop1
loop1
loop1
loop1
loop1
loop1
loop1
loop1
loop1
loop1
loop1
loop1
loop1
loop1
loop1
loop1
loop1
loop1
loop1
loop1
loop1
loop1
loop1
loop1
loop1
loop1
loop1
loop1
loop1
loop1
loop1
loop1
loop1
loop1
loop1
loop1
loop1
loop1
loop1
loop1
loop1
loop1
loop1
loop1
loop1
loop1
loop1
loop1
loop1
loop1
loop1
loop1
loop1
loop1
loop1
loop1
loop1
loop1
loop1
loop1
loop1
loop1
loop1
loop1
loop1
loop1
loop1
loop1
loop1
loop1
loop1
loop1
loop1
loop1
loop1
loop1
loop1
loop1
loop1
loop1
loop1
loop1
loop1
loop1
loop1
loop1
loop1
loop1
loop1
loop1
loop1
loop1
loop1
loop1
loop1
loop1
loop1
loop1
loop1
loop1
loop1
loop1
loop1
loop1
loop1
loop1
loop1
loop1
loop1
loop1
loop1
loop1
loop1
loop1
loop1
loop1
loop1
loop1
loop1
loop1
loop1
loop1
loop1
loop1
loop1
loop1
loop1
loop1
loop1
loop1
loop1
loop1
loop1
loop1
loop1
loop1
loop1
loop1
loop1
loop1
loop1
loop1
loop1
loop1
loop1
loop1
loop1
loop1
loop1
loop1
loop1
loop1
loop1
loop1
loop1
loop1
loop1
loop1
loop1
loop1
loop1
loop1
loop1
loop1
loop1
loop1
loop1
loop1
loop1
loop1
loop1
loop1
loop1
loop1
loop1
loop1
loop1
loop1
loop1
loop1
loop1
loop1
loop1
loop1
loop1
loop1
loop1
loop1
loop1
loop1
loop1
loop1
loop1
loop1
loop1
loop1
loop1
loop1
loop1
loop1
loop1
loop1
loop1
loop1
loop1
loop1
loop1
loop1
loop1
loop1
loop1
loop1
loop1
loop1
loop1
loop1
loop1
loop1
loop1
loop1
loop1
loop1
loop1
loop1
loop1
loop1
loop1
loop1
loop1
loop1
loop1
loop1
loop1
loop1
loop1
loop1
loop1
loop1
loop1
loop1
loop1
loop1
loop1
loop1
loop1
loop1
loop1
loop1
loop1
loop1
loop1
loop1
loop1
loop1
loop1
loop1
loop1
loop1
loop1
loop1
loop1
loop1
loop1
loop1
loop1
loop1
loop1
loop1
loop1
loop1
loop1
loop1
loop1
loop1
loop1
loop1
loop1
loop1
loop1
loop1
loop1
loop1
loop1
loop1
loop1
loop1
loop1
loop1
loop1
loop1
loop1
loop1
loop1
loop1
loop1
loop1
loop1
loop1
loop1
loop1
loop1
loop1
loop1
loop1
loop1
loop1
loop1
loop1
loop1
loop1
loop1
loop1
loop1
loop1
loop1
loop1
loop1
loop1
loop1
loop1
loop1
loop1
loop1
loop1
loop1
loop1
loop1
loop1
loop1
loop1
loop1
loop1
loop1
loop1
loop1
loop1
loop1
loop1
loop1
loop1
loop1
loop1
loop1
loop1
loop1
loop1
loop1
loop1
loop1
loop1
loop1
loop1
loop1
loop1
loop1
loop1
loop1
loop1
loop1
loop1
loop1
loop1
loop1
loop1
loop1
loop1
loop1
loop1
loop1
loop1
loop1
loop1
loop1
loop1
loop1
loop1
loop1
loop1
loop1
loop1
loop1
loop1
loop1
loop1
loop1
loop1
loop1
loop1
loop1
loop1
loop1
loop1
loop1
loop1
loop1
loop1
loop1
loop1
loop1
loop1
loop1
loop1
loop1
loop1
loop1
loop1
loop1
loop1
loop1
loop1
loop1
loop1
loop1
loop1
loop1
loop1
loop1
loop1
loop1
loop1
loop1
loop1
loop1
loop1
loop1
loop1
loop1
loop1
loop1
loop1
loop1
loop1
loop1
loop1
loop1
loop1
loop1
loop1
loop1
loop1
loop1
loop1
loop1
loop1
loop1
loop1
loop1
loop1
loop1
loop1
loop1
loop1
loop1
loop1
loop1
loop1
loop1
loop1
loop1
loop1
loop1
loop1
loop1
loop1
loop1
loop1
loop1
loop1
loop1
loop1
loop1
loop1
loop1
loop1
loop1
loop1
loop1
loop1
loop1
loop1
loop1
loop1
loop1
loop1
loop1
loop1
loop1
loop1
loop1
loop1
loop1
loop1
loop1
loop1
loop1
loop1
loop1
loop1
loop1
loop1
loop1
loop1
loop1
loop1
loop1
loop1
loop1
loop1
loop1
loop1
loop1
loop1
loop1
loop1
loop1
loop1
loop1
loop1
loop1
loop1
loop1
loop1
loop1
loop1
loop1
loop1
loop1
loop1
loop1
loop1
loop1
loop1
loop1
loop1
loop1
loop1
loop1
loop1
loop1
loop1
loop1
loop1
loop1
loop1
loop1
loop1
loop1
loop1
loop1
loop1
loop1
loop1
loop1
loop1
loop1
loop1
loop1
loop1
loop1
loop1
loop1
loop1
loop1
loop1
loop1
loop1
loop1
loop1
loop1
loop1
loop1
loop1
loop1
loop1
loop1
loop1
loop1
loop1
loop1
loop1
loop1
loop1
loop1
loop1
loop1
loop1
loop1
loop1
loop1
loop1
loop1
loop1
loop1
loop1
loop1
loop1
loop1
loop1
loop1
loop1
loop1
loop1
loop1
loop1
loop1
loop1
loop1
loop1
loop1
loop1
loop1
loop1
loop1
loop1
loop1
loop1
loop1
loop1
loop1
loop1
loop1
loop1
loop1
loop1
loop1
loop1
loop1
loop1
loop1
loop1
loop1
loop1
loop1
loop1
loop1
loop1
loop1
loop1
loop1
loop1
loop1
loop1
loop1
loop1
loop1
loop1
loop1
loop1
loop1
loop1
loop1
loop1
loop1
loop1
loop1
loop1
loop1
loop1
loop1
loop1
loop1
loop1
loop1
loop1
loop1
loop1
loop1
loop1
loop1
loop1
loop1
loop1
loop1
loop1
loop1
loop1
loop1
loop1
loop1
loop1
loop1
loop1
loop1
loop1
loop1
loop1
loop1
loop1
loop1
loop1
loop1
loop1
loop1
loop1
loop1
loop1
loop1
loop1
loop1
loop1
loop1
loop1
loop1
loop1
loop1
loop1
loop1
loop1
loop1
loop1
loop1
loop1
loop1
loop1
loop1
loop1
loop1
loop1
loop1
loop1
loop1
loop1
loop1
loop1
loop1
loop1
loop1
loop1
loop1
loop1
loop1
loop1
loop1
loop1
loop1
loop1
loop1
loop1
loop1
loop1
loop1
loop1
loop1
loop1
loop1
loop1
loop1
loop1
loop1
loop1
loop1
loop1
loop1
loop1
loop1
loop1
loop1
loop1
loop1
loop1
loop1
loop1
loop1
loop1
loop1
loop1
loop1
loop1
loop1
loop1
loop1
loop1
loop1
loop1
loop1
loop1
loop1
loop1
loop1
loop1
loop1
loop1
loop1
loop1
loop1
loop1
loop1
loop1
loop1
loop1
loop1
loop1
loop1
loop1
loop1
loop1
loop1
loop1
loop1
loop1
loop1
loop1
loop1
loop1
loop1
loop1
loop1
loop1
loop1
loop1
loop1
loop1
loop1
loop1
loop1
loop1
loop1
loop1
loop1
loop1
loop1
loop1
loop1
loop1
loop1
loop1
loop1
loop1
loop1
loop1
loop1
loop1
loop1
loop1
loop1
loop1
loop1
loop1
loop1
loop1
loop1
loop1
loop1
loop1
loop1
loop1
loop1
loop1
loop1
loop1
loop1
loop1
loop1
loop1
loop1
loop1
loop1
loop1
loop1
loop1
loop1
loop1
loop1
loop1
loop1
loop1
loop1
loop1
loop1
loop1
loop1
loop1
loop1
loop1
loop1
loop1
loop1
loop1
loop1
loop1
loop1
loop1
loop1
loop1
loop1
loop1
loop1
loop1
loop1
loop1
loop1
loop1
loop1
loop1
loop1
loop1
loop1
loop1
loop1
loop1
loop1
loop1
loop1
loop1
loop1
loop1
loop1
loop1
loop1
loop1
loop1
loop1
loop1
loop1
loop1
loop1
loop1
loop1
loop1
loop1
loop1
loop1
loop1
loop1
loop1
loop1
loop1
loop1
loop1
loop1
loop1
loop1
loop1
loop1
loop1
loop1
loop1
loop1
loop1
loop1
loop1
loop1
loop1
loop1
loop1
loop1
loop1
loop1
loop1
loop1
loop1
loop1
loop1
loop1
loop1
loop1
loop1
loop1
loop1
loop1
loop1
loop1
loop1
loop1
loop1
loop1
loop1
loop1
loop1
loop1
loop1
loop1
loop1
loop1
loop1
loop1
loop1
loop1
loop1
loop1
loop1
loop1
loop1
loop1
loop1
loop1
loop1
loop1
loop1
loop1
loop1
loop1
loop1
loop1
loop1
loop1
loop1
loop1
loop1
loop1
loop1
loop1
loop1
loop1
loop1
loop1
loop1
loop1
loop1
loop1
loop1
loop1
loop1
loop1
loop1
loop1
loop1
loop1
loop1
loop1
loop1
loop1
loop1
loop1
loop1
loop1
loop1
loop1
loop1
loop1
loop1
loop1
loop1
loop1
loop1
loop1
loop1
loop1
loop1
loop1
loop1
loop1
loop1
loop1
loop1
loop1
loop1
loop1
loop1
loop1
loop1
loop1
loop1
loop1
loop1
loop1
loop1
loop1
loop1
loop1
loop1
loop1
loop1
loop1
loop1
loop1
loop1
loop1
loop1
loop1
loop1
loop1
loop1
loop1
loop1
loop1
loop1
loop1
loop1
loop1
loop1
loop1
loop1
loop1
loop1
loop1
loop1
loop1
loop1
loop1
loop1
loop1
loop1
loop1
loop1
loop1
loop1
loop1
loop1
loop1
loop1
loop1
loop1
loop1
loop1
loop1
loop1
loop1
loop1
loop1
loop1
loop1
loop1
loop1
loop1
loop1
loop1
loop1
loop1
loop1
loop1
loop1
loop1
loop1
loop1
loop1
loop1
loop1
loop1
loop1
loop1
loop1
loop1
loop1
loop1
loop1
loop1
loop1
loop1
loop1
loop1
loop1
loop1
loop1
loop1
loop1
loop1
loop1
loop1
loop1
loop1
loop1
loop1
loop1
loop1
loop1
loop1
loop1
loop1
loop1
loop1
loop1
loop1
loop1
loop1
loop1
loop1
loop1
loop1
loop1
loop1
loop1
loop1
loop1
loop1
loop1
loop1
loop1
loop1
loop1
loop1
loop1
loop1
loop1
loop1
loop1
loop1
loop1
loop1
loop1
loop1
loop1
loop1
loop1
loop1
loop1
loop1
loop1
loop1
loop1
loop1
loop1
loop1
loop1
loop1
loop1
loop1
loop1
loop1
loop1
loop1
loop1
loop1
loop1
loop1
loop1
loop1
loop1
loop1
loop1
loop1
loop1
loop1
loop1
loop1
loop1
loop1
loop1
loop1
loop1
loop1
loop1
loop1
loop1
loop1
loop1
loop1
loop1
loop1
loop1
loop1
loop1
loop1
loop1
loop1
loop1
loop1
loop1
loop1
loop1
loop1
loop1
loop1
loop1
loop1
loop1
loop1
loop1
loop1
loop1
loop1
loop1
loop1
loop1
loop1
loop1
loop1
loop1
loop1
loop1
loop1
loop1
loop1
loop1
loop1
loop1
loop1
loop1
loop1
loop1
loop1
loop1
loop1
loop1
loop1
loop1
loop1
loop1
loop1
loop1
loop1
loop1
loop1
loop1
loop1
loop1
loop1
loop1
loop1
loop1
loop1
loop1
loop1
loop1
loop1
loop1
loop1
loop1
loop1
loop1
loop1
loop1
loop1
loop1
loop1
loop1
loop1
loop1
loop1
loop1
loop1
loop1
loop1
loop1
loop1
loop1
loop1
loop1
loop1
loop1
loop1
loop1
loop1
loop1
loop1
loop1
loop1
loop1
loop1
loop1
loop1
loop1
loop1
loop1
loop1
loop1
loop1
loop1
loop1
loop1
loop1
loop1
loop1
loop1
loop1
loop1
loop1
loop1
loop1
loop1
loop1
loop1
loop1
loop1
loop1
loop1
loop1
loop1
loop1
loop1
loop1
loop1
loop1
loop1
loop1
loop1
loop1
loop1
loop1
loop1
loop1
loop1
loop1
loop1
loop1
loop1
loop1
loop1
loop1
loop1
loop1
loop1
loop1
loop1
loop1
loop1
loop1
loop1
loop1
loop1
loop1
loop1
loop1
loop1
loop1
loop1
loop1
loop1
loop1
loop1
loop1
loop1
loop1
loop1
loop1
loop1
loop1
loop1
loop1
loop1
loop1
loop1
loop1
loop1
loop1
loop1
loop1
loop1
loop1
loop1
loop1
loop1
loop1
loop1
loop1
loop1
loop1
loop1
loop1
loop1
loop1
loop1
loop1
loop1
loop1
loop1
loop1
loop1
loop1
loop1
loop1
loop1
loop1
loop1
loop1
loop1
loop1
loop1
loop1
loop1
loop1
loop1
loop1
loop1
loop1
loop1
loop1
loop1
loop1
loop1
loop1
loop1
loop1
loop1
loop1
loop1
loop1
loop1
loop1
loop1
loop1
loop1
loop1
loop1
loop1
loop1
loop1
loop1
loop1
loop1
loop1
loop1
loop1
loop1
loop1
loop1
loop1
loop1
loop1
loop1
loop1
loop1
loop1
loop1
loop1
loop1
loop1
loop1
loop1
loop1
loop1
loop1
loop1
loop1
loop1
loop1
loop1
loop1
loop1
loop1
loop1
loop1
loop1
loop1
loop1
loop1
loop1
loop1
loop1
loop1
loop1
loop1
loop1
loop1
loop1
loop1
loop1
loop1
loop1
loop1
loop1
loop1
loop1
loop1
loop1
loop1
loop1
loop1
loop1
loop1
loop1
loop1
loop1
loop1
loop1
loop1
loop1
loop1
loop1
loop1
loop1
loop1
loop1
loop1
loop1
loop1
loop1
loop1
loop1
loop1
loop1
loop1
loop1
loop1
loop1
loop1
loop1
loop1
loop1
loop1
loop1
loop1
loop1
loop1
loop1
loop1
loop1
loop1
loop1
loop1
loop1
loop1
loop1
loop1
loop1
loop1
loop1
loop1
loop1
loop1
loop1
loop1
loop1
loop1
loop1
loop1
loop1
loop1
loop1
loop1
loop1
loop1
loop1
loop1
loop1
loop1
loop1
loop1
loop1
loop1
loop1
loop1
loop1
loop1
loop1
loop1
loop1
loop1
loop1
loop1
loop1
loop1
loop1
loop1
loop1
loop1
loop1
loop1
loop1
loop1
loop1
loop1
loop1
loop1
loop1
loop1
loop1
loop1
loop1
loop1
loop1
loop1
loop1
loop1
loop1
loop1
loop1
loop1
loop1
loop1
loop1
loop1
loop1
loop1
loop1
loop1
loop1
loop1
loop1
loop1
loop1
loop1
loop1
loop1
loop1
loop1
loop1
loop1
loop1
loop1
loop1
loop1
loop1
loop1
loop1
loop1
loop1
loop1
loop1
loop1
loop1
loop1
loop1
loop1
loop1
loop1
loop1
loop1
loop1
loop1
loop1
loop1
loop1
loop1
loop1
loop1
loop1
loop1
loop1
loop1
loop1
loop1
loop1
loop1
loop1
loop1
loop1
loop1
loop1
loop1
loop1
loop1
loop1
loop1
loop1
loop1
loop1
loop1
loop1
loop1
loop1
loop1
loop1
loop1
loop1
loop1
loop1
loop1
loop1
loop1
loop1
loop1
loop1
loop1
loop1
loop1
loop1
loop1
loop1
loop1
loop1
loop1
loop1
loop1
loop1
loop1
loop1
loop1
loop1
loop1
loop1
loop1
loop1
loop1
loop1
loop1
loop1
loop1
loop1
loop1
loop1
loop1
loop1
loop1
loop1
loop1
loop1
loop1
loop1
loop1
loop1
loop1
loop1
loop1
loop1
loop1
loop1
loop1
loop1
loop1
loop1
loop1
loop1
loop1
loop1
loop1
loop1
loop1
loop1
loop1
loop1
loop1
loop1
loop1
loop1
loop1
loop1
loop1
loop1
loop1
loop1
loop1
loop1
loop1
loop1
loop1
loop1
loop1
loop1
loop1
loop1
loop1
loop1
loop1
loop1
loop1
loop1
loop1
loop1
loop1
loop1
loop1
loop1
loop1
loop1
loop1
loop1
loop1
loop1
loop1
loop1
loop1
loop1
loop1
loop1
loop1
loop1
loop1
loop1
loop1
loop1
loop1
loop1
loop1
loop1
loop1
loop1
loop1
loop1
loop1
loop1
loop1
loop1
loop1
loop1
loop1
loop1
loop1
loop1
loop1
loop1
loop1
loop1
loop1
loop1
loop1
loop1
loop1
loop1
loop1
loop1
loop1
loop1
loop1
loop1
loop1
loop1
loop1
loop1
loop1
loop1
loop1
loop1
loop1
loop1
loop1
loop1
loop1
loop1
loop1
loop1
loop1
loop1
loop1
loop1
loop1
loop1
loop1
loop1
loop1
loop1
loop1
loop1
loop1
loop1
loop1
loop1
loop1
loop1
loop1
loop1
loop1
loop1
loop1
loop1
loop1
loop1
loop1
loop1
loop1
loop1
loop1
loop1
loop1
loop1
loop1
loop1
loop1
loop1
loop1
loop1
loop1
loop1
loop1
loop1
loop1
loop1
loop1
loop1
loop1
loop1
loop1
loop1
loop1
loop1
loop1
loop1
loop1
loop1
loop1
loop1
loop1
loop1
loop1
loop1
loop1
loop1
loop1
loop1
loop1
loop1
loop1
loop1
loop1
loop1
loop1
loop1
loop1
loop1
loop1
loop1
loop1
loop1
loop1
loop1
loop1
loop1
loop1
loop1
loop1
loop1
loop1
loop1
loop1
loop1
loop1
loop1
loop1
loop1
loop1
loop1
loop1
loop1
loop1
loop1
loop1
loop1
loop1
loop1
loop1
loop1
loop1
loop1
loop1
loop1
loop1
loop1
loop1
loop1
loop1
loop1
loop1
loop1
loop1
loop1
loop1
loop1
loop1
loop1
loop1
loop1
loop1
loop1
loop1
loop1
loop1
loop1
loop1
loop1
loop1
loop1
loop1
loop1
loop1
loop1
loop1
loop1
loop1
loop1
loop1
loop1
loop1
loop1
loop1
loop1
loop1
loop1
loop1
loop1
loop1
loop1
loop1
loop1
loop1
loop1
loop1
loop1
loop1
loop1
loop1
loop1
loop1
loop1
loop1
loop1
loop1
loop1
loop1
loop1
loop1
loop1
loop1
loop1
loop1
loop1
loop1
loop1
loop1
loop1
loop1
loop1
loop1
loop1
loop1
loop1
loop1
loop1
loop1
loop1
loop1
loop1
loop1
loop1
loop1
loop1
loop1
loop1
loop1
loop1
loop1
loop1
loop1
loop1
loop1
loop1
loop1
loop1
loop1
loop1
loop1
loop1
loop1
loop1
loop1
loop1
loop1
loop1
loop1
loop1
loop1
loop1
loop1
loop1
loop1
loop1
loop1
loop1
loop1
loop1
loop1
loop1
loop1
loop1
loop1
loop1
loop1
loop1
loop1
loop1
loop1
loop1
loop1
loop1
loop1
loop1
loop1
loop1
loop1
loop1
loop1
loop1
loop1
loop1
loop1
loop1
loop1
loop1
loop1
loop1
loop1
loop1
loop1
loop1
loop1
loop1
loop1
loop1
loop1
loop1
loop1
loop1
loop1
loop1
loop1
loop1
loop1
loop1
loop1
loop1
loop1
loop1
loop1
loop1
loop1
loop1
loop1
loop1
loop1
loop1
loop1
loop1
loop1
loop1
loop1
loop1
loop1
loop1
loop1
loop1
loop1
loop1
loop1
loop1
loop1
loop1
loop1
loop1
loop1
loop1
loop1
loop1
loop1
loop1
loop1
loop1
loop1
loop1
loop1
loop1
loop1
loop1
loop1
loop1
loop1
loop1
loop1
loop1
loop1
loop1
loop1
loop1
loop1
loop1
loop1
loop1
loop1
loop1
loop1
loop1
loop1
loop1
loop1
loop1
loop1
loop1
loop1
loop1
loop1
loop1
loop1
loop1
loop1
loop1
loop1
loop1
loop1
loop1
loop1
loop1
loop1
loop1
loop1
loop1
loop1
loop1
loop1
loop1
loop1
loop1
loop1
loop1
loop1
loop1
loop1
loop1
loop1
loop1
loop1
loop1
loop1
loop1
loop1
loop1
loop1
loop1
loop1
loop1
loop1
loop1
loop1
loop1
loop1
loop1
loop1
loop1
loop1
loop1
loop1
loop1
loop1
loop1
loop1
loop1
loop1
loop1
loop1
loop1
loop1
loop1
loop1
loop1
loop1
loop1
loop1
loop1
loop1
loop1
loop1
loop1
loop1
loop1
loop1
loop1
loop1
loop1
loop1
loop1
loop1
loop1
loop1
loop1
loop1
loop1
loop1
loop1
loop1
loop1
loop1
loop1
loop1
loop1
loop1
loop1
loop1
loop1
loop1
loop1
loop1
loop1
loop1
loop1
loop1
loop1
loop1
loop1
loop1
loop1
loop1
loop1
loop1
loop1
loop1
loop1
loop1
loop1
loop1
loop1
loop1
loop1
loop1
loop1
loop1
loop1
loop1
loop1
loop1
loop1
loop1
loop1
loop1
loop1
loop1
loop1
loop1
loop1
loop1
loop1
loop1
loop1
loop1
loop1
loop1
loop1
loop1
loop1
loop1
loop1
loop1
loop1
loop1
loop1
loop1
loop1
loop1
loop1
loop1
loop1
loop1
loop1
loop1
loop1
loop1
loop1
loop1
loop1
loop1
loop1
loop1
loop1
loop1
loop1
loop1
loop1
loop1
loop1
loop1
loop1
loop1
loop1
loop1
loop1
loop1
loop1
loop1
loop1
loop1
loop1
loop1
loop1
loop1
loop1
loop1
loop1
loop1
loop1
loop1
loop1
loop1
loop1
loop1
loop1
loop1
loop1
loop1
loop1
loop1
loop1
loop1
loop1
loop1
loop1
loop1
loop1
loop1
loop1
loop1
loop1
loop1
loop1
loop1
loop1
loop1
loop1
loop1
loop1
loop1
loop1
loop1
loop1
loop1
loop1
loop1
loop1
loop1
loop1
loop1
loop1
loop1
loop1
loop1
loop1
loop1
loop1
loop1
loop1
loop1
loop1
loop1
loop1
loop1
loop1
loop1
loop1
loop1
loop1
loop1
loop1
loop1
loop1
loop1
loop1
loop1
loop1
loop1
loop1
loop1
loop1
loop1
loop1
loop1
loop1
loop1
loop1
loop1
loop1
loop1
loop1
loop1
loop1
loop1
loop1
loop1
loop1
loop1
loop1
loop1
loop1
loop1
loop1
loop1
loop1
loop1
loop1
loop1
loop1
loop1
loop1
loop1
loop1
loop1
loop1
loop1
loop1
loop1
loop1
loop1
loop1
loop1
loop1
loop1
loop1
loop1
loop1
loop1
loop1
loop1
loop1
loop1
loop1
loop1
loop1
loop1
loop1
loop1
loop1
loop1
loop1
loop1
loop1
loop1
loop1
loop1
loop1
loop1
loop1
loop1
loop1
loop1
loop1
loop1
loop1
loop1
loop1
loop1
loop1
loop1
loop1
loop1
loop1
loop1
loop1
loop1
loop1
loop1
loop1
loop1
loop1
loop1
loop1
loop1
loop1
loop1
loop1
loop1
loop1
loop1
loop1
loop1
loop1
loop1
loop1
loop1
loop1
loop1
loop1
loop1
loop1
loop1
loop1
loop1
loop1
loop1
loop1
loop1
loop1
loop1
loop1
loop1
loop1
loop1
loop1
loop1
loop1
loop1
loop1
loop1
loop1
loop1
loop1
loop1
loop1
loop1
loop1
loop1
loop1
loop1
loop1
loop1
loop1
loop1
loop1
loop1
loop1
loop1
loop1
loop1
loop1
loop1
loop1
loop1
loop1
loop1
loop1
loop1
loop1
loop1
loop1
loop1
loop1
loop1
loop1
loop1
loop1
loop1
loop1
loop1
loop1
loop1
loop1
loop1
loop1
loop1
loop1
loop1
loop1
loop1
loop1
loop1
loop1
loop1
loop1
loop1
loop1
loop1
loop1
loop1
loop1
loop1
loop1
loop1
loop1
loop1
loop1
loop1
loop1
loop1
loop1
loop1
loop1
loop1
loop1
loop1
loop1
loop1
loop1
loop1
loop1
loop1
loop1
loop1
loop1
loop1
loop1
loop1
loop1
loop1
loop1
loop1
loop1
loop1
loop1
loop1
loop1
loop1
loop1
loop1
loop1
loop1
loop1
loop1
loop1
loop1
loop1
loop1
loop1
loop1
loop1
loop1
loop1
loop1
loop1
loop1
loop1
loop1
loop1
loop1
loop1
loop1
loop1
loop1
loop1
loop1
loop1
loop1
loop1
loop1
loop1
loop1
loop1
loop1
loop1
loop1
loop1
loop1
loop1
loop1
loop1
loop1
loop1
loop1
loop1
loop1
loop1
loop1
loop1
loop1
loop1
loop1
loop1
loop1
loop1
loop1
loop1
loop1
loop1
loop1
loop1
loop1
loop1
loop1
loop1
loop1
loop1
loop1
loop1
loop1
loop1
loop1
loop1
loop1
loop1
loop1
loop1
loop1
loop1
loop1
loop1
loop1
loop1
loop1
loop1
loop1
loop1
loop1
loop1
loop1
loop1
loop1
loop1
loop1
loop1
loop1
loop1
loop1
loop1
loop1
loop1
loop1
loop1
loop1
loop1
loop1
loop1
loop1
loop1
loop1
loop1
loop1
loop1
loop1
loop1
loop1
loop1
loop1
loop1
loop1
loop1
loop1
loop1
loop1
loop1
loop1
loop1
loop1
loop1
loop1
loop1
loop1
loop1
loop1
loop1
loop1
loop1
loop1
loop1
loop1
loop1
loop1
loop1
loop1
loop1
loop1
loop1
loop1
loop1
loop1
loop1
loop1
loop1
loop1
loop1
loop1
loop1
loop1
loop1
loop1
loop1
loop1
loop1
loop1
loop1
loop1
loop1
loop1
loop1
loop1
loop1
loop1
loop1
loop1
loop1
loop1
loop1
loop1
loop1
loop1
loop1
loop1
loop1
loop1
loop1
loop1
loop1
loop1
loop1
loop1
loop1
loop1
loop1
loop1
loop1
loop1
loop1
loop1
loop1
loop1
loop1
loop1
loop1
loop1
loop1
loop1
loop1
loop1
loop1
loop1
loop1
loop1
loop1
loop1
loop1
loop1
loop1
loop1
loop1
loop1
loop1
loop1
loop1
loop1
loop1
loop1
loop1
loop1
loop1
loop1
loop1
loop1
loop1
loop1
loop1
loop1
loop1
loop1
loop1
loop1
loop1
loop1
loop1
loop1
loop1
loop1
loop1
loop1
loop1
loop1
loop1
loop1
loop1
loop1
loop1
loop1
loop1
loop1
loop1
loop1
loop1
loop1
loop1
loop1
loop1
loop1
loop1
loop1
loop1
loop1
loop1
loop1
loop1
loop1
loop1
loop1
loop1
loop1
loop1
loop1
loop1
loop1
loop1
loop1
loop1
loop1
loop1
loop1
loop1
loop1
loop1
loop1
loop1
loop1
loop1
loop1
loop1
loop1
loop1
loop1
loop1
loop1
loop1
loop1
loop1
loop1
loop1
loop1
loop1
loop1
loop1
loop1
loop1
loop1
loop1
loop1
loop1
loop1
loop1
loop1
loop1
loop1
loop1
loop1
loop1
loop1
loop1
loop1
loop1
loop1
loop1
loop1
loop1
loop1
loop1
loop1
loop1
loop1
loop1
loop1
loop1
loop1
loop1
loop1
loop1
loop1
loop1
loop1
loop1
loop1
loop1
loop1
loop1
loop1
loop1
loop1
loop1
loop1
loop1
loop1
loop1
loop1
loop1
loop1
loop1
loop1
loop1
loop1
loop1
loop1
loop1
loop1
loop1
loop1
loop1
loop1
loop1
loop1
loop1
loop1
loop1
loop1
loop1
loop1
loop1
loop1
loop1
loop1
loop1
loop1
loop1
loop1
loop1
loop1
loop1
loop1
loop1
loop1
loop1
loop1
loop1
loop1
loop1
loop1
loop1
loop1
loop1
loop1
loop1
loop1
loop1
loop1
loop1
loop1
loop1
loop1
loop1
loop1
loop1
loop1
loop1
loop1
loop1
loop1
loop1
loop1
loop1
loop1
loop1
loop1
loop1
loop1
loop1
loop1
loop1
loop1
loop1
loop1
loop1
loop1
loop1
loop1
loop1
loop1
loop1
loop1
loop1
loop1
loop1
loop1
loop1
loop1
loop1
loop1
loop1
loop1
loop1
loop1
loop1
loop1
loop1
loop1
loop1
loop1
loop1
loop1
loop1
loop1
loop1
loop1
loop1
loop1
loop1
loop1
loop1
loop1
loop1
loop1
loop1
loop1
loop1
loop1
loop1
loop1
loop1
loop1
loop1
loop1
loop1
loop1
loop1
loop1
loop1
loop1
loop1
loop1
loop1
loop1
loop1
loop1
loop1
loop1
loop1
loop1
loop1
loop1
loop1
loop1
loop1
loop1
loop1
loop1
loop1
loop1
loop1
loop1
loop1
loop1
loop1
loop1
loop1
loop1
loop1
loop1
loop1
loop1
loop1
loop1
loop1
loop1
loop1
loop1
loop1
loop1
loop1
loop1
loop1
loop1
loop1
loop1
loop1
loop1
loop1
loop1
loop1
loop1
loop1
loop1
loop1
loop1
loop1
loop1
loop1
loop1
loop1
loop1
loop1
loop1
loop1
loop1
loop1
loop1
loop1
loop1
loop1
loop1
loop1
loop1
loop1
loop1
loop1
loop1
loop1
loop1
loop1
loop1
loop1
loop1
loop1
loop1
loop1
loop1
loop1
loop1
loop1
loop1
loop1
loop1
loop1
loop1
loop1
loop1
loop1
loop1
loop1
loop1
loop1
loop1
loop1
loop1
loop1
loop1
loop1
loop1
loop1
loop1
loop1
loop1
loop1
loop1
loop1
loop1
loop1
loop1
loop1
loop1
loop1
loop1
loop1
loop1
loop1
loop1
loop1
loop1
loop1
loop1
loop1
loop1
loop1
loop1
loop1
loop1
loop1
loop1
loop1
loop1
loop1
loop1
loop1
loop1
loop1
loop1
loop1
loop1
loop1
loop1
loop1
loop1
loop1
loop1
loop1
loop1
loop1
loop1
loop1
loop1
loop1
loop1
loop1
loop1
loop1
loop1
loop1
loop1
loop1
loop1
loop1
loop1
loop1
loop1
loop1
loop1
loop1
loop1
loop1
loop1
loop1
loop1
loop1
loop1
loop1
loop1
loop1
loop1
loop1
loop1
loop1
loop1
loop1
loop1
loop1
loop1
loop1
loop1
loop1
loop1
loop1
loop1
loop1
loop1
loop1
loop1
loop1
loop1
loop1
loop1
loop1
loop1
loop1
loop1
loop1
loop1
loop1
loop1
loop1
loop1
loop1
loop1
loop1
loop1
loop1
loop1
loop1
loop1
loop1
loop1
loop1
loop1
loop1
loop1
loop1
loop1
loop1
loop1
loop1
loop1
loop1
loop1
loop1
loop1
loop1
loop1
loop1
loop1
loop1
loop1
loop1
loop1
loop1
loop1
loop1
loop1
loop1
loop1
loop1
loop1
loop1
loop1
loop1
loop1
loop1
loop1
loop1
loop1
loop1
loop1
loop1
loop1
loop1
loop1
loop1
loop1
loop1
loop1
loop1
loop1
loop1
loop1
loop1
loop1
loop1
loop1
loop1
loop1
loop1
loop1
loop1
loop1
loop1
loop1
loop1
loop1
loop1
loop1
loop1
loop1
loop1
loop1
loop1
loop1
loop1
loop1
loop1
loop1
loop1
loop1
loop1
loop1
loop1
loop1
loop1
loop1
loop1
loop1
loop1
loop1
loop1
loop1
loop1
loop1
loop1
loop1
loop1
loop1
loop1
loop1
loop1
loop1
loop1
loop1
loop1
loop1
loop1
loop1
loop1
loop1
loop1
loop1
loop1
loop1
loop1
loop1
loop1
loop1
loop1
loop1
loop1
loop1
loop1
loop1
loop1
loop1
loop1
loop1
loop1
loop1
loop1
loop1
loop1
loop1
loop1
loop1
loop1
loop1
loop1
loop1
loop1
loop1
loop1
loop1
loop1
loop1
loop1
loop1
loop1
loop1
loop1
loop1
loop1
loop1
loop1
loop1
loop1
loop1
loop1
loop1
loop1
loop1
loop1
loop1
loop1
loop1
loop1
loop1
loop1
loop1
loop1
loop1
loop1
loop1
loop1
loop1
loop1
loop1
loop1
loop1
loop1
loop1
loop1
loop1
loop1
loop1
loop1
loop1
loop1
loop1
loop1
loop1
loop1
loop1
loop1
loop1
loop1
loop1
loop1
loop1
loop1
loop1
loop1
loop1
loop1
loop1
loop1
loop1
loop1
loop1
loop1
loop1
loop1
loop1
loop1
loop1
loop1
loop1
loop1
loop1
loop1
loop1
loop1
loop1
loop1
loop1
loop1
loop1
loop1
loop1
loop1
loop1
loop1
loop1
loop1
loop1
loop1
loop1
loop1
loop1
loop1
loop1
loop1
loop1
loop1
loop1
loop1
loop1
loop1
loop1
loop1
loop1
loop1
loop1
loop1
loop1
loop1
loop1
loop1
loop1
loop1
loop1
loop1
loop1
loop1
loop1
loop1
loop1
loop1
loop1
loop1
loop1
loop1
loop1
loop1
loop1
loop1
loop1
loop1
loop1
loop1
loop1
loop1
loop1
loop1
loop1
loop1
loop1
loop1
loop1
loop1
loop1
loop1
loop1
loop1
loop1
loop1
loop1
loop1
loop1
loop1
loop1
loop1
loop1
loop1
loop1
loop1
loop1
loop1
loop1
loop1
loop1
loop1
loop1
loop1
loop1
loop1
loop1
loop1
loop1
loop1
loop1
loop1
loop1
loop1
loop1
loop1
loop1
loop1
loop1
loop1
loop1
loop1
loop1
loop1
loop1
loop1
loop1
loop1
loop1
loop1
loop1
loop1
loop1
loop1
loop1
loop1
loop1
loop1
loop1
loop1
loop1
loop1
loop1
loop1
loop1
loop1
loop1
loop1
loop1
loop1
loop1
loop1
loop1
loop1
loop1
loop1
loop1
loop1
loop1
loop1
loop1
loop1
loop1
loop1
loop1
loop1
loop1
loop1
loop1
loop1
loop1
loop1
loop1
loop1
loop1
loop1
loop1
loop1
loop1
loop1
loop1
loop1
loop1
loop1
loop1
loop1
loop1
loop1
loop1
loop1
loop1
loop1
loop1
loop1
loop1
loop1
loop1
loop1
loop1
loop1
loop1
loop1
loop1
loop1
loop1
loop1
loop1
loop1
loop1
loop1
loop1
loop1
loop1
loop1
loop1
loop1
loop1
loop1
loop1
loop1
loop1
loop1
loop1
loop1
loop1
loop1
loop1
loop1
loop1
loop1
loop1
loop1
loop1
loop1
loop1
loop1
loop1
loop1
loop1
loop1
loop1
loop1
loop1
loop1
loop1
loop1
loop1
loop1
loop1
loop1
loop1
loop1
loop1
loop1
loop1
loop1
loop1
loop1
loop1
loop1
loop1
loop1
loop1
loop1
loop1
loop1
loop1
loop1
loop1
loop1
loop1
loop1
loop1
loop1
loop1
loop1
loop1
loop1
loop1
loop1
loop1
loop1
loop1
loop1
loop1
loop1
loop1
loop1
loop1
loop1
loop1
loop1
loop1
loop1
loop1
loop1
loop1
loop1
loop1
loop1
loop1
loop1
loop1
loop1
loop1
loop1
loop1
loop1
loop1
loop1
loop1
loop1
loop1
loop1
loop1
loop1
loop1
loop1
loop1
loop1
loop1
loop1
loop1
loop1
loop1
loop1
loop1
loop1
loop1
loop1
loop1
loop1
loop1
loop1
loop1
loop1
loop1
loop1
loop1
loop1
loop1
loop1
loop1
loop1
loop1
loop1
loop1
loop1
loop1
loop1
loop1
loop1
loop1
loop1
loop1
loop1
loop1
loop1
loop1
loop1
loop1
loop1
loop1
loop1
loop1
loop1
loop1
loop1
loop1
loop1
loop1
loop1
loop1
loop1
loop1
loop1
loop1
loop1
loop1
loop1
loop1
loop1
loop1
loop1
loop1
loop1
loop1
loop1
loop1
loop1
loop1
loop1
loop1
loop1
loop1
loop1
loop1
loop1
loop1
loop1
loop1
loop1
loop1
loop1
loop1
loop1
loop1
loop1
loop1
loop1
loop1
loop1
loop1
loop1
loop1
loop1
loop1
loop1
loop1
loop1
loop1
loop1
loop1
loop1
loop1
loop1
loop1
loop1
loop1
loop1
loop1
loop1
loop1
loop1
loop1
loop1
loop1
loop1
loop1
loop1
loop1
loop1
loop1
loop1
loop1
loop1
loop1
loop1
loop1
loop1
loop1
loop1
loop1
loop1
loop1
loop1
loop1
loop1
loop1
loop1
loop1
loop1
loop1
loop1
loop1
loop1
loop1
loop1
loop1
loop1
loop1
loop1
loop1
loop1
loop1
loop1
loop1
loop1
loop1
loop1
loop1
loop1
loop1
loop1
loop1
loop1
loop1
loop1
loop1
loop1
loop1
loop1
loop1
loop1
loop1
loop1
loop1
loop1
loop1
loop1
loop1
loop1
loop1
loop1
loop1
loop1
loop1
loop1
loop1
loop1
loop1
loop1
loop1
loop1
loop1
loop1
loop1
loop1
loop1
loop1
loop1
loop1
loop1
loop1
loop1
loop1
loop1
loop1
loop1
loop1
loop1
loop1
loop1
loop1
loop1
loop1
loop1
loop1
loop1
loop1
loop1
loop1
loop1
loop1
loop1
loop1
loop1
loop1
loop1
loop1
loop1
loop1
loop1
loop1
loop1
loop1
loop1
loop1
loop1
loop1
loop1
loop1
loop1
loop1
loop1
loop1
loop1
loop1
loop1
loop1
loop1
loop1
loop1
loop1
loop1
loop1
loop1
loop1
loop1
loop1
loop1
loop1
loop1
loop1
loop1
loop1
loop1
loop1
loop1
loop1
loop1
loop1
loop1
loop1
loop1
loop1
loop1
loop1
loop1
loop1
loop1
loop1
loop1
loop1
loop1
loop1
loop1
loop1
loop1
loop1
loop1
loop1
loop1
loop1
loop1
loop1
loop1
loop1
loop1
loop1
loop1
loop1
loop1
loop1
loop1
loop1
loop1
loop1
loop1
loop1
loop1
loop1
loop1
loop1
loop1
loop1
loop1
loop1
loop1
loop1
loop1
loop1
loop1
loop1
loop1
loop1
loop1
loop1
loop1
loop1
loop1
loop1
loop1
loop1
loop1
loop1
loop1
loop1
loop1
loop1
loop1
loop1
loop1
loop1
loop1
loop1
loop1
loop1
loop1
loop1
loop1
loop1
loop1
loop1
loop1
loop1
loop1
loop1
loop1
loop1
loop1
loop1
loop1
loop1
loop1
loop1
loop1
loop1
loop1
loop1
loop1
loop1
loop1
loop1
loop1
loop1
loop1
loop1
loop1
loop1
loop1
loop1
loop1
loop1
loop1
loop1
loop1
loop1
loop1
loop1
loop1
loop1
loop1
loop1
loop1
loop1
loop1
loop1
loop1
loop1
loop1
loop1
loop1
loop1
loop1
loop1
loop1
loop1
loop1
loop1
loop1
loop1
loop1
loop1
loop1
loop1
loop1
loop1
loop1
loop1
loop1
loop1
loop1
loop1
loop1
loop1
loop1
loop1
loop1
loop1
loop1
loop1
loop1
loop1
loop1
loop1
loop1
loop1
loop1
loop1
loop1
loop1
loop1
loop1
loop1
loop1
loop1
loop1
loop1
loop1
loop1
loop1
loop1
loop1
loop1
loop1
loop1
loop1
loop1
loop1
loop1
loop1
loop1
loop1
loop1
loop1
loop1
loop1
loop1
loop1
loop1
loop1
loop1
loop1
loop1
loop1
loop1
loop1
loop1
loop1
loop1
loop1
loop1
loop1
loop1
loop1
loop1
loop1
loop1
loop1
loop1
loop1
loop1
loop1
loop1
loop1
loop1
loop1
loop1
loop1
loop1
loop1
loop1
loop1
loop1
loop1
loop1
loop1
loop1
loop1
loop1
loop1
loop1
loop1
loop1
loop1
loop1
loop1
loop1
loop1
loop1
loop1
loop1
loop1
loop1
loop1
loop1
loop1
loop1
loop1
loop1
loop1
loop1
loop1
loop1
loop1
loop1
loop1
loop1
loop1
loop1
loop1
loop1
loop1
loop1
loop1
loop1
loop1
loop1
loop1
loop1
loop1
loop1
loop1
loop1
loop1
loop1
loop1
loop1
loop1
loop1
loop1
loop1
loop1
loop1
loop1
loop1
loop1
loop1
loop1
loop1
loop1
loop1
loop1
loop1
loop1
loop1
loop1
loop1
loop1
loop1
loop1
loop1
loop1
loop1
loop1
loop1
loop1
loop1
loop1
loop1
loop1
loop1
loop1
loop1
loop1
loop1
loop1
loop1
loop1
loop1
loop1
loop1
loop1
loop1
loop1
loop1
loop1
loop1
loop1
loop1
loop1
loop1
loop1
loop1
loop1
loop1
loop1
loop1
loop1
loop1
loop1
loop1
loop1
loop1
loop1
loop1
loop1
loop1
loop1
loop1
loop1
loop1
loop1
loop1
loop1
loop1
loop1
loop1
loop1
loop1
loop1
loop1
loop1
loop1
loop1
loop1
loop1
loop1
loop1
loop1
loop1
loop1
loop1
loop1
loop1
loop1
loop1
loop1
loop1
loop1
loop1
loop1
loop1
loop1
loop1
loop1
loop1
loop1
loop1
loop1
loop1
loop1
loop1
loop1
loop1
loop1
loop1
loop1
loop1
loop1
loop1
loop1
loop1
loop1
loop1
loop1
loop1
loop1
loop1
loop1
loop1
loop1
loop1
loop1
loop1
loop1
loop1
loop1
loop1
loop1
loop1
loop1
loop1
loop1
loop1
loop1
loop1
loop1
loop1
loop1
loop1
loop1
loop1
loop1
loop1
loop1
loop1
loop1
loop1
loop1
loop1
loop1
loop1
loop1
loop1
loop1
loop1
loop1
loop1
loop1
loop1
loop1
loop1
loop1
loop1
loop1
loop1
loop1
loop1
loop1
loop1
loop1
loop1
loop1
loop1
loop1
loop1
loop1
loop1
loop1
loop1
loop1
loop1
loop1
loop1
loop1
loop1
loop1
loop1
loop1
loop1
loop1
loop1
loop1
loop1
loop1
loop1
loop1
loop1
loop1
loop1
loop1
loop1
loop1
loop1
loop1
loop1
loop1
loop1
loop1
loop1
loop1
loop1
loop1
loop1
loop1
loop1
loop1
loop1
loop1
loop1
loop1
loop1
loop1
loop1
loop1
loop1
loop1
loop1
loop1
loop1
loop1
loop1
loop1
loop1
loop1
loop1
loop1
loop1
loop1
loop1
loop1
loop1
loop1
loop1
loop1
loop1
loop1
loop1
loop1
loop1
loop1
loop1
loop1
loop1
loop1
loop1
loop1
loop1
loop1
loop1
loop1
loop1
loop1
loop1
loop1
loop1
loop1
loop1
loop1
loop1
loop1
loop1
loop1
loop1
loop1
loop1
loop1
loop1
loop1
loop1
loop1
loop1
loop1
loop1
loop1
loop1
loop1
loop1
loop1
loop1
loop1
loop1
loop1
loop1
loop1
loop1
loop1
loop1
loop1
loop1
loop1
loop1
loop1
loop1
loop1
loop1
loop1
loop1
loop1
loop1
loop1
loop1
loop1
loop1
loop1
loop1
loop1
loop1
loop1
loop1
loop1
loop1
loop1
loop1
loop1
loop1
loop1
loop1
loop1
loop1
loop1
loop1
loop1
loop1
loop1
loop1
loop1
loop1
loop1
loop1
loop1
loop1
loop1
loop1
loop1
loop1
loop1
loop1
loop1
loop1
loop1
loop1
loop1
loop1
loop1
loop1
loop1
loop1
loop1
loop1
loop1
loop1
loop1
loop1
loop1
loop1
loop1
loop1
loop1
loop1
loop1
loop1
loop1
loop1
loop1
loop1
loop1
loop1
loop1
loop1
loop1
loop1
loop1
loop1
loop1
loop1
loop1
loop1
loop1
loop1
loop1
loop1
loop1
loop1
loop1
loop1
loop1
loop1
loop1
loop1
loop1
loop1
loop1
loop1
loop1
loop1
loop1
loop1
loop1
loop1
loop1
loop1
loop1
loop1
loop1
loop1
loop1
loop1
loop1
loop1
loop1
loop1
loop1
loop1
loop1
loop1
loop1
loop1
loop1
loop1
loop1
loop1
loop1
loop1
loop1
loop1
loop1
loop1
loop1
loop1
loop1
loop1
loop1
loop1
loop1
loop1
loop1
loop1
loop1
loop1
loop1
loop1
loop1
loop1
loop1
loop1
loop1
loop1
loop1
loop1
loop1
loop1
loop1
loop1
loop1
loop1
loop1
loop1
loop1
loop1
loop1
loop1
loop1
loop1
loop1
loop1
loop1
loop1
loop1
loop1
loop1
loop1
loop1
loop1
loop1
loop1
loop1
loop1
loop1
loop1
loop1
loop1
loop1
loop1
loop1
loop1
loop1
loop1
loop1
loop1
loop1
loop1
loop1
loop1
loop1
loop1
loop1
loop1
loop1
loop1
loop1
loop1
loop1
loop1
loop1
loop1
loop1
loop1
loop1
loop1
loop1
loop1
loop1
loop1
loop1
loop1
loop1
loop1
loop1
loop1
loop1
loop1
loop1
loop1
loop1
loop1
loop1
loop1
loop1
loop1
loop1
loop1
loop1
loop1
loop1
loop1
loop1
loop1
loop1
loop1
loop1
loop1
loop1
loop1
loop1
loop1
loop1
loop1
loop1
loop1
loop1
loop1
loop1
loop1
loop1
loop1
loop1
loop1
loop1
loop1
loop1
loop1
loop1
loop1
loop1
loop1
loop1
loop1
loop1
loop1
loop1
loop1
loop1
loop1
loop1
loop1
loop1
loop1
loop1
loop1
loop1
loop1
loop1
loop1
loop1
loop1
loop1
loop1
loop1
loop1
loop1
loop1
loop1
loop1
loop1
loop1
loop1
loop1
loop1
loop1
loop1
loop1
loop1
loop1
loop1
loop1
loop1
loop1
loop1
loop1
loop1
loop1
loop1
loop1
loop1
loop1
loop1
loop1
loop1
loop1
loop1
loop1
loop1
loop1
loop1
loop1
loop1
loop1
loop1
loop1
loop1
loop1
loop1
loop1
loop1
loop1
loop1
loop1
loop1
loop1
loop1
loop1
loop1
loop1
loop1
loop1
loop1
loop1
loop1
loop1
loop1
loop1
loop1
loop1
loop1
loop1
loop1
loop1
loop1
loop1
loop1
loop1
loop1
loop1
loop1
loop1
loop1
loop1
loop1
loop1
loop1
loop1
loop1
loop1
loop1
loop1
loop1
loop1
loop1
loop1
loop1
loop1
loop1
loop1
loop1
loop1
loop1
loop1
loop1
loop1
loop1
loop1
loop1
loop1
loop1
loop1
loop1
loop1
loop1
loop1
loop1
loop1
loop1
loop1
loop1
loop1
loop1
loop1
loop1
loop1
loop1
loop1
loop1
loop1
loop1
loop1
loop1
loop1
loop1
loop1
loop1
loop1
loop1
loop1
loop1
loop1
loop1
loop1
loop1
loop1
loop1
loop1
loop1
loop1
loop1
loop1
loop1
loop1
loop1
loop1
loop1
loop1
loop1
loop1
loop1
loop1
loop1
loop1
loop1
loop1
loop1
loop1
loop1
loop1
loop1
loop1
loop1
loop1
loop1
loop1
loop1
loop1
loop1
loop1
loop1
loop1
loop1
loop1
loop1
loop1
loop1
loop1
loop1
loop1
loop1
loop1
loop1
loop1
loop1
loop1
loop1
loop1
loop1
loop1
loop1
loop1
loop1
loop1
loop1
loop1
loop1
loop1
loop1
loop1
loop1
loop1
loop1
loop1
loop1
loop1
loop1
loop1
loop1
loop1
loop1
loop1
loop1
loop1
loop1
loop1
loop1
loop1
loop1
loop1
loop1
loop1
loop1
loop1
loop1
loop1
loop1
loop1
loop1
loop1
loop1
loop1
loop1
loop1
loop1
loop1
loop1
loop1
loop1
loop1
loop1
loop1
loop1
loop1
loop1
loop1
loop1
loop1
loop1
loop1
loop1
loop1
loop1
loop1
loop1
loop1
loop1
loop1
loop1
loop1
loop1
loop1
loop1
loop1
loop1
loop1
loop1
loop1
loop1
loop1
loop1
loop1
loop1
loop1
loop1
loop1
loop1
loop1
loop1
loop1
loop1
loop1
loop1
loop1
loop1
loop1
loop1
loop1
loop1
loop1
loop1
loop1
loop1
loop1
loop1
loop1
loop1
loop1
loop1
loop1
loop1
loop1
loop1
loop1
loop1
loop1
loop1
loop1
loop1
loop1
loop1
loop1
loop1
loop1
loop1
loop1
loop1
loop1
loop1
loop1
loop1
loop1
loop1
loop1
loop1
loop1
loop1
loop1
loop1
loop1
loop1
loop1
loop1
loop1
loop1
loop1
loop1
loop1
loop1
loop1
loop1
loop1
loop1
loop1
loop1
loop1
loop1
loop1
loop1
loop1
loop1
loop1
loop1
loop1
loop1
loop1
loop1
loop1
loop1
loop1
loop1
loop1
loop1
loop1
loop1
loop1
loop1
loop1
loop1
loop1
loop1
loop1
loop1
loop1
loop1
loop1
loop1
loop1
loop1
loop1
loop1
loop1
loop1
loop1
loop1
loop1
loop1
loop1
loop1
loop1
loop1
loop1
loop1
loop1
loop1
loop1
loop1
loop1
loop1
loop1
loop1
loop1
loop1
loop1
loop1
loop1
loop1
loop1
loop1
loop1
loop1
loop1
loop1
loop1
loop1
loop1
loop1
loop1
loop1
loop1
loop1
loop1
loop1
loop1
loop1
loop1
loop1
loop1
loop1
loop1
loop1
loop1
loop1
loop1
loop1
loop1
loop1
loop1
loop1
loop1
loop1
loop1
loop1
loop1
loop1
loop1
loop1
loop1
loop1
loop1
loop1
loop1
loop1
loop1
loop1
loop1
loop1
loop1
loop1
loop1
loop1
loop1
loop1
loop1
loop1
loop1
loop1
loop1
loop1
loop1
loop1
loop1
loop1
loop1
loop1
loop1
loop1
loop1
loop1
loop1
loop1
loop1
loop1
loop1
loop1
loop1
loop1
loop1
loop1
loop1
loop1
loop1
loop1
loop1
loop1
loop1
loop1
loop1
loop1
loop1
loop1
loop1
loop1
loop1
loop1
loop1
loop1
loop1
loop1
loop1
loop1
loop1
loop1
loop1
loop1
loop1
loop1
loop1
loop1
loop1
loop1
loop1
loop1
loop1
loop1
loop1
loop1
loop1
loop1
loop1
loop1
loop1
loop1
loop1
loop1
loop1
loop1
loop1
loop1
loop1
loop1
loop1
loop1
loop1
loop1
loop1
loop1
loop1
loop1
loop1
loop1
loop1
loop1
loop1
loop1
loop1
loop1
loop1
loop1
loop1
loop1
loop1
loop1
loop1
loop1
loop1
loop1
loop1
loop1
loop1
loop1
loop1
loop1
loop1
loop1
loop1
loop1
loop1
loop1
loop1
loop1
loop1
loop1
loop1
loop1
loop1
loop1
loop1
loop1
loop1
loop1
loop1
loop1
loop1
loop1
loop1
loop1
loop1
loop1
loop1
loop1
loop1
loop1
loop1
loop1
loop1
loop1
loop1
loop1
loop1
loop1
loop1
loop1
loop1
loop1
loop1
loop1
loop1
loop1
loop1
loop1
loop1
loop1
loop1
loop1
loop1
loop1
loop1
loop1
loop1
loop1
loop1
loop1
loop1
loop1
loop1
loop1
loop1
loop1
loop1
loop1
loop1
loop1
loop1
loop1
loop1
loop1
loop1
loop1
loop1
loop1
loop1
loop1
loop1
loop1
loop1
loop1
loop1
loop1
loop1
loop1
loop1
loop1
loop1
loop1
loop1
loop1
loop1
loop1
loop1
loop1
loop1
loop1
loop1
loop1
loop1
loop1
loop1
loop1
loop1
loop1
loop1
loop1
loop1
loop1
loop1
loop1
loop1
loop1
loop1
loop1
loop1
loop1
loop1
loop1
loop1
loop1
loop1
loop1
loop1
loop1
loop1
loop1
loop1
loop1
loop1
loop1
loop1
loop1
loop1
loop1
loop1
loop1
loop1
loop1
loop1
loop1
loop1
loop1
loop1
loop1
loop1
loop1
loop1
loop1
loop1
loop1
loop1
loop1
loop1
loop1
loop1
loop1
loop1
loop1
loop1
loop1
loop1
loop1
loop1
loop1
loop1
loop1
loop1
loop1
loop1
loop1
loop1
loop1
loop1
loop1
loop1
loop1
loop1
loop1
loop1
loop1
loop1
loop1
loop1
loop1
loop1
loop1
loop1
loop1
loop1
loop1
loop1
loop1
loop1
loop1
loop1
loop1
loop1
loop1
loop1
loop1
loop1
loop1
loop1
loop1
loop1
loop1
loop1
loop1
loop1
loop1
loop1
loop1
loop1
loop1
loop1
loop1
loop1
loop1
loop1
loop1
loop1
loop1
loop1
loop1
loop1
loop1
loop1
loop1
loop1
loop1
loop1
loop1
loop1
loop1
loop1
loop1
loop1
loop1
loop1
loop1
loop1
loop1
loop1
loop1
loop1
loop1
loop1
loop1
loop1
loop1
loop1
loop1
loop1
loop1
loop1
loop1
loop1
loop1
loop1
loop1
loop1
loop1
loop1
loop1
loop1
loop1
loop1
loop1
loop1
loop1
loop1
loop1
loop1
loop1
loop1
loop1
loop1
loop1
loop1
loop1
loop1
loop1
loop1
loop1
loop1
loop1
loop1
loop1
loop1
loop1
loop1
loop1
loop1
loop1
loop1
loop1
loop1
loop1
loop1
loop1
loop1
loop1
loop1
loop1
loop1
loop1
loop1
loop1
loop1
loop1
loop1
loop1
loop1
loop1
loop1
loop1
loop1
loop1
loop1
loop1
loop1
loop1
loop1
loop1
loop1
loop1
loop1
loop1
loop1
loop1
loop1
loop1
loop1
loop1
loop1
loop1
loop1
loop1
loop1
loop1
loop1
loop1
loop1
loop1
loop1
loop1
loop1
loop1
loop1
loop1
loop1
loop1
loop1
loop1
loop1
loop1
loop1
loop1
loop1
loop1
loop1
loop1
loop1
loop1
loop1
loop1
loop1
loop1
loop1
loop1
loop1
loop1
loop1
loop1
loop1
loop1
loop1
loop1
loop1
loop1
loop1
loop1
loop1
loop1
loop1
loop1
loop1
loop1
loop1
loop1
loop1
loop1
loop1
loop1
loop1
loop1
loop1
loop1
loop1
loop1
loop1
loop1
loop1
loop1
loop1
loop1
loop1
loop1
loop1
loop1
loop1
loop1
loop1
loop1
loop1
loop1
loop1
loop1
loop1
loop1
loop1
loop1
loop1
loop1
loop1
loop1
loop1
loop1
loop1
loop1
loop1
loop1
loop1
loop1
loop1
loop1
loop1
loop1
loop1
loop1
loop1
loop1
loop1
loop1
loop1
loop1
loop1
loop1
loop1
loop1
loop1
loop1
loop1
loop1
loop1
loop1
loop1
loop1
loop1
loop1
loop1
loop1
loop1
loop1
loop1
loop1
loop1
loop1
loop1
loop1
loop1
loop1
loop1
loop1
loop1
loop1
loop1
loop1
loop1
loop1
loop1
loop1
loop1
loop1
loop1
loop1
loop1
loop1
loop1
loop1
loop1
loop1
loop1
loop1
loop1
loop1
loop1
loop1
loop1
loop1
loop1
loop1
loop1
loop1
loop1
loop1
loop1
loop1
loop1
loop1
loop1
loop1
loop1
loop1
loop1
loop1
loop1
loop1
loop1
loop1
loop1
loop1
loop1
loop1
loop1
loop1
loop1
loop1
loop1
loop1
loop1
loop1
loop1
loop1
loop1
loop1
loop1
loop1
loop1
loop1
loop1
loop1
loop1
loop1
loop1
loop1
loop1
loop1
loop1
loop1
loop1
loop1
loop1
loop1
loop1
loop1
loop1
loop1
loop1
loop1
loop1
loop1
loop1
loop1
loop1
loop1
loop1
loop1
loop1
loop1
loop1
loop1
loop1
loop1
loop1
loop1
loop1
loop1
loop1
loop1
loop1
loop1
loop1
loop1
loop1
loop1
loop1
loop1
loop1
loop1
loop1
loop1
loop1
loop1
loop1
loop1
loop1
loop1
loop1
loop1
loop1
loop1
loop1
loop1
loop1
loop1
loop1
loop1
loop1
loop1
loop1
loop1
loop1
loop1
loop1
loop1
loop1
loop1
loop1
loop1
loop1
loop1
loop1
loop1
loop1
loop1
loop1
loop1
loop1
loop1
loop1
loop1
loop1
loop1
loop1
loop1
loop1
loop1
loop1
loop1
loop1
loop1
loop1
loop1
loop1
loop1
loop1
loop1
loop1
loop1
loop1
loop1
loop1
loop1
loop1
loop1
loop1
loop1
loop1
loop1
loop1
loop1
loop1
loop1
loop1
loop1
loop1
loop1
loop1
loop1
loop1
loop1
loop1
loop1
loop1
loop1
loop1
loop1
loop1
loop1
loop1
loop1
loop1
loop1
loop1
loop1
loop1
loop1
loop1
loop1
loop1
loop1
loop1
loop1
loop1
loop1
loop1
loop1
loop1
loop1
loop1
loop1
loop1
loop1
loop1
loop1
loop1
loop1
loop1
loop1
loop1
loop1
loop1
loop1
loop1
loop1
loop1
loop1
loop1
loop1
loop1
loop1
loop1
loop1
loop1
loop1
loop1
loop1
loop1
loop1
loop1
loop1
loop1
loop1
loop1
loop1
loop1
loop1
loop1
loop1
loop1
loop1
loop1
loop1
loop1
loop1
loop1
loop1
loop1
loop1
loop1
loop1
loop1
loop1
loop1
loop1
loop1
loop1
loop1
loop1
loop1
loop1
loop1
loop1
loop1
loop1
loop1
loop1
loop1
loop1
loop1
loop1
loop1
loop1
loop1
loop1
loop1
loop1
loop1
loop1
loop1
loop1
loop1
loop1
loop1
loop1
loop1
loop1
loop1
loop1
loop1
loop1
loop1
loop1
loop1
loop1
loop1
loop1
loop1
loop1
loop1
loop1
loop1
loop1
loop1
loop1
loop1
loop1
loop1
loop1
loop1
loop1
loop1
loop1
loop1
loop1
loop1
loop1
loop1
loop1
loop1
loop1
loop1
loop1
loop1
loop1
loop1
loop1
loop1
loop1
loop1
loop1
loop1
loop1
loop1
loop1
loop1
loop1
loop1
loop1
loop1
loop1
loop1
loop1
loop1
loop1
loop1
loop1
loop1
loop1
loop1
loop1
loop1
loop1
loop1
loop1
loop1
loop1
loop1
loop1
loop1
loop1
loop1
loop1
loop1
loop1
loop1
loop1
loop1
loop1
loop1
loop1
loop1
loop1
loop1
loop1
loop1
loop1
loop1
loop1
loop1
loop1
loop1
loop1
loop1
loop1
loop1
loop1
loop1
loop1
loop1
loop1
loop1
loop1
loop1
loop1
loop1
loop1
loop1
loop1
loop1
loop1
loop1
loop1
loop1
loop1
loop1
loop1
loop1
loop1
loop1
loop1
loop1
loop1
loop1
loop1
loop1
loop1
loop1
loop1
loop1
loop1
loop1
loop1
loop1
loop1
loop1
loop1
loop1
loop1
loop1
loop1
loop1
loop1
loop1
loop1
loop1
loop1
loop1
loop1
loop1
loop1
loop1
loop1
loop1
loop1
loop1
loop1
loop1
loop1
loop1
loop1
loop1
loop1
loop1
loop1
loop1
loop1
loop1
loop1
loop1
loop1
loop1
loop1
loop1
loop1
loop1
loop1
loop1
loop1
loop1
loop1
loop1
loop1
loop1
loop1
loop1
loop1
loop1
loop1
loop1
loop1
loop1
loop1
loop1
loop1
loop1
loop1
loop1
loop1
loop1
loop1
loop1
loop1
loop1
loop1
loop1
loop1
loop1
loop1
loop1
loop1
loop1
loop1
loop1
loop1
loop1
loop1
loop1
loop1
loop1
loop1
loop1
loop1
loop1
loop1
loop1
loop1
loop1
loop1
loop1
loop1
loop1
loop1
loop1
loop1
loop1
loop1
loop1
loop1
loop1
loop1
loop1
loop1
loop1
loop1
loop1
loop1
loop1
loop1
loop1
loop1
loop1
loop1
loop1
loop1
loop1
loop1
loop1
loop1
loop1
loop1
loop1
loop1
loop1
loop1
loop1
loop1
loop1
loop1
loop1
loop1
loop1
loop1
loop1
loop1
loop1
loop1
loop1
loop1
loop1
loop1
loop1
loop1
loop1
loop1
loop1
loop1
loop1
loop1
loop1
loop1
loop1
loop1
loop1
loop1
loop1
loop1
loop1
loop1
loop1
loop1
loop1
loop1
loop1
loop1
loop1
loop1
loop1
loop1
loop1
loop1
loop1
loop1
loop1
loop1
loop1
loop1
loop1
loop1
loop1
loop1
loop1
loop1
loop1
loop1
loop1
loop1
loop1
loop1
loop1
loop1
loop1
loop1
loop1
loop1
loop1
loop1
loop1
loop1
loop1
loop1
loop1
loop1
loop1
loop1
loop1
loop1
loop1
loop1
loop1
loop1
loop1
loop1
loop1
loop1
loop1
loop1
loop1
loop1
loop1
loop1
loop1
loop1
loop1
loop1
loop1
loop1
loop1
loop1
loop1
loop1
loop1
loop1
loop1
loop1
loop1
loop1
loop1
loop1
loop1
loop1
loop1
loop1
loop1
loop1
loop1
loop1
loop1
loop1
loop1
loop1
loop1
loop1
loop1
loop1
loop1
loop1
loop1
loop1
loop1
loop1
loop1
loop1
loop1
loop1
loop1
loop1
loop1
loop1
loop1
loop1
loop1
loop1
loop1
loop1
loop1
loop1
loop1
loop1
loop1
loop1
loop1
loop1
loop1
loop1
loop1
loop1
loop1
loop1
loop1
loop1
loop1
loop1
loop1
loop1
loop1
loop1
loop1
loop1
loop1
loop1
loop1
loop1
loop1
loop1
loop1
loop1
loop1
loop1
loop1
loop1
loop1
loop1
loop1
loop1
loop1
loop1
loop1
loop1
loop1
loop1
loop1
loop1
loop1
loop1
loop1
loop1
loop1
loop1
loop1
loop1
loop1
loop1
loop1
loop1
loop1
loop1
loop1
loop1
loop1
loop1
loop1
loop1
loop1
loop1
loop1
loop1
loop1
loop1
loop1
loop1
loop1
loop1
loop1
loop1
loop1
loop1
loop1
loop1
loop1
loop1
loop1
loop1
loop1
loop1
loop1
loop1
loop1
loop1
loop1
loop1
loop1
loop1
loop1
loop1
loop1
loop1
loop1
loop1
loop1
loop1
loop1
loop1
loop1
loop1
loop1
loop1
loop1
loop1
loop1
loop1
loop1
loop1
loop1
loop1
loop1
loop1
loop1
loop1
loop1
loop1
loop1
loop1
loop1
loop1
loop1
loop1
loop1
loop1
loop1
loop1
loop1
loop1
loop1
loop1
loop1
loop1
loop1
loop1
loop1
loop1
loop1
loop1
loop1
loop1
loop1
loop1
loop1
loop1
loop1
loop1
loop1
loop1
loop1
loop1
loop1
loop1
loop1
loop1
loop1
loop1
loop1
loop1
loop1
loop1
loop1
loop1
loop1
loop1
loop1
loop1
loop1
loop1
loop1
loop1
loop1
loop1
loop1
loop1
loop1
loop1
loop1
loop1
loop1
loop1
loop1
loop1
loop1
loop1
loop1
loop1
loop1
loop1
loop1
loop1
loop1
loop1
loop1
loop1
loop1
loop1
loop1
loop1
loop1
loop1
loop1
loop1
loop1
loop1
loop1
loop1
loop1
loop1
loop1
loop1
loop1
loop1
loop1
loop1
loop1
loop1
loop1
loop1
loop1
loop1
loop1
loop1
loop1
loop1
loop1
loop1
loop1
loop1
loop1
loop1
loop1
loop1
loop1
loop1
loop1
loop1
loop1
loop1
loop1
loop1
loop1
loop1
loop1
loop1
loop1
loop1
loop1
loop1
loop1
loop1
loop1
loop1
loop1
loop1
loop1
loop1
loop1
loop1
loop1
loop1
loop1
loop1
loop1
loop1
loop1
loop1
loop1
loop1
loop1
loop1
loop1
loop1
loop1
loop1
loop1
loop1
loop1
loop1
loop1
loop1
loop1
loop1
loop1
loop1
loop1
loop1
loop1
loop1
loop1
loop1
loop1
loop1
loop1
loop1
loop1
loop1
loop1
loop1
loop1
loop1
loop1
loop1
loop1
loop1
loop1
loop1
loop1
loop1
loop1
loop1
loop1
loop1
loop1
loop1
loop1
loop1
loop1
loop1
loop1
loop1
loop1
loop1
loop1
loop1
loop1
loop1
loop1
loop1
loop1
loop1
loop1
loop1
loop1
loop1
loop1
loop1
loop1
loop1
loop1
loop1
loop1
loop1
loop1
loop1
loop1
loop1
loop1
loop1
loop1
loop1
loop1
loop1
loop1
loop1
loop1
loop1
loop1
loop1
loop1
loop1
loop1
loop1
loop1
loop1
loop1
loop1
loop1
loop1
loop1
loop1
loop1
loop1
loop1
loop1
loop1
loop1
loop1
loop1
loop1
loop1
loop1
loop1
loop1
loop1
loop1
loop1
loop1
loop1
loop1
loop1
loop1
loop1
loop1
loop1
loop1
loop1
loop1
loop1
loop1
loop1
loop1
loop1
loop1
loop1
loop1
loop1
loop1
loop1
loop1
loop1
loop1
loop1
loop1
loop1
loop1
loop1
loop1
loop1
loop1
loop1
loop1
loop1
loop1
loop1
loop1
loop1
loop1
loop1
loop1
loop1
loop1
loop1
loop1
loop1
loop1
loop1
loop1
loop1
loop1
loop1
loop1
loop1
loop1
loop1
loop1
loop1
loop1
loop1
loop1
loop1
loop1
loop1
loop1
loop1
loop1
loop1
loop1
loop1
loop1
loop1
loop1
loop1
loop1
loop1
loop1
loop1
loop1
loop1
loop1
loop1
loop1
loop1
loop1
loop1
loop1
loop1
loop1
loop1
loop1
loop1
loop1
loop1
loop1
loop1
loop1
loop1
loop1
loop1
loop1
loop1
loop1
loop1
loop1
loop1
loop1
loop1
loop1
loop1
loop1
loop1
loop1
loop1
loop1
loop1
loop1
loop1
loop1
loop1
loop1
loop1
loop1
loop1
loop1
loop1
loop1
loop1
loop1
loop1
loop1
loop1
loop1
loop1
loop1
loop1
loop1
loop1
loop1
loop1
loop1
loop1
loop1
loop1
loop1
loop1
loop1
loop1
loop1
loop1
loop1
loop1
loop1
loop1
loop1
loop1
loop1
loop1
loop1
loop1
loop1
loop1
loop1
loop1
loop1
loop1
loop1
loop1
loop1
loop1
loop1
loop1
loop1
loop1
loop1
loop1
loop1
loop1
loop1
loop1
loop1
loop1
loop1
loop1
loop1
loop1
loop1
loop1
loop1
loop1
loop1
loop1
loop1
loop1
loop1
loop1
loop1
loop1
loop1
loop1
loop1
loop1
loop1
loop1
loop1
loop1
loop1
loop1
loop1
loop1
loop1
loop1
loop1
loop1
loop1
loop1
loop1
loop1
loop1
loop1
loop1
loop1
loop1
loop1
loop1
loop1
loop1
loop1
loop1
loop1
loop1
loop1
loop1
loop1
loop1
loop1
loop1
loop1
loop1
loop1
loop1
loop1
loop1
loop1
loop1
loop1
loop1
loop1
loop1
loop1
loop1
loop1
loop1
loop1
loop1
loop1
loop1
loop1
loop1
loop1
loop1
loop1
loop1
loop1
loop1
loop1
loop1
loop1
loop1
loop1
loop1
loop1
loop1
loop1
loop1
loop1
loop1
loop1
loop1
loop1
loop1
loop1
loop1
loop1
loop1
loop1
loop1
loop1
loop1
loop1
loop1
loop1
loop1
loop1
loop1
loop1
loop1
loop1
loop1
loop1
loop1
loop1
loop1
loop1
loop1
loop1
loop1
loop1
loop1
loop1
loop1
loop1
loop1
loop1
loop1
loop1
loop1
loop1
loop1
loop1
loop1
loop1
loop1
loop1
loop1
loop1
loop1
loop1
loop1
loop1
loop1
loop1
loop1
loop1
loop1
loop1
loop1
loop1
loop1
loop1
loop1
loop1
loop1
loop1
loop1
loop1
loop1
loop1
loop1
loop1
loop1
loop1
loop1
loop1
loop1
loop1
loop1
loop1
loop1
loop1
loop1
loop1
loop1
loop1
loop1
loop1
loop1
loop1
loop1
loop1
loop1
loop1
loop1
loop1
loop1
loop1
loop1
loop1
loop1
loop1
loop1
loop1
loop1
loop1
loop1
loop1
loop1
loop1
loop1
loop1
loop1
loop1
loop1
loop1
loop1
loop1
loop1
loop1
loop1
loop1
loop1
loop1
loop1
loop1
loop1
loop1
loop1
loop1
loop1
loop1
loop1
loop1
loop1
loop1
loop1
loop1
loop1
loop1
loop1
loop1
loop1
loop1
loop1
loop1
loop1
loop1
loop1
loop1
loop1
loop1
loop1
loop1
loop1
loop1
loop1
loop1
loop1
loop1
loop1
loop1
loop1
loop1
loop1
loop1
loop1
loop1
loop1
loop1
loop1
loop1
loop1
loop1
loop1
loop1
loop1
loop1
loop1
loop1
loop1
loop1
loop1
loop1
loop1
loop1
loop1
loop1
loop1
loop1
loop1
loop1
loop1
loop1
loop1
loop1
loop1
loop1
loop1
loop1
loop1
loop1
loop1
loop1
loop1
loop1
loop1
loop1
loop1
loop1
loop1
loop1
loop1
loop1
loop1
loop1
loop1
loop1
loop1
loop1
loop1
loop1
loop1
loop1
loop1
loop1
loop1
loop1
loop1
loop1
loop1
loop1
loop1
loop1
loop1
loop1
loop1
loop1
loop1
loop1
loop1
loop1
loop1
loop1
loop1
loop1
loop1
loop1
loop1
loop1
loop1
loop1
loop1
loop1
loop1
loop1
loop1
loop1
loop1
loop1
loop1
loop1
loop1
loop1
loop1
loop1
loop1
loop1
loop1
loop1
loop1
loop1
loop1
loop1
loop1
loop1
loop1
loop1
loop1
loop1
loop1
loop1
loop1
loop1
loop1
loop1
loop1
loop1
loop1
loop1
loop1
loop1
loop1
loop1
loop1
loop1
loop1
loop1
loop1
loop1
loop1
loop1
loop1
loop1
loop1
loop1
loop1
loop1
loop1
loop1
loop1
loop1
loop1
loop1
loop1
loop1
loop1
loop1
loop1
loop1
loop1
loop1
loop1
loop1
loop1
loop1
loop1
loop1
loop1
loop1
loop1
loop1
loop1
loop1
loop1
loop1
loop1
loop1
loop1
loop1
loop1
loop1
loop1
loop1
loop1
loop1
loop1
loop1
loop1
loop1
loop1
loop1
loop1
loop1
loop1
loop1
loop1
loop1
loop1
loop1
loop1
loop1
loop1
loop1
loop1
loop1
loop1
loop1
loop1
loop1
loop1
loop1
loop1
loop1
loop1
loop1
loop1
loop1
loop1
loop1
loop1
loop1
loop1
loop1
loop1
loop1
loop1
loop1
loop1
loop1
loop1
loop1
loop1
loop1
loop1
loop1
loop1
loop1
loop1
loop1
loop1
loop1
loop1
loop1
loop1
loop1
loop1
loop1
loop1
loop1
loop1
loop1
loop1
loop1
loop1
loop1
loop1
loop1
loop1
loop1
loop1
loop1
loop1
loop1
loop1
loop1
loop1
loop1
loop1
loop1
loop1
loop1
loop1
loop1
loop1
loop1
loop1
loop1
loop1
loop1
loop1
loop1
loop1
loop1
loop1
loop1
loop1
loop1
loop1
loop1
loop1
loop1
loop1
loop1
loop1
loop1
loop1
loop1
loop1
loop1
loop1
loop1
loop1
loop1
loop1
loop1
loop1
loop1
loop1
loop1
loop1
loop1
loop1
loop1
loop1
loop1
loop1
loop1
loop1
loop1
loop1
loop1
loop1
loop1
loop1
loop1
loop1
loop1
loop1
loop1
loop1
loop1
loop1
loop1
loop1
loop1
loop1
loop1
loop1
loop1
loop1
loop1
loop1
loop1
loop1
loop1
loop1
loop1
loop1
loop1
loop1
loop1
loop1
loop1
loop1
loop1
loop1
loop1
loop1
loop1
loop1
loop1
loop1
loop1
loop1
loop1
loop1
loop1
loop1
loop1
loop1
loop1
loop1
loop1
loop1
loop1
loop1
loop1
loop1
loop1
loop1
loop1
loop1
loop1
loop1
loop1
loop1
loop1
loop1
loop1
loop1
loop1
loop1
loop1
loop1
loop1
loop1
loop1
loop1
loop1
loop1
loop1
loop1
loop1
loop1
loop1
loop1
loop1
loop1
loop1
loop1
loop1
loop1
loop1
loop1
loop1
loop1
loop1
loop1
loop1
loop1
loop1
loop1
loop1
loop1
loop1
loop1
loop1
loop1
loop1
loop1
loop1
loop1
loop1
loop1
loop1
loop1
loop1
loop1
loop1
loop1
loop1
loop1
loop1
loop1
loop1
loop1
loop1
loop1
loop1
loop1
loop1
loop1
loop1
loop1
loop1
loop1
loop1
loop1
loop1
loop1
loop1
loop1
loop1
loop1
loop1
loop1
loop1
loop1
loop1
loop1
loop1
loop1
loop1
loop1
loop1
loop1
loop1
loop1
loop1
loop1
loop1
loop1
loop1
loop1
loop1
loop1
loop1
loop1
loop1
loop1
loop1
loop1
loop1
loop1
loop1
loop1
loop1
loop1
loop1
loop1
loop1
loop1
loop1
loop1
loop1
loop1
loop1
loop1
loop1
loop1
loop1
loop1
loop1
loop1
loop1
loop1
loop1
loop1
loop1
loop1
loop1
loop1
loop1
loop1
loop1
loop1
loop1
loop1
loop1
loop1
loop1
loop1
loop1
loop1
loop1
loop1
loop1
loop1
loop1
loop1
loop1
loop1
loop1
loop1
loop1
loop1
loop1
loop1
loop1
loop1
loop1
loop1
loop1
loop1
loop1
loop1
loop1
loop1
loop1
loop1
loop1
loop1
loop1
loop1
loop1
loop1
loop1
loop1
loop1
loop1
loop1
loop1
loop1
loop1
loop1
loop1
loop1
loop1
loop1
loop1
loop1
loop1
loop1
loop1
loop1
loop1
loop1
loop1
loop1
loop1
loop1
loop1
loop1
loop1
loop1
loop1
loop1
loop1
loop1
loop1
loop1
loop1
loop1
loop1
loop1
loop1
loop1
loop1
loop1
loop1
loop1
loop1
loop1
loop1
loop1
loop1
loop1
loop1
loop1
loop1
loop1
loop1
loop1
loop1
loop1
loop1
loop1
loop1
loop1
loop1
loop1
loop1
loop1
loop1
loop1
loop1
loop1
loop1
loop1
loop1
loop1
loop1
loop1
loop1
loop1
loop1
loop1
loop1
loop1
loop1
loop1
loop1
loop1
loop1
loop1
loop1
loop1
loop1
loop1
loop1
loop1
loop1
loop1
loop1
loop1
loop1
loop1
loop1
loop1
loop1
loop1
loop1
loop1
loop1
loop1
loop1
loop1
loop1
loop1
loop1
loop1
loop1
loop1
loop1
loop1
loop1
loop1
loop1
loop1
loop1
loop1
loop1
loop1
loop1
loop1
loop1
loop1
loop1
loop1
loop1
loop1
loop1
loop1
loop1
loop1
loop1
loop1
loop1
loop1
loop1
loop1
loop1
loop1
loop1
loop1
loop1
loop1
loop1
loop1
loop1
loop1
loop1
loop1
loop1
loop1
loop1
loop1
loop1
loop1
loop1
loop1
loop1
loop1
loop1
loop1
loop1
loop1
loop1
loop1
loop1
loop1
loop1
loop1
loop1
loop1
loop1
loop1
loop1
loop1
loop1
loop1
loop1
loop1
loop1
loop1
loop1
loop1
loop1
loop1
loop1
loop1
loop1
loop1
loop1
loop1
loop1
loop1
loop1
loop1
loop1
loop1
loop1
loop1
loop1
loop1
loop1
loop1
loop1
loop1
loop1
loop1
loop1
loop1
loop1
loop1
loop1
loop1
loop1
loop1
loop1
loop1
loop1
loop1
loop1
loop1
loop1
loop1
loop1
loop1
loop1
loop1
loop1
loop1
loop1
loop1
loop1
loop1
loop1
loop1
loop1
loop1
loop1
loop1
loop1
loop1
loop1
loop1
loop1
loop1
loop1
loop1
loop1
loop1
loop1
loop1
loop1
loop1
loop1
loop1
loop1
loop1
loop1
loop1
loop1
loop1
loop1
loop1
loop1
loop1
loop1
loop1
loop1
loop1
loop1
loop1
loop1
loop1
loop1
loop1
loop1
loop1
loop1
loop1
loop1
loop1
loop1
loop1
loop1
loop1
loop1
loop1
loop1
loop1
loop1
loop1
loop1
loop1
loop1
loop1
loop1
loop1
loop1
loop1
loop1
loop1
loop1
loop1
loop1
loop1
loop1
loop1
loop1
loop1
loop1
loop1
loop1
loop1
loop1
loop1
loop1
loop1
loop1
loop1
loop1
loop1
loop1
loop1
loop1
loop1
loop1
loop1
loop1
loop1
loop1
loop1
loop1
loop1
loop1
loop1
loop1
loop1
loop1
loop1
loop1
loop1
loop1
loop1
loop1
loop1
loop1
loop1
loop1
loop1
loop1
loop1
loop1
loop1
loop1
loop1
loop1
loop1
loop1
loop1
loop1
loop1
loop1
loop1
loop1
loop1
loop1
loop1
loop1
loop1
loop1
loop1
loop1
loop1
loop1
loop1
loop1
loop1
loop1
loop1
loop1
loop1
loop1
loop1
loop1
loop1
loop1
loop1
loop1
loop1
loop1
loop1
loop1
loop1
loop1
loop1
loop1
loop1
loop1
loop1
loop1
loop1
loop1
loop1
loop1
loop1
loop1
loop1
loop1
loop1
loop1
loop1
loop1
loop1
loop1
loop1
loop1
loop1
loop1
loop1
loop1
loop1
loop1
loop1
loop1
loop1
loop1
loop1
loop1
loop1
loop1
loop1
loop1
loop1
loop1
loop1
loop1
loop1
loop1
loop1
loop1
loop1
loop1
loop1
loop1
loop1
loop1
loop1
loop1
loop1
loop1
loop1
loop1
loop1
loop1
loop1
loop1
loop1
loop1
loop1
loop1
loop1
loop1
loop1
loop1
loop1
loop1
loop1
loop1
loop1
loop1
loop1
loop1
loop1
loop1
loop1
loop1
loop1
loop1
loop1
loop1
loop1
loop1
loop1
loop1
loop1
loop1
loop1
loop1
loop1
loop1
loop1
loop1
loop1
loop1
loop1
loop1
loop1
loop1
loop1
loop1
loop1
loop1
loop1
loop1
loop1
loop1
loop1
loop1
loop1
loop1
loop1
loop1
loop1
loop1
loop1
loop1
loop1
loop1
loop1
loop1
loop1
loop1
loop1
loop1
loop1
loop1
loop1
loop1
loop1
loop1
loop1
loop1
loop1
loop1
loop1
loop1
loop1
loop1
loop1
loop1
loop1
loop1
loop1
loop1
loop1
loop1
loop1
loop1
loop1
loop1
loop1
loop1
loop1
loop1
loop1
loop1
loop1
loop1
loop1
loop1
loop1
loop1
loop1
loop1
loop1
loop1
loop1
loop1
loop1
loop1
loop1
loop1
loop1
loop1
loop1
loop1
loop1
loop1
loop1
loop1
loop1
loop1
loop1
loop1
loop1
loop1
loop1
loop1
loop1
loop1
loop1
loop1
loop1
loop1
loop1
loop1
loop1
loop1
loop1
loop1
loop1
loop1
loop1
loop1
loop1
loop1
loop1
loop1
loop1
loop1
loop1
loop1
loop1
loop1
loop1
loop1
loop1
loop1
loop1
loop1
loop1
loop1
loop1
loop1
loop1
loop1
loop1
loop1
loop1
loop1
loop1
loop1
loop1
loop1
loop1
loop1
loop1
loop1
loop1
loop1
loop1
loop1
loop1
loop1
loop1
loop1
loop1
loop1
loop1
loop1
loop1
loop1
loop1
loop1
loop1
loop1
loop1
loop1
loop1
loop1
loop1
loop1
loop1
loop1
loop1
loop1
loop1
loop1
loop1
loop1
loop1
loop1
loop1
loop1
loop1
loop1
loop1
loop1
loop1
loop1
loop1
loop1
loop1
loop1
loop1
loop1
loop1
loop1
loop1
loop1
loop1
loop1
loop1
loop1
loop1
loop1
loop1
loop1
loop1
loop1
loop1
loop1
loop1
loop1
loop1
loop1
loop1
loop1
loop1
loop1
loop1
loop1
loop1
loop1
loop1
loop1
loop1
loop1
loop1
loop1
loop1
loop1
loop1
loop1
loop1
loop1
loop1
loop1
loop1
loop1
loop1
loop1
loop1
loop1
loop1
loop1
loop1
loop1
loop1
loop1
loop1
loop1
loop1
loop1
loop1
loop1
loop1
loop1
loop1
loop1
loop1
loop1
loop1
loop1
loop1
loop1
loop1
loop1
loop1
loop1
loop1
loop1
loop1
loop1
loop1
loop1
loop1
loop1
loop1
loop1
loop1
loop1
loop1
loop1
loop1
loop1
loop1
loop1
loop1
loop1
loop1
loop1
loop1
loop1
loop1
loop1
loop1
loop1
loop1
loop1
loop1
loop1
loop1
loop1
loop1
loop1
loop1
loop1
loop1
loop1
loop1
loop1
loop1
loop1
loop1
loop1
loop1
loop1
loop1
loop1
loop1
loop1
loop1
loop1
loop1
loop1
loop1
loop1
loop1
loop1
loop1
loop1
loop1
loop1
loop1
loop1
loop1
loop1
loop1
loop1
loop1
loop1
loop1
loop1
loop1
loop1
loop1
loop1
loop1
loop1
loop1
loop1
loop1
loop1
loop1
loop1
loop1
loop1
loop1
loop1
loop1
loop1
loop1
loop1
loop1
loop1
loop1
loop1
loop1
loop1
loop1
loop1
loop1
loop1
loop1
loop1
loop1
loop1
loop1
loop1
loop1
loop1
loop1
loop1
loop1
loop1
loop1
loop1
loop1
loop1
loop1
loop1
loop1
loop1
loop1
loop1
loop1
loop1
loop1
loop1
loop1
loop1
loop1
loop1
loop1
loop1
loop1
loop1
loop1
loop1
loop1
loop1
loop1
loop1
loop1
loop1
loop1
loop1
loop1
loop1
loop1
loop1
loop1
loop1
loop1
loop1
loop1
loop1
loop1
loop1
loop1
loop1
loop1
loop1
loop1
loop1
loop1
loop1
loop1
loop1
loop1
loop1
loop1
loop1
loop1
loop1
loop1
loop1
loop1
loop1
loop1
loop1
loop1
loop1
loop1
loop1
loop1
loop1
loop1
loop1
loop1
loop1
loop1
loop1
loop1
loop1
loop1
loop1
loop1
loop1
loop1
loop1
loop1
loop1
loop1
loop1
loop1
loop1
loop1
loop1
loop1
loop1
loop1
loop1
loop1
loop1
loop1
loop1
loop1
loop1
loop1
loop1
loop1
loop1
loop1
loop1
loop1
loop1
loop1
loop1
loop1
loop1
loop1
loop1
loop1
loop1
loop1
loop1
loop1
loop1
loop1
loop1
loop1
loop1
loop1
loop1
loop1
loop1
loop1
loop1
loop1
loop1
loop1
loop1
loop1
loop1
loop1
loop1
loop1
loop1
loop1
loop1
loop1
loop1
loop1
loop1
loop1
loop1
loop1
loop1
loop1
loop1
loop1
loop1
loop1
loop1
loop1
loop1
loop1
loop1
loop1
loop1
loop1
loop1
loop1
loop1
loop1
loop1
loop1
loop1
loop1
loop1
loop1
loop1
loop1
loop1
loop1
loop1
loop1
loop1
loop1
loop1
loop1
loop1
loop1
loop1
loop1
loop1
loop1
loop1
loop1
loop1
loop1
loop1
loop1
loop1
loop1
loop1
loop1
loop1
loop1
loop1
loop1
loop1
loop1
loop1
loop1
loop1
loop1
loop1
loop1
loop1
loop1
loop1
loop1
loop1
loop1
loop1
loop1
loop1
loop1
loop1
loop1
loop1
loop1
loop1
loop1
loop1
loop1
loop1
loop1
loop1
loop1
loop1
loop1
loop1
loop1
loop1
loop1
loop1
loop1
loop1
loop1
loop1
loop1
loop1
loop1
loop1
loop1
loop1
loop1
loop1
loop1
loop1
loop1
loop1
loop1
loop1
loop1
loop1
loop1
loop1
loop1
loop1
loop1
loop1
loop1
loop1
loop1
loop1
loop1
loop1
loop1
loop1
loop1
loop1
loop1
loop1
loop1
loop1
loop1
loop1
loop1
loop1
loop1
loop1
loop1
loop1
loop1
loop1
loop1
loop1
loop1
loop1
loop1
loop1
loop1
loop1
loop1
loop1
loop1
loop1
loop1
loop1
loop1
loop1
loop1
loop1
loop1
loop1
loop1
loop1
loop1
loop1
loop1
loop1
loop1
loop1
loop1
loop1
loop1
loop1
loop1
loop1
loop1
loop1
loop1
loop1
loop1
loop1
loop1
loop1
loop1
loop1
loop1
loop1
loop1
loop1
loop1
loop1
loop1
loop1
loop1
loop1
loop1
loop1
loop1
loop1
loop1
loop1
loop1
loop1
loop1
loop1
loop1
loop1
loop1
loop1
loop1
loop1
loop1
loop1
loop1
loop1
loop1
loop1
loop1
loop1
loop1
loop1
loop1
loop1
loop1
loop1
loop1
loop1
loop1
loop1
loop1
loop1
loop1
loop1
loop1
loop1
loop1
loop1
loop1
loop1
loop1
loop1
loop1
loop1
loop1
loop1
loop1
loop1
loop1
loop1
loop1
loop1
loop1
loop1
loop1
loop1
loop1
loop1
loop1
loop1
loop1
loop1
loop1
loop1
loop1
loop1
loop1
loop1
loop1
loop1
loop1
loop1
loop1
loop1
loop1
loop1
loop1
loop1
loop1
loop1
loop1
loop1
loop1
loop1
loop1
loop1
loop1
loop1
loop1
loop1
loop1
loop1
loop1
loop1
loop1
loop1
loop1
loop1
loop1
loop1
loop1
loop1
loop1
loop1
loop1
loop1
loop1
loop1
loop1
loop1
loop1
loop1
loop1
loop1
loop1
loop1
loop1
loop1
loop1
loop1
loop1
loop1
loop1
loop1
loop1
loop1
loop1
loop1
loop1
loop1
loop1
loop1
loop1
loop1
loop1
loop1
loop1
loop1
loop1
loop1
loop1
loop1
loop1
loop1
loop1
loop1
loop1
loop1
loop1
loop1
loop1
loop1
loop1
loop1
loop1
loop1
loop1
loop1
loop1
loop1
loop1
loop1
loop1
loop1
loop1
loop1
loop1
loop1
loop1
loop1
loop1
loop1
loop1
loop1
loop1
loop1
loop1
loop1
loop1
loop1
loop1
loop1
loop1
loop1
loop1
loop1
loop1
loop1
loop1
loop1
loop1
loop1
loop1
loop1
loop1
loop1
loop1
loop1
loop1
loop1
loop1
loop1
loop1
loop1
loop1
loop1
loop1
loop1
loop1
loop1
loop1
loop1
loop1
loop1
loop1
loop1
loop1
loop1
loop1
loop1
loop1
loop1
loop1
loop1
loop1
loop1
loop1
loop1
loop1
loop1
loop1
loop1
loop1
loop1
loop1
loop1
loop1
loop1
loop1
loop1
loop1
loop1
loop1
loop1
loop1
loop1
loop1
loop1
loop1
loop1
loop1
loop1
loop1
loop1
loop1
loop1
loop1
loop1
loop1
loop1
loop1
loop1
loop1
loop1
loop1
loop1
loop1
loop1
loop1
loop1
loop1
loop1
loop1
loop1
loop1
loop1
loop1
loop1
loop1
loop1
loop1
loop1
loop1
loop1
loop1
loop1
loop1
loop1
loop1
loop1
loop1
loop1
loop1
loop1
loop1
loop1
loop1
loop1
loop1
loop1
loop1
loop1
loop1
loop1
loop1
loop1
loop1
loop1
loop1
loop1
loop1
loop1
loop1
loop1
loop1
loop1
loop1
loop1
loop1
loop1
loop1
loop1
loop1
loop1
loop1
loop1
loop1
loop1
loop1
loop1
loop1
loop1
loop1
loop1
loop1
loop1
loop1
loop1
loop1
loop1
loop1
loop1
loop1
loop1
loop1
loop1
loop1
loop1
loop1
loop1
loop1
loop1
loop1
loop1
loop1
loop1
loop1
loop1
loop1
loop1
loop1
loop1
loop1
loop1
loop1
loop1
loop1
loop1
loop1
loop1
loop1
loop1
loop1
loop1
loop1
loop1
loop1
loop1
loop1
loop1
loop1
loop1
loop1
loop1
loop1
loop1
loop1
loop1
loop1
loop1
loop1
loop1
loop1
loop1
loop1
loop1
loop1
loop1
loop1
loop1
loop1
loop1
loop1
loop1
loop1
loop1
loop1
loop1
loop1
loop1
loop1
loop1
loop1
loop1
loop1
loop1
loop1
loop1
loop1
loop1
loop1
loop1
loop1
loop1
loop1
loop1
loop1
loop1
loop1
loop1
loop1
loop1
loop1
loop1
loop1
loop1
loop1
loop1
loop1
loop1
loop1
loop1
loop1
loop1
loop1
loop1
loop1
loop1
loop1
loop1
loop1
loop1
loop1
loop1
loop1
loop1
loop1
loop1
loop1
loop1
loop1
loop1
loop1
loop1
loop1
loop1
loop1
loop1
loop1
loop1
loop1
loop1
loop1
loop1
loop1
loop1
loop1
loop1
loop1
loop1
loop1
loop1
loop1
loop1
loop1
loop1
loop1
loop1
loop1
loop1
loop1
loop1
loop1
loop1
loop1
loop1
loop1
loop1
loop1
loop1
loop1
loop1
loop1
loop1
loop1
loop1
loop1
loop1
loop1
loop1
loop1
loop1
loop1
loop1
loop1
loop1
loop1
loop1
loop1
loop1
loop1
loop1
loop1
loop1
loop1
loop1
loop1
loop1
loop1
loop1
loop1
loop1
loop1
loop1
loop1
loop1
loop1
loop1
loop1
loop1
loop1
loop1
loop1
loop1
loop1
loop1
loop1
loop1
loop1
loop1
loop1
loop1
loop1
loop1
loop1
loop1
loop1
loop1
loop1
loop1
loop1
loop1
loop1
loop1
loop1
loop1
loop1
loop1
loop1
loop1
loop1
loop1
loop1
loop1
loop1
loop1
loop1
loop1
loop1
loop1
loop1
loop1
loop1
loop1
loop1
loop1
loop1
loop1
loop1
loop1
loop1
loop1
loop1
loop1
loop1
loop1
loop1
loop1
loop1
loop1
loop1
loop1
loop1
loop1
loop1
loop1
loop1
loop1
loop1
loop1
loop1
loop1
loop1
loop1
loop1
loop1
loop1
loop1
loop1
loop1
loop1
loop1
loop1
loop1
loop1
loop1
loop1
loop1
loop1
loop1
loop1
loop1
loop1
loop1
loop1
loop1
loop1
loop1
loop1
loop1
loop1
loop1
loop1
loop1
loop1
loop1
loop1
loop1
loop1
loop1
loop1
loop1
loop1
loop1
loop1
loop1
loop1
loop1
loop1
loop1
loop1
loop1
loop1
loop1
loop1
loop1
loop1
loop1
loop1
loop1
loop1
loop1
loop1
loop1
loop1
loop1
loop1
loop1
loop1
loop1
loop1
loop1
loop1
loop1
loop1
loop1
loop1
loop1
loop1
loop1
loop1
loop1
loop1
loop1
loop1
loop1
loop1
loop1
loop1
loop1
loop1
loop1
loop1
loop1
loop1
loop1
loop1
loop1
loop1
loop1
loop1
loop1
loop1
loop1
loop1
loop1
loop1
loop1
loop1
loop1
loop1
loop1
loop1
loop1
loop1
loop1
loop1
loop1
loop1
loop1
loop1
loop1
loop1
loop1
loop1
loop1
loop1
loop1
loop1
loop1
loop1
loop1
loop1
loop1
loop1
loop1
loop1
loop1
loop1
loop1
loop1
loop1
loop1
loop1
loop1
loop1
loop1
loop1
loop1
loop1
loop1
loop1
loop1
loop1
loop1
loop1
loop1
loop1
loop1
loop1
loop1
loop1
loop1
loop1
loop1
loop1
loop1
loop1
loop1
loop1
loop1
loop1
loop1
loop1
loop1
loop1
loop1
loop1
loop1
loop1
loop1
loop1
loop1
loop1
loop1
loop1
loop1
loop1
loop1
loop1
loop1
loop1
loop1
loop1
loop1
loop1
loop1
loop1
loop1
loop1
loop1
loop1
loop1
loop1
loop1
loop1
loop1
loop1
loop1
loop1
loop1
loop1
loop1
loop1
loop1
loop1
loop1
loop1
loop1
loop1
loop1
loop1
loop1
loop1
loop1
loop1
loop1
loop1
loop1
loop1
loop1
loop1
loop1
loop1
loop1
loop1
loop1
loop1
loop1
loop1
loop1
loop1
loop1
loop1
loop1
loop1
loop1
loop1
loop1
loop1
loop1
loop1
loop1
loop1
loop1
loop1
loop1
loop1
loop1
loop1
loop1
loop1
loop1
loop1
loop1
loop1
loop1
loop1
loop1
loop1
loop1
loop1
loop1
loop1
loop1
loop1
loop1
loop1
loop1
loop1
loop1
loop1
loop1
loop1
loop1
loop1
loop1
loop1
loop1
loop1
loop1
loop1
loop1
loop1
loop1
loop1
loop1
loop1
loop1
loop1
loop1
loop1
loop1
loop1
loop1
loop1
loop1
loop1
loop1
loop1
loop1
loop1
loop1
loop1
loop1
loop1
loop1
loop1
loop1
loop1
loop1
loop1
loop1
loop1
loop1
loop1
loop1
loop1
loop1
loop1
loop1
loop1
loop1
loop1
loop1
loop1
loop1
loop1
loop1
loop1
loop1
loop1
loop1
loop1
loop1
loop1
loop1
loop1
loop1
loop1
loop1
loop1
loop1
loop1
loop1
loop1
loop1
loop1
loop1
loop1
loop1
loop1
loop1
loop1
loop1
loop1
loop1
loop1
loop1
loop1
loop1
loop1
loop1
loop1
loop1
loop1
loop1
loop1
loop1
loop1
loop1
loop1
loop1
loop1
loop1
loop1
loop1
loop1
loop1
loop1
loop1
loop1
loop1
loop1
loop1
loop1
loop1
loop1
loop1
loop1
loop1
loop1
loop1
loop1
loop1
loop1
loop1
loop1
loop1
loop1
loop1
loop1
loop1
loop1
loop1
loop1
loop1
loop1
loop1
loop1
loop1
loop1
loop1
loop1
loop1
loop1
loop1
loop1
loop1
loop1
loop1
loop1
loop1
loop1
loop1
loop1
loop1
loop1
loop1
loop1
loop1
loop1
loop1
loop1
loop1
loop1
loop1
loop1
loop1
loop1
loop1
loop1
loop1
loop1
loop1
loop1
loop1
loop1
loop1
loop1
loop1
loop1
loop1
loop1
loop1
loop1
loop1
loop1
loop1
loop1
loop1
loop1
loop1
loop1
loop1
loop1
loop1
loop1
loop1
loop1
loop1
loop1
loop1
loop1
loop1
loop1
loop1
loop1
loop1
loop1
loop1
loop1
loop1
loop1
loop1
loop1
loop1
loop1
loop1
loop1
loop1
loop1
loop1
loop1
loop1
loop1
loop1
loop1
loop1
loop1
loop1
loop1
loop1
loop1
loop1
loop1
loop1
loop1
loop1
loop1
loop1
loop1
loop1
loop1
loop1
loop1
loop1
loop1
loop1
loop1
loop1
loop1
loop1
loop1
loop1
loop1
loop1
loop1
loop1
loop1
loop1
loop1
loop1
loop1
loop1
loop1
loop1
loop1
loop1
loop1
loop1
loop1
loop1
loop1
loop1
loop1
loop1
loop1
loop1
loop1
loop1
loop1
loop1
loop1
loop1
loop1
loop1
loop1
loop1
loop1
loop1
loop1
loop1
loop1
loop1
loop1
loop1
loop1
loop1
loop1
loop1
loop1
loop1
loop1
loop1
loop1
loop1
loop1
loop1
loop1
loop1
loop1
loop1
loop1
loop1
loop1
loop1
loop1
loop1
loop1
loop1
loop1
loop1
loop1
loop1
loop1
loop1
loop1
loop1
loop1
loop1
loop1
loop1
loop1
loop1
loop1
loop1
loop1
loop1
loop1
loop1
loop1
loop1
loop1
loop1
loop1
loop1
loop1
loop1
loop1
loop1
loop1
loop1
loop1
loop1
loop1
loop1
loop1
loop1
loop1
loop1
loop1
loop1
loop1
loop1
loop1
loop1
loop1
loop1
loop1
loop1
loop1
loop1
loop1
loop1
loop1
loop1
loop1
loop1
loop1
loop1
loop1
loop1
loop1
loop1
loop1
loop1
loop1
loop1
loop1
loop1
loop1
loop1
loop1
loop1
loop1
loop1
loop1
loop1
loop1
loop1
loop1
loop1
loop1
loop1
loop1
loop1
loop1
loop1
loop1
loop1
loop1
loop1
loop1
loop1
loop1
loop1
loop1
loop1
loop1
loop1
loop1
loop1
loop1
loop1
loop1
loop1
loop1
loop1
loop1
loop1
loop1
loop1
loop1
loop1
loop1
loop1
loop1
loop1
loop1
loop1
loop1
loop1
loop1
loop1
loop1
loop1
loop1
loop1
loop1
loop1
loop1
loop1
loop1
loop1
loop1
loop1
loop1
loop1
loop1
loop1
loop1
loop1
loop1
loop1
loop1
loop1
loop1
loop1
loop1
loop1
loop1
loop1
loop1
loop1
loop1
loop1
loop1
loop1
loop1
loop1
loop1
loop1
loop1
loop1
loop1
loop1
loop1
loop1
loop1
loop1
loop1
loop1
loop1
loop1
loop1
loop1
loop1
loop1
loop1
loop1
loop1
loop1
loop1
loop1
loop1
loop1
loop1
loop1
loop1
loop1
loop1
loop1
loop1
loop1
loop1
loop1
loop1
loop1
loop1
loop1
loop1
loop1
loop1
loop1
loop1
loop1
loop1
loop1
loop1
loop1
loop1
loop1
loop1
loop1
loop1
loop1
loop1
loop1
loop1
loop1
loop1
loop1
loop1
loop1
loop1
loop1
loop1
loop1
loop1
loop1
loop1
loop1
loop1
loop1
loop1
loop1
loop1
loop1
loop1
loop1
loop1
loop1
loop1
loop1
loop1
loop1
loop1
loop1
loop1
loop1
loop1
loop1
loop1
loop1
loop1
loop1
loop1
loop1
loop1
loop1
loop1
loop1
loop1
loop1
loop1
loop1
loop1
loop1
loop1
loop1
loop1
loop1
loop1
loop1
loop1
loop1
loop1
loop1
loop1
loop1
loop1
loop1
loop1
loop1
loop1
loop1
loop1
loop1
loop1
loop1
loop1
loop1
loop1
loop1
loop1
loop1
loop1
loop1
loop1
loop1
loop1
loop1
loop1
loop1
loop1
loop1
loop1
loop1
loop1
loop1
loop1
loop1
loop1
loop1
loop1
loop1
loop1
loop1
loop1
loop1
loop1
loop1
loop1
loop1
loop1
loop1
loop1
loop1
loop1
loop1
loop1
loop1
loop1
loop1
loop1
loop1
loop1
loop1
loop1
loop1
loop1
loop1
loop1
loop1
loop1
loop1
loop1
loop1
loop1
loop1
loop1
loop1
loop1
loop1
loop1
loop1
loop1
loop1
loop1
loop1
loop1
loop1
loop1
loop1
loop1
loop1
loop1
loop1
loop1
loop1
loop1
loop1
loop1
loop1
loop1
loop1
loop1
loop1
loop1
loop1
loop1
loop1
loop1
loop1
loop1
loop1
loop1
loop1
loop1
loop1
loop1
loop1
loop1
loop1
loop1
loop1
loop1
loop1
loop1
loop1
loop1
loop1
loop1
loop1
loop1
loop1
loop1
loop1
loop1
loop1
loop1
loop1
loop1
loop1
loop1
loop1
loop1
loop1
loop1
loop1
loop1
loop1
loop1
loop1
loop1
loop1
loop1
loop1
loop1
loop1
loop1
loop1
loop1
loop1
loop1
loop1
loop1
loop1
loop1
loop1
loop1
loop1
loop1
loop1
loop1
loop1
loop1
loop1
loop1
loop1
loop1
loop1
loop1
loop1
loop1
loop1
loop1
loop1
loop1
loop1
loop1
loop1
loop1
loop1
loop1
loop1
loop1
loop1
loop1
loop1
loop1
loop1
loop1
loop1
loop1
loop1
loop1
loop1
loop1
loop1
loop1
loop1
loop1
loop1
loop1
loop1
loop1
loop1
loop1
loop1
loop1
loop1
loop1
loop1
loop1
loop1
loop1
loop1
loop1
loop1
loop1
loop1
loop1
loop1
loop1
loop1
loop1
loop1
loop1
loop1
loop1
loop1
loop1
loop1
loop1
loop1
loop1
loop1
loop1
loop1
loop1
loop1
loop1
loop1
loop1
loop1
loop1
loop1
loop1
loop1
loop1
loop1
loop1
loop1
loop1
loop1
loop1
loop1
loop1
loop1
loop1
loop1
loop1
loop1
loop1
loop1
loop1
loop1
loop1
loop1
loop1
loop1
loop1
loop1
loop1
loop1
loop1
loop1
loop1
loop1
loop1
loop1
loop1
loop1
loop1
loop1
loop1
loop1
loop1
loop1
loop1
loop1
loop1
loop1
loop1
loop1
loop1
loop1
loop1
loop1
loop1
loop1
loop1
loop1
loop1
loop1
loop1
loop1
loop1
loop1
loop1
loop1
loop1
loop1
loop1
loop1
loop1
loop1
loop1
loop1
loop1
loop1
loop1
loop1
loop1
loop1
loop1
loop1
loop1
loop1
loop1
loop1
loop1
loop1
loop1
loop1
loop1
loop1
loop1
loop1
loop1
loop1
loop1
loop1
loop1
loop1
loop1
loop1
loop1
loop1
loop1
loop1
loop1
loop1
loop1
loop1
loop1
loop1
loop1
loop1
loop1
loop1
loop1
loop1
loop1
loop1
loop1
loop1
loop1
loop1
loop1
loop1
loop1
loop1
loop1
loop1
loop1
loop1
loop1
loop1
loop1
loop1
loop1
loop1
loop1
loop1
loop1
loop1
loop1
loop1
loop1
loop1
loop1
loop1
loop1
loop1
loop1
loop1
loop1
loop1
loop1
loop1
loop1
loop1
loop1
loop1
loop1
loop1
loop1
loop1
loop1
loop1
loop1
loop1
loop1
loop1
loop1
loop1
loop1
loop1
loop1
loop1
loop1
loop1
loop1
loop1
loop1
loop1
loop1
loop1
loop1
loop1
loop1
loop1
loop1
loop1
loop1
loop1
loop1
loop1
loop1
loop1
loop1
loop1
loop1
loop1
loop1
loop1
loop1
loop1
loop1
loop1
loop1
loop1
loop1
loop1
loop1
loop1
loop1
loop1
loop1
loop1
loop1
loop1
loop1
loop1
loop1
loop1
loop1
loop1
loop1
loop1
loop1
loop1
loop1
loop1
loop1
loop1
loop1
loop1
loop1
loop1
loop1
loop1
loop1
loop1
loop1
loop1
loop1
loop1
loop1
loop1
loop1
loop1
loop1
loop1
loop1
loop1
loop1
loop1
loop1
loop1
loop1
loop1
loop1
loop1
loop1
loop1
loop1
loop1
loop1
loop1
loop1
loop1
loop1
loop1
loop1
loop1
loop1
loop1
loop1
loop1
loop1
loop1
loop1
loop1
loop1
loop1
loop1
loop1
loop1
loop1
loop1
loop1
loop1
loop1
loop1
loop1
loop1
loop1
loop1
loop1
loop1
loop1
loop1
loop1
loop1
loop1
loop1
loop1
loop1
loop1
loop1
loop1
loop1
loop1
loop1
loop1
loop1
loop1
loop1
loop1
loop1
loop1
loop1
loop1
loop1
loop1
loop1
loop1
loop1
loop1
loop1
loop1
loop1
loop1
loop1
loop1
loop1
loop1
loop1
loop1
loop1
loop1
loop1
loop1
loop1
loop1
loop1
loop1
loop1
loop1
loop1
loop1
loop1
loop1
loop1
loop1
loop1
loop1
loop1
loop1
loop1
loop1
loop1
loop1
loop1
loop1
loop1
loop1
loop1
loop1
loop1
loop1
loop1
loop1
loop1
loop1
loop1
loop1
loop1
loop1
loop1
loop1
loop1
loop1
loop1
loop1
loop1
loop1
loop1
loop1
loop1
loop1
loop1
loop1
loop1
loop1
loop1
loop1
loop1
loop1
loop1
loop1
loop1
loop1
loop1
loop1
loop1
loop1
loop1
loop1
loop1
loop1
loop1
loop1
loop1
loop1
loop1
loop1
loop1
loop1
loop1
loop1
loop1
loop1
loop1
loop1
loop1
loop1
loop1
loop1
loop1
loop1
loop1
loop1
loop1
loop1
loop1
loop1
loop1
loop1
loop1
loop1
loop1
loop1
loop1
loop1
loop1
loop1
loop1
loop1
loop1
loop1
loop1
loop1
loop1
loop1
loop1
loop1
loop1
loop1
loop1
loop1
loop1
loop1
loop1
loop1
loop1
loop1
loop1
loop1
loop1
loop1
loop1
loop1
loop1
loop1
loop1
loop1
loop1
loop1
loop1
loop1
loop1
loop1
loop1
loop1
loop1
loop1
loop1
loop1
loop1
loop1
loop1
loop1
loop1
loop1
loop1
loop1
loop1
loop1
loop1
loop1
loop1
loop1
loop1
loop1
loop1
loop1
loop1
loop1
loop1
loop1
loop1
loop1
loop1
loop1
loop1
loop1
loop1
loop1
loop1
loop1
loop1
loop1
loop1
loop1
loop1
loop1
loop1
loop1
loop1
loop1
loop1
loop1
loop1
loop1
loop1
loop1
loop1
loop1
loop1
loop1
loop1
loop1
loop1
loop1
loop1
loop1
loop1
loop1
loop1
loop1
loop1
loop1
loop1
loop1
loop1
loop1
loop1
loop1
loop1
loop1
loop1
loop1
loop1
loop1
loop1
loop1
loop1
loop1
loop1
loop1
loop1
loop1
loop1
loop1
loop1
loop1
loop1
loop1
loop1
loop1
loop1
loop1
loop1
loop1
loop1
loop1
loop1
loop1
loop1
loop1
loop1
loop1
loop1
loop1
loop1
loop1
loop1
loop1
loop1
loop1
loop1
loop1
loop1
loop1
loop1
loop1
loop1
loop1
loop1
loop1
loop1
loop1
loop1
loop1
loop1
loop1
loop1
loop1
loop1
loop1
loop1
loop1
loop1
loop1
loop1
loop1
loop1
loop1
loop1
loop1
loop1
loop1
loop1
loop1
loop1
loop1
loop1
loop1
loop1
loop1
loop1
loop1
loop1
loop1
loop1
loop1
loop1
loop1
loop1
loop1
loop1
loop1
loop1
loop1
loop1
loop1
loop1
loop1
loop1
loop1
loop1
loop1
loop1
loop1
loop1
loop1
loop1
loop1
loop1
loop1
loop1
loop1
loop1
loop1
loop1
loop1
loop1
loop1
loop1
loop1
loop1
loop1
loop1
loop1
loop1
loop1
loop1
loop1
loop1
loop1
loop1
loop1
loop1
loop1
loop1
loop1
loop1
loop1
loop1
loop1
loop1
loop1
loop1
loop1
loop1
loop1
loop1
loop1
loop1
loop1
loop1
loop1
loop1
loop1
loop1
loop1
loop1
loop1
loop1
loop1
loop1
loop1
loop1
loop1
loop1
loop1
loop1
loop1
loop1
loop1
loop1
loop1
loop1
loop1
loop1
loop1
loop1
loop1
loop1
loop1
loop1
loop1
loop1
loop1
loop1
loop1
loop1
loop1
loop1
loop1
loop1
loop1
loop1
loop1
loop1
loop1
loop1
loop1
loop1
loop1
loop1
loop1
loop1
loop1
loop1
loop1
loop1
loop1
loop1
loop1
loop1
loop1
loop1
loop1
loop1
loop1
loop1
loop1
loop1
loop1
loop1
loop1
loop1
loop1
loop1
loop1
loop1
loop1
loop1
loop1
loop1
loop1
loop1
loop1
loop1
loop1
loop1
loop1
loop1
loop1
loop1
loop1
loop1
loop1
loop1
loop1
loop1
loop1
loop1
loop1
loop1
loop1
loop1
loop1
loop1
loop1
loop1
loop1
loop1
loop1
loop1
loop1
loop1
loop1
loop1
loop1
loop1
loop1
loop1
loop1
loop1
loop1
loop1
loop1
loop1
loop1
loop1
loop1
loop1
loop1
loop1
loop1
loop1
loop1
loop1
loop1
loop1
loop1
loop1
loop1
loop1
loop1
loop1
loop1
loop1
loop1
loop1
loop1
loop1
loop1
loop1
loop1
loop1
loop1
loop1
loop1
loop1
loop1
loop1
loop1
loop1
loop1
loop1
loop1
loop1
loop1
loop1
loop1
loop1
loop1
loop1
loop1
loop1
loop1
loop1
loop1
loop1
loop1
loop1
loop1
loop1
loop1
loop1
loop1
loop1
loop1
loop1
loop1
loop1
loop1
loop1
loop1
loop1
loop1
loop1
loop1
loop1
loop1
loop1
loop1
loop1
loop1
loop1
loop1
loop1
loop1
loop1
loop1
loop1
loop1
loop1
loop1
loop1
loop1
loop1
loop1
loop1
loop1
loop1
loop1
loop1
loop1
loop1
loop1
loop1
loop1
loop1
loop1
loop1
loop1
loop1
loop1
loop1
loop1
loop1
loop1
loop1
loop1
loop1
loop1
loop1
loop1
loop1
loop1
loop1
loop1
loop1
loop1
loop1
loop1
loop1
loop1
loop1
loop1
loop1
loop1
loop1
loop1
loop1
loop1
loop1
loop1
loop1
loop1
loop1
loop1
loop1
loop1
loop1
loop1
loop1
loop1
loop1
loop1
loop1
loop1
loop1
loop1
loop1
loop1
loop1
loop1
loop1
loop1
loop1
loop1
loop1
loop1
loop1
loop1
loop1
loop1
loop1
loop1
loop1
loop1
loop1
loop1
loop1
loop1
loop1
loop1
loop1
loop1
loop1
loop1
loop1
loop1
loop1
loop1
loop1
loop1
loop1
loop1
loop1
loop1
loop1
loop1
loop1
loop1
loop1
loop1
loop1
loop1
loop1
loop1
loop1
loop1
loop1
loop1
loop1
loop1
loop1
loop1
loop1
loop1
loop1
loop1
loop1
loop1
loop1
loop1
loop1
loop1
loop1
loop1
loop1
loop1
loop1
loop1
loop1
loop1
loop1
loop1
loop1
loop1
loop1
loop1
loop1
loop1
loop1
loop1
loop1
loop1
loop1
loop1
loop1
loop1
loop1
loop1
loop1
loop1
loop1
loop1
loop1
loop1
loop1
loop1
loop1
loop1
loop1
loop1
loop1
loop1
loop1
loop1
loop1
loop1
loop1
loop1
loop1
loop1
loop1
loop1
loop1
loop1
loop1
loop1
loop1
loop1
loop1
loop1
loop1
loop1
loop1
loop1
loop1
loop1
loop1
loop1
loop1
loop1
loop1
loop1
loop1
loop1
loop1
loop1
loop1
loop1
loop1
loop1
loop1
loop1
loop1
loop1
loop1
loop1
loop1
loop1
loop1
loop1
loop1
loop1
loop1
loop1
loop1
loop1
loop1
loop1
loop1
loop1
loop1
loop1
loop1
loop1
loop1
loop1
loop1
loop1
loop1
loop1
loop1
loop1
loop1
loop1
loop1
loop1
loop1
loop1
loop1
loop1
loop1
loop1
loop1
loop1
loop1
loop1
loop1
loop1
loop1
loop1
loop1
loop1
loop1
loop1
loop1
loop1
loop1
loop1
loop1
loop1
loop1
loop1
loop1
loop1
loop1
loop1
loop1
loop1
loop1
loop1
loop1
loop1
loop1
loop1
loop1
loop1
loop1
loop1
loop1
loop1
loop1
loop1
loop1
loop1
loop1
loop1
loop1
loop1
loop1
loop1
loop1
loop1
loop1
loop1
loop1
loop1
loop1
loop1
loop1
loop1
loop1
loop1
loop1
loop1
loop1
loop1
loop1
loop1
loop1
loop1
loop1
loop1
loop1
loop1
loop1
loop1
loop1
loop1
loop1
loop1
loop1
loop1
loop1
loop1
loop1
loop1
loop1
loop1
loop1
loop1
loop1
loop1
loop1
loop1
loop1
loop1
loop1
loop1
loop1
loop1
loop1
loop1
loop1
loop1
loop1
loop1
loop1
loop1
loop1
loop1
loop1
loop1
loop1
loop1
loop1
loop1
loop1
loop1
loop1
loop1
loop1
loop1
loop1
loop1
loop1
loop1
loop1
loop1
loop1
loop1
loop1
loop1
loop1
loop1
loop1
loop1
loop1
loop1
loop1
loop1
loop1
loop1
loop1
loop1
loop1
loop1
loop1
loop1
loop1
loop1
loop1
loop1
loop1
loop1
loop1
loop1
loop1
loop1
loop1
loop1
loop1
loop1
loop1
loop1
loop1
loop1
loop1
loop1
loop1
loop1
loop1
loop1
loop1
loop1
loop1
loop1
loop1
loop1
loop1
loop1
loop1
loop1
loop1
loop1
loop1
loop1
loop1
loop1
loop1
loop1
loop1
loop1
loop1
loop1
loop1
loop1
loop1
loop1
loop1
loop1
loop1
loop1
loop1
loop1
loop1
loop1
loop1
loop1
loop1
loop1
loop1
loop1
loop1
loop1
loop1
loop1
loop1
loop1
loop1
loop1
loop1
loop1
loop1
loop1
loop1
loop1
loop1
loop1
loop1
loop1
loop1
loop1
loop1
loop1
loop1
loop1
loop1
loop1
loop1
loop1
loop1
loop1
loop1
loop1
loop1
loop1
loop1
loop1
loop1
loop1
loop1
loop1
loop1
loop1
loop1
loop1
loop1
loop1
loop1
loop1
loop1
loop1
loop1
loop1
loop1
loop1
loop1
loop1
loop1
loop1
loop1
loop1
loop1
loop1
loop1
loop1
loop1
loop1
loop1
loop1
loop1
loop1
loop1
loop1
loop1
loop1
loop1
loop1
loop1
loop1
loop1
loop1
loop1
loop1
loop1
loop1
loop1
loop1
loop1
loop1
loop1
loop1
loop1
loop1
loop1
loop1
loop1
loop1
loop1
loop1
loop1
loop1
loop1
loop1
loop1
loop1
loop1
loop1
loop1
loop1
loop1
loop1
loop1
loop1
loop1
loop1
loop1
loop1
loop1
loop1
loop1
loop1
loop1
loop1
loop1
loop1
loop1
loop1
loop1
loop1
loop1
loop1
loop1
loop1
loop1
loop1
loop1
loop1
loop1
loop1
loop1
loop1
loop1
loop1
loop1
loop1
loop1
loop1
loop1
loop1
loop1
loop1
loop1
loop1
loop1
loop1
loop1
loop1
loop1
loop1
loop1
loop1
loop1
loop1
loop1
loop1
loop1
loop1
loop1
loop1
loop1
loop1
loop1
loop1
loop1
loop1
loop1
loop1
loop1
loop1
loop1
loop1
loop1
loop1
loop1
loop1
loop1
loop1
loop1
loop1
loop1
loop1
loop1
loop1
loop1
loop1
loop1
loop1
loop1
loop1
loop1
loop1
loop1
loop1
loop1
loop1
loop1
loop1
loop1
loop1
loop1
loop1
loop1
loop1
loop1
loop1
loop1
loop1
loop1
loop1
loop1
loop1
loop1
loop1
loop1
loop1
loop1
loop1
loop1
loop1
loop1
loop1
loop1
loop1
loop1
loop1
loop1
loop1
loop1
loop1
loop1
loop1
loop1
loop1
loop1
loop1
loop1
loop1
loop1
loop1
loop1
loop1
loop1
loop1
loop1
loop1
loop1
loop1
loop1
loop1
loop1
loop1
loop1
loop1
loop1
loop1
loop1
loop1
loop1
loop1
loop1
loop1
loop1
loop1
loop1
loop1
loop1
loop1
loop1
loop1
loop1
loop1
loop1
loop1
loop1
loop1
loop1
loop1
loop1
loop1
loop1
loop1
loop1
loop1
loop1
loop1
loop1
loop1
loop1
loop1
loop1
loop1
loop1
loop1
loop1
loop1
loop1
loop1
loop1
loop1
loop1
loop1
loop1
loop1
loop1
loop1
loop1
loop1
loop1
loop1
loop1
loop1
loop1
loop1
loop1
loop1
loop1
loop1
loop1
loop1
loop1
loop1
loop1
loop1
loop1
loop1
loop1
loop1
loop1
loop1
loop1
loop1
loop1
loop1
loop1
loop1
loop1
loop1
loop1
loop1
loop1
loop1
loop1
loop1
loop1
loop1
loop1
loop1
loop1
loop1
loop1
loop1
loop1
loop1
loop1
loop1
loop1
loop1
loop1
loop1
loop1
loop1
loop1
loop1
loop1
loop1
loop1
loop1
loop1
loop1
loop1
loop1
loop1
loop1
loop1
loop1
loop1
loop1
loop1
loop1
loop1
loop1
loop1
loop1
loop1
loop1
loop1
loop1
loop1
loop1
loop1
loop1
loop1
loop1
loop1
loop1
loop1
loop1
loop1
loop1
loop1
loop1
loop1
loop1
loop1
loop1
loop1
loop1
loop1
loop1
loop1
loop1
loop1
loop1
loop1
loop1
loop1
loop1
loop1
loop1
loop1
loop1
loop1
loop1
loop1
loop1
loop1
loop1
loop1
loop1
loop1
loop1
loop1
loop1
loop1
loop1
loop1
loop1
loop1
loop1
loop1
loop1
loop1
loop1
loop1
loop1
loop1
loop1
loop1
loop1
loop1
loop1
loop1
loop1
loop1
loop1
loop1
loop1
loop1
loop1
loop1
loop1
loop1
loop1
loop1
loop1
loop1
loop1
loop1
loop1
loop1
loop1
loop1
loop1
loop1
loop1
loop1
loop1
loop1
loop1
loop1
loop1
loop1
loop1
loop1
loop1
loop1
loop1
loop1
loop1
loop1
loop1
loop1
loop1
loop1
loop1
loop1
loop1
loop1
loop1
loop1
loop1
loop1
loop1
loop1
loop1
loop1
loop1
loop1
loop1
loop1
loop1
loop1
loop1
loop1
loop1
loop1
loop1
loop1
loop1
loop1
loop1
loop1
loop1
loop1
loop1
loop1
loop1
loop1
loop1
loop1
loop1
loop1
loop1
loop1
loop1
loop1
loop1
loop1
loop1
loop1
loop1
loop1
loop1
loop1
loop1
loop1
loop1
loop1
loop1
loop1
loop1
loop1
loop1
loop1
loop1
loop1
loop1
loop1
loop1
loop1
loop1
loop1
loop1
loop1
loop1
loop1
loop1
loop1
loop1
loop1
loop1
loop1
loop1
loop1
loop1
loop1
loop1
loop1
loop1
loop1
loop1
loop1
loop1
loop1
loop1
loop1
loop1
loop1
loop1
loop1
loop1
loop1
loop1
loop1
loop1
loop1
loop1
loop1
loop1
loop1
loop1
loop1
loop1
loop1
loop1
loop1
loop1
loop1
loop1
loop1
loop1
loop1
loop1
loop1
loop1
loop1
loop1
loop1
loop1
loop1
loop1
loop1
loop1
loop1
loop1
loop1
loop1
loop1
loop1
loop1
loop1
loop1
loop1
loop1
loop1
loop1
loop1
loop1
loop1
loop1
loop1
loop1
loop1
loop1
loop1
loop1
loop1
loop1
loop1
loop1
loop1
loop1
loop1
loop1
loop1
loop1
loop1
loop1
loop1
loop1
loop1
loop1
loop1
loop1
loop1
loop1
loop1
loop1
loop1
loop1
loop1
loop1
loop1
loop1
loop1
loop1
loop1
loop1
loop1
loop1
loop1
loop1
loop1
loop1
loop1
loop1
loop1
loop1
loop1
loop1
loop1
loop1
loop1
loop1
loop1
loop1
loop1
loop1
loop1
loop1
loop1
loop1
loop1
loop1
loop1
loop1
loop1
loop1
loop1
loop1
loop1
loop1
loop1
loop1
loop1
loop1
loop1
loop1
loop1
loop1
loop1
loop1
loop1
loop1
loop1
loop1
loop1
loop1
loop1
loop1
loop1
loop1
loop1
loop1
loop1
loop1
loop1
loop1
loop1
loop1
loop1
loop1
loop1
loop1
loop1
loop1
loop1
loop1
loop1
loop1
loop1
loop1
loop1
loop1
loop1
loop1
loop1
loop1
loop1
loop1
loop1
loop1
loop1
loop1
loop1
loop1
loop1
loop1
loop1
loop1
loop1
loop1
loop1
loop1
loop1
loop1
loop1
loop1
loop1
loop1
loop1
loop1
loop1
loop1
loop1
loop1
loop1
loop1
loop1
loop1
loop1
loop1
loop1
loop1
loop1
loop1
loop1
loop1
loop1
loop1
loop1
loop1
loop1
loop1
loop1
loop1
loop1
loop1
loop1
loop1
loop1
loop1
loop1
loop1
loop1
loop1
loop1
loop1
loop1
loop1
loop1
loop1
loop1
loop1
loop1
loop1
loop1
loop1
loop1
loop1
loop1
loop1
loop1
loop1
loop1
loop1
loop1
loop1
loop1
loop1
loop1
loop1
loop1
loop1
loop1
loop1
loop1
loop1
loop1
loop1
loop1
loop1
loop1
loop1
loop1
loop1
loop1
loop1
loop1
loop1
loop1
loop1
loop1
loop1
loop1
loop1
loop1
loop1
loop1
loop1
loop1
loop1
loop1
loop1
loop1
loop1
loop1
loop1
loop1
loop1
loop1
loop1
loop1
loop1
loop1
loop1
loop1
loop1
loop1
loop1
loop1
loop1
loop1
loop1
loop1
loop1
loop1
loop1
loop1
loop1
loop1
loop1
loop1
loop1
loop1
loop1
loop1
loop1
loop1
loop1
loop1
loop1
loop1
loop1
loop1
loop1
loop1
loop1
loop1
loop1
loop1
loop1
loop1
loop1
loop1
loop1
loop1
loop1
loop1
loop1
loop1
loop1
loop1
loop1
loop1
loop1
loop1
loop1
loop1
loop1
loop1
loop1
loop1
loop1
loop1
loop1
loop1
loop1
loop1
loop1
loop1
loop1
loop1
loop1
loop1
loop1
loop1
loop1
loop1
loop1
loop1
loop1
loop1
loop1
loop1
loop1
loop1
loop1
loop1
loop1
loop1
loop1
loop1
loop1
loop1
loop1
loop1
loop1
loop1
loop1
loop1
loop1
loop1
loop1
loop1
loop1
loop1
loop1
loop1
loop1
loop1
loop1
loop1
loop1
loop1
loop1
loop1
loop1
loop1
loop1
loop1
loop1
loop1
loop1
loop1
loop1
loop1
loop1
loop1
loop1
loop1
loop1
loop1
loop1
loop1
loop1
loop1
loop1
loop1
loop1
loop1
loop1
loop1
loop1
loop1
loop1
loop1
loop1
loop1
loop1
loop1
loop1
loop1
loop1
loop1
loop1
loop1
loop1
loop1
loop1
loop1
loop1
loop1
loop1
loop1
loop1
loop1
loop1
loop1
loop1
loop1
loop1
loop1
loop1
loop1
loop1
loop1
loop1
loop1
loop1
loop1
loop1
loop1
loop1
loop1
loop1
loop1
loop1
loop1
loop1
loop1
loop1
loop1
loop1
loop1
loop1
loop1
loop1
loop1
loop1
loop1
loop1
loop1
loop1
loop1
loop1
loop1
loop1
loop1
loop1
loop1
loop1
loop1
loop1
loop1
loop1
loop1
loop1
loop1
loop1
loop1
loop1
loop1
loop1
loop1
loop1
loop1
loop1
loop1
loop1
loop1
loop1
loop1
loop1
loop1
loop1
loop1
loop1
loop1
loop1
loop1
loop1
loop1
loop1
loop1
loop1
loop1
loop1
loop1
loop1
loop1
loop1
loop1
loop1
loop1
loop1
loop1
loop1
loop1
loop1
loop1
loop1
loop1
loop1
loop1
loop1
loop1
loop1
loop1
loop1
loop1
loop1
loop1
loop1
loop1
loop1
loop1
loop1
loop1
loop1
loop1
loop1
loop1
loop1
loop1
loop1
loop1
loop1
loop1
loop1
loop1
loop1
loop1
loop1
loop1
loop1
loop1
loop1
loop1
loop1
loop1
loop1
loop1
loop1
loop1
loop1
loop1
loop1
loop1
loop1
loop1
loop1
loop1
loop1
loop1
loop1
loop1
loop1
loop1
loop1
loop1
loop1
loop1
loop1
loop1
loop1
loop1
loop1
loop1
loop1
loop1
loop1
loop1
loop1
loop1
loop1
loop1
loop1
loop1
loop1
loop1
loop1
loop1
loop1
loop1
loop1
loop1
loop1
loop1
loop1
loop1
loop1
loop1
loop1
loop1
loop1
loop1
loop1
loop1
loop1
loop1
loop1
loop1
loop1
loop1
loop1
loop1
loop1
loop1
loop1
loop1
loop1
loop1
loop1
loop1
loop1
loop1
loop1
loop1
loop1
loop1
loop1
loop1
loop1
loop1
loop1
loop1
loop1
loop1
loop1
loop1
loop1
loop1
loop1
loop1
loop1
loop1
loop1
loop1
loop1
loop1
loop1
loop1
loop1
loop1
loop1
loop1
loop1
loop1
loop1
loop1
loop1
loop1
loop1
loop1
loop1
loop1
loop1
loop1
loop1
loop1
loop1
loop1
loop1
loop1
loop1
loop1
loop1
loop1
loop1
loop1
loop1
loop1
loop1
loop1
loop1
loop1
loop1
loop1
loop1
loop1
loop1
loop1
loop1
loop1
loop1
loop1
loop1
loop1
loop1
loop1
loop1
loop1
loop1
loop1
loop1
loop1
loop1
loop1
loop1
loop1
loop1
loop1
loop1
loop1
loop1
loop1
loop1
loop1
loop1
loop1
loop1
loop1
loop1
loop1
loop1
loop1
loop1
loop1
loop1
loop1
loop1
loop1
loop1
loop1
loop1
loop1
loop1
loop1
loop1
loop1
loop1
loop1
loop1
loop1
loop1
loop1
loop1
loop1
loop1
loop1
loop1
loop1
loop1
loop1
loop1
loop1
loop1
loop1
loop1
loop1
loop1
loop1
loop1
loop1
loop1
loop1
loop1
loop1
loop1
loop1
loop1
loop1
loop1
loop1
loop1
loop1
loop1
loop1
loop1
loop1
loop1
loop1
loop1
loop1
loop1
loop1
loop1
loop1
loop1
loop1
loop1
loop1
loop1
loop1
loop1
loop1
loop1
loop1
loop1
loop1
loop1
loop1
loop1
loop1
loop1
loop1
loop1
loop1
loop1
loop1
loop1
loop1
loop1
loop1
loop1
loop1
loop1
loop1
loop1
loop1
loop1
loop1
loop1
loop1
loop1
loop1
loop1
loop1
loop1
loop1
loop1
loop1
loop1
loop1
loop1
loop1
loop1
loop1
loop1
loop1
loop1
loop1
loop1
loop1
loop1
loop1
loop1
loop1
loop1
loop1
loop1
loop1
loop1
loop1
loop1
loop1
loop1
loop1
loop1
loop1
loop1
loop1
loop1
loop1
loop1
loop1
loop1
loop1
loop1
loop1
loop1
loop1
loop1
loop1
loop1
loop1
loop1
loop1
loop1
loop1
loop1
loop1
loop1
loop1
loop1
loop1
loop1
loop1
loop1
loop1
loop1
loop1
loop1
loop1
loop1
loop1
loop1
loop1
loop1
loop1
loop1
loop1
loop1
loop1
loop1
loop1
loop1
loop1
loop1
loop1
loop1
loop1
loop1
loop1
loop1
loop1
loop1
loop1
loop1
loop1
loop1
loop1
loop1
loop1
loop1
loop1
loop1
loop1
loop1
loop1
loop1
loop1
loop1
loop1
loop1
loop1
loop1
loop1
loop1
loop1
loop1
loop1
loop1
loop1
loop1
loop1
loop1
loop1
loop1
loop1
loop1
loop1
loop1
loop1
loop1
loop1
loop1
loop1
loop1
loop1
loop1
loop1
loop1
loop1
loop1
loop1
loop1
loop1
loop1
loop1
loop1
loop1
loop1
loop1
loop1
loop1
loop1
loop1
loop1
loop1
loop1
loop1
loop1
loop1
loop1
loop1
loop1
loop1
loop1
loop1
loop1
loop1
loop1
loop1
loop1
loop1
loop1
loop1
loop1
loop1
loop1
loop1
loop1
loop1
loop1
loop1
loop1
loop1
loop1
loop1
loop1
loop1
loop1
loop1
loop1
loop1
loop1
loop1
loop1
loop1
loop1
loop1
loop1
loop1
loop1
loop1
loop1
loop1
loop1
loop1
loop1
loop1
loop1
loop1
loop1
loop1
loop1
loop1
loop1
loop1
loop1
loop1
loop1
loop1
loop1
loop1
loop1
loop1
loop1
loop1
loop1
loop1
loop1
loop1
loop1
loop1
loop1
loop1
loop1
loop1
loop1
loop1
loop1
loop1
loop1
loop1
loop1
loop1
loop1
loop1
loop1
loop1
loop1
loop1
loop1
loop1
loop1
loop1
loop1
loop1
loop1
loop1
loop1
loop1
loop1
loop1
loop1
loop1
loop1
loop1
loop1
loop1
loop1
loop1
loop1
loop1
loop1
loop1
loop1
loop1
loop1
loop1
loop1
loop1
loop1
loop1
loop1
loop1
loop1
loop1
loop1
loop1
loop1
loop1
loop1
loop1
loop1
loop1
loop1
loop1
loop1
loop1
loop1
loop1
loop1
loop1
loop1
loop1
loop1
loop1
loop1
loop1
loop1
loop1
loop1
loop1
loop1
loop1
loop1
loop1
loop1
loop1
loop1
loop1
loop1
loop1
loop1
loop1
loop1
loop1
loop1
loop1
loop1
loop1
loop1
loop1
loop1
loop1
loop1
loop1
loop1
loop1
loop1
loop1
loop1
loop1
loop1
loop1
loop1
loop1
loop1
loop1
loop1
loop1
loop1
loop1
loop1
loop1
loop1
loop1
loop1
loop1
loop1
loop1
loop1
loop1
loop1
loop1
loop1
loop1
loop1
loop1
loop1
loop1
loop1
loop1
loop1
loop1
loop1
loop1
loop1
loop1
loop1
loop1
loop1
loop1
loop1
loop1
loop1
loop1
loop1
loop1
loop1
loop1
loop1
loop1
loop1
loop1
loop1
loop1
loop1
loop1
loop1
loop1
loop1
loop1
loop1
loop1
loop1
loop1
loop1
loop1
loop1
loop1
loop1
loop1
loop1
loop1
loop1
loop1
loop1
loop1
loop1
loop1
loop1
loop1
loop1
loop1
loop1
loop1
loop1
loop1
loop1
loop1
loop1
loop1
loop1
loop1
loop1
loop1
loop1
loop1
loop1
loop1
loop1
loop1
loop1
loop1
loop1
loop1
loop1
loop1
loop1
loop1
loop1
loop1
loop1
loop1
loop1
loop1
loop1
loop1
loop1
loop1
loop1
loop1
loop1
loop1
loop1
loop1
loop1
loop1
loop1
loop1
loop1
loop1
loop1
loop1
loop1
loop1
loop1
loop1
loop1
loop1
loop1
loop1
loop1
loop1
loop1
loop1
loop1
loop1
loop1
loop1
loop1
loop1
loop1
loop1
loop1
loop1
loop1
loop1
loop1
loop1
loop1
loop1
loop1
loop1
loop1
loop1
loop1
loop1
loop1
loop1
loop1
loop1
loop1
loop1
loop1
loop1
loop1
loop1
loop1
loop1
loop1
loop1
loop1
loop1
loop1
loop1
loop1
loop1
loop1
loop1
loop1
loop1
loop1
loop1
loop1
loop1
loop1
loop1
loop1
loop1
loop1
loop1
loop1
loop1
loop1
loop1
loop1
loop1
loop1
loop1
loop1
loop1
loop1
loop1
loop1
loop1
loop1
loop1
loop1
loop1
loop1
loop1
loop1
loop1
loop1
loop1
loop1
loop1
loop1
loop1
loop1
loop1
loop1
loop1
loop1
loop1
loop1
loop1
loop1
loop1
loop1
loop1
loop1
loop1
loop1
loop1
loop1
loop1
loop1
loop1
loop1
loop1
loop1
loop1
loop1
loop1
loop1
loop1
loop1
loop1
loop1
loop1
loop1
loop1
loop1
loop1
loop1
loop1
loop1
loop1
loop1
loop1
loop1
loop1
loop1
loop1
loop1
loop1
loop1
loop1
loop1
loop1
loop1
loop1
loop1
loop1
loop1
loop1
loop1
loop1
loop1
loop1
loop1
loop1
loop1
loop1
loop1
loop1
loop1
loop1
loop1
loop1
loop1
loop1
loop1
loop1
loop1
loop1
loop1
loop1
loop1
loop1
loop1
loop1
loop1
loop1
loop1
loop1
loop1
loop1
loop1
loop1
loop1
loop1
loop1
loop1
loop1
loop1
loop1
loop1
loop1
loop1
loop1
loop1
loop1
loop1
loop1
loop1
loop1
loop1
loop1
loop1
loop1
loop1
loop1
loop1
loop1
loop1
loop1
loop1
loop1
loop1
loop1
loop1
loop1
loop1
loop1
loop1
loop1
loop1
loop1
loop1
loop1
loop1
loop1
loop1
loop1
loop1
loop1
loop1
loop1
loop1
loop1
loop1
loop1
loop1
loop1
loop1
loop1
loop1
loop1
loop1
loop1
loop1
loop1
loop1
loop1
loop1
loop1
loop1
loop1
loop1
loop1
loop1
loop1
loop1
loop1
loop1
loop1
loop1
loop1
loop1
loop1
loop1
loop1
loop1
loop1
loop1
loop1
loop1
loop1
loop1
loop1
loop1
loop1
loop1
loop1
loop1
loop1
loop1
loop1
loop1
loop1
loop1
loop1
loop1
loop1
loop1
loop1
loop1
loop1
loop1
loop1
loop1
loop1
loop1
loop1
loop1
loop1
loop1
loop1
loop1
loop1
loop1
loop1
loop1
loop1
loop1
loop1
loop1
loop1
loop1
loop1
loop1
loop1
loop1
loop1
loop1
loop1
loop1
loop1
loop1
loop1
loop1
loop1
loop1
loop1
loop1
loop1
loop1
loop1
loop1
loop1
loop1
loop1
loop1
loop1
loop1
loop1
loop1
loop1
loop1
loop1
loop1
loop1
loop1
loop1
loop1
loop1
loop1
loop1
loop1
loop1
loop1
loop1
loop1
loop1
loop1
loop1
loop1
loop1
loop1
loop1
loop1
loop1
loop1
loop1
loop1
loop1
loop1
loop1
loop1
loop1
loop1
loop1
loop1
loop1
loop1
loop1
loop1
loop1
loop1
loop1
loop1
loop1
loop1
loop1
loop1
loop1
loop1
loop1
loop1
loop1
loop1
loop1
loop1
loop1
loop1
loop1
loop1
loop1
loop1
loop1
loop1
loop1
loop1
loop1
loop1
loop1
loop1
loop1
loop1
loop1
loop1
loop1
loop1
loop1
loop1
loop1
loop1
loop1
loop1
loop1
loop1
loop1
loop1
loop1
loop1
loop1
loop1
loop1
loop1
loop1
loop1
loop1
loop1
loop1
loop1
loop1
loop1
loop1
loop1
loop1
loop1
loop1
loop1
loop1
loop1
loop1
loop1
loop1
loop1
loop1
loop1
loop1
loop1
loop1
loop1
loop1
loop1
loop1
loop1
loop1
loop1
loop1
loop1
loop1
loop1
loop1
loop1
loop1
loop1
loop1
loop1
loop1
loop1
loop1
loop1
loop1
loop1
loop1
loop1
loop1
loop1
loop1
loop1
loop1
loop1
loop1
loop1
loop1
loop1
loop1
loop1
loop1
loop1
loop1
loop1
loop1
loop1
loop1
loop1
loop1
loop1
loop1
loop1
loop1
loop1
loop1
loop1
loop1
loop1
loop1
loop1
loop1
loop1
loop1
loop1
loop1
loop1
loop1
loop1
loop1
loop1
loop1
loop1
loop1
loop1
loop1
loop1
loop1
loop1
loop1
loop1
loop1
loop1
loop1
loop1
loop1
loop1
loop1
loop1
loop1
loop1
loop1
loop1
loop1
loop1
loop1
loop1
loop1
loop1
loop1
loop1
loop1
loop1
loop1
loop1
loop1
loop1
loop1
loop1
loop1
loop1
loop1
loop1
loop1
loop1
loop1
loop1
loop1
loop1
loop1
loop1
loop1
loop1
loop1
loop1
loop1
loop1
loop1
loop1
loop1
loop1
loop1
loop1
loop1
loop1
loop1
loop1
loop1
loop1
loop1
loop1
loop1
loop1
loop1
loop1
loop1
loop1
loop1
loop1
loop1
loop1
loop1
loop1
loop1
loop1
loop1
loop1
loop1
loop1
loop1
loop1
loop1
loop1
loop1
loop1
loop1
loop1
loop1
loop1
loop1
loop1
loop1
loop1
loop1
loop1
loop1
loop1
loop1
loop1
loop1
loop1
loop1
loop1
loop1
loop1
loop1
loop1
loop1
loop1
loop1
loop1
loop1
loop1
loop1
loop1
loop1
loop1
loop1
loop1
loop1
loop1
loop1
loop1
loop1
loop1
loop1
loop1
loop1
loop1
loop1
loop1
loop1
loop1
loop1
loop1
loop1
loop1
loop1
loop1
loop1
loop1
loop1
loop1
loop1
loop1
loop1
loop1
loop1
loop1
loop1
loop1
loop1
loop1
loop1
loop1
loop1
loop1
loop1
loop1
loop1
loop1
loop1
loop1
loop1
loop1
loop1
loop1
loop1
loop1
loop1
loop1
loop1
loop1
loop1
loop1
loop1
loop1
loop1
loop1
loop1
loop1
loop1
loop1
loop1
loop1
loop1
loop1
loop1
loop1
loop1
loop1
loop1
loop1
loop1
loop1
loop1
loop1
loop1
loop1
loop1
loop1
loop1
loop1
loop1
loop1
loop1
loop1
loop1
loop1
loop1
loop1
loop1
loop1
loop1
loop1
loop1
loop1
loop1
loop1
loop1
loop1
loop1
loop1
loop1
loop1
loop1
loop1
loop1
loop1
loop1
loop1
loop1
loop1
loop1
loop1
loop1
loop1
loop1
loop1
loop1
loop1
loop1
loop1
loop1
loop1
loop1
loop1
loop1
loop1
loop1
loop1
loop1
loop1
loop1
loop1
loop1
loop1
loop1
loop1
loop1
loop1
loop1
loop1
loop1
loop1
loop1
loop1
loop1
loop1
loop1
loop1
loop1
loop1
loop1
loop1
loop1
loop1
loop1
loop1
loop1
loop1
loop1
loop1
loop1
loop1
loop1
loop1
loop1
loop1
loop1
loop1
loop1
loop1
loop1
loop1
loop1
loop1
loop1
loop1
loop1
loop1
loop1
loop1
loop1
loop1
loop1
loop1
loop1
loop1
loop1
loop1
loop1
loop1
loop1
loop1
loop1
loop1
loop1
loop1
loop1
loop1
loop1
loop1
loop1
loop1
loop1
loop1
loop1
loop1
loop1
loop1
loop1
loop1
loop1
loop1
loop1
loop1
loop1
loop1
loop1
loop1
loop1
loop1
loop1
loop1
loop1
loop1
loop1
loop1
loop1
loop1
loop1
loop1
loop1
loop1
loop1
loop1
loop1
loop1
loop1
loop1
loop1
loop1
loop1
loop1
loop1
loop1
loop1
loop1
loop1
loop1
loop1
loop1
loop1
loop1
loop1
loop1
loop1
loop1
loop1
loop1
loop1
loop1
loop1
loop1
loop1
loop1
loop1
loop1
loop1
loop1
loop1
loop1
loop1
loop1
loop1
loop1
loop1
loop1
loop1
loop1
loop1
loop1
loop1
loop1
loop1
loop1
loop1
loop1
loop1
loop1
loop1
loop1
loop1
loop1
loop1
loop1
loop1
loop1
loop1
loop1
loop1
loop1
loop1
loop1
loop1
loop1
loop1
loop1
loop1
loop1
loop1
loop1
loop1
loop1
loop1
loop1
loop1
loop1
loop1
loop1
loop1
loop1
loop1
loop1
loop1
loop1
loop1
loop1
loop1
loop1
loop1
loop1
loop1
loop1
loop1
loop1
loop1
loop1
loop1
loop1
loop1
loop1
loop1
loop1
loop1
loop1
loop1
loop1
loop1
loop1
loop1
loop1
loop1
loop1
loop1
loop1
loop1
loop1
loop1
loop1
loop1
loop1
loop1
loop1
loop1
loop1
loop1
loop1
loop1
loop1
loop1
loop1
loop1
loop1
loop1
loop1
loop1
loop1
loop1
loop1
loop1
loop1
loop1
loop1
loop1
loop1
loop1
loop1
loop1
loop1
loop1
loop1
loop1
loop1
loop1
loop1
loop1
loop1
loop1
loop1
loop1
loop1
loop1
loop1
loop1
loop1
loop1
loop1
loop1
loop1
loop1
loop1
loop1
loop1
loop1
loop1
loop1
loop1
loop1
loop1
loop1
loop1
loop1
loop1
loop1
loop1
loop1
loop1
loop1
loop1
loop1
loop1
loop1
loop1
loop1
loop1
loop1
loop1
loop1
loop1
loop1
loop1
loop1
loop1
loop1
loop1
loop1
loop1
loop1
loop1
loop1
loop1
loop1
loop1
loop1
loop1
loop1
loop1
loop1
loop1
loop1
loop1
loop1
loop1
loop1
loop1
loop1
loop1
loop1
loop1
loop1
loop1
loop1
loop1
loop1
loop1
loop1
loop1
loop1
loop1
loop1
loop1
loop1
loop1
loop1
loop1
loop1
loop1
loop1
loop1
loop1
loop1
loop1
loop1
loop1
loop1
loop1
loop1
loop1
loop1
loop1
loop1
loop1
loop1
loop1
loop1
loop1
loop1
loop1
loop1
loop1
loop1
loop1
loop1
loop1
loop1
loop1
loop1
loop1
loop1
loop1
loop1
loop1
loop1
loop1
loop1
loop1
loop1
loop1
loop1
loop1
loop1
loop1
loop1
loop1
loop1
loop1
loop1
loop1
loop1
loop1
loop1
loop1
loop1
loop1
loop1
loop1
loop1
loop1
loop1
loop1
loop1
loop1
loop1
loop1
loop1
loop1
loop1
loop1
loop1
loop1
loop1
loop1
loop1
loop1
loop1
loop1
loop1
loop1
loop1
loop1
loop1
loop1
loop1
loop1
loop1
loop1
loop1
loop1
loop1
loop1
loop1
loop1
loop1
loop1
loop1
loop1
loop1
loop1
loop1
loop1
loop1
loop1
loop1
loop1
loop1
loop1
loop1
loop1
loop1
loop1
loop1
loop1
loop1
loop1
loop1
loop1
loop1
loop1
loop1
loop1
loop1
loop1
loop1
loop1
loop1
loop1
loop1
loop1
loop1
loop1
loop1
loop1
loop1
loop1
loop1
loop1
loop1
loop1
loop1
loop1
loop1
loop1
loop1
loop1
loop1
loop1
loop1
loop1
loop1
loop1
loop1
loop1
loop1
loop1
loop1
loop1
loop1
loop1
loop1
loop1
loop1
loop1
loop1
loop1
loop1
loop1
loop1
loop1
loop1
loop1
loop1
loop1
loop1
loop1
loop1
loop1
loop1
loop1
loop1
loop1
loop1
loop1
loop1
loop1
loop1
loop1
loop1
loop1
loop1
loop1
loop1
loop1
loop1
loop1
loop1
loop1
loop1
loop1
loop1
loop1
loop1
loop1
loop1
loop1
loop1
loop1
loop1
loop1
loop1
loop1
loop1
loop1
loop1
loop1
loop1
loop1
loop1
loop1
loop1
loop1
loop1
loop1
loop1
loop1
loop1
loop1
loop1
loop1
loop1
loop1
loop1
loop1
loop1
loop1
loop1
loop1
loop1
loop1
loop1
loop1
loop1
loop1
loop1
loop1
loop1
loop1
loop1
loop1
loop1
loop1
loop1
loop1
loop1
loop1
loop1
loop1
loop1
loop1
loop1
loop1
loop1
loop1
loop1
loop1
loop1
loop1
loop1
loop1
loop1
loop1
loop1
loop1
loop1
loop1
loop1
loop1
loop1
loop1
loop1
loop1
loop1
loop1
loop1
loop1
loop1
loop1
loop1
loop1
loop1
loop1
loop1
loop1
loop1
loop1
loop1
loop1
loop1
loop1
loop1
loop1
loop1
loop1
loop1
loop1
loop1
loop1
loop1
loop1
loop1
loop1
loop1
loop1
loop1
loop1
loop1
loop1
loop1
loop1
loop1
loop1
loop1
loop1
loop1
loop1
loop1
loop1
loop1
loop1
loop1
loop1
loop1
loop1
loop1
loop1
loop1
loop1
loop1
loop1
loop1
loop1
loop1
loop1
loop1
loop1
loop1
loop1
loop1
loop1
loop1
loop1
loop1
loop1
loop1
loop1
loop1
loop1
loop1
loop1
loop1
loop1
loop1
loop1
loop1
loop1
loop1
loop1
loop1
loop1
loop1
loop1
loop1
loop1
loop1
loop1
loop1
loop1
loop1
loop1
loop1
loop1
loop1
loop1
loop1
loop1
loop1
loop1
loop1
loop1
loop1
loop1
loop1
loop1
loop1
loop1
loop1
loop1
loop1
loop1
loop1
loop1
loop1
loop1
loop1
loop1
loop1
loop1
loop1
loop1
loop1
loop1
loop1
loop1
loop1
loop1
loop1
loop1
loop1
loop1
loop1
loop1
loop1
loop1
loop1
loop1
loop1
loop1
loop1
loop1
loop1
loop1
loop1
loop1
loop1
loop1
loop1
loop1
loop1
loop1
loop1
loop1
loop1
loop1
loop1
loop1
loop1
loop1
loop1
loop1
loop1
loop1
loop1
loop1
loop1
loop1
loop1
loop1
loop1
loop1
loop1
loop1
loop1
loop1
loop1
loop1
loop1
loop1
loop1
loop1
loop1
loop1
loop1
loop1
loop1
loop1
loop1
loop1
loop1
loop1
loop1
loop1
loop1
loop1
loop1
loop1
loop1
loop1
loop1
loop1
loop1
loop1
loop1
loop1
loop1
loop1
loop1
loop1
loop1
loop1
loop1
loop1
loop1
loop1
loop1
loop1
loop1
loop1
loop1
loop1
loop1
loop1
loop1
loop1
loop1
loop1
loop1
loop1
loop1
loop1
loop1
loop1
loop1
loop1
loop1
loop1
loop1
loop1
loop1
loop1
loop1
loop1
loop1
loop1
loop1
loop1
loop1
loop1
loop1
loop1
loop1
loop1
loop1
loop1
loop1
loop1
loop1
loop1
loop1
loop1
loop1
loop1
loop1
loop1
loop1
loop1
loop1
loop1
loop1
loop1
loop1
loop1
loop1
loop1
loop1
loop1
loop1
loop1
loop1
loop1
loop1
loop1
loop1
loop1
loop1
loop1
loop1
loop1
loop1
loop1
loop1
loop1
loop1
loop1
loop1
loop1
loop1
loop1
loop1
loop1
loop1
loop1
loop1
loop1
loop1
loop1
loop1
loop1
loop1
loop1
loop1
loop1
loop1
loop1
loop1
loop1
loop1
loop1
loop1
loop1
loop1
loop1
loop1
loop1
loop1
loop1
loop1
loop1
loop1
loop1
loop1
loop1
loop1
loop1
loop1
loop1
loop1
loop1
loop1
loop1
loop1
loop1
loop1
loop1
loop1
loop1
loop1
loop1
loop1
loop1
loop1
loop1
loop1
loop1
loop1
loop1
loop1
loop1
loop1
loop1
loop1
loop1
loop1
loop1
loop1
loop1
loop1
loop1
loop1
loop1
loop1
loop1
loop1
loop1
loop1
loop1
loop1
loop1
loop1
loop1
loop1
loop1
loop1
loop1
loop1
loop1
loop1
loop1
loop1
loop1
loop1
loop1
loop1
loop1
loop1
loop1
loop1
loop1
loop1
loop1
loop1
loop1
loop1
loop1
loop1
loop1
loop1
loop1
loop1
loop1
loop1
loop1
loop1
loop1
loop1
loop1
loop1
loop1
loop1
loop1
loop1
loop1
loop1
loop1
loop1
loop1
loop1
loop1
loop1
loop1
loop1
loop1
loop1
loop1
loop1
loop1
loop1
loop1
loop1
loop1
loop1
loop1
loop1
loop1
loop1
loop1
loop1
loop1
loop1
loop1
loop1
loop1
loop1
loop1
loop1
loop1
loop1
loop1
loop1
loop1
loop1
loop1
loop1
loop1
loop1
loop1
loop1
loop1
loop1
loop1
loop1
loop1
loop1
loop1
loop1
loop1
loop1
loop1
loop1
loop1
loop1
loop1
loop1
loop1
loop1
loop1
loop1
loop1
loop1
loop1
loop1
loop1
loop1
loop1
loop1
loop1
loop1
loop1
loop1
loop1
loop1
loop1
loop1
loop1
loop1
loop1
loop1
loop1
loop1
loop1
loop1
loop1
loop1
loop1
loop1
loop1
loop1
loop1
loop1
loop1
loop1
loop1
loop1
loop1
loop1
loop1
loop1
loop1
loop1
loop1
loop1
loop1
loop1
loop1
loop1
loop1
loop1
loop1
loop1
loop1
loop1
loop1
loop1
loop1
loop1
loop1
loop1
loop1
loop1
loop1
loop1
loop1
loop1
loop1
loop1
loop1
loop1
loop1
loop1
loop1
loop1
loop1
loop1
loop1
loop1
loop1
loop1
loop1
loop1
loop1
loop1
loop1
loop1
loop1
loop1
loop1
loop1
loop1
loop1
loop1
loop1
loop1
loop1
loop1
loop1
loop1
loop1
loop1
loop1
loop1
loop1
loop1
loop1
loop1
loop1
loop1
loop1
loop1
loop1
loop1
loop1
loop1
loop1
loop1
loop1
loop1
loop1
loop1
loop1
loop1
loop1
loop1
loop1
loop1
loop1
loop1
loop1
loop1
loop1
loop1
loop1
loop1
loop1
loop1
loop1
loop1
loop1
loop1
loop1
loop1
loop1
loop1
loop1
loop1
loop1
loop1
loop1
loop1
loop1
loop1
loop1
loop1
loop1
loop1
loop1
loop1
loop1
loop1
loop1
loop1
loop1
loop1
loop1
loop1
loop1
loop1
loop1
loop1
loop1
loop1
loop1
loop1
loop1
loop1
loop1
loop1
loop1
loop1
loop1
loop1
loop1
loop1
loop1
loop1
loop1
loop1
loop1
loop1
loop1
loop1
loop1
loop1
loop1
loop1
loop1
loop1
loop1
loop1
loop1
loop1
loop1
loop1
loop1
loop1
loop1
loop1
loop1
loop1
loop1
loop1
loop1
loop1
loop1
loop1
loop1
loop1
loop1
loop1
loop1
loop1
loop1
loop1
loop1
loop1
loop1
loop1
loop1
loop1
loop1
loop1
loop1
loop1
loop1
loop1
loop1
loop1
loop1
loop1
loop1
loop1
loop1
loop1
loop1
loop1
loop1
loop1
loop1
loop1
loop1
loop1
loop1
loop1
loop1
loop1
loop1
loop1
loop1
loop1
loop1
loop1
loop1
loop1
loop1
loop1
loop1
loop1
loop1
loop1
loop1
loop1
loop1
loop1
loop1
loop1
loop1
loop1
loop1
loop1
loop1
loop1
loop1
loop1
loop1
loop1
loop1
loop1
loop1
loop1
loop1
loop1
loop1
loop1
loop1
loop1
loop1
loop1
loop1
loop1
loop1
loop1
loop1
loop1
loop1
loop1
loop1
loop1
loop1
loop1
loop1
loop1
loop1
loop1
loop1
loop1
loop1
loop1
loop1
loop1
loop1
loop1
loop1
loop1
loop1
loop1
loop1
loop1
loop1
loop1
loop1
loop1
loop1
loop1
loop1
loop1
loop1
loop1
loop1
loop1
loop1
loop1
loop1
loop1
loop1
loop1
loop1
loop1
loop1
loop1
loop1
loop1
loop1
loop1
loop1
loop1
loop1
loop1
loop1
loop1
loop1
loop1
loop1
loop1
loop1
loop1
loop1
loop1
loop1
loop1
loop1
loop1
loop1
loop1
loop1
loop1
loop1
loop1
loop1
loop1
loop1
loop1
loop1
loop1
loop1
loop1
loop1
loop1
loop1
loop1
loop1
loop1
loop1
loop1
loop1
loop1
loop1
loop1
loop1
loop1
loop1
loop1
loop1
loop1
loop1
loop1
loop1
loop1
loop1
loop1
loop1
loop1
loop1
loop1
loop1
loop1
loop1
loop1
loop1
loop1
loop1
loop1
loop1
loop1
loop1
loop1
loop1
loop1
loop1
loop1
loop1
loop1
loop1
loop1
loop1
loop1
loop1
loop1
loop1
loop1
loop1
loop1
loop1
loop1
loop1
loop1
loop1
loop1
loop1
loop1
loop1
loop1
loop1
loop1
loop1
loop1
loop1
loop1
loop1
loop1
loop1
loop1
loop1
loop1
loop1
loop1
loop1
loop1
loop1
loop1
loop1
loop1
loop1
loop1
loop1
loop1
loop1
loop1
loop1
loop1
loop1
loop1
loop1
loop1
loop1
loop1
loop1
loop1
loop1
loop1
loop1
loop1
loop1
loop1
loop1
loop1
loop1
loop1
loop1
loop1
loop1
loop1
loop1
loop1
loop1
loop1
loop1
loop1
loop1
loop1
loop1
loop1
loop1
loop1
loop1
loop1
loop1
loop1
loop1
loop1
loop1
loop1
loop1
loop1
loop1
loop1
loop1
loop1
loop1
loop1
loop1
loop1
loop1
loop1
loop1
loop1
loop1
loop1
loop1
loop1
loop1
loop1
loop1
loop1
loop1
loop1
loop1
loop1
loop1
loop1
loop1
loop1
loop1
loop1
loop1
loop1
loop1
loop1
loop1
loop1
loop1
loop1
loop1
loop1
loop1
loop1
loop1
loop1
loop1
loop1
loop1
loop1
loop1
loop1
loop1
loop1
loop1
loop1
loop1
loop1
loop1
loop1
loop1
loop1
loop1
loop1
loop1
loop1
loop1
loop1
loop1
loop1
loop1
loop1
loop1
loop1
loop1
loop1
loop1
loop1
loop1
loop1
loop1
loop1
loop1
loop1
loop1
loop1
loop1
loop1
loop1
loop1
loop1
loop1
loop1
loop1
loop1
loop1
loop1
loop1
loop1
loop1
loop1
loop1
loop1
loop1
loop1
loop1
loop1
loop1
loop1
loop1
loop1
loop1
loop1
loop1
loop1
loop1
loop1
loop1
loop1
loop1
loop1
loop1
loop1
loop1
loop1
loop1
loop1
loop1
loop1
loop1
loop1
loop1
loop1
loop1
loop1
loop1
loop1
loop1
loop1
loop1
loop1
loop1
loop1
loop1
loop1
loop1
loop1
loop1
loop1
loop1
loop1
loop1
loop1
loop1
loop1
loop1
loop1
loop1
loop1
loop1
loop1
loop1
loop1
loop1
loop1
loop1
loop1
loop1
loop1
loop1
loop1
loop1
loop1
loop1
loop1
loop1
loop1
loop1
loop1
loop1
loop1
loop1
loop1
loop1
loop1
loop1
loop1
loop1
loop1
loop1
loop1
loop1
loop1
loop1
loop1
loop1
loop1
loop1
loop1
loop1
loop1
loop1
loop1
loop1
loop1
loop1
loop1
loop1
loop1
loop1
loop1
loop1
loop1
loop1
loop1
loop1
loop1
loop1
loop1
loop1
loop1
loop1
loop1
loop1
loop1
loop1
loop1
loop1
loop1
loop1
loop1
loop1
loop1
loop1
loop1
loop1
loop1
loop1
loop1
loop1
loop1
loop1
loop1
loop1
loop1
loop1
loop1
loop1
loop1
loop1
loop1
loop1
loop1
loop1
loop1
loop1
loop1
loop1
loop1
loop1
loop1
loop1
loop1
loop1
loop1
loop1
loop1
loop1
loop1
loop1
loop1
loop1
loop1
loop1
loop1
loop1
loop1
loop1
loop1
loop1
loop1
loop1
loop1
loop1
loop1
loop1
loop1
loop1
loop1
loop1
loop1
loop1
loop1
loop1
loop1
loop1
loop1
loop1
loop1
loop1
loop1
loop1
loop1
loop1
loop1
loop1
loop1
loop1
loop1
loop1
loop1
loop1
loop1
loop1
loop1
loop1
loop1
loop1
loop1
loop1
loop1
loop1
loop1
loop1
loop1
loop1
loop1
loop1
loop1
loop1
loop1
loop1
loop1
loop1
loop1
loop1
loop1
loop1
loop1
loop1
loop1
loop1
loop1
loop1
loop1
loop1
loop1
loop1
loop1
loop1
loop1
loop1
loop1
loop1
loop1
loop1
loop1
loop1
loop1
loop1
loop1
loop1
loop1
loop1
loop1
loop1
loop1
loop1
loop1
loop1
loop1
loop1
loop1
loop1
loop1
loop1
loop1
loop1
loop1
loop1
loop1
loop1
loop1
loop1
loop1
loop1
loop1
loop1
loop1
loop1
loop1
loop1
loop1
loop1
loop1
loop1
loop1
loop1
loop1
loop1
loop1
loop1
loop1
loop1
loop1
loop1
loop1
loop1
loop1
loop1
loop1
loop1
loop1
loop1
loop1
loop1
loop1
loop1
loop1
loop1
loop1
loop1
loop1
loop1
loop1
loop1
loop1
loop1
loop1
loop1
loop1
loop1
loop1
loop1
loop1
loop1
loop1
loop1
loop1
loop1
loop1
loop1
loop1
loop1
loop1
loop1
loop1
loop1
loop1
loop1
loop1
loop1
loop1
loop1
loop1
loop1
loop1
loop1
loop1
loop1
loop1
loop1
loop1
loop1
loop1
loop1
loop1
loop1
loop1
loop1
loop1
loop1
loop1
loop1
loop1
loop1
loop1
loop1
loop1
loop1
loop1
loop1
loop1
loop1
loop1
loop1
loop1
loop1
loop1
loop1
loop1
loop1
loop1
loop1
loop1
loop1
loop1
loop1
loop1
loop1
loop1
loop1
loop1
loop1
loop1
loop1
loop1
loop1
loop1
loop1
loop1
loop1
loop1
loop1
loop1
loop1
loop1
loop1
loop1
loop1
loop1
loop1
loop1
loop1
loop1
loop1
loop1
loop1
loop1
loop1
loop1
loop1
loop1
loop1
loop1
loop1
loop1
loop1
loop1
loop1
loop1
loop1
loop1
loop1
loop1
loop1
loop1
loop1
loop1
loop1
loop1
loop1
loop1
loop1
loop1
loop1
loop1
loop1
loop1
loop1
loop1
loop1
loop1
loop1
loop1
loop1
loop1
loop1
loop1
loop1
loop1
loop1
loop1
loop1
loop1
loop1
loop1
loop1
loop1
loop1
loop1
loop1
loop1
loop1
loop1
loop1
loop1
loop1
loop1
loop1
loop1
loop1
loop1
loop1
loop1
loop1
loop1
loop1
loop1
loop1
loop1
loop1
loop1
loop1
loop1
loop1
loop1
loop1
loop1
loop1
loop1
loop1
loop1
loop1
loop1
loop1
loop1
loop1
loop1
loop1
loop1
loop1
loop1
loop1
loop1
loop1
loop1
loop1
loop1
loop1
loop1
loop1
loop1
loop1
loop1
loop1
loop1
loop1
loop1
loop1
loop1
loop1
loop1
loop1
loop1
loop1
loop1
loop1
loop1
loop1
loop1
loop1
loop1
loop1
loop1
loop1
loop1
loop1
loop1
loop1
loop1
loop1
loop1
loop1
loop1
loop1
loop1
loop1
loop1
loop1
loop1
loop1
loop1
loop1
loop1
loop1
loop1
loop1
loop1
loop1
loop1
loop1
loop1
loop1
loop1
loop1
loop1
loop1
loop1
loop1
loop1
loop1
loop1
loop1
loop1
loop1
loop1
loop1
loop1
loop1
loop1
loop1
loop1
loop1
loop1
loop1
loop1
loop1
loop1
loop1
loop1
loop1
loop1
loop1
loop1
loop1
loop1
loop1
loop1
loop1
loop1
loop1
loop1
loop1
loop1
loop1
loop1
loop1
loop1
loop1
loop1
loop1
loop1
loop1
loop1
loop1
loop1
loop1
loop1
loop1
loop1
loop1
loop1
loop1
loop1
loop1
loop1
loop1
loop1
loop1
loop1
loop1
loop1
loop1
loop1
loop1
loop1
loop1
loop1
loop1
loop1
loop1
loop1
loop1
loop1
loop1
loop1
loop1
loop1
loop1
loop1
loop1
loop1
loop1
loop1
loop1
loop1
loop1
loop1
loop1
loop1
loop1
loop1
loop1
loop1
loop1
loop1
loop1
loop1
loop1
loop1
loop1
loop1
loop1
loop1
loop1
loop1
loop1
loop1
loop1
loop1
loop1
loop1
loop1
loop1
loop1
loop1
loop1
loop1
loop1
loop1
loop1
loop1
loop1
loop1
loop1
loop1
loop1
loop1
loop1
loop1
loop1
loop1
loop1
loop1
loop1
loop1
loop1
loop1
loop1
loop1
loop1
loop1
loop1
loop1
loop1
loop1
loop1
loop1
loop1
loop1
loop1
loop1
loop1
loop1
loop1
loop1
loop1
loop1
loop1
loop1
loop1
loop1
loop1
loop1
loop1
loop1
loop1
loop1
loop1
loop1
loop1
loop1
loop1
loop1
loop1
loop1
loop1
loop1
loop1
loop1
loop1
loop1
loop1
loop1
loop1
loop1
loop1
loop1
loop1
loop1
loop1
loop1
loop1
loop1
loop1
loop1
loop1
loop1
loop1
loop1
loop1
loop1
loop1
loop1
loop1
loop1
loop1
loop1
loop1
loop1
loop1
loop1
loop1
loop1
loop1
loop1
loop1
loop1
loop1
loop1
loop1
loop1
loop1
loop1
loop1
loop1
loop1
loop1
loop1
loop1
loop1
loop1
loop1
loop1
loop1
loop1
loop1
loop1
loop1
loop1
loop1
loop1
loop1
loop1
loop1
loop1
loop1
loop1
loop1
loop1
loop1
loop1
loop1
loop1
loop1
loop1
loop1
loop1
loop1
loop1
loop1
loop1
loop1
loop1
loop1
loop1
loop1
loop1
loop1
loop1
loop1
loop1
loop1
loop1
loop1
loop1
loop1
loop1
loop1
loop1
loop1
loop1
loop1
loop1
loop1
loop1
loop1
loop1
loop1
loop1
loop1
loop1
loop1
loop1
loop1
loop1
loop1
loop1
loop1
loop1
loop1
loop1
loop1
loop1
loop1
loop1
loop1
loop1
loop1
loop1
loop1
loop1
loop1
loop1
loop1
loop1
loop1
loop1
loop1
loop1
loop1
loop1
loop1
loop1
loop1
loop1
loop1
loop1
loop1
loop1
loop1
loop1
loop1
loop1
loop1
loop1
loop1
loop1
loop1
loop1
loop1
loop1
loop1
loop1
loop1
loop1
loop1
loop1
loop1
loop1
loop1
loop1
loop1
loop1
loop1
loop1
loop1
loop1
loop1
loop1
loop1
loop1
loop1
loop1
loop1
loop1
loop1
loop1
loop1
loop1
loop1
loop1
loop1
loop1
loop1
loop1
loop1
loop1
loop1
loop1
loop1
loop1
loop1
loop1
loop1
loop1
loop1
loop1
loop1
loop1
loop1
loop1
loop1
loop1
loop1
loop1
loop1
loop1
loop1
loop1
loop1
loop1
loop1
loop1
loop1
loop1
loop1
loop1
loop1
loop1
loop1
loop1
loop1
loop1
loop1
loop1
loop1
loop1
loop1
loop1
loop1
loop1
loop1
loop1
loop1
loop1
loop1
loop1
loop1
loop1
loop1
loop1
loop1
loop1
loop1
loop1
loop1
loop1
loop1
loop1
loop1
loop1
loop1
loop1
loop1
loop1
loop1
loop1
loop1
loop1
loop1
loop1
loop1
loop1
loop1
loop1
loop1
loop1
loop1
loop1
loop1
loop1
loop1
loop1
loop1
loop1
loop1
loop1
loop1
loop1
loop1
loop1
loop1
loop1
loop1
loop1
loop1
loop1
loop1
loop1
loop1
loop1
loop1
loop1
loop1
loop1
loop1
loop1
loop1
loop1
loop1
loop1
loop1
loop1
loop1
loop1
loop1
loop1
loop1
loop1
loop1
loop1
loop1
loop1
loop1
loop1
loop1
loop1
loop1
loop1
loop1
loop1
loop1
loop1
loop1
loop1
loop1
loop1
loop1
loop1
loop1
loop1
loop1
loop1
loop1
loop1
loop1
loop1
loop1
loop1
loop1
loop1
loop1
loop1
loop1
loop1
loop1
loop1
loop1
loop1
loop1
loop1
loop1
loop1
loop1
loop1
loop1
loop1
loop1
loop1
loop1
loop1
loop1
loop1
loop1
loop1
loop1
loop1
loop1
loop1
loop1
loop1
loop1
loop1
loop1
loop1
loop1
loop1
loop1
loop1
loop1
loop1
loop1
loop1
loop1
loop1
loop1
loop1
loop1
loop1
loop1
loop1
loop1
loop1
loop1
loop1
loop1
loop1
loop1
loop1
loop1
loop1
loop1
loop1
loop1
loop1
loop1
loop1
loop1
loop1
loop1
loop1
loop1
loop1
loop1
loop1
loop1
loop1
loop1
loop1
loop1
loop1
loop1
loop1
loop1
loop1
loop1
loop1
loop1
loop1
loop1
loop1
loop1
loop1
loop1
loop1
loop1
loop1
loop1
loop1
loop1
loop1
loop1
loop1
loop1
loop1
loop1
loop1
loop1
loop1
loop1
loop1
loop1
loop1
loop1
loop1
loop1
loop1
loop1
loop1
loop1
loop1
loop1
loop1
loop1
loop1
loop1
loop1
loop1
loop1
loop1
loop1
loop1
loop1
loop1
loop1
loop1
loop1
loop1
loop1
loop1
loop1
loop1
loop1
loop1
loop1
loop1
loop1
loop1
loop1
loop1
loop1
loop1
loop1
loop1
loop1
loop1
loop1
loop1
loop1
loop1
loop1
loop1
loop1
loop1
loop1
loop1
loop1
loop1
loop1
loop1
loop1
loop1
loop1
loop1
loop1
loop1
loop1
loop1
loop1
loop1
loop1
loop1
loop1
loop1
loop1
loop1
loop1
loop1
loop1
loop1
loop1
loop1
loop1
loop1
loop1
loop1
loop1
loop1
loop1
loop1
loop1
loop1
loop1
loop1
loop1
loop1
loop1
loop1
loop1
loop1
loop1
loop1
loop1
loop1
loop1
loop1
loop1
loop1
loop1
loop1
loop1
loop1
loop1
loop1
loop1
loop1
loop1
loop1
loop1
loop1
loop1
loop1
loop1
loop1
loop1
loop1
loop1
loop1
loop1
loop1
loop1
loop1
loop1
loop1
loop1
loop1
loop1
loop1
loop1
loop1
loop1
loop1
loop1
loop1
loop1
loop1
loop1
loop1
loop1
loop1
loop1
loop1
loop1
loop1
loop1
loop1
loop1
loop1
loop1
loop1
loop1
loop1
loop1
loop1
loop1
loop1
loop1
loop1
loop1
loop1
loop1
loop1
loop1
loop1
loop1
loop1
loop1
loop1
loop1
loop1
loop1
loop1
loop1
loop1
loop1
loop1
loop1
loop1
loop1
loop1
loop1
loop1
loop1
loop1
loop1
loop1
loop1
loop1
loop1
loop1
loop1
loop1
loop1
loop1
loop1
loop1
loop1
loop1
loop1
loop1
loop1
loop1
loop1
loop1
loop1
loop1
loop1
loop1
loop1
loop1
loop1
loop1
loop1
loop1
loop1
loop1
loop1
loop1
loop1
loop1
loop1
loop1
loop1
loop1
loop1
loop1
loop1
loop1
loop1
loop1
loop1
loop1
loop1
loop1
loop1
loop1
loop1
loop1
loop1
loop1
loop1
loop1
loop1
loop1
loop1
loop1
loop1
loop1
loop1
loop1
loop1
loop1
loop1
loop1
loop1
loop1
loop1
loop1
loop1
loop1
loop1
loop1
loop1
loop1
loop1
loop1
loop1
loop1
loop1
loop1
loop1
loop1
loop1
loop1
loop1
loop1
loop1
loop1
loop1
loop1
loop1
loop1
loop1
loop1
loop1
loop1
loop1
loop1
loop1
loop1
loop1
loop1
loop1
loop1
loop1
loop1
loop1
loop1
loop1
loop1
loop1
loop1
loop1
loop1
loop1
loop1
loop1
loop1
loop1
loop1
loop1
loop1
loop1
loop1
loop1
loop1
loop1
loop1
loop1
loop1
loop1
loop1
loop1
loop1
loop1
loop1
loop1
loop1
loop1
loop1
loop1
loop1
loop1
loop1
loop1
loop1
loop1
loop1
loop1
loop1
loop1
loop1
loop1
loop1
loop1
loop1
loop1
loop1
loop1
loop1
loop1
loop1
loop1
loop1
loop1
loop1
loop1
loop1
loop1
loop1
loop1
loop1
loop1
loop1
loop1
loop1
loop1
loop1
loop1
loop1
loop1
loop1
loop1
loop1
loop1
loop1
loop1
loop1
loop1
loop1
loop1
loop1
loop1
loop1
loop1
loop1
loop1
loop1
loop1
loop1
loop1
loop1
loop1
loop1
loop1
loop1
loop1
loop1
loop1
loop1
loop1
loop1
loop1
loop1
loop1
loop1
loop1
loop1
loop1
loop1
loop1
loop1
loop1
loop1
loop1
loop1
loop1
loop1
loop1
loop1
loop1
loop1
loop1
loop1
loop1
loop1
loop1
loop1
loop1
loop1
loop1
loop1
loop1
loop1
loop1
loop1
loop1
loop1
loop1
loop1
loop1
loop1
loop1
loop1
loop1
loop1
loop1
loop1
loop1
loop1
loop1
loop1
loop1
loop1
loop1
loop1
loop1
loop1
loop1
loop1
loop1
loop1
loop1
loop1
loop1
loop1
loop1
loop1
loop1
loop1
loop1
loop1
loop1
loop1
loop1
loop1
loop1
loop1
loop1
loop1
loop1
loop1
loop1
loop1
loop1
loop1
loop1
loop1
loop1
loop1
loop1
loop1
loop1
loop1
loop1
loop1
loop1
loop1
loop1
loop1
loop1
loop1
loop1
loop1
loop1
loop1
loop1
loop1
loop1
loop1
loop1
loop1
loop1
loop1
loop1
loop1
loop1
loop1
loop1
loop1
loop1
loop1
loop1
loop1
loop1
loop1
loop1
loop1
loop1
loop1
loop1
loop1
loop1
loop1
loop1
loop1
loop1
loop1
loop1
loop1
loop1
loop1
loop1
loop1
loop1
loop1
loop1
loop1
loop1
loop1
loop1
loop1
loop1
loop1
loop1
loop1
loop1
loop1
loop1
loop1
loop1
loop1
loop1
loop1
loop1
loop1
loop1
loop1
loop1
loop1
loop1
loop1
loop1
loop1
loop1
loop1
loop1
loop1
loop1
loop1
loop1
loop1
loop1
loop1
loop1
loop1
loop1
loop1
loop1
loop1
loop1
loop1
loop1
loop1
loop1
loop1
loop1
loop1
loop1
loop1
loop1
loop1
loop1
loop1
loop1
loop1
loop1
loop1
loop1
loop1
loop1
loop1
loop1
loop1
loop1
loop1
loop1
loop1
loop1
loop1
loop1
loop1
loop1
loop1
loop1
loop1
loop1
loop1
loop1
loop1
loop1
loop1
loop1
loop1
loop1
loop1
loop1
loop1
loop1
loop1
loop1
loop1
loop1
loop1
loop1
loop1
loop1
loop1
loop1
loop1
loop1
loop1
loop1
loop1
loop1
loop1
loop1
loop1
loop1
loop1
loop1
loop1
loop1
loop1
loop1
loop1
loop1
loop1
loop1
loop1
loop1
loop1
loop1
loop1
loop1
loop1
loop1
loop1
loop1
loop1
loop1
loop1
loop1
loop1
loop1
loop1
loop1
loop1
loop1
loop1
loop1
loop1
loop1
loop1
loop1
loop1
loop1
loop1
loop1
loop1
loop1
loop1
loop1
loop1
loop1
loop1
loop1
loop1
loop1
loop1
loop1
loop1
loop1
loop1
loop1
loop1
loop1
loop1
loop1
loop1
loop1
loop1
loop1
loop1
loop1
loop1
loop1
loop1
loop1
loop1
loop1
loop1
loop1
loop1
loop1
loop1
loop1
loop1
loop1
loop1
loop1
loop1
loop1
loop1
loop1
loop1
loop1
loop1
loop1
loop1
loop1
loop1
loop1
loop1
loop1
loop1
loop1
loop1
loop1
loop1
loop1
loop1
loop1
loop1
loop1
loop1
loop1
loop1
loop1
loop1
loop1
loop1
loop1
loop1
loop1
loop1
loop1
loop1
loop1
loop1
loop1
loop1
loop1
loop1
loop1
loop1
loop1
loop1
loop1
loop1
loop1
loop1
loop1
loop1
loop1
loop1
loop1
loop1
loop1
loop1
loop1
loop1
loop1
loop1
loop1
loop1
loop1
loop1
loop1
loop1
loop1
loop1
loop1
loop1
loop1
loop1
loop1
loop1
loop1
loop1
loop1
loop1
loop1
loop1
loop1
loop1
loop1
loop1
loop1
loop1
loop1
loop1
loop1
loop1
loop1
loop1
loop1
loop1
loop1
loop1
loop1
loop1
loop1
loop1
loop1
loop1
loop1
loop1
loop1
loop1
loop1
loop1
loop1
loop1
loop1
loop1
loop1
loop1
loop1
loop1
loop1
loop1
loop1
loop1
loop1
loop1
loop1
loop1
loop1
loop1
loop1
loop1
loop1
loop1
loop1
loop1
loop1
loop1
loop1
loop1
loop1
loop1
loop1
loop1
loop1
loop1
loop1
loop1
loop1
loop1
loop1
loop1
loop1
loop1
loop1
loop1
loop1
loop1
loop1
loop1
loop1
loop1
loop1
loop1
loop1
loop1
loop1
loop1
loop1
loop1
loop1
loop1
loop1
loop1
loop1
loop1
loop1
loop1
loop1
loop1
loop1
loop1
loop1
loop1
loop1
loop1
loop1
loop1
loop1
loop1
loop1
loop1
loop1
loop1
loop1
loop1
loop1
loop1
loop1
loop1
loop1
loop1
loop1
loop1
loop1
loop1
loop1
loop1
loop1
loop1
loop1
loop1
loop1
loop1
loop1
loop1
loop1
loop1
loop1
loop1
loop1
loop1
loop1
loop1
loop1
loop1
loop1
loop1
loop1
loop1
loop1
loop1
loop1
loop1
loop1
loop1
loop1
loop1
loop1
loop1
loop1
loop1
loop1
loop1
loop1
loop1
loop1
loop1
loop1
loop1
loop1
loop1
loop1
loop1
loop1
loop1
loop1
loop1
loop1
loop1
loop1
loop1
loop1
loop1
loop1
loop1
loop1
loop1
loop1
loop1
loop1
loop1
loop1
loop1
loop1
loop1
loop1
loop1
loop1
loop1
loop1
loop1
loop1
loop1
loop1
loop1
loop1
loop1
loop1
loop1
loop1
loop1
loop1
loop1
loop1
loop1
loop1
loop1
loop1
loop1
loop1
loop1
loop1
loop1
loop1
loop1
loop1
loop1
loop1
loop1
loop1
loop1
loop1
loop1
loop1
loop1
loop1
loop1
loop1
loop1
loop1
loop1
loop1
loop1
loop1
loop1
loop1
loop1
loop1
loop1
loop1
loop1
loop1
loop1
loop1
loop1
loop1
loop1
loop1
loop1
loop1
loop1
loop1
loop1
loop1
loop1
loop1
loop1
loop1
loop1
loop1
loop1
loop1
loop1
loop1
loop1
loop1
loop1
loop1
loop1
loop1
loop1
loop1
loop1
loop1
loop1
loop1
loop1
loop1
loop1
loop1
loop1
loop1
loop1
loop1
loop1
loop1
loop1
loop1
loop1
loop1
loop1
loop1
loop1
loop1
loop1
loop1
loop1
loop1
loop1
loop1
loop1
loop1
loop1
loop1
loop1
loop1
loop1
loop1
loop1
loop1
loop1
loop1
loop1
loop1
loop1
loop1
loop1
loop1
loop1
loop1
loop1
loop1
loop1
loop1
loop1
loop1
loop1
loop1
loop1
loop1
loop1
loop1
loop1
loop1
loop1
loop1
loop1
loop1
loop1
loop1
loop1
loop1
loop1
loop1
loop1
loop1
loop1
loop1
loop1
loop1
loop1
loop1
loop1
loop1
loop1
loop1
loop1
loop1
loop1
loop1
loop1
loop1
loop1
loop1
loop1
loop1
loop1
loop1
loop1
loop1
loop1
loop1
loop1
loop1
loop1
loop1
loop1
loop1
loop1
loop1
loop1
loop1
loop1
loop1
loop1
loop1
loop1
loop1
loop1
loop1
loop1
loop1
loop1
loop1
loop1
loop1
loop1
loop1
loop1
loop1
loop1
loop1
loop1
loop1
loop1
loop1
loop1
loop1
loop1
loop1
loop1
loop1
loop1
loop1
loop1
loop1
loop1
loop1
loop1
loop1
loop1
loop1
loop1
loop1
loop1
loop1
loop1
loop1
loop1
loop1
loop1
loop1
loop1
loop1
loop1
loop1
loop1
loop1
loop1
loop1
loop1
loop1
loop1
loop1
loop1
loop1
loop1
loop1
loop1
loop1
loop1
loop1
loop1
loop1
loop1
loop1
loop1
loop1
loop1
loop1
loop1
loop1
loop1
loop1
loop1
loop1
loop1
loop1
loop1
loop1
loop1
loop1
loop1
loop1
loop1
loop1
loop1
loop1
loop1
loop1
loop1
loop1
loop1
loop1
loop1
loop1
loop1
loop1
loop1
loop1
loop1
loop1
loop1
loop1
loop1
loop1
loop1
loop1
loop1
loop1
loop1
loop1
loop1
loop1
loop1
loop1
loop1
loop1
loop1
loop1
loop1
loop1
loop1
loop1
loop1
loop1
loop1
loop1
loop1
loop1
loop1
loop1
loop1
loop1
loop1
loop1
loop1
loop1
loop1
loop1
loop1
loop1
loop1
loop1
loop1
loop1
loop1
loop1
loop1
loop1
loop1
loop1
loop1
loop1
loop1
loop1
loop1
loop1
loop1
loop1
loop1
loop1
loop1
loop1
loop1
loop1
loop1
loop1
loop1
loop1
loop1
loop1
loop1
loop1
loop1
loop1
loop1
loop1
loop1
loop1
loop1
loop1
loop1
loop1
loop1
loop1
loop1
loop1
loop1
loop1
loop1
loop1
loop1
loop1
loop1
loop1
loop1
loop1
loop1
loop1
loop1
loop1
loop1
loop1
loop1
loop1
loop1
loop1
loop1
loop1
loop1
loop1
loop1
loop1
loop1
loop1
loop1
loop1
loop1
loop1
loop1
loop1
loop1
loop1
loop1
loop1
loop1
loop1
loop1
loop1
loop1
loop1
loop1
loop1
loop1
loop1
loop1
loop1
loop1
loop1
loop1
loop1
loop1
loop1
loop1
loop1
loop1
loop1
loop1
loop1
loop1
loop1
loop1
loop1
loop1
loop1
loop1
loop1
loop1
loop1
loop1
loop1
loop1
loop1
loop1
loop1
loop1
loop1
loop1
loop1
loop1
loop1
loop1
loop1
loop1
loop1
loop1
loop1
loop1
loop1
loop1
loop1
loop1
loop1
loop1
loop1
loop1
loop1
loop1
loop1
loop1
loop1
loop1
loop1
loop1
loop1
loop1
loop1
loop1
loop1
loop1
loop1
loop1
loop1
loop1
loop1
loop1
loop1
loop1
loop1
loop1
loop1
loop1
loop1
loop1
loop1
loop1
loop1
loop1
loop1
loop1
loop1
loop1
loop1
loop1
loop1
loop1
loop1
loop1
loop1
loop1
loop1
loop1
loop1
loop1
loop1
loop1
loop1
loop1
loop1
loop1
loop1
loop1
loop1
loop1
loop1
loop1
loop1
loop1
loop1
loop1
loop1
loop1
loop1
loop1
loop1
loop1
loop1
loop1
loop1
loop1
loop1
loop1
loop1
loop1
loop1
loop1
loop1
loop1
loop1
loop1
loop1
loop1
loop1
loop1
loop1
loop1
loop1
loop1
loop1
loop1
loop1
loop1
loop1
loop1
loop1
loop1
loop1
loop1
loop1
loop1
loop1
loop1
loop1
loop1
loop1
loop1
loop1
loop1
loop1
loop1
loop1
loop1
loop1
loop1
loop1
loop1
loop1
loop1
loop1
loop1
loop1
loop1
loop1
loop1
loop1
loop1
loop1
loop1
loop1
loop1
loop1
loop1
loop1
loop1
loop1
loop1
loop1
loop1
loop1
loop1
loop1
loop1
loop1
loop1
loop1
loop1
loop1
loop1
loop1
loop1
loop1
loop1
loop1
loop1
loop1
loop1
loop1
loop1
loop1
loop1
loop1
loop1
loop1
loop1
loop1
loop1
loop1
loop1
loop1
loop1
loop1
loop1
loop1
loop1
loop1
loop1
loop1
loop1
loop1
loop1
loop1
loop1
loop1
loop1
loop1
loop1
loop1
loop1
loop1
loop1
loop1
loop1
loop1
loop1
loop1
loop1
loop1
loop1
loop1
loop1
loop1
loop1
loop1
loop1
loop1
loop1
loop1
loop1
loop1
loop1
loop1
loop1
loop1
loop1
loop1
loop1
loop1
loop1
loop1
loop1
loop1
loop1
loop1
loop1
loop1
loop1
loop1
loop1
loop1
loop1
loop1
loop1
loop1
loop1
loop1
loop1
loop1
loop1
loop1
loop1
loop1
loop1
loop1
loop1
loop1
loop1
loop1
loop1
loop1
loop1
loop1
loop1
loop1
loop1
loop1
loop1
loop1
loop1
loop1
loop1
loop1
loop1
loop1
loop1
loop1
loop1
loop1
loop1
loop1
loop1
loop1
loop1
loop1
loop1
loop1
loop1
loop1
loop1
loop1
loop1
loop1
loop1
loop1
loop1
loop1
loop1
loop1
loop1
loop1
loop1
loop1
loop1
loop1
loop1
loop1
loop1
loop1
loop1
loop1
loop1
loop1
loop1
loop1
loop1
loop1
loop1
loop1
loop1
loop1
loop1
loop1
loop1
loop1
loop1
loop1
loop1
loop1
loop1
loop1
loop1
loop1
loop1
loop1
loop1
loop1
loop1
loop1
loop1
loop1
loop1
loop1
loop1
loop1
loop1
loop1
loop1
loop1
loop1
loop1
loop1
loop1
loop1
loop1
loop1
loop1
loop1
loop1
loop1
loop1
loop1
loop1
loop1
loop1
loop1
loop1
loop1
loop1
loop1
loop1
loop1
loop1
loop1
loop1
loop1
loop1
loop1
loop1
loop1
loop1
loop1
loop1
loop1
loop1
loop1
loop1
loop1
loop1
loop1
loop1
loop1
loop1
loop1
loop1
loop1
loop1
loop1
loop1
loop1
loop1
loop1
loop1
loop1
loop1
loop1
loop1
loop1
loop1
loop1
loop1
loop1
loop1
loop1
loop1
loop1
loop1
loop1
loop1
loop1
loop1
loop1
loop1
loop1
loop1
loop1
loop1
loop1
loop1
loop1
loop1
loop1
loop1
loop1
loop1
loop1
loop1
loop1
loop1
loop1
loop1
loop1
loop1
loop1
loop1
loop1
loop1
loop1
loop1
loop1
loop1
loop1
loop1
loop1
loop1
loop1
loop1
loop1
loop1
loop1
loop1
loop1
loop1
loop1
loop1
loop1
loop1
loop1
loop1
loop1
loop1
loop1
loop1
loop1
loop1
loop1
loop1
loop1
loop1
loop1
loop1
loop1
loop1
loop1
loop1
loop1
loop1
loop1
loop1
loop1
loop1
loop1
loop1
loop1
loop1
loop1
loop1
loop1
loop1
loop1
loop1
loop1
loop1
loop1
loop1
loop1
loop1
loop1
loop1
loop1
loop1
loop1
loop1
loop1
loop1
loop1
loop1
loop1
loop1
loop1
loop1
loop1
loop1
loop1
loop1
loop1
loop1
loop1
loop1
loop1
loop1
loop1
loop1
loop1
loop1
loop1
loop1
loop1
loop1
loop1
loop1
loop1
loop1
loop1
loop1
loop1
loop1
loop1
loop1
loop1
loop1
loop1
loop1
loop1
loop1
loop1
loop1
loop1
loop1
loop1
loop1
loop1
loop1
loop1
loop1
loop1
loop1
loop1
loop1
loop1
loop1
loop1
loop1
loop1
loop1
loop1
loop1
loop1
loop1
loop1
loop1
loop1
loop1
loop1
loop1
loop1
loop1
loop1
loop1
loop1
loop1
loop1
loop1
loop1
loop1
loop1
loop1
loop1
loop1
loop1
loop1
loop1
loop1
loop1
loop1
loop1
loop1
loop1
loop1
loop1
loop1
loop1
loop1
loop1
loop1
loop1
loop1
loop1
loop1
loop1
loop1
loop1
loop1
loop1
loop1
loop1
loop1
loop1
loop1
loop1
loop1
loop1
loop1
loop1
loop1
loop1
loop1
loop1
loop1
loop1
loop1
loop1
loop1
loop1
loop1
loop1
loop1
loop1
loop1
loop1
loop1
loop1
loop1
loop1
loop1
loop1
loop1
loop1
loop1
loop1
loop1
loop1
loop1
loop1
loop1
loop1
loop1
loop1
loop1
loop1
loop1
loop1
loop1
loop1
loop1
loop1
loop1
loop1
loop1
loop1
loop1
loop1
loop1
loop1
loop1
loop1
loop1
loop1
loop1
loop1
loop1
loop1
loop1
loop1
loop1
loop1
loop1
loop1
loop1
loop1
loop1
loop1
loop1
loop1
loop1
loop1
loop1
loop1
loop1
loop1
loop1
loop1
loop1
loop1
loop1
loop1
loop1
loop1
loop1
loop1
loop1
loop1
loop1
loop1
loop1
loop1
loop1
loop1
loop1
loop1
loop1
loop1
loop1
loop1
loop1
loop1
loop1
loop1
loop1
loop1
loop1
loop1
loop1
loop1
loop1
loop1
loop1
loop1
loop1
loop1
loop1
loop1
loop1
loop1
loop1
loop1
loop1
loop1
loop1
loop1
loop1
loop1
loop1
loop1
loop1
loop1
loop1
loop1
loop1
loop1
loop1
loop1
loop1
loop1
loop1
loop1
loop1
loop1
loop1
loop1
loop1
loop1
loop1
loop1
loop1
loop1
loop1
loop1
loop1
loop1
loop1
loop1
loop1
loop1
loop1
loop1
loop1
loop1
loop1
loop1
loop1
loop1
loop1
loop1
loop1
loop1
loop1
loop1
loop1
loop1
loop1
loop1
loop1
loop1
loop1
loop1
loop1
loop1
loop1
loop1
loop1
loop1
loop1
loop1
loop1
loop1
loop1
loop1
loop1
loop1
loop1
loop1
loop1
loop1
loop1
loop1
loop1
loop1
loop1
loop1
loop1
loop1
loop1
loop1
loop1
loop1
loop1
loop1
loop1
loop1
loop1
loop1
loop1
loop1
loop1
loop1
loop1
loop1
loop1
loop1
loop1
loop1
loop1
loop1
loop1
loop1
loop1
loop1
loop1
loop1
loop1
loop1
loop1
loop1
loop1
loop1
loop1
loop1
loop1
loop1
loop1
loop1
loop1
loop1
loop1
loop1
loop1
loop1
loop1
loop1
loop1
loop1
loop1
loop1
loop1
loop1
loop1
loop1
loop1
loop1
loop1
loop1
loop1
loop1
loop1
loop1
loop1
loop1
loop1
loop1
loop1
loop1
loop1
loop1
loop1
loop1
loop1
loop1
loop1
loop1
loop1
loop1
loop1
loop1
loop1
loop1
loop1
loop1
loop1
loop1
loop1
loop1
loop1
loop1
loop1
loop1
loop1
loop1
loop1
loop1
loop1
loop1
loop1
loop1
loop1
loop1
loop1
loop1
loop1
loop1
loop1
loop1
loop1
loop1
loop1
loop1
loop1
loop1
loop1
loop1
loop1
loop1
loop1
loop1
loop1
loop1
loop1
loop1
loop1
loop1
loop1
loop1
loop1
loop1
loop1
loop1
loop1
loop1
loop1
loop1
loop1
loop1
loop1
loop1
loop1
loop1
loop1
loop1
loop1
loop1
loop1
loop1
loop1
loop1
loop1
loop1
loop1
loop1
loop1
loop1
loop1
loop1
loop1
loop1
loop1
loop1
loop1
loop1
loop1
loop1
loop1
loop1
loop1
loop1
loop1
loop1
loop1
loop1
loop1
loop1
loop1
loop1
loop1
loop1
loop1
loop1
loop1
loop1
loop1
loop1
loop1
loop1
loop1
loop1
loop1
loop1
loop1
loop1
loop1
loop1
loop1
loop1
loop1
loop1
loop1
loop1
loop1
loop1
loop1
loop1
loop1
loop1
loop1
loop1
loop1
loop1
loop1
loop1
loop1
loop1
loop1
loop1
loop1
loop1
loop1
loop1
loop1
loop1
loop1
loop1
loop1
loop1
loop1
loop1
loop1
loop1
loop1
loop1
loop1
loop1
loop1
loop1
loop1
loop1
loop1
loop1
loop1
loop1
loop1
loop1
loop1
loop1
loop1
loop1
loop1
loop1
loop1
loop1
loop1
loop1
loop1
loop1
loop1
loop1
loop1
loop1
loop1
loop1
loop1
loop1
loop1
loop1
loop1
loop1
loop1
loop1
loop1
loop1
loop1
loop1
loop1
loop1
loop1
loop1
loop1
loop1
loop1
loop1
loop1
loop1
loop1
loop1
loop1
loop1
loop1
loop1
loop1
loop1
loop1
loop1
loop1
loop1
loop1
loop1
loop1
loop1
loop1
loop1
loop1
loop1
loop1
loop1
loop1
loop1
loop1
loop1
loop1
loop1
loop1
loop1
loop1
loop1
loop1
loop1
loop1
loop1
loop1
loop1
loop1
loop1
loop1
loop1
loop1
loop1
loop1
loop1
loop1
loop1
loop1
loop1
loop1
loop1
loop1
loop1
loop1
loop1
loop1
loop1
loop1
loop1
loop1
loop1
loop1
loop1
loop1
loop1
loop1
loop1
loop1
loop1
loop1
loop1
loop1
loop1
loop1
loop1
loop1
loop1
loop1
loop1
loop1
loop1
loop1
loop1
loop1
loop1
loop1
loop1
loop1
loop1
loop1
loop1
loop1
loop1
loop1
loop1
loop1
loop1
loop1
loop1
loop1
loop1
loop1
loop1
loop1
loop1
loop1
loop1
loop1
loop1
loop1
loop1
loop1
loop1
loop1
loop1
loop1
loop1
loop1
loop1
loop1
loop1
loop1
loop1
loop1
loop1
loop1
loop1
loop1
loop1
loop1
loop1
loop1
loop1
loop1
loop1
loop1
loop1
loop1
loop1
loop1
loop1
loop1
loop1
loop1
loop1
loop1
loop1
loop1
loop1
loop1
loop1
loop1
loop1
loop1
loop1
loop1
loop1
loop1
loop1
loop1
loop1
loop1
loop1
loop1
loop1
loop1
loop1
loop1
loop1
loop1
loop1
loop1
loop1
loop1
loop1
loop1
loop1
loop1
loop1
loop1
loop1
loop1
loop1
loop1
loop1
loop1
loop1
loop1
loop1
loop1
loop1
loop1
loop1
loop1
loop1
loop1
loop1
loop1
loop1
loop1
loop1
loop1
loop1
loop1
loop1
loop1
loop1
loop1
loop1
loop1
loop1
loop1
loop1
loop1
loop1
loop1
loop1
loop1
loop1
loop1
loop1
loop1
loop1
loop1
loop1
loop1
loop1
loop1
loop1
loop1
loop1
loop1
loop1
loop1
loop1
loop1
loop1
loop1
loop1
loop1
loop1
loop1
loop1
loop1
loop1
loop1
loop1
loop1
loop1
loop1
loop1
loop1
loop1
loop1
loop1
loop1
loop1
loop1
loop1
loop1
loop1
loop1
loop1
loop1
loop1
loop1
loop1
loop1
loop1
loop1
loop1
loop1
loop1
loop1
loop1
loop1
loop1
loop1
loop1
loop1
loop1
loop1
loop1
loop1
loop1
loop1
loop1
loop1
loop1
loop1
loop1
loop1
loop1
loop1
loop1
loop1
loop1
loop1
loop1
loop1
loop1
loop1
loop1
loop1
loop1
loop1
loop1
loop1
loop1
loop1
loop1
loop1
loop1
loop1
loop1
loop1
loop1
loop1
loop1
loop1
loop1
loop1
loop1
loop1
loop1
loop1
loop1
loop1
loop1
loop1
loop1
loop1
loop1
loop1
loop1
loop1
loop1
loop1
loop1
loop1
loop1
loop1
loop1
loop1
loop1
loop1
loop1
loop1
loop1
loop1
loop1
loop1
loop1
loop1
loop1
loop1
loop1
loop1
loop1
loop1
loop1
loop1
loop1
loop1
loop1
loop1
loop1
loop1
loop1
loop1
loop1
loop1
loop1
loop1
loop1
loop1
loop1
loop1
loop1
loop1
loop1
loop1
loop1
loop1
loop1
loop1
loop1
loop1
loop1
loop1
loop1
loop1
loop1
loop1
loop1
loop1
loop1
loop1
loop1
loop1
loop1
loop1
loop1
loop1
loop1
loop1
loop1
loop1
loop1
loop1
loop1
loop1
loop1
loop1
loop1
loop1
loop1
loop1
loop1
loop1
loop1
loop1
loop1
loop1
loop1
loop1
loop1
loop1
loop1
loop1
loop1
loop1
loop1
loop1
loop1
loop1
loop1
loop1
loop1
loop1
loop1
loop1
loop1
loop1
loop1
loop1
loop1
loop1
loop1
loop1
loop1
loop1
loop1
loop1
loop1
loop1
loop1
loop1
loop1
loop1
loop1
loop1
loop1
loop1
loop1
loop1
loop1
loop1
loop1
loop1
loop1
loop1
loop1
loop1
loop1
loop1
loop1
loop1
loop1
loop1
loop1
loop1
loop1
loop1
loop1
loop1
loop1
loop1
loop1
loop1
loop1
loop1
loop1
loop1
loop1
loop1
loop1
loop1
loop1
loop1
loop1
loop1
loop1
loop1
loop1
loop1
loop1
loop1
loop1
loop1
loop1
loop1
loop1
loop1
loop1
loop1
loop1
loop1
loop1
loop1
loop1
loop1
loop1
loop1
loop1
loop1
loop1
loop1
loop1
loop1
loop1
loop1
loop1
loop1
loop1
loop1
loop1
loop1
loop1
loop1
loop1
loop1
loop1
loop1
loop1
loop1
loop1
loop1
loop1
loop1
loop1
loop1
loop1
loop1
loop1
loop1
loop1
loop1
loop1
loop1
loop1
loop1
loop1
loop1
loop1
loop1
loop1
loop1
loop1
loop1
loop1
loop1
loop1
loop1
loop1
loop1
loop1
loop1
loop1
loop1
loop1
loop1
loop1
loop1
loop1
loop1
loop1
loop1
loop1
loop1
loop1
loop1
loop1
loop1
loop1
loop1
loop1
loop1
loop1
loop1
loop1
loop1
loop1
loop1
loop1
loop1
loop1
loop1
loop1
loop1
loop1
loop1
loop1
loop1
loop1
loop1
loop1
loop1
loop1
loop1
loop1
loop1
loop1
loop1
loop1
loop1
loop1
loop1
loop1
loop1
loop1
loop1
loop1
loop1
loop1
loop1
loop1
loop1
loop1
loop1
loop1
loop1
loop1
loop1
loop1
loop1
loop1
loop1
loop1
loop1
loop1
loop1
loop1
loop1
loop1
loop1
loop1
loop1
loop1
loop1
loop1
loop1
loop1
loop1
loop1
loop1
loop1
loop1
loop1
loop1
loop1
loop1
loop1
loop1
loop1
loop1
loop1
loop1
loop1
loop1
loop1
loop1
loop1
loop1
loop1
loop1
loop1
loop1
loop1
loop1
loop1
loop1
loop1
loop1
loop1
loop1
loop1
loop1
loop1
loop1
loop1
loop1
loop1
loop1
loop1
loop1
loop1
loop1
loop1
loop1
loop1
loop1
loop1
loop1
loop1
loop1
loop1
loop1
loop1
loop1
loop1
loop1
loop1
loop1
loop1
loop1
loop1
loop1
loop1
loop1
loop1
loop1
loop1
loop1
loop1
loop1
loop1
loop1
loop1
loop1
loop1
loop1
loop1
loop1
loop1
loop1
loop1
loop1
loop1
loop1
loop1
loop1
loop1
loop1
loop1
loop1
loop1
loop1
loop1
loop1
loop1
loop1
loop1
loop1
loop1
loop1
loop1
loop1
loop1
loop1
loop1
loop1
loop1
loop1
loop1
loop1
loop1
loop1
loop1
loop1
loop1
loop1
loop1
loop1
loop1
loop1
loop1
loop1
loop1
loop1
loop1
loop1
loop1
loop1
loop1
loop1
loop1
loop1
loop1
loop1
loop1
loop1
loop1
loop1
loop1
loop1
loop1
loop1
loop1
loop1
loop1
loop1
loop1
loop1
loop1
loop1
loop1
loop1
loop1
loop1
loop1
loop1
loop1
loop1
loop1
loop1
loop1
loop1
loop1
loop1
loop1
loop1
loop1
loop1
loop1
loop1
loop1
loop1
loop1
loop1
loop1
loop1
loop1
loop1
loop1
loop1
loop1
loop1
loop1
loop1
loop1
loop1
loop1
loop1
loop1
loop1
loop1
loop1
loop1
loop1
loop1
loop1
loop1
loop1
loop1
loop1
loop1
loop1
loop1
loop1
loop1
loop1
loop1
loop1
loop1
loop1
loop1
loop1
loop1
loop1
loop1
loop1
loop1
loop1
loop1
loop1
loop1
loop1
loop1
loop1
loop1
loop1
loop1
loop1
loop1
loop1
loop1
loop1
loop1
loop1
loop1
loop1
loop1
loop1
loop1
loop1
loop1
loop1
loop1
loop1
loop1
loop1
loop1
loop1
loop1
loop1
loop1
loop1
loop1
loop1
loop1
loop1
loop1
loop1
loop1
loop1
loop1
loop1
loop1
loop1
loop1
loop1
loop1
loop1
loop1
loop1
loop1
loop1
loop1
loop1
loop1
loop1
loop1
loop1
loop1
loop1
loop1
loop1
loop1
loop1
loop1
loop1
loop1
loop1
loop1
loop1
loop1
loop1
loop1
loop1
loop1
loop1
loop1
loop1
loop1
loop1
loop1
loop1
loop1
loop1
loop1
loop1
loop1
loop1
loop1
loop1
loop1
loop1
loop1
loop1
loop1
loop1
loop1
loop1
loop1
loop1
loop1
loop1
loop1
loop1
loop1
loop1
loop1
loop1
loop1
loop1
loop1
loop1
loop1
loop1
loop1
loop1
loop1
loop1
loop1
loop1
loop1
loop1
loop1
loop1
loop1
loop1
loop1
loop1
loop1
loop1
loop1
loop1
loop1
loop1
loop1
loop1
loop1
loop1
loop1
loop1
loop1
loop1
loop1
loop1
loop1
loop1
loop1
loop1
loop1
loop1
loop1
loop1
loop1
loop1
loop1
loop1
loop1
loop1
loop1
loop1
loop1
loop1
loop1
loop1
loop1
loop1
loop1
loop1
loop1
loop1
loop1
loop1
loop1
loop1
loop1
loop1
loop1
loop1
loop1
loop1
loop1
loop1
loop1
loop1
loop1
loop1
loop1
loop1
loop1
loop1
loop1
loop1
loop1
loop1
loop1
loop1
loop1
loop1
loop1
loop1
loop1
loop1
loop1
loop1
loop1
loop1
loop1
loop1
loop1
loop1
loop1
loop1
loop1
loop1
loop1
loop1
loop1
loop1
loop1
loop1
loop1
loop1
loop1
loop1
loop1
loop1
loop1
loop1
loop1
loop1
loop1
loop1
loop1
loop1
loop1
loop1
loop1
loop1
loop1
loop1
loop1
loop1
loop1
loop1
loop1
loop1
loop1
loop1
loop1
loop1
loop1
loop1
loop1
loop1
loop1
loop1
loop1
loop1
loop1
loop1
loop1
loop1
loop1
loop1
loop1
loop1
loop1
loop1
loop1
loop1
loop1
loop1
loop1
loop1
loop1
loop1
loop1
loop1
loop1
loop1
loop1
loop1
loop1
loop1
loop1
loop1
loop1
loop1
loop1
loop1
loop1
loop1
loop1
loop1
loop1
loop1
loop1
loop1
loop1
loop1
loop1
loop1
loop1
loop1
loop1
loop1
loop1
loop1
loop1
loop1
loop1
loop1
loop1
loop1
loop1
loop1
loop1
loop1
loop1
loop1
loop1
loop1
loop1
loop1
loop1
loop1
loop1
loop1
loop1
loop1
loop1
loop1
loop1
loop1
loop1
loop1
loop1
loop1
loop1
loop1
loop1
loop1
loop1
loop1
loop1
loop1
loop1
loop1
loop1
loop1
loop1
loop1
loop1
loop1
loop1
loop1
loop1
loop1
loop1
loop1
loop1
loop1
loop1
loop1
loop1
loop1
loop1
loop1
loop1
loop1
loop1
loop1
loop1
loop1
loop1
loop1
loop1
loop1
loop1
loop1
loop1
loop1
loop1
loop1
loop1
loop1
loop1
loop1
loop1
loop1
loop1
loop1
loop1
loop1
loop1
loop1
loop1
loop1
loop1
loop1
loop1
loop1
loop1
loop1
loop1
loop1
loop1
loop1
loop1
loop1
loop1
loop1
loop1
loop1
loop1
loop1
loop1
loop1
loop1
loop1
loop1
loop1
loop1
loop1
loop1
loop1
loop1
loop1
loop1
loop1
loop1
loop1
loop1
loop1
loop1
loop1
loop1
loop1
loop1
loop1
loop1
loop1
loop1
loop1
loop1
loop1
loop1
loop1
loop1
loop1
loop1
loop1
loop1
loop1
loop1
loop1
loop1
loop1
loop1
loop1
loop1
loop1
loop1
loop1
loop1
loop1
loop1
loop1
loop1
loop1
loop1
loop1
loop1
loop1
loop1
loop1
loop1
loop1
loop1
loop1
loop1
loop1
loop1
loop1
loop1
loop1
loop1
loop1
loop1
loop1
loop1
loop1
loop1
loop1
loop1
loop1
loop1
loop1
loop1
loop1
loop1
loop1
loop1
loop1
loop1
loop1
loop1
loop1
loop1
loop1
loop1
loop1
loop1
loop1
loop1
loop1
loop1
loop1
loop1
loop1
loop1
loop1
loop1
loop1
loop1
loop1
loop1
loop1
loop1
loop1
loop1
loop1
loop1
loop1
loop1
loop1
loop1
loop1
loop1
loop1
loop1
loop1
loop1
loop1
loop1
loop1
loop1
loop1
loop1
loop1
loop1
loop1
loop1
loop1
loop1
loop1
loop1
loop1
loop1
loop1
loop1
loop1
loop1
loop1
loop1
loop1
loop1
loop1
loop1
loop1
loop1
loop1
loop1
loop1
loop1
loop1
loop1
loop1
loop1
loop1
loop1
loop1
loop1
loop1
loop1
loop1
loop1
loop1
loop1
loop1
loop1
loop1
loop1
loop1
loop1
loop1
loop1
loop1
loop1
loop1
loop1
loop1
loop1
loop1
loop1
loop1
loop1
loop1
loop1
loop1
loop1
loop1
loop1
loop1
loop1
loop1
loop1
loop1
loop1
loop1
loop1
loop1
loop1
loop1
loop1
loop1
loop1
loop1
loop1
loop1
loop1
loop1
loop1
loop1
loop1
loop1
loop1
loop1
loop1
loop1
loop1
loop1
loop1
loop1
loop1
loop1
loop1
loop1
loop1
loop1
loop1
loop1
loop1
loop1
loop1
loop1
loop1
loop1
loop1
loop1
loop1
loop1
loop1
loop1
loop1
loop1
loop1
loop1
loop1
loop1
loop1
loop1
loop1
loop1
loop1
loop1
loop1
loop1
loop1
loop1
loop1
loop1
loop1
loop1
loop1
loop1
loop1
loop1
loop1
loop1
loop1
loop1
loop1
loop1
loop1
loop1
loop1
loop1
loop1
loop1
loop1
loop1
loop1
loop1
loop1
loop1
loop1
loop1
loop1
loop1
loop1
loop1
loop1
loop1
loop1
loop1
loop1
loop1
loop1
loop1
loop1
loop1
loop1
loop1
loop1
loop1
loop1
loop1
loop1
loop1
loop1
loop1
loop1
loop1
loop1
loop1
loop1
loop1
loop1
loop1
loop1
loop1
loop1
loop1
loop1
loop1
loop1
loop1
loop1
loop1
loop1
loop1
loop1
loop1
loop1
loop1
loop1
loop1
loop1
loop1
loop1
loop1
loop1
loop1
loop1
loop1
loop1
loop1
loop1
loop1
loop1
loop1
loop1
loop1
loop1
loop1
loop1
loop1
loop1
loop1
loop1
loop1
loop1
loop1
loop1
loop1
loop1
loop1
loop1
loop1
loop1
loop1
loop1
loop1
loop1
loop1
loop1
loop1
loop1
loop1
loop1
loop1
loop1
loop1
loop1
loop1
loop1
loop1
loop1
loop1
loop1
loop1
loop1
loop1
loop1
loop1
loop1
loop1
loop1
loop1
loop1
loop1
loop1
loop1
loop1
loop1
loop1
loop1
loop1
loop1
loop1
loop1
loop1
loop1
loop1
loop1
loop1
loop1
loop1
loop1
loop1
loop1
loop1
loop1
loop1
loop1
loop1
loop1
loop1
loop1
loop1
loop1
loop1
loop1
loop1
loop1
loop1
loop1
loop1
loop1
loop1
loop1
loop1
loop1
loop1
loop1
loop1
loop1
loop1
loop1
loop1
loop1
loop1
loop1
loop1
loop1
loop1
loop1
loop1
loop1
loop1
loop1
loop1
loop1
loop1
loop1
loop1
loop1
loop1
loop1
loop1
loop1
loop1
loop1
loop1
loop1
loop1
loop1
loop1
loop1
loop1
loop1
loop1
loop1
loop1
loop1
loop1
loop1
loop1
loop1
loop1
loop1
loop1
loop1
loop1
loop1
loop1
loop1
loop1
loop1
loop1
loop1
loop1
loop1
loop1
loop1
loop1
loop1
loop1
loop1
loop1
loop1
loop1
loop1
loop1
loop1
loop1
loop1
loop1
loop1
loop1
loop1
loop1
loop1
loop1
loop1
loop1
loop1
loop1
loop1
loop1
loop1
loop1
loop1
loop1
loop1
loop1
loop1
loop1
loop1
loop1
loop1
loop1
loop1
loop1
loop1
loop1
loop1
loop1
loop1
loop1
loop1
loop1
loop1
loop1
loop1
loop1
loop1
loop1
loop1
loop1
loop1
loop1
loop1
loop1
loop1
loop1
loop1
loop1
loop1
loop1
loop1
loop1
loop1
loop1
loop1
loop1
loop1
loop1
loop1
loop1
loop1
loop1
loop1
loop1
loop1
loop1
loop1
loop1
loop1
loop1
loop1
loop1
loop1
loop1
loop1
loop1
loop1
loop1
loop1
loop1
loop1
loop1
loop1
loop1
loop1
loop1
loop1
loop1
loop1
loop1
loop1
loop1
loop1
loop1
loop1
loop1
loop1
loop1
loop1
loop1
loop1
loop1
loop1
loop1
loop1
loop1
loop1
loop1
loop1
loop1
loop1
loop1
loop1
loop1
loop1
loop1
loop1
loop1
loop1
loop1
loop1
loop1
loop1
loop1
loop1
loop1
loop1
loop1
loop1
loop1
loop1
loop1
loop1
loop1
loop1
loop1
loop1
loop1
loop1
loop1
loop1
loop1
loop1
loop1
loop1
loop1
loop1
loop1
loop1
loop1
loop1
loop1
loop1
loop1
loop1
loop1
loop1
loop1
loop1
loop1
loop1
loop1
loop1
loop1
loop1
loop1
loop1
loop1
loop1
loop1
loop1
loop1
loop1
loop1
loop1
loop1
loop1
loop1
loop1
loop1
loop1
loop1
loop1
loop1
loop1
loop1
loop1
loop1
loop1
loop1
loop1
loop1
loop1
loop1
loop1
loop1
loop1
loop1
loop1
loop1
loop1
loop1
loop1
loop1
loop1
loop1
loop1
loop1
loop1
loop1
loop1
loop1
loop1
loop1
loop1
loop1
loop1
loop1
loop1
loop1
loop1
loop1
loop1
loop1
loop1
loop1
loop1
loop1
loop1
loop1
loop1
loop1
loop1
loop1
loop1
loop1
loop1
loop1
loop1
loop1
loop1
loop1
loop1
loop1
loop1
loop1
loop1
loop1
loop1
loop1
loop1
loop1
loop1
loop1
loop1
loop1
loop1
loop1
loop1
loop1
loop1
loop1
loop1
loop1
loop1
loop1
loop1
loop1
loop1
loop1
loop1
loop1
loop1
loop1
loop1
loop1
loop1
loop1
loop1
loop1
loop1
loop1
loop1
loop1
loop1
loop1
loop1
loop1
loop1
loop1
loop1
loop1
loop1
loop1
loop1
loop1
loop1
loop1
loop1
loop1
loop1
loop1
loop1
loop1
loop1
loop1
loop1
loop1
loop1
loop1
loop1
loop1
loop1
loop1
loop1
loop1
loop1
loop1
loop1
loop1
loop1
loop1
loop1
loop1
loop1
loop1
loop1
loop1
loop1
loop1
loop1
loop1
loop1
loop1
loop1
loop1
loop1
loop1
loop1
loop1
loop1
loop1
loop1
loop1
loop1
loop1
loop1
loop1
loop1
loop1
loop1
loop1
loop1
loop1
loop1
loop1
loop1
loop1
loop1
loop1
loop1
loop1
loop1
loop1
loop1
loop1
loop1
loop1
loop1
loop1
loop1
loop1
loop1
loop1
loop1
loop1
loop1
loop1
loop1
loop1
loop1
loop1
loop1
loop1
loop1
loop1
loop1
loop1
loop1
loop1
loop1
loop1
loop1
loop1
loop1
loop1
loop1
loop1
loop1
loop1
loop1
loop1
loop1
loop1
loop1
loop1
loop1
loop1
loop1
loop1
loop1
loop1
loop1
loop1
loop1
loop1
loop1
loop1
loop1
loop1
loop1
loop1
loop1
loop1
loop1
loop1
loop1
loop1
loop1
loop1
loop1
loop1
loop1
loop1
loop1
loop1
loop1
loop1
loop1
loop1
loop1
loop1
loop1
loop1
loop1
loop1
loop1
loop1
loop1
loop1
loop1
loop1
loop1
loop1
loop1
loop1
loop1
loop1
loop1
loop1
loop1
loop1
loop1
loop1
loop1
loop1
loop1
loop1
loop1
loop1
loop1
loop1
loop1
loop1
loop1
loop1
loop1
loop1
loop1
loop1
loop1
loop1
loop1
loop1
loop1
loop1
loop1
loop1
loop1
loop1
loop1
loop1
loop1
loop1
loop1
loop1
loop1
loop1
loop1
loop1
loop1
loop1
loop1
loop1
loop1
loop1
loop1
loop1
loop1
loop1
loop1
loop1
loop1
loop1
loop1
loop1
loop1
loop1
loop1
loop1
loop1
loop1
loop1
loop1
loop1
loop1
loop1
loop1
loop1
loop1
loop1
loop1
loop1
loop1
loop1
loop1
loop1
loop1
loop1
loop1
loop1
loop1
loop1
loop1
loop1
loop1
loop1
loop1
loop1
loop1
loop1
loop1
loop1
loop1
loop1
loop1
loop1
loop1
loop1
loop1
loop1
loop1
loop1
loop1
loop1
loop1
loop1
loop1
loop1
loop1
loop1
loop1
loop1
loop1
loop1
loop1
loop1
loop1
loop1
loop1
loop1
loop1
loop1
loop1
loop1
loop1
loop1
loop1
loop1
loop1
loop1
loop1
loop1
loop1
loop1
loop1
loop1
loop1
loop1
loop1
loop1
loop1
loop1
loop1
loop1
loop1
loop1
loop1
loop1
loop1
loop1
loop1
loop1
loop1
loop1
loop1
loop1
loop1
loop1
loop1
loop1
loop1
loop1
loop1
loop1
loop1
loop1
loop1
loop1
loop1
loop1
loop1
loop1
loop1
loop1
loop1
loop1
loop1
loop1
loop1
loop1
loop1
loop1
loop1
loop1
loop1
loop1
loop1
loop1
loop1
loop1
loop1
loop1
loop1
loop1
loop1
loop1
loop1
loop1
loop1
loop1
loop1
loop1
loop1
loop1
loop1
loop1
loop1
loop1
loop1
loop1
loop1
loop1
loop1
loop1
loop1
loop1
loop1
loop1
loop1
loop1
loop1
loop1
loop1
loop1
loop1
loop1
loop1
loop1
loop1
loop1
loop1
loop1
loop1
loop1
loop1
loop1
loop1
loop1
loop1
loop1
loop1
loop1
loop1
loop1
loop1
loop1
loop1
loop1
loop1
loop1
loop1
loop1
loop1
loop1
loop1
loop1
loop1
loop1
loop1
loop1
loop1
loop1
loop1
loop1
loop1
loop1
loop1
loop1
loop1
loop1
loop1
loop1
loop1
loop1
loop1
loop1
loop1
loop1
loop1
loop1
loop1
loop1
loop1
loop1
loop1
loop1
loop1
loop1
loop1
loop1
loop1
loop1
loop1
loop1
loop1
loop1
loop1
loop1
loop1
loop1
loop1
loop1
loop1
loop1
loop1
loop1
loop1
loop1
loop1
loop1
loop1
loop1
loop1
loop1
loop1
loop1
loop1
loop1
loop1
loop1
loop1
loop1
loop1
loop1
loop1
loop1
loop1
loop1
loop1
loop1
loop1
loop1
loop1
loop1
loop1
loop1
loop1
loop1
loop1
loop1
loop1
loop1
loop1
loop1
loop1
loop1
loop1
loop1
loop1
loop1
loop1
loop1
loop1
loop1
loop1
loop1
loop1
loop1
loop1
loop1
loop1
loop1
loop1
loop1
loop1
loop1
loop1
loop1
loop1
loop1
loop1
loop1
loop1
loop1
loop1
loop1
loop1
loop1
loop1
loop1
loop1
loop1
loop1
loop1
loop1
loop1
loop1
loop1
loop1
loop1
loop1
loop1
loop1
loop1
loop1
loop1
loop1
loop1
loop1
loop1
loop1
loop1
loop1
loop1
loop1
loop1
loop1
loop1
loop1
loop1
loop1
loop1
loop1
loop1
loop1
loop1
loop1
loop1
loop1
loop1
loop1
loop1
loop1
loop1
loop1
loop1
loop1
loop1
loop1
loop1
loop1
loop1
loop1
loop1
loop1
loop1
loop1
loop1
loop1
loop1
loop1
loop1
loop1
loop1
loop1
loop1
loop1
loop1
loop1
loop1
loop1
loop1
loop1
loop1
loop1
loop1
loop1
loop1
loop1
loop1
loop1
loop1
loop1
loop1
loop1
loop1
loop1
loop1
loop1
loop1
loop1
loop1
loop1
loop1
loop1
loop1
loop1
loop1
loop1
loop1
loop1
loop1
loop1
loop1
loop1
loop1
loop1
loop1
loop1
loop1
loop1
loop1
loop1
loop1
loop1
loop1
loop1
loop1
loop1
loop1
loop1
loop1
loop1
loop1
loop1
loop1
loop1
loop1
loop1
loop1
loop1
loop1
loop1
loop1
loop1
loop1
loop1
loop1
loop1
loop1
loop1
loop1
loop1
loop1
loop1
loop1
loop1
loop1
loop1
loop1
loop1
loop1
loop1
loop1
loop1
loop1
loop1
loop1
loop1
loop1
loop1
loop1
loop1
loop1
loop1
loop1
loop1
loop1
loop1
loop1
loop1
loop1
loop1
loop1
loop1
loop1
loop1
loop1
loop1
loop1
loop1
loop1
loop1
loop1
loop1
loop1
loop1
loop1
loop1
loop1
loop1
loop1
loop1
loop1
loop1
loop1
loop1
loop1
loop1
loop1
loop1
loop1
loop1
loop1
loop1
loop1
loop1
loop1
loop1
loop1
loop1
loop1
loop1
loop1
loop1
loop1
loop1
loop1
loop1
loop1
loop1
loop1
loop1
loop1
loop1
loop1
loop1
loop1
loop1
loop1
loop1
loop1
loop1
loop1
loop1
loop1
loop1
loop1
loop1
loop1
loop1
loop1
loop1
loop1
loop1
loop1
loop1
loop1
loop1
loop1
loop1
loop1
loop1
loop1
loop1
loop1
loop1
loop1
loop1
loop1
loop1
loop1
loop1
loop1
loop1
loop1
loop1
loop1
loop1
loop1
loop1
loop1
loop1
loop1
loop1
loop1
loop1
loop1
loop1
loop1
loop1
loop1
loop1
loop1
loop1
loop1
loop1
loop1
loop1
loop1
loop1
loop1
loop1
loop1
loop1
loop1
loop1
loop1
loop1
loop1
loop1
loop1
loop1
loop1
loop1
loop1
loop1
loop1
loop1
loop1
loop1
loop1
loop1
loop1
loop1
loop1
loop1
loop1
loop1
loop1
loop1
loop1
loop1
loop1
loop1
loop1
loop1
loop1
loop1
loop1
loop1
loop1
loop1
loop1
loop1
loop1
loop1
loop1
loop1
loop1
loop1
loop1
loop1
loop1
loop1
loop1
loop1
loop1
loop1
loop1
loop1
loop1
loop1
loop1
loop1
loop1
loop1
loop1
loop1
loop1
loop1
loop1
loop1
loop1
loop1
loop1
loop1
loop1
loop1
loop1
loop1
loop1
loop1
loop1
loop1
loop1
loop1
loop1
loop1
loop1
loop1
loop1
loop1
loop1
loop1
loop1
loop1
loop1
loop1
loop1
loop1
loop1
loop1
loop1
loop1
loop1
loop1
loop1
loop1
loop1
loop1
loop1
loop1
loop1
loop1
loop1
loop1
loop1
loop1
loop1
loop1
loop1
loop1
loop1
loop1
loop1
loop1
loop1
loop1
loop1
loop1
loop1
loop1
loop1
loop1
loop1
loop1
loop1
loop1
loop1
loop1
loop1
loop1
loop1
loop1
loop1
loop1
loop1
loop1
loop1
loop1
loop1
loop1
loop1
loop1
loop1
loop1
loop1
loop1
loop1
loop1
loop1
loop1
loop1
loop1
loop1
loop1
loop1
loop1
loop1
loop1
loop1
loop1
loop1
loop1
loop1
loop1
loop1
loop1
loop1
loop1
loop1
loop1
loop1
loop1
loop1
loop1
loop1
loop1
loop1
loop1
loop1
loop1
loop1
loop1
loop1
loop1
loop1
loop1
loop1
loop1
loop1
loop1
loop1
loop1
loop1
loop1
loop1
loop1
loop1
loop1
loop1
loop1
loop1
loop1
loop1
loop1
loop1
loop1
loop1
loop1
loop1
loop1
loop1
loop1
loop1
loop1
loop1
loop1
loop1
loop1
loop1
loop1
loop1
loop1
loop1
loop1
loop1
loop1
loop1
loop1
loop1
loop1
loop1
loop1
loop1
loop1
loop1
loop1
loop1
loop1
loop1
loop1
loop1
loop1
loop1
loop1
loop1
loop1
loop1
loop1
loop1
loop1
loop1
loop1
loop1
loop1
loop1
loop1
loop1
loop1
loop1
loop1
loop1
loop1
loop1
loop1
loop1
loop1
loop1
loop1
loop1
loop1
loop1
loop1
loop1
loop1
loop1
loop1
loop1
loop1
loop1
loop1
loop1
loop1
loop1
loop1
loop1
loop1
loop1
loop1
loop1
loop1
loop1
loop1
loop1
loop1
loop1
loop1
loop1
loop1
loop1
loop1
loop1
loop1
loop1
loop1
loop1
loop1
loop1
loop1
loop1
loop1
loop1
loop1
loop1
loop1
loop1
loop1
loop1
loop1
loop1
loop1
loop1
loop1
loop1
loop1
loop1
loop1
loop1
loop1
loop1
loop1
loop1
loop1
loop1
loop1
loop1
loop1
loop1
loop1
loop1
loop1
loop1
loop1
loop1
loop1
loop1
loop1
loop1
loop1
loop1
loop1
loop1
loop1
loop1
loop1
loop1
loop1
loop1
loop1
loop1
loop1
loop1
loop1
loop1
loop1
loop1
loop1
loop1
loop1
loop1
loop1
loop1
loop1
loop1
loop1
loop1
loop1
loop1
loop1
loop1
loop1
loop1
loop1
loop1
loop1
loop1
loop1
loop1
loop1
loop1
loop1
loop1
loop1
loop1
loop1
loop1
loop1
loop1
loop1
loop1
loop1
loop1
loop1
loop1
loop1
loop1
loop1
loop1
loop1
loop1
loop1
loop1
loop1
loop1
loop1
loop1
loop1
loop1
loop1
loop1
loop1
loop1
loop1
loop1
loop1
loop1
loop1
loop1
loop1
loop1
loop1
loop1
loop1
loop1
loop1
loop1
loop1
loop1
loop1
loop1
loop1
loop1
loop1
loop1
loop1
loop1
loop1
loop1
loop1
loop1
loop1
loop1
loop1
loop1
loop1
loop1
loop1
loop1
loop1
loop1
loop1
loop1
loop1
loop1
loop1
loop1
loop1
loop1
loop1
loop1
loop1
loop1
loop1
loop1
loop1
loop1
loop1
loop1
loop1
loop1
loop1
loop1
loop1
loop1
loop1
loop1
loop1
loop1
loop1
loop1
loop1
loop1
loop1
loop1
loop1
loop1
loop1
loop1
loop1
loop1
loop1
loop1
loop1
loop1
loop1
loop1
loop1
loop1
loop1
loop1
loop1
loop1
loop1
loop1
loop1
loop1
loop1
loop1
loop1
loop1
loop1
loop1
loop1
loop1
loop1
loop1
loop1
loop1
loop1
loop1
loop1
loop1
loop1
loop1
loop1
loop1
loop1
loop1
loop1
loop1
loop1
loop1
loop1
loop1
loop1
loop1
loop1
loop1
loop1
loop1
loop1
loop1
loop1
loop1
loop1
loop1
loop1
loop1
loop1
loop1
loop1
loop1
loop1
loop1
loop1
loop1
loop1
loop1
loop1
loop1
loop1
loop1
loop1
loop1
loop1
loop1
loop1
loop1
loop1
loop1
loop1
loop1
loop1
loop1
loop1
loop1
loop1
loop1
loop1
loop1
loop1
loop1
loop1
loop1
loop1
loop1
loop1
loop1
loop1
loop1
loop1
loop1
loop1
loop1
loop1
loop1
loop1
loop1
loop1
loop1
loop1
loop1
loop1
loop1
loop1
loop1
loop1
loop1
loop1
loop1
loop1
loop1
loop1
loop1
loop1
loop1
loop1
loop1
loop1
loop1
loop1
loop1
loop1
loop1
loop1
loop1
loop1
loop1
loop1
loop1
loop1
loop1
loop1
loop1
loop1
loop1
loop1
loop1
loop1
loop1
loop1
loop1
loop1
loop1
loop1
loop1
loop1
loop1
loop1
loop1
loop1
loop1
loop1
loop1
loop1
loop1
loop1
loop1
loop1
loop1
loop1
loop1
loop1
loop1
loop1
loop1
loop1
loop1
loop1
loop1
loop1
loop1
loop1
loop1
loop1
loop1
loop1
loop1
loop1
loop1
loop1
loop1
loop1
loop1
loop1
loop1
loop1
loop1
loop1
loop1
loop1
loop1
loop1
loop1
loop1
loop1
loop1
loop1
loop1
loop1
loop1
loop1
loop1
loop1
loop1
loop1
loop1
loop1
loop1
loop1
loop1
loop1
loop1
loop1
loop1
loop1
loop1
loop1
loop1
loop1
loop1
loop1
loop1
loop1
loop1
loop1
loop1
loop1
loop1
loop1
loop1
loop1
loop1
loop1
loop1
loop1
loop1
loop1
loop1
loop1
loop1
loop1
loop1
loop1
loop1
loop1
loop1
loop1
loop1
loop1
loop1
loop1
loop1
loop1
loop1
loop1
loop1
loop1
loop1
loop1
loop1
loop1
loop1
loop1
loop1
loop1
loop1
loop1
loop1
loop1
loop1
loop1
loop1
loop1
loop1
loop1
loop1
loop1
loop1
loop1
loop1
loop1
loop1
loop1
loop1
loop1
loop1
loop1
loop1
loop1
loop1
loop1
loop1
loop1
loop1
loop1
loop1
loop1
loop1
loop1
loop1
loop1
loop1
loop1
loop1
loop1
loop1
loop1
loop1
loop1
loop1
loop1
loop1
loop1
loop1
loop1
loop1
loop1
loop1
loop1
loop1
loop1
loop1
loop1
loop1
loop1
loop1
loop1
loop1
loop1
loop1
loop1
loop1
loop1
loop1
loop1
loop1
loop1
loop1
loop1
loop1
loop1
loop1
loop1
loop1
loop1
loop1
loop1
loop1
loop1
loop1
loop1
loop1
loop1
loop1
loop1
loop1
loop1
loop1
loop1
loop1
loop1
loop1
loop1
loop1
loop1
loop1
loop1
loop1
loop1
loop1
loop1
loop1
loop1
loop1
loop1
loop1
loop1
loop1
loop1
loop1
loop1
loop1
loop1
loop1
loop1
loop1
loop1
loop1
loop1
loop1
loop1
loop1
loop1
loop1
loop1
loop1
loop1
loop1
loop1
loop1
loop1
loop1
loop1
loop1
loop1
loop1
loop1
loop1
loop1
loop1
loop1
loop1
loop1
loop1
loop1
loop1
loop1
loop1
loop1
loop1
loop1
loop1
loop1
loop1
loop1
loop1
loop1
loop1
loop1
loop1
loop1
loop1
loop1
loop1
loop1
loop1
loop1
loop1
loop1
loop1
loop1
loop1
loop1
loop1
loop1
loop1
loop1
loop1
loop1
loop1
loop1
loop1
loop1
loop1
loop1
loop1
loop1
loop1
loop1
loop1
loop1
loop1
loop1
loop1
loop1
loop1
loop1
loop1
loop1
loop1
loop1
loop1
loop1
loop1
loop1
loop1
loop1
loop1
loop1
loop1
loop1
loop1
loop1
loop1
loop1
loop1
loop1
loop1
loop1
loop1
loop1
loop1
loop1
loop1
loop1
loop1
loop1
loop1
loop1
loop1
loop1
loop1
loop1
loop1
loop1
loop1
loop1
loop1
loop1
loop1
loop1
loop1
loop1
loop1
loop1
loop1
loop1
loop1
loop1
loop1
loop1
loop1
loop1
loop1
loop1
loop1
loop1
loop1
loop1
loop1
loop1
loop1
loop1
loop1
loop1
loop1
loop1
loop1
loop1
loop1
loop1
loop1
loop1
loop1
loop1
loop1
loop1
loop1
loop1
loop1
loop1
loop1
loop1
loop1
loop1
loop1
loop1
loop1
loop1
loop1
loop1
loop1
loop1
loop1
loop1
loop1
loop1
loop1
loop1
loop1
loop1
loop1
loop1
loop1
loop1
loop1
loop1
loop1
loop1
loop1
loop1
loop1
loop1
loop1
loop1
loop1
loop1
loop1
loop1
loop1
loop1
loop1
loop1
loop1
loop1
loop1
loop1
loop1
loop1
loop1
loop1
loop1
loop1
loop1
loop1
loop1
loop1
loop1
loop1
loop1
loop1
loop1
loop1
loop1
loop1
loop1
loop1
loop1
loop1
loop1
loop1
loop1
loop1
loop1
loop1
loop1
loop1
loop1
loop1
loop1
loop1
loop1
loop1
loop1
loop1
loop1
loop1
loop1
loop1
loop1
loop1
loop1
loop1
loop1
loop1
loop1
loop1
loop1
loop1
loop1
loop1
loop1
loop1
loop1
loop1
loop1
loop1
loop1
loop1
loop1
loop1
loop1
loop1
loop1
loop1
loop1
loop1
loop1
loop1
loop1
loop1
loop1
loop1
loop1
loop1
loop1
loop1
loop1
loop1
loop1
loop1
loop1
loop1
loop1
loop1
loop1
loop1
loop1
loop1
loop1
loop1
loop1
loop1
loop1
loop1
loop1
loop1
loop1
loop1
loop1
loop1
loop1
loop1
loop1
loop1
loop1
loop1
loop1
loop1
loop1
loop1
loop1
loop1
loop1
loop1
loop1
loop1
loop1
loop1
loop1
loop1
loop1
loop1
loop1
loop1
loop1
loop1
loop1
loop1
loop1
loop1
loop1
loop1
loop1
loop1
loop1
loop1
loop1
loop1
loop1
loop1
loop1
loop1
loop1
loop1
loop1
loop1
loop1
loop1
loop1
loop1
loop1
loop1
loop1
loop1
loop1
loop1
loop1
loop1
loop1
loop1
loop1
loop1
loop1
loop1
loop1
loop1
loop1
loop1
loop1
loop1
loop1
loop1
loop1
loop1
loop1
loop1
loop1
loop1
loop1
loop1
loop1
loop1
loop1
loop1
loop1
loop1
loop1
loop1
loop1
loop1
loop1
loop1
loop1
loop1
loop1
loop1
loop1
loop1
loop1
loop1
loop1
loop1
loop1
loop1
loop1
loop1
loop1
loop1
loop1
loop1
loop1
loop1
loop1
loop1
loop1
loop1
loop1
loop1
loop1
loop1
loop1
loop1
loop1
loop1
loop1
loop1
loop1
loop1
loop1
loop1
loop1
loop1
loop1
loop1
loop1
loop1
loop1
loop1
loop1
loop1
loop1
loop1
loop1
loop1
loop1
loop1
loop1
loop1
loop1
loop1
loop1
loop1
loop1
loop1
loop1
loop1
loop1
loop1
loop1
loop1
loop1
loop1
loop1
loop1
loop1
loop1
loop1
loop1
loop1
loop1
loop1
loop1
loop1
loop1
loop1
loop1
loop1
loop1
loop1
loop1
loop1
loop1
loop1
loop1
loop1
loop1
loop1
loop1
loop1
loop1
loop1
loop1
loop1
loop1
loop1
loop1
loop1
loop1
loop1
loop1
loop1
loop1
loop1
loop1
loop1
loop1
loop1
loop1
loop1
loop1
loop1
loop1
loop1
loop1
loop1
loop1
loop1
loop1
loop1
loop1
loop1
loop1
loop1
loop1
loop1
loop1
loop1
loop1
loop1
loop1
loop1
loop1
loop1
loop1
loop1
loop1
loop1
loop1
loop1
loop1
loop1
loop1
loop1
loop1
loop1
loop1
loop1
loop1
loop1
loop1
loop1
loop1
loop1
loop1
loop1
loop1
loop1
loop1
loop1
loop1
loop1
loop1
loop1
loop1
loop1
loop1
loop1
loop1
loop1
loop1
loop1
loop1
loop1
loop1
loop1
loop1
loop1
loop1
loop1
loop1
loop1
loop1
loop1
loop1
loop1
loop1
loop1
loop1
loop1
loop1
loop1
loop1
loop1
loop1
loop1
loop1
loop1
loop1
loop1
loop1
loop1
loop1
loop1
loop1
loop1
loop1
loop1
loop1
loop1
loop1
loop1
loop1
loop1
loop1
loop1
loop1
loop1
loop1
loop1
loop1
loop1
loop1
loop1
loop1
loop1
loop1
loop1
loop1
loop1
loop1
loop1
loop1
loop1
loop1
loop1
loop1
loop1
loop1
loop1
loop1
loop1
loop1
loop1
loop1
loop1
loop1
loop1
loop1
loop1
loop1
loop1
loop1
loop1
loop1
loop1
loop1
loop1
loop1
loop1
loop1
loop1
loop1
loop1
loop1
loop1
loop1
loop1
loop1
loop1
loop1
loop1
loop1
loop1
loop1
loop1
loop1
loop1
loop1
loop1
loop1
loop1
loop1
loop1
loop1
loop1
loop1
loop1
loop1
loop1
loop1
loop1
loop1
loop1
loop1
loop1
loop1
loop1
loop1
loop1
loop1
loop1
loop1
loop1
loop1
loop1
loop1
loop1
loop1
loop1
loop1
loop1
loop1
loop1
loop1
loop1
loop1
loop1
loop1
loop1
loop1
loop1
loop1
loop1
loop1
loop1
loop1
loop1
loop1
loop1
loop1
loop1
loop1
loop1
loop1
loop1
loop1
loop1
loop1
loop1
loop1
loop1
loop1
loop1
loop1
loop1
loop1
loop1
loop1
loop1
loop1
loop1
loop1
loop1
loop1
loop1
loop1
loop1
loop1
loop1
loop1
loop1
loop1
loop1
loop1
loop1
loop1
loop1
loop1
loop1
loop1
loop1
loop1
loop1
loop1
loop1
loop1
loop1
loop1
loop1
loop1
loop1
loop1
loop1
loop1
loop1
loop1
loop1
loop1
loop1
loop1
loop1
loop1
loop1
loop1
loop1
loop1
loop1
loop1
loop1
loop1
loop1
loop1
loop1
loop1
loop1
loop1
loop1
loop1
loop1
loop1
loop1
loop1
loop1
loop1
loop1
loop1
loop1
loop1
loop1
loop1
loop1
loop1
loop1
loop1
loop1
loop1
loop1
loop1
loop1
loop1
loop1
loop1
loop1
loop1
loop1
loop1
loop1
loop1
loop1
loop1
loop1
loop1
loop1
loop1
loop1
loop1
loop1
loop1
loop1
loop1
loop1
loop1
loop1
loop1
loop1
loop1
loop1
loop1
loop1
loop1
loop1
loop1
loop1
loop1
loop1
loop1
loop1
loop1
loop1
loop1
loop1
loop1
loop1
loop1
loop1
loop1
loop1
loop1
loop1
loop1
loop1
loop1
loop1
loop1
loop1
loop1
loop1
loop1
loop1
loop1
loop1
loop1
loop1
loop1
loop1
loop1
loop1
loop1
loop1
loop1
loop1
loop1
loop1
loop1
loop1
loop1
loop1
loop1
loop1
loop1
loop1
loop1
loop1
loop1
loop1
loop1
loop1
loop1
loop1
loop1
loop1
loop1
loop1
loop1
loop1
loop1
loop1
loop1
loop1
loop1
loop1
loop1
loop1
loop1
loop1
loop1
loop1
loop1
loop1
loop1
loop1
loop1
loop1
loop1
loop1
loop1
loop1
loop1
loop1
loop1
loop1
loop1
loop1
loop1
loop1
loop1
loop1
loop1
loop1
loop1
loop1
loop1
loop1
loop1
loop1
loop1
loop1
loop1
loop1
loop1
loop1
loop1
loop1
loop1
loop1
loop1
loop1
loop1
loop1
loop1
loop1
loop1
loop1
loop1
loop1
loop1
loop1
loop1
loop1
loop1
loop1
loop1
loop1
loop1
loop1
loop1
loop1
loop1
loop1
loop1
loop1
loop1
loop1
loop1
loop1
loop1
loop1
loop1
loop1
loop1
loop1
loop1
loop1
loop1
loop1
loop1
loop1
loop1
loop1
loop1
loop1
loop1
loop1
loop1
loop1
loop1
loop1
loop1
loop1
loop1
loop1
loop1
loop1
loop1
loop1
loop1
loop1
loop1
loop1
loop1
loop1
loop1
loop1
loop1
loop1
loop1
loop1
loop1
loop1
loop1
loop1
loop1
loop1
loop1
loop1
loop1
loop1
loop1
loop1
loop1
loop1
loop1
loop1
loop1
loop1
loop1
loop1
loop1
loop1
loop1
loop1
loop1
loop1
loop1
loop1
loop1
loop1
loop1
loop1
loop1
loop1
loop1
loop1
loop1
loop1
loop1
loop1
loop1
loop1
loop1
loop1
loop1
loop1
loop1
loop1
loop1
loop1
loop1
loop1
loop1
loop1
loop1
loop1
loop1
loop1
loop1
loop1
loop1
loop1
loop1
loop1
loop1
loop1
loop1
loop1
loop1
loop1
loop1
loop1
loop1
loop1
loop1
loop1
loop1
loop1
loop1
loop1
loop1
loop1
loop1
loop1
loop1
loop1
loop1
loop1
loop1
loop1
loop1
loop1
loop1
loop1
loop1
loop1
loop1
loop1
loop1
loop1
loop1
loop1
loop1
loop1
loop1
loop1
loop1
loop1
loop1
loop1
loop1
loop1
loop1
loop1
loop1
loop1
loop1
loop1
loop1
loop1
loop1
loop1
loop1
loop1
loop1
loop1
loop1
loop1
loop1
loop1
loop1
loop1
loop1
loop1
loop1
loop1
loop1
loop1
loop1
loop1
loop1
loop1
loop1
loop1
loop1
loop1
loop1
loop1
loop1
loop1
loop1
loop1
loop1
loop1
loop1
loop1
loop1
loop1
loop1
loop1
loop1
loop1
loop1
loop1
loop1
loop1
loop1
loop1
loop1
loop1
loop1
loop1
loop1
loop1
loop1
loop1
loop1
loop1
loop1
loop1
loop1
loop1
loop1
loop1
loop1
loop1
loop1
loop1
loop1
loop1
loop1
loop1
loop1
loop1
loop1
loop1
loop1
loop1
loop1
loop1
loop1
loop1
loop1
loop1
loop1
loop1
loop1
loop1
loop1
loop1
loop1
loop1
loop1
loop1
loop1
loop1
loop1
loop1
loop1
loop1
loop1
loop1
loop1
loop1
loop1
loop1
loop1
loop1
loop1
loop1
loop1
loop1
loop1
loop1
loop1
loop1
loop1
loop1
loop1
loop1
loop1
loop1
loop1
loop1
loop1
loop1
loop1
loop1
loop1
loop1
loop1
loop1
loop1
loop1
loop1
loop1
loop1
loop1
loop1
loop1
loop1
loop1
loop1
loop1
loop1
loop1
loop1
loop1
loop1
loop1
loop1
loop1
loop1
loop1
loop1
loop1
loop1
loop1
loop1
loop1
loop1
loop1
loop1
loop1
loop1
loop1
loop1
loop1
loop1
loop1
loop1
loop1
loop1
loop1
loop1
loop1
loop1
loop1
loop1
loop1
loop1
loop1
loop1
loop1
loop1
loop1
loop1
loop1
loop1
loop1
loop1
loop1
loop1
loop1
loop1
loop1
loop1
loop1
loop1
loop1
loop1
loop1
loop1
loop1
loop1
loop1
loop1
loop1
loop1
loop1
loop1
loop1
loop1
loop1
loop1
loop1
loop1
loop1
loop1
loop1
loop1
loop1
loop1
loop1
loop1
loop1
loop1
loop1
loop1
loop1
loop1
loop1
loop1
loop1
loop1
loop1
loop1
loop1
loop1
loop1
loop1
loop1
loop1
loop1
loop1
loop1
loop1
loop1
loop1
loop1
loop1
loop1
loop1
loop1
loop1
loop1
loop1
loop1
loop1
loop1
loop1
loop1
loop1
loop1
loop1
loop1
loop1
loop1
loop1
loop1
loop1
loop1
loop1
loop1
loop1
loop1
loop1
loop1
loop1
loop1
loop1
loop1
loop1
loop1
loop1
loop1
loop1
loop1
loop1
loop1
loop1
loop1
loop1
loop1
loop1
loop1
loop1
loop1
loop1
loop1
loop1
loop1
loop1
loop1
loop1
loop1
loop1
loop1
loop1
loop1
loop1
loop1
loop1
loop1
loop1
loop1
loop1
loop1
loop1
loop1
loop1
loop1
loop1
loop1
loop1
loop1
loop1
loop1
loop1
loop1
loop1
loop1
loop1
loop1
loop1
loop1
loop1
loop1
loop1
loop1
loop1
loop1
loop1
loop1
loop1
loop1
loop1
loop1
loop1
loop1
loop1
loop1
loop1
loop1
loop1
loop1
loop1
loop1
loop1
loop1
loop1
loop1
loop1
loop1
loop1
loop1
loop1
loop1
loop1
loop1
loop1
loop1
loop1
loop1
loop1
loop1
loop1
loop1
loop1
loop1
loop1
loop1
loop1
loop1
loop1
loop1
loop1
loop1
loop1
loop1
loop1
loop1
loop1
loop1
loop1
loop1
loop1
loop1
loop1
loop1
loop1
loop1
loop1
loop1
loop1
loop1
loop1
loop1
loop1
loop1
loop1
loop1
loop1
loop1
loop1
loop1
loop1
loop1
loop1
loop1
loop1
loop1
loop1
loop1
loop1
loop1
loop1
loop1
loop1
loop1
loop1
loop1
loop1
loop1
loop1
loop1
loop1
loop1
loop1
loop1
loop1
loop1
loop1
loop1
loop1
loop1
loop1
loop1
loop1
loop1
loop1
loop1
loop1
loop1
loop1
loop1
loop1
loop1
loop1
loop1
loop1
loop1
loop1
loop1
loop1
loop1
loop1
loop1
loop1
loop1
loop1
loop1
loop1
loop1
loop1
loop1
loop1
loop1
loop1
loop1
loop1
loop1
loop1
loop1
loop1
loop1
loop1
loop1
loop1
loop1
loop1
loop1
loop1
loop1
loop1
loop1
loop1
loop1
loop1
loop1
loop1
loop1
loop1
loop1
loop1
loop1
loop1
loop1
loop1
loop1
loop1
loop1
loop1
loop1
loop1
loop1
loop1
loop1
loop1
loop1
loop1
loop1
loop1
loop1
loop1
loop1
loop1
loop1
loop1
loop1
loop1
loop1
loop1
loop1
loop1
loop1
loop1
loop1
loop1
loop1
loop1
loop1
loop1
loop1
loop1
loop1
loop1
loop1
loop1
loop1
loop1
loop1
loop1
loop1
loop1
loop1
loop1
loop1
loop1
loop1
loop1
loop1
loop1
loop1
loop1
loop1
loop1
loop1
loop1
loop1
loop1
loop1
loop1
loop1
loop1
loop1
loop1
loop1
loop1
loop1
loop1
loop1
loop1
loop1
loop1
loop1
loop1
loop1
loop1
loop1
loop1
loop1
loop1
loop1
loop1
loop1
loop1
loop1
loop1
loop1
loop1
loop1
loop1
loop1
loop1
loop1
loop1
loop1
loop1
loop1
loop1
loop1
loop1
loop1
loop1
loop1
loop1
loop1
loop1
loop1
loop1
loop1
loop1
loop1
loop1
loop1
loop1
loop1
loop1
loop1
loop1
loop1
loop1
loop1
loop1
loop1
loop1
loop1
loop1
loop1
loop1
loop1
loop1
loop1
loop1
loop1
loop1
loop1
loop1
loop1
loop1
loop1
loop1
loop1
loop1
loop1
loop1
loop1
loop1
loop1
loop1
loop1
loop1
loop1
loop1
loop1
loop1
loop1
loop1
loop1
loop1
loop1
loop1
loop1
loop1
loop1
loop1
loop1
loop1
loop1
loop1
loop1
loop1
loop1
loop1
loop1
loop1
loop1
loop1
loop1
loop1
loop1
loop1
loop1
loop1
loop1
loop1
loop1
loop1
loop1
loop1
loop1
loop1
loop1
loop1
loop1
loop1
loop1
loop1
loop1
loop1
loop1
loop1
loop1
loop1
loop1
loop1
loop1
loop1
loop1
loop1
loop1
loop1
loop1
loop1
loop1
loop1
loop1
loop1
loop1
loop1
loop1
loop1
loop1
loop1
loop1
loop1
loop1
loop1
loop1
loop1
loop1
loop1
loop1
loop1
loop1
loop1
loop1
loop1
loop1
loop1
loop1
loop1
loop1
loop1
loop1
loop1
loop1
loop1
loop1
loop1
loop1
loop1
loop1
loop1
loop1
loop1
loop1
loop1
loop1
loop1
loop1
loop1
loop1
loop1
loop1
loop1
loop1
loop1
loop1
loop1
loop1
loop1
loop1
loop1
loop1
loop1
loop1
loop1
loop1
loop1
loop1
loop1
loop1
loop1
loop1
loop1
loop1
loop1
loop1
loop1
loop1
loop1
loop1
loop1
loop1
loop1
loop1
loop1
loop1
loop1
loop1
loop1
loop1
loop1
loop1
loop1
loop1
loop1
loop1
loop1
loop1
loop1
loop1
loop1
loop1
loop1
loop1
loop1
loop1
loop1
loop1
loop1
loop1
loop1
loop1
loop1
loop1
loop1
loop1
loop1
loop1
loop1
loop1
loop1
loop1
loop1
loop1
loop1
loop1
loop1
loop1
loop1
loop1
loop1
loop1
loop1
loop1
loop1
loop1
loop1
loop1
loop1
loop1
loop1
loop1
loop1
loop1
loop1
loop1
loop1
loop1
loop1
loop1
loop1
loop1
loop1
loop1
loop1
loop1
loop1
loop1
loop1
loop1
loop1
loop1
loop1
loop1
loop1
loop1
loop1
loop1
loop1
loop1
loop1
loop1
loop1
loop1
loop1
loop1
loop1
loop1
loop1
loop1
loop1
loop1
loop1
loop1
loop1
loop1
loop1
loop1
loop1
loop1
loop1
loop1
loop1
loop1
loop1
loop1
loop1
loop1
loop1
loop1
loop1
loop1
loop1
loop1
loop1
loop1
loop1
loop1
loop1
loop1
loop1
loop1
loop1
loop1
loop1
loop1
loop1
loop1
loop1
loop1
loop1
loop1
loop1
loop1
loop1
loop1
loop1
loop1
loop1
loop1
loop1
loop1
loop1
loop1
loop1
loop1
loop1
loop1
loop1
loop1
loop1
loop1
loop1
loop1
loop1
loop1
loop1
loop1
loop1
loop1
loop1
loop1
loop1
loop1
loop1
loop1
loop1
loop1
loop1
loop1
loop1
loop1
loop1
loop1
loop1
loop1
loop1
loop1
loop1
loop1
loop1
loop1
loop1
loop1
loop1
loop1
loop1
loop1
loop1
loop1
loop1
loop1
loop1
loop1
loop1
loop1
loop1
loop1
loop1
loop1
loop1
loop1
loop1
loop1
loop1
loop1
loop1
loop1
loop1
loop1
loop1
loop1
loop1
loop1
loop1
loop1
loop1
loop1
loop1
loop1
loop1
loop1
loop1
loop1
loop1
loop1
loop1
loop1
loop1
loop1
loop1
loop1
loop1
loop1
loop1
loop1
loop1
loop1
loop1
loop1
loop1
loop1
loop1
loop1
loop1
loop1
loop1
loop1
loop1
loop1
loop1
loop1
loop1
loop1
loop1
loop1
loop1
loop1
loop1
loop1
loop1
loop1
loop1
loop1
loop1
loop1
loop1
loop1
loop1
loop1
loop1
loop1
loop1
loop1
loop1
loop1
loop1
loop1
loop1
loop1
loop1
loop1
loop1
loop1
loop1
loop1
loop1
loop1
loop1
loop1
loop1
loop1
loop1
loop1
loop1
loop1
loop1
loop1
loop1
loop1
loop1
loop1
loop1
loop1
loop1
loop1
loop1
loop1
loop1
loop1
loop1
loop1
loop1
loop1
loop1
loop1
loop1
loop1
loop1
loop1
loop1
loop1
loop1
loop1
loop1
loop1
loop1
loop1
loop1
loop1
loop1
loop1
loop1
loop1
loop1
loop1
loop1
loop1
loop1
loop1
loop1
loop1
loop1
loop1
loop1
loop1
loop1
loop1
loop1
loop1
loop1
loop1
loop1
loop1
loop1
loop1
loop1
loop1
loop1
loop1
loop1
loop1
loop1
loop1
loop1
loop1
loop1
loop1
loop1
loop1
loop1
loop1
loop1
loop1
loop1
loop1
loop1
loop1
loop1
loop1
loop1
loop1
loop1
loop1
loop1
loop1
loop1
loop1
loop1
loop1
loop1
loop1
loop1
loop1
loop1
loop1
loop1
loop1
loop1
loop1
loop1
loop1
loop1
loop1
loop1
loop1
loop1
loop1
loop1
loop1
loop1
loop1
loop1
loop1
loop1
loop1
loop1
loop1
loop1
loop1
loop1
loop1
loop1
loop1
loop1
loop1
loop1
loop1
loop1
loop1
loop1
loop1
loop1
loop1
loop1
loop1
loop1
loop1
loop1
loop1
loop1
loop1
loop1
loop1
loop1
loop1
loop1
loop1
loop1
loop1
loop1
loop1
loop1
loop1
loop1
loop1
loop1
loop1
loop1
loop1
loop1
loop1
loop1
loop1
loop1
loop1
loop1
loop1
loop1
loop1
loop1
loop1
loop1
loop1
loop1
loop1
loop1
loop1
loop1
loop1
loop1
loop1
loop1
loop1
loop1
loop1
loop1
loop1
loop1
loop1
loop1
loop1
loop1
loop1
loop1
loop1
loop1
loop1
loop1
loop1
loop1
loop1
loop1
loop1
loop1
loop1
loop1
loop1
loop1
loop1
loop1
loop1
loop1
loop1
loop1
loop1
loop1
loop1
loop1
loop1
loop1
loop1
loop1
loop1
loop1
loop1
loop1
loop1
loop1
loop1
loop1
loop1
loop1
loop1
loop1
loop1
loop1
loop1
loop1
loop1
loop1
loop1
loop1
loop1
loop1
loop1
loop1
loop1
loop1
loop1
loop1
loop1
loop1
loop1
loop1
loop1
loop1
loop1
loop1
loop1
loop1
loop1
loop1
loop1
loop1
loop1
loop1
loop1
loop1
loop1
loop1
loop1
loop1
loop1
loop1
loop1
loop1
loop1
loop1
loop1
loop1
loop1
loop1
loop1
loop1
loop1
loop1
loop1
loop1
loop1
loop1
loop1
loop1
loop1
loop1
loop1
loop1
loop1
loop1
loop1
loop1
loop1
loop1
loop1
loop1
loop1
loop1
loop1
loop1
loop1
loop1
loop1
loop1
loop1
loop1
loop1
loop1
loop1
loop1
loop1
loop1
loop1
loop1
loop1
loop1
loop1
loop1
loop1
loop1
loop1
loop1
loop1
loop1
loop1
loop1
loop1
loop1
loop1
loop1
loop1
loop1
loop1
loop1
loop1
loop1
loop1
loop1
loop1
loop1
loop1
loop1
loop1
loop1
loop1
loop1
loop1
loop1
loop1
loop1
loop1
loop1
loop1
loop1
loop1
loop1
loop1
loop1
loop1
loop1
loop1
loop1
loop1
loop1
loop1
loop1
loop1
loop1
loop1
loop1
loop1
loop1
loop1
loop1
loop1
loop1
loop1
loop1
loop1
loop1
loop1
loop1
loop1
loop1
loop1
loop1
loop1
loop1
loop1
loop1
loop1
loop1
loop1
loop1
loop1
loop1
loop1
loop1
loop1
loop1
loop1
loop1
loop1
loop1
loop1
loop1
loop1
loop1
loop1
loop1
loop1
loop1
loop1
loop1
loop1
loop1
loop1
loop1
loop1
loop1
loop1
loop1
loop1
loop1
loop1
loop1
loop1
loop1
loop1
loop1
loop1
loop1
loop1
loop1
loop1
loop1
loop1
loop1
loop1
loop1
loop1
loop1
loop1
loop1
loop1
loop1
loop1
loop1
loop1
loop1
loop1
loop1
loop1
loop1
loop1
loop1
loop1
loop1
loop1
loop1
loop1
loop1
loop1
loop1
loop1
loop1
loop1
loop1
loop1
loop1
loop1
loop1
loop1
loop1
loop1
loop1
loop1
loop1
loop1
loop1
loop1
loop1
loop1
loop1
loop1
loop1
loop1
loop1
loop1
loop1
loop1
loop1
loop1
loop1
loop1
loop1
loop1
loop1
loop1
loop1
loop1
loop1
loop1
loop1
loop1
loop1
loop1
loop1
loop1
loop1
loop1
loop1
loop1
loop1
loop1
loop1
loop1
loop1
loop1
loop1
loop1
loop1
loop1
loop1
loop1
loop1
loop1
loop1
loop1
loop1
loop1
loop1
loop1
loop1
loop1
loop1
loop1
loop1
loop1
loop1
loop1
loop1
loop1
loop1
loop1
loop1
loop1
loop1
loop1
loop1
loop1
loop1
loop1
loop1
loop1
loop1
loop1
loop1
loop1
loop1
loop1
loop1
loop1
loop1
loop1
loop1
loop1
loop1
loop1
loop1
loop1
loop1
loop1
loop1
loop1
loop1
loop1
loop1
loop1
loop1
loop1
loop1
loop1
loop1
loop1
loop1
loop1
loop1
loop1
loop1
loop1
loop1
loop1
loop1
loop1
loop1
loop1
loop1
loop1
loop1
loop1
loop1
loop1
loop1
loop1
loop1
loop1
loop1
loop1
loop1
loop1
loop1
loop1
loop1
loop1
loop1
loop1
loop1
loop1
loop1
loop1
loop1
loop1
loop1
loop1
loop1
loop1
loop1
loop1
loop1
loop1
loop1
loop1
loop1
loop1
loop1
loop1
loop1
loop1
loop1
loop1
loop1
loop1
loop1
loop1
loop1
loop1
loop1
loop1
loop1
loop1
loop1
loop1
loop1
loop1
loop1
loop1
loop1
loop1
loop1
loop1
loop1
loop1
loop1
loop1
loop1
loop1
loop1
loop1
loop1
loop1
loop1
loop1
loop1
loop1
loop1
loop1
loop1
loop1
loop1
loop1
loop1
loop1
loop1
loop1
loop1
loop1
loop1
loop1
loop1
loop1
loop1
loop1
loop1
loop1
loop1
loop1
loop1
loop1
loop1
loop1
loop1
loop1
loop1
loop1
loop1
loop1
loop1
loop1
loop1
loop1
loop1
loop1
loop1
loop1
loop1
loop1
loop1
loop1
loop1
loop1
loop1
loop1
loop1
loop1
loop1
loop1
loop1
loop1
loop1
loop1
loop1
loop1
loop1
loop1
loop1
loop1
loop1
loop1
loop1
loop1
loop1
loop1
loop1
loop1
loop1
loop1
loop1
loop1
loop1
loop1
loop1
loop1
loop1
loop1
loop1
loop1
loop1
loop1
loop1
loop1
loop1
loop1
loop1
loop1
loop1
loop1
loop1
loop1
loop1
loop1
loop1
loop1
loop1
loop1
loop1
loop1
loop1
loop1
loop1
loop1
loop1
loop1
loop1
loop1
loop1
loop1
loop1
loop1
loop1
loop1
loop1
loop1
loop1
loop1
loop1
loop1
loop1
loop1
loop1
loop1
loop1
loop1
loop1
loop1
loop1
loop1
loop1
loop1
loop1
loop1
loop1
loop1
loop1
loop1
loop1
loop1
loop1
loop1
loop1
loop1
loop1
loop1
loop1
loop1
loop1
loop1
loop1
loop1
loop1
loop1
loop1
loop1
loop1
loop1
loop1
loop1
loop1
loop1
loop1
loop1
loop1
loop1
loop1
loop1
loop1
loop1
loop1
loop1
loop1
loop1
loop1
loop1
loop1
loop1
loop1
loop1
loop1
loop1
loop1
loop1
loop1
loop1
loop1
loop1
loop1
loop1
loop1
loop1
loop1
loop1
loop1
loop1
loop1
loop1
loop1
loop1
loop1
loop1
loop1
loop1
loop1
loop1
loop1
loop1
loop1
loop1
loop1
loop1
loop1
loop1
loop1
loop1
loop1
loop1
loop1
loop1
loop1
loop1
loop1
loop1
loop1
loop1
loop1
loop1
loop1
loop1
loop1
loop1
loop1
loop1
loop1
loop1
loop1
loop1
loop1
loop1
loop1
loop1
loop1
loop1
loop1
loop1
loop1
loop1
loop1
loop1
loop1
loop1
loop1
loop1
loop1
loop1
loop1
loop1
loop1
loop1
loop1
loop1
loop1
loop1
loop1
loop1
loop1
loop1
loop1
loop1
loop1
loop1
loop1
loop1
loop1
loop1
loop1
loop1
loop1
loop1
loop1
loop1
loop1
loop1
loop1
loop1
loop1
loop1
loop1
loop1
loop1
loop1
loop1
loop1
loop1
loop1
loop1
loop1
loop1
loop1
loop1
loop1
loop1
loop1
loop1
loop1
loop1
loop1
loop1
loop1
loop1
loop1
loop1
loop1
loop1
loop1
loop1
loop1
loop1
loop1
loop1
loop1
loop1
loop1
loop1
loop1
loop1
loop1
loop1
loop1
loop1
loop1
loop1
loop1
loop1
loop1
loop1
loop1
loop1
loop1
loop1
loop1
loop1
loop1
loop1
loop1
loop1
loop1
loop1
loop1
loop1
loop1
loop1
loop1
loop1
loop1
loop1
loop1
loop1
loop1
loop1
loop1
loop1
loop1
loop1
loop1
loop1
loop1
loop1
loop1
loop1
loop1
loop1
loop1
loop1
loop1
loop1
loop1
loop1
loop1
loop1
loop1
loop1
loop1
loop1
loop1
loop1
loop1
loop1
loop1
loop1
loop1
loop1
loop1
loop1
loop1
loop1
loop1
loop1
loop1
loop1
loop1
loop1
loop1
loop1
loop1
loop1
loop1
loop1
loop1
loop1
loop1
loop1
loop1
loop1
loop1
loop1
loop1
loop1
loop1
loop1
loop1
loop1
loop1
loop1
loop1
loop1
loop1
loop1
loop1
loop1
loop1
loop1
loop1
loop1
loop1
loop1
loop1
loop1
loop1
loop1
loop1
loop1
loop1
loop1
loop1
loop1
loop1
loop1
loop1
loop1
loop1
loop1
loop1
loop1
loop1
loop1
loop1
loop1
loop1
loop1
loop1
loop1
loop1
loop1
loop1
loop1
loop1
loop1
loop1
loop1
loop1
loop1
loop1
loop1
loop1
loop1
loop1
loop1
loop1
loop1
loop1
loop1
loop1
loop1
loop1
loop1
loop1
loop1
loop1
loop1
loop1
loop1
loop1
loop1
loop1
loop1
loop1
loop1
loop1
loop1
loop1
loop1
loop1
loop1
loop1
loop1
loop1
loop1
loop1
loop1
loop1
loop1
loop1
loop1
loop1
loop1
loop1
loop1
loop1
loop1
loop1
loop1
loop1
loop1
loop1
loop1
loop1
loop1
loop1
loop1
loop1
loop1
loop1
loop1
loop1
loop1
loop1
loop1
loop1
loop1
loop1
loop1
loop1
loop1
loop1
loop1
loop1
loop1
loop1
loop1
loop1
loop1
loop1
loop1
loop1
loop1
loop1
loop1
loop1
loop1
loop1
loop1
loop1
loop1
loop1
loop1
loop1
loop1
loop1
loop1
loop1
loop1
loop1
loop1
loop1
loop1
loop1
loop1
loop1
loop1
loop1
loop1
loop1
loop1
loop1
loop1
loop1
loop1
loop1
loop1
loop1
loop1
loop1
loop1
loop1
loop1
loop1
loop1
loop1
loop1
loop1
loop1
loop1
loop1
loop1
loop1
loop1
loop1
loop1
loop1
loop1
loop1
loop1
loop1
loop1
loop1
loop1
loop1
loop1
loop1
loop1
loop1
loop1
loop1
loop1
loop1
loop1
loop1
loop1
loop1
loop1
loop1
loop1
loop1
loop1
loop1
loop1
loop1
loop1
loop1
loop1
loop1
loop1
loop1
loop1
loop1
loop1
loop1
loop1
loop1
loop1
loop1
loop1
loop1
loop1
loop1
loop1
loop1
loop1
loop1
loop1
loop1
loop1
loop1
loop1
loop1
loop1
loop1
loop1
loop1
loop1
loop1
loop1
loop1
loop1
loop1
loop1
loop1
loop1
loop1
loop1
loop1
loop1
loop1
loop1
loop1
loop1
loop1
loop1
loop1
loop1
loop1
loop1
loop1
loop1
loop1
loop1
loop1
loop1
loop1
loop1
loop1
loop1
loop1
loop1
loop1
loop1
loop1
loop1
loop1
loop1
loop1
loop1
loop1
loop1
loop1
loop1
loop1
loop1
loop1
loop1
loop1
loop1
loop1
loop1
loop1
loop1
loop1
loop1
loop1
loop1
loop1
loop1
loop1
loop1
loop1
loop1
loop1
loop1
loop1
loop1
loop1
loop1
loop1
loop1
loop1
loop1
loop1
loop1
loop1
loop1
loop1
loop1
loop1
loop1
loop1
loop1
loop1
loop1
loop1
loop1
loop1
loop1
loop1
loop1
loop1
loop1
loop1
loop1
loop1
loop1
loop1
loop1
loop1
loop1
loop1
loop1
loop1
loop1
loop1
loop1
loop1
loop1
loop1
loop1
loop1
loop1
loop1
loop1
loop1
loop1
loop1
loop1
loop1
loop1
loop1
loop1
loop1
loop1
loop1
loop1
loop1
loop1
loop1
loop1
loop1
loop1
loop1
loop1
loop1
loop1
loop1
loop1
loop1
loop1
loop1
loop1
loop1
loop1
loop1
loop1
loop1
loop1
loop1
loop1
loop1
loop1
loop1
loop1
loop1
loop1
loop1
loop1
loop1
loop1
loop1
loop1
loop1
loop1
loop1
loop1
loop1
loop1
loop1
loop1
loop1
loop1
loop1
loop1
loop1
loop1
loop1
loop1
loop1
loop1
loop1
loop1
loop1
loop1
loop1
loop1
loop1
loop1
loop1
loop1
loop1
loop1
loop1
loop1
loop1
loop1
loop1
loop1
loop1
loop1
loop1
loop1
loop1
loop1
loop1
loop1
loop1
loop1
loop1
loop1
loop1
loop1
loop1
loop1
loop1
loop1
loop1
loop1
loop1
loop1
loop1
loop1
loop1
loop1
loop1
loop1
loop1
loop1
loop1
loop1
loop1
loop1
loop1
loop1
loop1
loop1
loop1
loop1
loop1
loop1
loop1
loop1
loop1
loop1
loop1
loop1
loop1
loop1
loop1
loop1
loop1
loop1
loop1
loop1
loop1
loop1
loop1
loop1
loop1
loop1
loop1
loop1
loop1
loop1
loop1
loop1
loop1
loop1
loop1
loop1
loop1
loop1
loop1
loop1
loop1
loop1
loop1
loop1
loop1
loop1
loop1
loop1
loop1
loop1
loop1
loop1
loop1
loop1
loop1
loop1
loop1
loop1
loop1
loop1
loop1
loop1
loop1
loop1
loop1
loop1
loop1
loop1
loop1
loop1
loop1
loop1
loop1
loop1
loop1
loop1
loop1
loop1
loop1
loop1
loop1
loop1
loop1
loop1
loop1
loop1
loop1
loop1
loop1
loop1
loop1
loop1
loop1
loop1
loop1
loop1
loop1
loop1
loop1
loop1
loop1
loop1
loop1
loop1
loop1
loop1
loop1
loop1
loop1
loop1
loop1
loop1
loop1
loop1
loop1
loop1
loop1
loop1
loop1
loop1
loop1
loop1
loop1
loop1
loop1
loop1
loop1
loop1
loop1
loop1
loop1
loop1
loop1
loop1
loop1
loop1
loop1
loop1
loop1
loop1
loop1
loop1
loop1
loop1
loop1
loop1
loop1
loop1
loop1
loop1
loop1
loop1
loop1
loop1
loop1
loop1
loop1
loop1
loop1
loop1
loop1
loop1
loop1
loop1
loop1
loop1
loop1
loop1
loop1
loop1
loop1
loop1
loop1
loop1
loop1
loop1
loop1
loop1
loop1
loop1
loop1
loop1
loop1
loop1
loop1
loop1
loop1
loop1
loop1
loop1
loop1
loop1
loop1
loop1
loop1
loop1
loop1
loop1
loop1
loop1
loop1
loop1
loop1
loop1
loop1
loop1
loop1
loop1
loop1
loop1
loop1
loop1
loop1
loop1
loop1
loop1
loop1
loop1
loop1
loop1
loop1
loop1
loop1
loop1
loop1
loop1
loop1
loop1
loop1
loop1
loop1
loop1
loop1
loop1
loop1
loop1
loop1
loop1
loop1
loop1
loop1
loop1
loop1
loop1
loop1
loop1
loop1
loop1
loop1
loop1
loop1
loop1
loop1
loop1
loop1
loop1
loop1
loop1
loop1
loop1
loop1
loop1
loop1
loop1
loop1
loop1
loop1
loop1
loop1
loop1
loop1
loop1
loop1
loop1
loop1
loop1
loop1
loop1
loop1
loop1
loop1
loop1
loop1
loop1
loop1
loop1
loop1
loop1
loop1
loop1
loop1
loop1
loop1
loop1
loop1
loop1
loop1
loop1
loop1
loop1
loop1
loop1
loop1
loop1
loop1
loop1
loop1
loop1
loop1
loop1
loop1
loop1
loop1
loop1
loop1
loop1
loop1
loop1
loop1
loop1
loop1
loop1
loop1
loop1
loop1
loop1
loop1
loop1
loop1
loop1
loop1
loop1
loop1
loop1
loop1
loop1
loop1
loop1
loop1
loop1
loop1
loop1
loop1
loop1
loop1
loop1
loop1
loop1
loop1
loop1
loop1
loop1
loop1
loop1
loop1
loop1
loop1
loop1
loop1
loop1
loop1
loop1
loop1
loop1
loop1
loop1
loop1
loop1
loop1
loop1
loop1
loop1
loop1
loop1
loop1
loop1
loop1
loop1
loop1
loop1
loop1
loop1
loop1
loop1
loop1
loop1
loop1
loop1
loop1
loop1
loop1
loop1
loop1
loop1
loop1
loop1
loop1
loop1
loop1
loop1
loop1
loop1
loop1
loop1
loop1
loop1
loop1
loop1
loop1
loop1
loop1
loop1
loop1
loop1
loop1
loop1
loop1
loop1
loop1
loop1
loop1
loop1
loop1
loop1
loop1
loop1
loop1
loop1
loop1
loop1
loop1
loop1
loop1
loop1
loop1
loop1
loop1
loop1
loop1
loop1
loop1
loop1
loop1
loop1
loop1
loop1
loop1
loop1
loop1
loop1
loop1
loop1
loop1
loop1
loop1
loop1
loop1
loop1
loop1
loop1
loop1
loop1
loop1
loop1
loop1
loop1
loop1
loop1
loop1
loop1
loop1
loop1
loop1
loop1
loop1
loop1
loop1
loop1
loop1
loop1
loop1
loop1
loop1
loop1
loop1
loop1
loop1
loop1
loop1
loop1
loop1
loop1
loop1
loop1
loop1
loop1
loop1
loop1
loop1
loop1
loop1
loop1
loop1
loop1
loop1
loop1
loop1
loop1
loop1
loop1
loop1
loop1
loop1
loop1
loop1
loop1
loop1
loop1
loop1
loop1
loop1
loop1
loop1
loop1
loop1
loop1
loop1
loop1
loop1
loop1
loop1
loop1
loop1
loop1
loop1
loop1
loop1
loop1
loop1
loop1
loop1
loop1
loop1
loop1
loop1
loop1
loop1
loop1
loop1
loop1
loop1
loop1
loop1
loop1
loop1
loop1
loop1
loop1
loop1
loop1
loop1
loop1
loop1
loop1
loop1
loop1
loop1
loop1
loop1
loop1
loop1
loop1
loop1
loop1
loop1
loop1
loop1
loop1
loop1
loop1
loop1
loop1
loop1
loop1
loop1
loop1
loop1
loop1
loop1
loop1
loop1
loop1
loop1
loop1
loop1
loop1
loop1
loop1
loop1
loop1
loop1
loop1
loop1
loop1
loop1
loop1
loop1
loop1
loop1
loop1
loop1
loop1
loop1
loop1
loop1
loop1
loop1
loop1
loop1
loop1
loop1
loop1
loop1
loop1
loop1
loop1
loop1
loop1
loop1
loop1
loop1
loop1
loop1
loop1
loop1
loop1
loop1
loop1
loop1
loop1
loop1
loop1
loop1
loop1
loop1
loop1
loop1
loop1
loop1
loop1
loop1
loop1
loop1
loop1
loop1
loop1
loop1
loop1
loop1
loop1
loop1
loop1
loop1
loop1
loop1
loop1
loop1
loop1
loop1
loop1
loop1
loop1
loop1
loop1
loop1
loop1
loop1
loop1
loop1
loop1
loop1
loop1
loop1
loop1
loop1
loop1
loop1
loop1
loop1
loop1
loop1
loop1
loop1
loop1
loop1
loop1
loop1
loop1
loop1
loop1
loop1
loop1
loop1
loop1
loop1
loop1
loop1
loop1
loop1
loop1
loop1
loop1
loop1
loop1
loop1
loop1
loop1
loop1
loop1
loop1
loop1
loop1
loop1
loop1
loop1
loop1
loop1
loop1
loop1
loop1
loop1
loop1
loop1
loop1
loop1
loop1
loop1
loop1
loop1
loop1
loop1
loop1
loop1
loop1
loop1
loop1
loop1
loop1
loop1
loop1
loop1
loop1
loop1
loop1
loop1
loop1
loop1
loop1
loop1
loop1
loop1
loop1
loop1
loop1
loop1
loop1
loop1
loop1
loop1
loop1
loop1
loop1
loop1
loop1
loop1
loop1
loop1
loop1
loop1
loop1
loop1
loop1
loop1
loop1
loop1
loop1
loop1
loop1
loop1
loop1
loop1
loop1
loop1
loop1
loop1
loop1
loop1
loop1
loop1
loop1
loop1
loop1
loop1
loop1
loop1
loop1
loop1
loop1
loop1
loop1
loop1
loop1
loop1
loop1
loop1
loop1
loop1
loop1
loop1
loop1
loop1
loop1
loop1
loop1
loop1
loop1
loop1
loop1
loop1
loop1
loop1
loop1
loop1
loop1
loop1
loop1
loop1
loop1
loop1
loop1
loop1
loop1
loop1
loop1
loop1
loop1
loop1
loop1
loop1
loop1
loop1
loop1
loop1
loop1
loop1
loop1
loop1
loop1
loop1
loop1
loop1
loop1
loop1
loop1
loop1
loop1
loop1
loop1
loop1
loop1
loop1
loop1
loop1
loop1
loop1
loop1
loop1
loop1
loop1
loop1
loop1
loop1
loop1
loop1
loop1
loop1
loop1
loop1
loop1
loop1
loop1
loop1
loop1
loop1
loop1
loop1
loop1
loop1
loop1
loop1
loop1
loop1
loop1
loop1
loop1
loop1
loop1
loop1
loop1
loop1
loop1
loop1
loop1
loop1
loop1
loop1
loop1
loop1
loop1
loop1
loop1
loop1
loop1
loop1
loop1
loop1
loop1
loop1
loop1
loop1
loop1
loop1
loop1
loop1
loop1
loop1
loop1
loop1
loop1
loop1
loop1
loop1
loop1
loop1
loop1
loop1
loop1
loop1
loop1
loop1
loop1
loop1
loop1
loop1
loop1
loop1
loop1
loop1
loop1
loop1
loop1
loop1
loop1
loop1
loop1
loop1
loop1
loop1
loop1
loop1
loop1
loop1
loop1
loop1
loop1
loop1
loop1
loop1
loop1
loop1
loop1
loop1
loop1
loop1
loop1
loop1
loop1
loop1
loop1
loop1
loop1
loop1
loop1
loop1
loop1
loop1
loop1
loop1
loop1
loop1
loop1
loop1
loop1
loop1
loop1
loop1
loop1
loop1
loop1
loop1
loop1
loop1
loop1
loop1
loop1
loop1
loop1
loop1
loop1
loop1
loop1
loop1
loop1
loop1
loop1
loop1
loop1
loop1
loop1
loop1
loop1
loop1
loop1
loop1
loop1
loop1
loop1
loop1
loop1
loop1
loop1
loop1
loop1
loop1
loop1
loop1
loop1
loop1
loop1
loop1
loop1
loop1
loop1
loop1
loop1
loop1
loop1
loop1
loop1
loop1
loop1
loop1
loop1
loop1
loop1
loop1
loop1
loop1
loop1
loop1
loop1
loop1
loop1
loop1
loop1
loop1
loop1
loop1
loop1
loop1
loop1
loop1
loop1
loop1
loop1
loop1
loop1
loop1
loop1
loop1
loop1
loop1
loop1
loop1
loop1
loop1
loop1
loop1
loop1
loop1
loop1
loop1
loop1
loop1
loop1
loop1
loop1
loop1
loop1
loop1
loop1
loop1
loop1
loop1
loop1
loop1
loop1
loop1
loop1
loop1
loop1
loop1
loop1
loop1
loop1
loop1
loop1
loop1
loop1
loop1
loop1
loop1
loop1
loop1
loop1
loop1
loop1
loop1
loop1
loop1
loop1
loop1
loop1
loop1
loop1
loop1
loop1
loop1
loop1
loop1
loop1
loop1
loop1
loop1
loop1
loop1
loop1
loop1
loop1
loop1
loop1
loop1
loop1
loop1
loop1
loop1
loop1
loop1
loop1
loop1
loop1
loop1
loop1
loop1
loop1
loop1
loop1
loop1
loop1
loop1
loop1
loop1
loop1
loop1
loop1
loop1
loop1
loop1
loop1
loop1
loop1
loop1
loop1
loop1
loop1
loop1
loop1
loop1
loop1
loop1
loop1
loop1
loop1
loop1
loop1
loop1
loop1
loop1
loop1
loop1
loop1
loop1
loop1
loop1
loop1
loop1
loop1
loop1
loop1
loop1
loop1
loop1
loop1
loop1
loop1
loop1
loop1
loop1
loop1
loop1
loop1
loop1
loop1
loop1
loop1
loop1
loop1
loop1
loop1
loop1
loop1
loop1
loop1
loop1
loop1
loop1
loop1
loop1
loop1
loop1
loop1
loop1
loop1
loop1
loop1
loop1
loop1
loop1
loop1
loop1
loop1
loop1
loop1
loop1
loop1
loop1
loop1
loop1
loop1
loop1
loop1
loop1
loop1
loop1
loop1
loop1
loop1
loop1
loop1
loop1
loop1
loop1
loop1
loop1
loop1
loop1
loop1
loop1
loop1
loop1
loop1
loop1
loop1
loop1
loop1
loop1
loop1
loop1
loop1
loop1
loop1
loop1
loop1
loop1
loop1
loop1
loop1
loop1
loop1
loop1
loop1
loop1
loop1
loop1
loop1
loop1
loop1
loop1
loop1
loop1
loop1
loop1
loop1
loop1
loop1
loop1
loop1
loop1
loop1
loop1
loop1
loop1
loop1
loop1
loop1
loop1
loop1
loop1
loop1
loop1
loop1
loop1
loop1
loop1
loop1
loop1
loop1
loop1
loop1
loop1
loop1
loop1
loop1
loop1
loop1
loop1
loop1
loop1
loop1
loop1
loop1
loop1
loop1
loop1
loop1
loop1
loop1
loop1
loop1
loop1
loop1
loop1
loop1
loop1
loop1
loop1
loop1
loop1
loop1
loop1
loop1
loop1
loop1
loop1
loop1
loop1
loop1
loop1
loop1
loop1
loop1
loop1
loop1
loop1
loop1
loop1
loop1
loop1
loop1
loop1
loop1
loop1
loop1
loop1
loop1
loop1
loop1
loop1
loop1
loop1
loop1
loop1
loop1
loop1
loop1
loop1
loop1
loop1
loop1
loop1
loop1
loop1
loop1
loop1
loop1
loop1
loop1
loop1
loop1
loop1
loop1
loop1
loop1
loop1
loop1
loop1
loop1
loop1
loop1
loop1
loop1
loop1
loop1
loop1
loop1
loop1
loop1
loop1
loop1
loop1
loop1
loop1
loop1
loop1
loop1
loop1
loop1
loop1
loop1
loop1
loop1
loop1
loop1
loop1
loop1
loop1
loop1
loop1
loop1
loop1
loop1
loop1
loop1
loop1
loop1
loop1
loop1
loop1
loop1
loop1
loop1
loop1
loop1
loop1
loop1
loop1
loop1
loop1
loop1
loop1
loop1
loop1
loop1
loop1
loop1
loop1
loop1
loop1
loop1
loop1
loop1
loop1
loop1
loop1
loop1
loop1
loop1
loop1
loop1
loop1
loop1
loop1
loop1
loop1
loop1
loop1
loop1
loop1
loop1
loop1
loop1
loop1
loop1
loop1
loop1
loop1
loop1
loop1
loop1
loop1
loop1
loop1
loop1
loop1
loop1
loop1
loop1
loop1
loop1
loop1
loop1
loop1
loop1
loop1
loop1
loop1
loop1
loop1
loop1
loop1
loop1
loop1
loop1
loop1
loop1
loop1
loop1
loop1
loop1
loop1
loop1
loop1
loop1
loop1
loop1
loop1
loop1
loop1
loop1
loop1
loop1
loop1
loop1
loop1
loop1
loop1
loop1
loop1
loop1
loop1
loop1
loop1
loop1
loop1
loop1
loop1
loop1
loop1
loop1
loop1
loop1
loop1
loop1
loop1
loop1
loop1
loop1
loop1
loop1
loop1
loop1
loop1
loop1
loop1
loop1
loop1
loop1
loop1
loop1
loop1
loop1
loop1
loop1
loop1
loop1
loop1
loop1
loop1
loop1
loop1
loop1
loop1
loop1
loop1
loop1
loop1
loop1
loop1
loop1
loop1
loop1
loop1
loop1
loop1
loop1
loop1
loop1
loop1
loop1
loop1
loop1
loop1
loop1
loop1
loop1
loop1
loop1
loop1
loop1
loop1
loop1
loop1
loop1
loop1
loop1
loop1
loop1
loop1
loop1
loop1
loop1
loop1
loop1
loop1
loop1
loop1
loop1
loop1
loop1
loop1
loop1
loop1
loop1
loop1
loop1
loop1
loop1
loop1
loop1
loop1
loop1
loop1
loop1
loop1
loop1
loop1
loop1
loop1
loop1
loop1
loop1
loop1
loop1
loop1
loop1
loop1
loop1
loop1
loop1
loop1
loop1
loop1
loop1
loop1
loop1
loop1
loop1
loop1
loop1
loop1
loop1
loop1
loop1
loop1
loop1
loop1
loop1
loop1
loop1
loop1
loop1
loop1
loop1
loop1
loop1
loop1
loop1
loop1
loop1
loop1
loop1
loop1
loop1
loop1
loop1
loop1
loop1
loop1
loop1
loop1
loop1
loop1
loop1
loop1
loop1
loop1
loop1
loop1
loop1
loop1
loop1
loop1
loop1
loop1
loop1
loop1
loop1
loop1
loop1
loop1
loop1
loop1
loop1
loop1
loop1
loop1
loop1
loop1
loop1
loop1
loop1
loop1
loop1
loop1
loop1
loop1
loop1
loop1
loop1
loop1
loop1
loop1
loop1
loop1
loop1
loop1
loop1
loop1
loop1
loop1
loop1
loop1
loop1
loop1
loop1
loop1
loop1
loop1
loop1
loop1
loop1
loop1
loop1
loop1
loop1
loop1
loop1
loop1
loop1
loop1
loop1
loop1
loop1
loop1
loop1
loop1
loop1
loop1
loop1
loop1
loop1
loop1
loop1
loop1
loop1
loop1
loop1
loop1
loop1
loop1
loop1
loop1
loop1
loop1
loop1
loop1
loop1
loop1
loop1
loop1
loop1
loop1
loop1
loop1
loop1
loop1
loop1
loop1
loop1
loop1
loop1
loop1
loop1
loop1
loop1
loop1
loop1
loop1
loop1
loop1
loop1
loop1
loop1
loop1
loop1
loop1
loop1
loop1
loop1
loop1
loop1
loop1
loop1
loop1
loop1
loop1
loop1
loop1
loop1
loop1
loop1
loop1
loop1
loop1
loop1
loop1
loop1
loop1
loop1
loop1
loop1
loop1
loop1
loop1
loop1
loop1
loop1
loop1
loop1
loop1
loop1
loop1
loop1
loop1
loop1
loop1
loop1
loop1
loop1
loop1
loop1
loop1
loop1
loop1
loop1
loop1
loop1
loop1
loop1
loop1
loop1
loop1
loop1
loop1
loop1
loop1
loop1
loop1
loop1
loop1
loop1
loop1
loop1
loop1
loop1
loop1
loop1
loop1
loop1
loop1
loop1
loop1
loop1
loop1
loop1
loop1
loop1
loop1
loop1
loop1
loop1
loop1
loop1
loop1
loop1
loop1
loop1
loop1
loop1
loop1
loop1
loop1
loop1
loop1
loop1
loop1
loop1
loop1
loop1
loop1
loop1
loop1
loop1
loop1
loop1
loop1
loop1
loop1
loop1
loop1
loop1
loop1
loop1
loop1
loop1
loop1
loop1
loop1
loop1
loop1
loop1
loop1
loop1
loop1
loop1
loop1
loop1
loop1
loop1
loop1
loop1
loop1
loop1
loop1
loop1
loop1
loop1
loop1
loop1
loop1
loop1
loop1
loop1
loop1
loop1
loop1
loop1
loop1
loop1
loop1
loop1
loop1
loop1
loop1
loop1
loop1
loop1
loop1
loop1
loop1
loop1
loop1
loop1
loop1
loop1
loop1
loop1
loop1
loop1
loop1
loop1
loop1
loop1
loop1
loop1
loop1
loop1
loop1
loop1
loop1
loop1
loop1
loop1
loop1
loop1
loop1
loop1
loop1
loop1
loop1
loop1
loop1
loop1
loop1
loop1
loop1
loop1
loop1
loop1
loop1
loop1
loop1
loop1
loop1
loop1
loop1
loop1
loop1
loop1
loop1
loop1
loop1
loop1
loop1
loop1
loop1
loop1
loop1
loop1
loop1
loop1
loop1
loop1
loop1
loop1
loop1
loop1
loop1
loop1
loop1
loop1
loop1
loop1
loop1
loop1
loop1
loop1
loop1
loop1
loop1
loop1
loop1
loop1
loop1
loop1
loop1
loop1
loop1
loop1
loop1
loop1
loop1
loop1
loop1
loop1
loop1
loop1
loop1
loop1
loop1
loop1
loop1
loop1
loop1
loop1
loop1
loop1
loop1
loop1
loop1
loop1
loop1
loop1
loop1
loop1
loop1
loop1
loop1
loop1
loop1
loop1
loop1
loop1
loop1
loop1
loop1
loop1
loop1
loop1
loop1
loop1
loop1
loop1
loop1
loop1
loop1
loop1
loop1
loop1
loop1
loop1
loop1
loop1
loop1
loop1
loop1
loop1
loop1
loop1
loop1
loop1
loop1
loop1
loop1
loop1
loop1
loop1
loop1
loop1
loop1
loop1
loop1
loop1
loop1
loop1
loop1
loop1
loop1
loop1
loop1
loop1
loop1
loop1
loop1
loop1
loop1
loop1
loop1
loop1
loop1
loop1
loop1
loop1
loop1
loop1
loop1
loop1
loop1
loop1
loop1
loop1
loop1
loop1
loop1
loop1
loop1
loop1
loop1
loop1
loop1
loop1
loop1
loop1
loop1
loop1
loop1
loop1
loop1
loop1
loop1
loop1
loop1
loop1
loop1
loop1
loop1
loop1
loop1
loop1
loop1
loop1
loop1
loop1
loop1
loop1
loop1
loop1
loop1
loop1
loop1
loop1
loop1
loop1
loop1
loop1
loop1
loop1
loop1
loop1
loop1
loop1
loop1
loop1
loop1
loop1
loop1
loop1
loop1
loop1
loop1
loop1
loop1
loop1
loop1
loop1
loop1
loop1
loop1
loop1
loop1
loop1
loop1
loop1
loop1
loop1
loop1
loop1
loop1
loop1
loop1
loop1
loop1
loop1
loop1
loop1
loop1
loop1
loop1
loop1
loop1
loop1
loop1
loop1
loop1
loop1
loop1
loop1
loop1
loop1
loop1
loop1
loop1
loop1
loop1
loop1
loop1
loop1
loop1
loop1
loop1
loop1
loop1
loop1
loop1
loop1
loop1
loop1
loop1
loop1
loop1
loop1
loop1
loop1
loop1
loop1
loop1
loop1
loop1
loop1
loop1
loop1
loop1
loop1
loop1
loop1
loop1
loop1
loop1
loop1
loop1
loop1
loop1
loop1
loop1
loop1
loop1
loop1
loop1
loop1
loop1
loop1
loop1
loop1
loop1
loop1
loop1
loop1
loop1
loop1
loop1
loop1
loop1
loop1
loop1
loop1
loop1
loop1
loop1
loop1
loop1
loop1
loop1
loop1
loop1
loop1
loop1
loop1
loop1
loop1
loop1
loop1
loop1
loop1
loop1
loop1
loop1
loop1
loop1
loop1
loop1
loop1
loop1
loop1
loop1
loop1
loop1
loop1
loop1
loop1
loop1
loop1
loop1
loop1
loop1
loop1
loop1
loop1
loop1
loop1
loop1
loop1
loop1
loop1
loop1
loop1
loop1
loop1
loop1
loop1
loop1
loop1
loop1
loop1
loop1
loop1
loop1
loop1
loop1
loop1
loop1
loop1
loop1
loop1
loop1
loop1
loop1
loop1
loop1
loop1
loop1
loop1
loop1
loop1
loop1
loop1
loop1
loop1
loop1
loop1
loop1
loop1
loop1
loop1
loop1
loop1
loop1
loop1
loop1
loop1
loop1
loop1
loop1
loop1
loop1
loop1
loop1
loop1
loop1
loop1
loop1
loop1
loop1
loop1
loop1
loop1
loop1
loop1
loop1
loop1
loop1
loop1
loop1
loop1
loop1
loop1
loop1
loop1
loop1
loop1
loop1
loop1
loop1
loop1
loop1
loop1
loop1
loop1
loop1
loop1
loop1
loop1
loop1
loop1
loop1
loop1
loop1
loop1
loop1
loop1
loop1
loop1
loop1
loop1
loop1
loop1
loop1
loop1
loop1
loop1
loop1
loop1
loop1
loop1
loop1
loop1
loop1
loop1
loop1
loop1
loop1
loop1
loop1
loop1
loop1
loop1
loop1
loop1
loop1
loop1
loop1
loop1
loop1
loop1
loop1
loop1
loop1
loop1
loop1
loop1
loop1
loop1
loop1
loop1
loop1
loop1
loop1
loop1
loop1
loop1
loop1
loop1
loop1
loop1
loop1
loop1
loop1
loop1
loop1
loop1
loop1
loop1
loop1
loop1
loop1
loop1
loop1
loop1
loop1
loop1
loop1
loop1
loop1
loop1
loop1
loop1
loop1
loop1
loop1
loop1
loop1
loop1
loop1
loop1
loop1
loop1
loop1
loop1
loop1
loop1
loop1
loop1
loop1
loop1
loop1
loop1
loop1
loop1
loop1
loop1
loop1
loop1
loop1
loop1
loop1
loop1
loop1
loop1
loop1
loop1
loop1
loop1
loop1
loop1
loop1
loop1
loop1
loop1
loop1
loop1
loop1
loop1
loop1
loop1
loop1
loop1
loop1
loop1
loop1
loop1
loop1
loop1
loop1
loop1
loop1
loop1
loop1
loop1
loop1
loop1
loop1
loop1
loop1
loop1
loop1
loop1
loop1
loop1
loop1
loop1
loop1
loop1
loop1
loop1
loop1
loop1
loop1
loop1
loop1
loop1
loop1
loop1
loop1
loop1
loop1
loop1
loop1
loop1
loop1
loop1
loop1
loop1
loop1
loop1
loop1
loop1
loop1
loop1
loop1
loop1
loop1
loop1
loop1
loop1
loop1
loop1
loop1
loop1
loop1
loop1
loop1
loop1
loop1
loop1
loop1
loop1
loop1
loop1
loop1
loop1
loop1
loop1
loop1
loop1
loop1
loop1
loop1
loop1
loop1
loop1
loop1
loop1
loop1
loop1
loop1
loop1
loop1
loop1
loop1
loop1
loop1
loop1
loop1
loop1
loop1
loop1
loop1
loop1
loop1
loop1
loop1
loop1
loop1
loop1
loop1
loop1
loop1
loop1
loop1
loop1
loop1
loop1
loop1
loop1
loop1
loop1
loop1
loop1
loop1
loop1
loop1
loop1
loop1
loop1
loop1
loop1
loop1
loop1
loop1
loop1
loop1
loop1
loop1
loop1
loop1
loop1
loop1
loop1
loop1
loop1
loop1
loop1
loop1
loop1
loop1
loop1
loop1
loop1
loop1
loop1
loop1
loop1
loop1
loop1
loop1
loop1
loop1
loop1
loop1
loop1
loop1
loop1
loop1
loop1
loop1
loop1
loop1
loop1
loop1
loop1
loop1
loop1
loop1
loop1
loop1
loop1
loop1
loop1
loop1
loop1
loop1
loop1
loop1
loop1
loop1
loop1
loop1
loop1
loop1
loop1
loop1
loop1
loop1
loop1
loop1
loop1
loop1
loop1
loop1
loop1
loop1
loop1
loop1
loop1
loop1
loop1
loop1
loop1
loop1
loop1
loop1
loop1
loop1
loop1
loop1
loop1
loop1
loop1
loop1
loop1
loop1
loop1
loop1
loop1
loop1
loop1
loop1
loop1
loop1
loop1
loop1
loop1
loop1
loop1
loop1
loop1
loop1
loop1
loop1
loop1
loop1
loop1
loop1
loop1
loop1
loop1
loop1
loop1
loop1
loop1
loop1
loop1
loop1
loop1
loop1
loop1
loop1
loop1
loop1
loop1
loop1
loop1
loop1
loop1
loop1
loop1
loop1
loop1
loop1
loop1
loop1
loop1
loop1
loop1
loop1
loop1
loop1
loop1
loop1
loop1
loop1
loop1
loop1
loop1
loop1
loop1
loop1
loop1
loop1
loop1
loop1
loop1
loop1
loop1
loop1
loop1
loop1
loop1
loop1
loop1
loop1
loop1
loop1
loop1
loop1
loop1
loop1
loop1
loop1
loop1
loop1
loop1
loop1
loop1
loop1
loop1
loop1
loop1
loop1
loop1
loop1
loop1
loop1
loop1
loop1
loop1
loop1
loop1
loop1
loop1
loop1
loop1
loop1
loop1
loop1
loop1
loop1
loop1
loop1
loop1
loop1
loop1
loop1
loop1
loop1
loop1
loop1
loop1
loop1
loop1
loop1
loop1
loop1
loop1
loop1
loop1
loop1
loop1
loop1
loop1
loop1
loop1
loop1
loop1
loop1
loop1
loop1
loop1
loop1
loop1
loop1
loop1
loop1
loop1
loop1
loop1
loop1
loop1
loop1
loop1
loop1
loop1
loop1
loop1
loop1
loop1
loop1
loop1
loop1
loop1
loop1
loop1
loop1
loop1
loop1
loop1
loop1
loop1
loop1
loop1
loop1
loop1
loop1
loop1
loop1
loop1
loop1
loop1
loop1
loop1
loop1
loop1
loop1
loop1
loop1
loop1
loop1
loop1
loop1
loop1
loop1
loop1
loop1
loop1
loop1
loop1
loop1
loop1
loop1
loop1
loop1
loop1
loop1
loop1
loop1
loop1
loop1
loop1
loop1
loop1
loop1
loop1
loop1
loop1
loop1
loop1
loop1
loop1
loop1
loop1
loop1
loop1
loop1
loop1
loop1
loop1
loop1
loop1
loop1
loop1
loop1
loop1
loop1
loop1
loop1
loop1
loop1
loop1
loop1
loop1
loop1
loop1
loop1
loop1
loop1
loop1
loop1
loop1
loop1
loop1
loop1
loop1
loop1
loop1
loop1
loop1
loop1
loop1
loop1
loop1
loop1
loop1
loop1
loop1
loop1
loop1
loop1
loop1
loop1
loop1
loop1
loop1
loop1
loop1
loop1
loop1
loop1
loop1
loop1
loop1
loop1
loop1
loop1
loop1
loop1
loop1
loop1
loop1
loop1
loop1
loop1
loop1
loop1
loop1
loop1
loop1
loop1
loop1
loop1
loop1
loop1
loop1
loop1
loop1
loop1
loop1
loop1
loop1
loop1
loop1
loop1
loop1
loop1
loop1
loop1
loop1
loop1
loop1
loop1
loop1
loop1
loop1
loop1
loop1
loop1
loop1
loop1
loop1
loop1
loop1
loop1
loop1
loop1
loop1
loop1
loop1
loop1
loop1
loop1
loop1
loop1
loop1
loop1
loop1
loop1
loop1
loop1
loop1
loop1
loop1
loop1
loop1
loop1
loop1
loop1
loop1
loop1
loop1
loop1
loop1
loop1
loop1
loop1
loop1
loop1
loop1
loop1
loop1
loop1
loop1
loop1
loop1
loop1
loop1
loop1
loop1
loop1
loop1
loop1
loop1
loop1
loop1
loop1
loop1
loop1
loop1
loop1
loop1
loop1
loop1
loop1
loop1
loop1
loop1
loop1
loop1
loop1
loop1
loop1
loop1
loop1
loop1
loop1
loop1
loop1
loop1
loop1
loop1
loop1
loop1
loop1
loop1
loop1
loop1
loop1
loop1
loop1
loop1
loop1
loop1
loop1
loop1
loop1
loop1
loop1
loop1
loop1
loop1
loop1
loop1
loop1
loop1
loop1
loop1
loop1
loop1
loop1
loop1
loop1
loop1
loop1
loop1
loop1
loop1
loop1
loop1
loop1
loop1
loop1
loop1
loop1
loop1
loop1
loop1
loop1
loop1
loop1
loop1
loop1
loop1
loop1
loop1
loop1
loop1
loop1
loop1
loop1
loop1
loop1
loop1
loop1
loop1
loop1
loop1
loop1
loop1
loop1
loop1
loop1
loop1
loop1
loop1
loop1
loop1
loop1
loop1
loop1
loop1
loop1
loop1
loop1
loop1
loop1
loop1
loop1
loop1
loop1
loop1
loop1
loop1
loop1
loop1
loop1
loop1
loop1
loop1
loop1
loop1
loop1
loop1
loop1
loop1
loop1
loop1
loop1
loop1
loop1
loop1
loop1
loop1
loop1
loop1
loop1
loop1
loop1
loop1
loop1
loop1
loop1
loop1
loop1
loop1
loop1
loop1
loop1
loop1
loop1
loop1
loop1
loop1
loop1
loop1
loop1
loop1
loop1
loop1
loop1
loop1
loop1
loop1
loop1
loop1
loop1
loop1
loop1
loop1
loop1
loop1
loop1
loop1
loop1
loop1
loop1
loop1
loop1
loop1
loop1
loop1
loop1
loop1
loop1
loop1
loop1
loop1
loop1
loop1
loop1
loop1
loop1
loop1
loop1
loop1
loop1
loop1
loop1
loop1
loop1
loop1
loop1
loop1
loop1
loop1
loop1
loop1
loop1
loop1
loop1
loop1
loop1
loop1
loop1
loop1
loop1
loop1
loop1
loop1
loop1
loop1
loop1
loop1
loop1
loop1
loop1
loop1
loop1
loop1
loop1
loop1
loop1
loop1
loop1
loop1
loop1
loop1
loop1
loop1
loop1
loop1
loop1
loop1
loop1
loop1
loop1
loop1
loop1
loop1
loop1
loop1
loop1
loop1
loop1
loop1
loop1
loop1
loop1
loop1
loop1
loop1
loop1
loop1
loop1
loop1
loop1
loop1
loop1
loop1
loop1
loop1
loop1
loop1
loop1
loop1
loop1
loop1
loop1
loop1
loop1
loop1
loop1
loop1
loop1
loop1
loop1
loop1
loop1
loop1
loop1
loop1
loop1
loop1
loop1
loop1
loop1
loop1
loop1
loop1
loop1
loop1
loop1
loop1
loop1
loop1
loop1
loop1
loop1
loop1
loop1
loop1
loop1
loop1
loop1
loop1
loop1
loop1
loop1
loop1
loop1
loop1
loop1
loop1
loop1
loop1
loop1
loop1
loop1
loop1
loop1
loop1
loop1
loop1
loop1
loop1
loop1
loop1
loop1
loop1
loop1
loop1
loop1
loop1
loop1
loop1
loop1
loop1
loop1
loop1
loop1
loop1
loop1
loop1
loop1
loop1
loop1
loop1
loop1
loop1
loop1
loop1
loop1
loop1
loop1
loop1
loop1
loop1
loop1
loop1
loop1
loop1
loop1
loop1
loop1
loop1
loop1
loop1
loop1
loop1
loop1
loop1
loop1
loop1
loop1
loop1
loop1
loop1
loop1
loop1
loop1
loop1
loop1
loop1
loop1
loop1
loop1
loop1
loop1
loop1
loop1
loop1
loop1
loop1
loop1
loop1
loop1
loop1
loop1
loop1
loop1
loop1
loop1
loop1
loop1
loop1
loop1
loop1
loop1
loop1
loop1
loop1
loop1
loop1
loop1
loop1
loop1
loop1
loop1
loop1
loop1
loop1
loop1
loop1
loop1
loop1
loop1
loop1
loop1
loop1
loop1
loop1
loop1
loop1
loop1
loop1
loop1
loop1
loop1
loop1
loop1
loop1
loop1
loop1
loop1
loop1
loop1
loop1
loop1
loop1
loop1
loop1
loop1
loop1
loop1
loop1
loop1
loop1
loop1
loop1
loop1
loop1
loop1
loop1
loop1
loop1
loop1
loop1
loop1
loop1
loop1
loop1
loop1
loop1
loop1
loop1
loop1
loop1
loop1
loop1
loop1
loop1
loop1
loop1
loop1
loop1
loop1
loop1
loop1
loop1
loop1
loop1
loop1
loop1
loop1
loop1
loop1
loop1
loop1
loop1
loop1
loop1
loop1
loop1
loop1
loop1
loop1
loop1
loop1
loop1
loop1
loop1
loop1
loop1
loop1
loop1
loop1
loop1
loop1
loop1
loop1
loop1
loop1
loop1
loop1
loop1
loop1
loop1
loop1
loop1
loop1
loop1
loop1
loop1
loop1
loop1
loop1
loop1
loop1
loop1
loop1
loop1
loop1
loop1
loop1
loop1
loop1
loop1
loop1
loop1
loop1
loop1
loop1
loop1
loop1
loop1
loop1
loop1
loop1
loop1
loop1
loop1
loop1
loop1
loop1
loop1
loop1
loop1
loop1
loop1
loop1
loop1
loop1
loop1
loop1
loop1
loop1
loop1
loop1
loop1
loop1
loop1
loop1
loop1
loop1
loop1
loop1
loop1
loop1
loop1
loop1
loop1
loop1
loop1
loop1
loop1
loop1
loop1
loop1
loop1
loop1
loop1
loop1
loop1
loop1
loop1
loop1
loop1
loop1
loop1
loop1
loop1
loop1
loop1
loop1
loop1
loop1
loop1
loop1
loop1
loop1
loop1
loop1
loop1
loop1
loop1
loop1
loop1
loop1
loop1
loop1
loop1
loop1
loop1
loop1
loop1
loop1
loop1
loop1
loop1
loop1
loop1
loop1
loop1
loop1
loop1
loop1
loop1
loop1
loop1
loop1
loop1
loop1
loop1
loop1
loop1
loop1
loop1
loop1
loop1
loop1
loop1
loop1
loop1
loop1
loop1
loop1
loop1
loop1
loop1
loop1
loop1
loop1
loop1
loop1
loop1
loop1
loop1
loop1
loop1
loop1
loop1
loop1
loop1
loop1
loop1
loop1
loop1
loop1
loop1
loop1
loop1
loop1
loop1
loop1
loop1
loop1
loop1
loop1
loop1
loop1
loop1
loop1
loop1
loop1
loop1
loop1
loop1
loop1
loop1
loop1
loop1
loop1
loop1
loop1
loop1
loop1
loop1
loop1
loop1
loop1
loop1
loop1
loop1
loop1
loop1
loop1
loop1
loop1
loop1
loop1
loop1
loop1
loop1
loop1
loop1
loop1
loop1
loop1
loop1
loop1
loop1
loop1
loop1
loop1
loop1
loop1
loop1
loop1
loop1
loop1
loop1
loop1
loop1
loop1
loop1
loop1
loop1
loop1
loop1
loop1
loop1
loop1
loop1
loop1
loop1
loop1
loop1
loop1
loop1
loop1
loop1
loop1
loop1
loop1
loop1
loop1
loop1
loop1
loop1
loop1
loop1
loop1
loop1
loop1
loop1
loop1
loop1
loop1
loop1
loop1
loop1
loop1
loop1
loop1
loop1
loop1
loop1
loop1
loop1
loop1
loop1
loop1
loop1
loop1
loop1
loop1
loop1
loop1
loop1
loop1
loop1
loop1
loop1
loop1
loop1
loop1
loop1
loop1
loop1
loop1
loop1
loop1
loop1
loop1
loop1
loop1
loop1
loop1
loop1
loop1
loop1
loop1
loop1
loop1
loop1
loop1
loop1
loop1
loop1
loop1
loop1
loop1
loop1
loop1
loop1
loop1
loop1
loop1
loop1
loop1
loop1
loop1
loop1
loop1
loop1
loop1
loop1
loop1
loop1
loop1
loop1
loop1
loop1
loop1
loop1
loop1
loop1
loop1
loop1
loop1
loop1
loop1
loop1
loop1
loop1
loop1
loop1
loop1
loop1
loop1
loop1
loop1
loop1
loop1
loop1
loop1
loop1
loop1
loop1
loop1
loop1
loop1
loop1
loop1
loop1
loop1
loop1
loop1
loop1
loop1
loop1
loop1
loop1
loop1
loop1
loop1
loop1
loop1
loop1
loop1
loop1
loop1
loop1
loop1
loop1
loop1
loop1
loop1
loop1
loop1
loop1
loop1
loop1
loop1
loop1
loop1
loop1
loop1
loop1
loop1
loop1
loop1
loop1
loop1
loop1
loop1
loop1
loop1
loop1
loop1
loop1
loop1
loop1
loop1
loop1
loop1
loop1
loop1
loop1
loop1
loop1
loop1
loop1
loop1
loop1
loop1
loop1
loop1
loop1
loop1
loop1
loop1
loop1
loop1
loop1
loop1
loop1
loop1
loop1
loop1
loop1
loop1
loop1
loop1
loop1
loop1
loop1
loop1
loop1
loop1
loop1
loop1
loop1
loop1
loop1
loop1
loop1
loop1
loop1
loop1
loop1
loop1
loop1
loop1
loop1
loop1
loop1
loop1
loop1
loop1
loop1
loop1
loop1
loop1
loop1
loop1
loop1
loop1
loop1
loop1
loop1
loop1
loop1
loop1
loop1
loop1
loop1
loop1
loop1
loop1
loop1
loop1
loop1
loop1
loop1
loop1
loop1
loop1
loop1
loop1
loop1
loop1
loop1
loop1
loop1
loop1
loop1
loop1
loop1
loop1
loop1
loop1
loop1
loop1
loop1
loop1
loop1
loop1
loop1
loop1
loop1
loop1
loop1
loop1
loop1
loop1
loop1
loop1
loop1
loop1
loop1
loop1
loop1
loop1
loop1
loop1
loop1
loop1
loop1
loop1
loop1
loop1
loop1
loop1
loop1
loop1
loop1
loop1
loop1
loop1
loop1
loop1
loop1
loop1
loop1
loop1
loop1
loop1
loop1
loop1
loop1
loop1
loop1
loop1
loop1
loop1
loop1
loop1
loop1
loop1
loop1
loop1
loop1
loop1
loop1
loop1
loop1
loop1
loop1
loop1
loop1
loop1
loop1
loop1
loop1
loop1
loop1
loop1
loop1
loop1
loop1
loop1
loop1
loop1
loop1
loop1
loop1
loop1
loop1
loop1
loop1
loop1
loop1
loop1
loop1
loop1
loop1
loop1
loop1
loop1
loop1
loop1
loop1
loop1
loop1
loop1
loop1
loop1
loop1
loop1
loop1
loop1
loop1
loop1
loop1
loop1
loop1
loop1
loop1
loop1
loop1
loop1
loop1
loop1
loop1
loop1
loop1
loop1
loop1
loop1
loop1
loop1
loop1
loop1
loop1
loop1
loop1
loop1
loop1
loop1
loop1
loop1
loop1
loop1
loop1
loop1
loop1
loop1
loop1
loop1
loop1
loop1
loop1
loop1
loop1
loop1
loop1
loop1
loop1
loop1
loop1
loop1
loop1
loop1
loop1
loop1
loop1
loop1
loop1
loop1
loop1
loop1
loop1
loop1
loop1
loop1
loop1
loop1
loop1
loop1
loop1
loop1
loop1
loop1
loop1
loop1
loop1
loop1
loop1
loop1
loop1
loop1
loop1
loop1
loop1
loop1
loop1
loop1
loop1
loop1
loop1
loop1
loop1
loop1
loop1
loop1
loop1
loop1
loop1
loop1
loop1
loop1
loop1
loop1
loop1
loop1
loop1
loop1
loop1
loop1
loop1
loop1
loop1
loop1
loop1
loop1
loop1
loop1
loop1
loop1
loop1
loop1
loop1
loop1
loop1
loop1
loop1
loop1
loop1
loop1
loop1
loop1
loop1
loop1
loop1
loop1
loop1
loop1
loop1
loop1
loop1
loop1
loop1
loop1
loop1
loop1
loop1
loop1
loop1
loop1
loop1
loop1
loop1
loop1
loop1
loop1
loop1
loop1
loop1
loop1
loop1
loop1
loop1
loop1
loop1
loop1
loop1
loop1
loop1
loop1
loop1
loop1
loop1
loop1
loop1
loop1
loop1
loop1
loop1
loop1
loop1
loop1
loop1
loop1
loop1
loop1
loop1
loop1
loop1
loop1
loop1
loop1
loop1
loop1
loop1
loop1
loop1
loop1
loop1
loop1
loop1
loop1
loop1
loop1
loop1
loop1
loop1
loop1
loop1
loop1
loop1
loop1
loop1
loop1
loop1
loop1
loop1
loop1
loop1
loop1
loop1
loop1
loop1
loop1
loop1
loop1
loop1
loop1
loop1
loop1
loop1
loop1
loop1
loop1
loop1
loop1
loop1
loop1
loop1
loop1
loop1
loop1
loop1
loop1
loop1
loop1
loop1
loop1
loop1
loop1
loop1
loop1
loop1
loop1
loop1
loop1
loop1
loop1
loop1
loop1
loop1
loop1
loop1
loop1
loop1
loop1
loop1
loop1
loop1
loop1
loop1
loop1
loop1
loop1
loop1
loop1
loop1
loop1
loop1
loop1
loop1
loop1
loop1
loop1
loop1
loop1
loop1
loop1
loop1
loop1
loop1
loop1
loop1
loop1
loop1
loop1
loop1
loop1
loop1
loop1
loop1
loop1
loop1
loop1
loop1
loop1
loop1
loop1
loop1
loop1
loop1
loop1
loop1
loop1
loop1
loop1
loop1
loop1
loop1
loop1
loop1
loop1
loop1
loop1
loop1
loop1
loop1
loop1
loop1
loop1
loop1
loop1
loop1
loop1
loop1
loop1
loop1
loop1
loop1
loop1
loop1
loop1
loop1
loop1
loop1
loop1
loop1
loop1
loop1
loop1
loop1
loop1
loop1
loop1
loop1
loop1
loop1
loop1
loop1
loop1
loop1
loop1
loop1
loop1
loop1
loop1
loop1
loop1
loop1
loop1
loop1
loop1
loop1
loop1
loop1
loop1
loop1
loop1
loop1
loop1
loop1
loop1
loop1
loop1
loop1
loop1
loop1
loop1
loop1
loop1
loop1
loop1
loop1
loop1
loop1
loop1
loop1
loop1
loop1
loop1
loop1
loop1
loop1
loop1
loop1
loop1
loop1
loop1
loop1
loop1
loop1
loop1
loop1
loop1
loop1
loop1
loop1
loop1
loop1
loop1
loop1
loop1
loop1
loop1
loop1
loop1
loop1
loop1
loop1
loop1
loop1
loop1
loop1
loop1
loop1
loop1
loop1
loop1
loop1
loop1
loop1
loop1
loop1
loop1
loop1
loop1
loop1
loop1
loop1
loop1
loop1
loop1
loop1
loop1
loop1
loop1
loop1
loop1
loop1
loop1
loop1
loop1
loop1
loop1
loop1
loop1
loop1
loop1
loop1
loop1
loop1
loop1
loop1
loop1
loop1
loop1
loop1
loop1
loop1
loop1
loop1
loop1
loop1
loop1
loop1
loop1
loop1
loop1
loop1
loop1
loop1
loop1
loop1
loop1
loop1
loop1
loop1
loop1
loop1
loop1
loop1
loop1
loop1
loop1
loop1
loop1
loop1
loop1
loop1
loop1
loop1
loop1
loop1
loop1
loop1
loop1
loop1
loop1
loop1
loop1
loop1
loop1
loop1
loop1
loop1
loop1
loop1
loop1
loop1
loop1
loop1
loop1
loop1
loop1
loop1
loop1
loop1
loop1
loop1
loop1
loop1
loop1
loop1
loop1
loop1
loop1
loop1
loop1
loop1
loop1
loop1
loop1
loop1
loop1
loop1
loop1
loop1
loop1
loop1
loop1
loop1
loop1
loop1
loop1
loop1
loop1
loop1
loop1
loop1
loop1
loop1
loop1
loop1
loop1
loop1
loop1
loop1
loop1
loop1
loop1
loop1
loop1
loop1
loop1
loop1
loop1
loop1
loop1
loop1
loop1
loop1
loop1
loop1
loop1
loop1
loop1
loop1
loop1
loop1
loop1
loop1
loop1
loop1
loop1
loop1
loop1
loop1
loop1
loop1
loop1
loop1
loop1
loop1
loop1
loop1
loop1
loop1
loop1
loop1
loop1
loop1
loop1
loop1
loop1
loop1
loop1
loop1
loop1
loop1
loop1
loop1
loop1
loop1
loop1
loop1
loop1
loop1
loop1
loop1
loop1
loop1
loop1
loop1
loop1
loop1
loop1
loop1
loop1
loop1
loop1
loop1
loop1
loop1
loop1
loop1
loop1
loop1
loop1
loop1
loop1
loop1
loop1
loop1
loop1
loop1
loop1
loop1
loop1
loop1
loop1
loop1
loop1
loop1
loop1
loop1
loop1
loop1
loop1
loop1
loop1
loop1
loop1
loop1
loop1
loop1
loop1
loop1
loop1
loop1
loop1
loop1
loop1
loop1
loop1
loop1
loop1
loop1
loop1
loop1
loop1
loop1
loop1
loop1
loop1
loop1
loop1
loop1
loop1
loop1
loop1
loop1
loop1
loop1
loop1
loop1
loop1
loop1
loop1
loop1
loop1
loop1
loop1
loop1
loop1
loop1
loop1
loop1
loop1
loop1
loop1
loop1
loop1
loop1
loop1
loop1
loop1
loop1
loop1
loop1
loop1
loop1
loop1
loop1
loop1
loop1
loop1
loop1
loop1
loop1
loop1
loop1
loop1
loop1
loop1
loop1
loop1
loop1
loop1
loop1
loop1
loop1
loop1
loop1
loop1
loop1
loop1
loop1
loop1
loop1
loop1
loop1
loop1
loop1
loop1
loop1
loop1
loop1
loop1
loop1
loop1
loop1
loop1
loop1
loop1
loop1
loop1
loop1
loop1
loop1
loop1
loop1
loop1
loop1
loop1
loop1
loop1
loop1
loop1
loop1
loop1
loop1
loop1
loop1
loop1
loop1
loop1
loop1
loop1
loop1
loop1
loop1
loop1
loop1
loop1
loop1
loop1
loop1
loop1
loop1
loop1
loop1
loop1
loop1
loop1
loop1
loop1
loop1
loop1
loop1
loop1
loop1
loop1
loop1
loop1
loop1
loop1
loop1
loop1
loop1
loop1
loop1
loop1
loop1
loop1
loop1
loop1
loop1
loop1
loop1
loop1
loop1
loop1
loop1
loop1
loop1
loop1
loop1
loop1
loop1
loop1
loop1
loop1
loop1
loop1
loop1
loop1
loop1
loop1
loop1
loop1
loop1
loop1
loop1
loop1
loop1
loop1
loop1
loop1
loop1
loop1
loop1
loop1
loop1
loop1
loop1
loop1
loop1
loop1
loop1
loop1
loop1
loop1
loop1
loop1
loop1
loop1
loop1
loop1
loop1
loop1
loop1
loop1
loop1
loop1
loop1
loop1
loop1
loop1
loop1
loop1
loop1
loop1
loop1
loop1
loop1
loop1
loop1
loop1
loop1
loop1
loop1
loop1
loop1
loop1
loop1
loop1
loop1
loop1
loop1
loop1
loop1
loop1
loop1
loop1
loop1
loop1
loop1
loop1
loop1
loop1
loop1
loop1
loop1
loop1
loop1
loop1
loop1
loop1
loop1
loop1
loop1
loop1
loop1
loop1
loop1
loop1
loop1
loop1
loop1
loop1
loop1
loop1
loop1
loop1
loop1
loop1
loop1
loop1
loop1
loop1
loop1
loop1
loop1
loop1
loop1
loop1
loop1
loop1
loop1
loop1
loop1
loop1
loop1
loop1
loop1
loop1
loop1
loop1
loop1
loop1
loop1
loop1
loop1
loop1
loop1
loop1
loop1
loop1
loop1
loop1
loop1
loop1
loop1
loop1
loop1
loop1
loop1
loop1
loop1
loop1
loop1
loop1
loop1
loop1
loop1
loop1
loop1
loop1
loop1
loop1
loop1
loop1
loop1
loop1
loop1
loop1
loop1
loop1
loop1
loop1
loop1
loop1
loop1
loop1
loop1
loop1
loop1
loop1
loop1
loop1
loop1
loop1
loop1
loop1
loop1
loop1
loop1
loop1
loop1
loop1
loop1
loop1
loop1
loop1
loop1
loop1
loop1
loop1
loop1
loop1
loop1
loop1
loop1
loop1
loop1
loop1
loop1
loop1
loop1
loop1
loop1
loop1
loop1
loop1
loop1
loop1
loop1
loop1
loop1
loop1
loop1
loop1
loop1
loop1
loop1
loop1
loop1
loop1
loop1
loop1
loop1
loop1
loop1
loop1
loop1
loop1
loop1
loop1
loop1
loop1
loop1
loop1
loop1
loop1
loop1
loop1
loop1
loop1
loop1
loop1
loop1
loop1
loop1
loop1
loop1
loop1
loop1
loop1
loop1
loop1
loop1
loop1
loop1
loop1
loop1
loop1
loop1
loop1
loop1
loop1
loop1
loop1
loop1
loop1
loop1
loop1
loop1
loop1
loop1
loop1
loop1
loop1
loop1
loop1
loop1
loop1
loop1
loop1
loop1
loop1
loop1
loop1
loop1
loop1
loop1
loop1
loop1
loop1
loop1
loop1
loop1
loop1
loop1
loop1
loop1
loop1
loop1
loop1
loop1
loop1
loop1
loop1
loop1
loop1
loop1
loop1
loop1
loop1
loop1
loop1
loop1
loop1
loop1
loop1
loop1
loop1
loop1
loop1
loop1
loop1
loop1
loop1
loop1
loop1
loop1
loop1
loop1
loop1
loop1
loop1
loop1
loop1
loop1
loop1
loop1
loop1
loop1
loop1
loop1
loop1
loop1
loop1
loop1
loop1
loop1
loop1
loop1
loop1
loop1
loop1
loop1
loop1
loop1
loop1
loop1
loop1
loop1
loop1
loop1
loop1
loop1
loop1
loop1
loop1
loop1
loop1
loop1
loop1
loop1
loop1
loop1
loop1
loop1
loop1
loop1
loop1
loop1
loop1
loop1
loop1
loop1
loop1
loop1
loop1
loop1
loop1
loop1
loop1
loop1
loop1
loop1
loop1
loop1
loop1
loop1
loop1
loop1
loop1
loop1
loop1
loop1
loop1
loop1
loop1
loop1
loop1
loop1
loop1
loop1
loop1
loop1
loop1
loop1
loop1
loop1
loop1
loop1
loop1
loop1
loop1
loop1
loop1
loop1
loop1
loop1
loop1
loop1
loop1
loop1
loop1
loop1
loop1
loop1
loop1
loop1
loop1
loop1
loop1
loop1
loop1
loop1
loop1
loop1
loop1
loop1
loop1
loop1
loop1
loop1
loop1
loop1
loop1
loop1
loop1
loop1
loop1
loop1
loop1
loop1
loop1
loop1
loop1
loop1
loop1
loop1
loop1
loop1
loop1
loop1
loop1
loop1
loop1
loop1
loop1
loop1
loop1
loop1
loop1
loop1
loop1
loop1
loop1
loop1
loop1
loop1
loop1
loop1
loop1
loop1
loop1
loop1
loop1
loop1
loop1
loop1
loop1
loop1
loop1
loop1
loop1
loop1
loop1
loop1
loop1
loop1
loop1
loop1
loop1
loop1
loop1
loop1
loop1
loop1
loop1
loop1
loop1
loop1
loop1
loop1
loop1
loop1
loop1
loop1
loop1
loop1
loop1
loop1
loop1
loop1
loop1
loop1
loop1
loop1
loop1
loop1
loop1
loop1
loop1
loop1
loop1
loop1
loop1
loop1
loop1
loop1
loop1
loop1
loop1
loop1
loop1
loop1
loop1
loop1
loop1
loop1
loop1
loop1
loop1
loop1
loop1
loop1
loop1
loop1
loop1
loop1
loop1
loop1
loop1
loop1
loop1
loop1
loop1
loop1
loop1
loop1
loop1
loop1
loop1
loop1
loop1
loop1
loop1
loop1
loop1
loop1
loop1
loop1
loop1
loop1
loop1
loop1
loop1
loop1
loop1
loop1
loop1
loop1
loop1
loop1
loop1
loop1
loop1
loop1
loop1
loop1
loop1
loop1
loop1
loop1
loop1
loop1
loop1
loop1
loop1
loop1
loop1
loop1
loop1
loop1
loop1
loop1
loop1
loop1
loop1
loop1
loop1
loop1
loop1
loop1
loop1
loop1
loop1
loop1
loop1
loop1
loop1
loop1
loop1
loop1
loop1
loop1
loop1
loop1
loop1
loop1
loop1
loop1
loop1
loop1
loop1
loop1
loop1
loop1
loop1
loop1
loop1
loop1
loop1
loop1
loop1
loop1
loop1
loop1
loop1
loop1
loop1
loop1
loop1
loop1
loop1
loop1
loop1
loop1
loop1
loop1
loop1
loop1
loop1
loop1
loop1
loop1
loop1
loop1
loop1
loop1
loop1
loop1
loop1
loop1
loop1
loop1
loop1
loop1
loop1
loop1
loop1
loop1
loop1
loop1
loop1
loop1
loop1
loop1
loop1
loop1
loop1
loop1
loop1
loop1
loop1
loop1
loop1
loop1
loop1
loop1
loop1
loop1
loop1
loop1
loop1
loop1
loop1
loop1
loop1
loop1
loop1
loop1
loop1
loop1
loop1
loop1
loop1
loop1
loop1
loop1
loop1
loop1
loop1
loop1
loop1
loop1
loop1
loop1
loop1
loop1
loop1
loop1
loop1
loop1
loop1
loop1
loop1
loop1
loop1
loop1
loop1
loop1
loop1
loop1
loop1
loop1
loop1
loop1
loop1
loop1
loop1
loop1
loop1
loop1
loop1
loop1
loop1
loop1
loop1
loop1
loop1
loop1
loop1
loop1
loop1
loop1
loop1
loop1
loop1
loop1
loop1
loop1
loop1
loop1
loop1
loop1
loop1
loop1
loop1
loop1
loop1
loop1
loop1
loop1
loop1
loop1
loop1
loop1
loop1
loop1
loop1
loop1
loop1
loop1
loop1
loop1
loop1
loop1
loop1
loop1
loop1
loop1
loop1
loop1
loop1
loop1
loop1
loop1
loop1
loop1
loop1
loop1
loop1
loop1
loop1
loop1
loop1
loop1
loop1
loop1
loop1
loop1
loop1
loop1
loop1
loop1
loop1
loop1
loop1
loop1
loop1
loop1
loop1
loop1
loop1
loop1
loop1
loop1
loop1
loop1
loop1
loop1
loop1
loop1
loop1
loop1
loop1
loop1
loop1
loop1
loop1
loop1
loop1
loop1
loop1
loop1
loop1
loop1
loop1
loop1
loop1
loop1
loop1
loop1
loop1
loop1
loop1
loop1
loop1
loop1
loop1
loop1
loop1
loop1
loop1
loop1
loop1
loop1
loop1
loop1
loop1
loop1
loop1
loop1
loop1
loop1
loop1
loop1
loop1
loop1
loop1
loop1
loop1
loop1
loop1
loop1
loop1
loop1
loop1
loop1
loop1
loop1
loop1
loop1
loop1
loop1
loop1
loop1
loop1
loop1
loop1
loop1
loop1
loop1
loop1
loop1
loop1
loop1
loop1
loop1
loop1
loop1
loop1
loop1
loop1
loop1
loop1
loop1
loop1
loop1
loop1
loop1
loop1
loop1
loop1
loop1
loop1
loop1
loop1
loop1
loop1
loop1
loop1
loop1
loop1
loop1
loop1
loop1
loop1
loop1
loop1
loop1
loop1
loop1
loop1
loop1
loop1
loop1
loop1
loop1
loop1
loop1
loop1
loop1
loop1
loop1
loop1
loop1
loop1
loop1
loop1
loop1
loop1
loop1
loop1
loop1
loop1
loop1
loop1
loop1
loop1
loop1
loop1
loop1
loop1
loop1
loop1
loop1
loop1
loop1
loop1
loop1
loop1
loop1
loop1
loop1
loop1
loop1
loop1
loop1
loop1
loop1
loop1
loop1
loop1
loop1
loop1
loop1
loop1
loop1
loop1
loop1
loop1
loop1
loop1
loop1
loop1
loop1
loop1
loop1
loop1
loop1
loop1
loop1
loop1
loop1
loop1
loop1
loop1
loop1
loop1
loop1
loop1
loop1
loop1
loop1
loop1
loop1
loop1
loop1
loop1
loop1
loop1
loop1
loop1
loop1
loop1
loop1
loop1
loop1
loop1
loop1
loop1
loop1
loop1
loop1
loop1
loop1
loop1
loop1
loop1
loop1
loop1
loop1
loop1
loop1
loop1
loop1
loop1
loop1
loop1
loop1
loop1
loop1
loop1
loop1
loop1
loop1
loop1
loop1
loop1
loop1
loop1
loop1
loop1
loop1
loop1
loop1
loop1
loop1
loop1
loop1
loop1
loop1
loop1
loop1
loop1
loop1
loop1
loop1
loop1
loop1
loop1
loop1
loop1
loop1
loop1
loop1
loop1
loop1
loop1
loop1
loop1
loop1
loop1
loop1
loop1
loop1
loop1
loop1
loop1
loop1
loop1
loop1
loop1
loop1
loop1
loop1
loop1
loop1
loop1
loop1
loop1
loop1
loop1
loop1
loop1
loop1
loop1
loop1
loop1
loop1
loop1
loop1
loop1
loop1
loop1
loop1
loop1
loop1
loop1
loop1
loop1
loop1
loop1
loop1
loop1
loop1
loop1
loop1
loop1
loop1
loop1
loop1
loop1
loop1
loop1
loop1
loop1
loop1
loop1
loop1
loop1
loop1
loop1
loop1
loop1
loop1
loop1
loop1
loop1
loop1
loop1
loop1
loop1
loop1
loop1
loop1
loop1
loop1
loop1
loop1
loop1
loop1
loop1
loop1
loop1
loop1
loop1
loop1
loop1
loop1
loop1
loop1
loop1
loop1
loop1
loop1
loop1
loop1
loop1
loop1
loop1
loop1
loop1
loop1
loop1
loop1
loop1
loop1
loop1
loop1
loop1
loop1
loop1
loop1
loop1
loop1
loop1
loop1
loop1
loop1
loop1
loop1
loop1
loop1
loop1
loop1
loop1
loop1
loop1
loop1
loop1
loop1
loop1
loop1
loop1
loop1
loop1
loop1
loop1
loop1
loop1
loop1
loop1
loop1
loop1
loop1
loop1
loop1
loop1
loop1
loop1
loop1
loop1
loop1
loop1
loop1
loop1
loop1
loop1
loop1
loop1
loop1
loop1
loop1
loop1
loop1
loop1
loop1
loop1
loop1
loop1
loop1
loop1
loop1
loop1
loop1
loop1
loop1
loop1
loop1
loop1
loop1
loop1
loop1
loop1
loop1
loop1
loop1
loop1
loop1
loop1
loop1
loop1
loop1
loop1
loop1
loop1
loop1
loop1
loop1
loop1
loop1
loop1
loop1
loop1
loop1
loop1
loop1
loop1
loop1
loop1
loop1
loop1
loop1
loop1
loop1
loop1
loop1
loop1
loop1
loop1
loop1
loop1
loop1
loop1
loop1
loop1
loop1
loop1
loop1
loop1
loop1
loop1
loop1
loop1
loop1
loop1
loop1
loop1
loop1
loop1
loop1
loop1
loop1
loop1
loop1
loop1
loop1
loop1
loop1
loop1
loop1
loop1
loop1
loop1
loop1
loop1
loop1
loop1
loop1
loop1
loop1
loop1
loop1
loop1
loop1
loop1
loop1
loop1
loop1
loop1
loop1
loop1
loop1
loop1
loop1
loop1
loop1
loop1
loop1
loop1
loop1
loop1
loop1
loop1
loop1
loop1
loop1
loop1
loop1
loop1
loop1
loop1
loop1
loop1
loop1
loop1
loop1
loop1
loop1
loop1
loop1
loop1
loop1
loop1
loop1
loop1
loop1
loop1
loop1
loop1
loop1
loop1
loop1
loop1
loop1
loop1
loop1
loop1
loop1
loop1
loop1
loop1
loop1
loop1
loop1
loop1
loop1
loop1
loop1
loop1
loop1
loop1
loop1
loop1
loop1
loop1
loop1
loop1
loop1
loop1
loop1
loop1
loop1
loop1
loop1
loop1
loop1
loop1
loop1
loop1
loop1
loop1
loop1
loop1
loop1
loop1
loop1
loop1
loop1
loop1
loop1
loop1
loop1
loop1
loop1
loop1
loop1
loop1
loop1
loop1
loop1
loop1
loop1
loop1
loop1
loop1
loop1
loop1
loop1
loop1
loop1
loop1
loop1
loop1
loop1
loop1
loop1
loop1
loop1
loop1
loop1
loop1
loop1
loop1
loop1
loop1
loop1
loop1
loop1
loop1
loop1
loop1
loop1
loop1
loop1
loop1
loop1
loop1
loop1
loop1
loop1
loop1
loop1
loop1
loop1
loop1
loop1
loop1
loop1
loop1
loop1
loop1
loop1
loop1
loop1
loop1
loop1
loop1
loop1
loop1
loop1
loop1
loop1
loop1
loop1
loop1
loop1
loop1
loop1
loop1
loop1
loop1
loop1
loop1
loop1
loop1
loop1
loop1
loop1
loop1
loop1
loop1
loop1
loop1
loop1
loop1
loop1
loop1
loop1
loop1
loop1
loop1
loop1
loop1
loop1
loop1
loop1
loop1
loop1
loop1
loop1
loop1
loop1
loop1
loop1
loop1
loop1
loop1
loop1
loop1
loop1
loop1
loop1
loop1
loop1
loop1
loop1
loop1
loop1
loop1
loop1
loop1
loop1
loop1
loop1
loop1
loop1
loop1
loop1
loop1
loop1
loop1
loop1
loop1
loop1
loop1
loop1
loop1
loop1
loop1
loop1
loop1
loop1
loop1
loop1
loop1
loop1
loop1
loop1
loop1
loop1
loop1
loop1
loop1
loop1
loop1
loop1
loop1
loop1
loop1
loop1
loop1
loop1
loop1
loop1
loop1
loop1
loop1
loop1
loop1
loop1
loop1
loop1
loop1
loop1
loop1
loop1
loop1
loop1
loop1
loop1
loop1
loop1
loop1
loop1
loop1
loop1
loop1
loop1
loop1
loop1
loop1
loop1
loop1
loop1
loop1
loop1
loop1
loop1
loop1
loop1
loop1
loop1
loop1
loop1
loop1
loop1
loop1
loop1
loop1
loop1
loop1
loop1
loop1
loop1
loop1
loop1
loop1
loop1
loop1
loop1
loop1
loop1
loop1
loop1
loop1
loop1
loop1
loop1
loop1
loop1
loop1
loop1
loop1
loop1
loop1
loop1
loop1
loop1
loop1
loop1
loop1
loop1
loop1
loop1
loop1
loop1
loop1
loop1
loop1
loop1
loop1
loop1
loop1
loop1
loop1
loop1
loop1
loop1
loop1
loop1
loop1
loop1
loop1
loop1
loop1
loop1
loop1
loop1
loop1
loop1
loop1
loop1
loop1
loop1
loop1
loop1
loop1
loop1
loop1
loop1
loop1
loop1
loop1
loop1
loop1
loop1
loop1
loop1
loop1
loop1
loop1
loop1
loop1
loop1
loop1
loop1
loop1
loop1
loop1
loop1
loop1
loop1
loop1
loop1
loop1
loop1
loop1
loop1
loop1
loop1
loop1
loop1
loop1
loop1
loop1
loop1
loop1
loop1
loop1
loop1
loop1
loop1
loop1
loop1
loop1
loop1
loop1
loop1
loop1
loop1
loop1
loop1
loop1
loop1
loop1
loop1
loop1
loop1
loop1
loop1
loop1
loop1
loop1
loop1
loop1
loop1
loop1
loop1
loop1
loop1
loop1
loop1
loop1
loop1
loop1
loop1
loop1
loop1
loop1
loop1
loop1
loop1
loop1
loop1
loop1
loop1
loop1
loop1
loop1
loop1
loop1
loop1
loop1
loop1
loop1
loop1
loop1
loop1
loop1
loop1
loop1
loop1
loop1
loop1
loop1
loop1
loop1
loop1
loop1
loop1
loop1
loop1
loop1
loop1
loop1
loop1
loop1
loop1
loop1
loop1
loop1
loop1
loop1
loop1
loop1
loop1
loop1
loop1
loop1
loop1
loop1
loop1
loop1
loop1
loop1
loop1
loop1
loop1
loop1
loop1
loop1
loop1
loop1
loop1
loop1
loop1
loop1
loop1
loop1
loop1
loop1
loop1
loop1
loop1
loop1
loop1
loop1
loop1
loop1
loop1
loop1
loop1
loop1
loop1
loop1
loop1
loop1
loop1
loop1
loop1
loop1
loop1
loop1
loop1
loop1
loop1
loop1
loop1
loop1
loop1
loop1
loop1
loop1
loop1
loop1
loop1
loop1
loop1
loop1
loop1
loop1
loop1
loop1
loop1
loop1
loop1
loop1
loop1
loop1
loop1
loop1
loop1
loop1
loop1
loop1
loop1
loop1
loop1
loop1
loop1
loop1
loop1
loop1
loop1
loop1
loop1
loop1
loop1
loop1
loop1
loop1
loop1
loop1
loop1
loop1
loop1
loop1
loop1
loop1
loop1
loop1
loop1
loop1
loop1
loop1
loop1
loop1
loop1
loop1
loop1
loop1
loop1
loop1
loop1
loop1
loop1
loop1
loop1
loop1
loop1
loop1
loop1
loop1
loop1
loop1
loop1
loop1
loop1
loop1
loop1
loop1
loop1
loop1
loop1
loop1
loop1
loop1
loop1
loop1
loop1
loop1
loop1
loop1
loop1
loop1
loop1
loop1
loop1
loop1
loop1
loop1
loop1
loop1
loop1
loop1
loop1
loop1
loop1
loop1
loop1
loop1
loop1
loop1
loop1
loop1
loop1
loop1
loop1
loop1
loop1
loop1
loop1
loop1
loop1
loop1
loop1
loop1
loop1
loop1
loop1
loop1
loop1
loop1
loop1
loop1
loop1
loop1
loop1
loop1
loop1
loop1
loop1
loop1
loop1
loop1
loop1
loop1
loop1
loop1
loop1
loop1
loop1
loop1
loop1
loop1
loop1
loop1
loop1
loop1
loop1
loop1
loop1
loop1
loop1
loop1
loop1
loop1
loop1
loop1
loop1
loop1
loop1
loop1
loop1
loop1
loop1
loop1
loop1
loop1
loop1
loop1
loop1
loop1
loop1
loop1
loop1
loop1
loop1
loop1
loop1
loop1
loop1
loop1
loop1
loop1
loop1
loop1
loop1
loop1
loop1
loop1
loop1
loop1
loop1
loop1
loop1
loop1
loop1
loop1
loop1
loop1
loop1
loop1
loop1
loop1
loop1
loop1
loop1
loop1
loop1
loop1
loop1
loop1
loop1
loop1
loop1
loop1
loop1
loop1
loop1
loop1
loop1
loop1
loop1
loop1
loop1
loop1
loop1
loop1
loop1
loop1
loop1
loop1
loop1
loop1
loop1
loop1
loop1
loop1
loop1
loop1
loop1
loop1
loop1
loop1
loop1
loop1
loop1
loop1
loop1
loop1
loop1
loop1
loop1
loop1
loop1
loop1
loop1
loop1
loop1
loop1
loop1
loop1
loop1
loop1
loop1
loop1
loop1
loop1
loop1
loop1
loop1
loop1
loop1
loop1
loop1
loop1
loop1
loop1
loop1
loop1
loop1
loop1
loop1
loop1
loop1
loop1
loop1
loop1
loop1
loop1
loop1
loop1
loop1
loop1
loop1
loop1
loop1
loop1
loop1
loop1
loop1
loop1
loop1
loop1
loop1
loop1
loop1
loop1
loop1
loop1
loop1
loop1
loop1
loop1
loop1
loop1
loop1
loop1
loop1
loop1
loop1
loop1
loop1
loop1
loop1
loop1
loop1
loop1
loop1
loop1
loop1
loop1
loop1
loop1
loop1
loop1
loop1
loop1
loop1
loop1
loop1
loop1
loop1
loop1
loop1
loop1
loop1
loop1
loop1
loop1
loop1
loop1
loop1
loop1
loop1
loop1
loop1
loop1
loop1
loop1
loop1
loop1
loop1
loop1
loop1
loop1
loop1
loop1
loop1
loop1
loop1
loop1
loop1
loop1
loop1
loop1
loop1
loop1
loop1
loop1
loop1
loop1
loop1
loop1
loop1
loop1
loop1
loop1
loop1
loop1
loop1
loop1
loop1
loop1
loop1
loop1
loop1
loop1
loop1
loop1
loop1
loop1
loop1
loop1
loop1
loop1
loop1
loop1
loop1
loop1
loop1
loop1
loop1
loop1
loop1
loop1
loop1
loop1
loop1
loop1
loop1
loop1
loop1
loop1
loop1
loop1
loop1
loop1
loop1
loop1
loop1
loop1
loop1
loop1
loop1
loop1
loop1
loop1
loop1
loop1
loop1
loop1
loop1
loop1
loop1
loop1
loop1
loop1
loop1
loop1
loop1
loop1
loop1
loop1
loop1
loop1
loop1
loop1
loop1
loop1
loop1
loop1
loop1
loop1
loop1
loop1
loop1
loop1
loop1
loop1
loop1
loop1
loop1
loop1
loop1
loop1
loop1
loop1
loop1
loop1
loop1
loop1
loop1
loop1
loop1
loop1
loop1
loop1
loop1
loop1
loop1
loop1
loop1
loop1
loop1
loop1
loop1
loop1
loop1
loop1
loop1
loop1
loop1
loop1
loop1
loop1
loop1
loop1
loop1
loop1
loop1
loop1
loop1
loop1
loop1
loop1
loop1
loop1
loop1
loop1
loop1
loop1
loop1
loop1
loop1
loop1
loop1
loop1
loop1
loop1
loop1
loop1
loop1
loop1
loop1
loop1
loop1
loop1
loop1
loop1
loop1
loop1
loop1
loop1
loop1
loop1
loop1
loop1
loop1
loop1
loop1
loop1
loop1
loop1
loop1
loop1
loop1
loop1
loop1
loop1
loop1
loop1
loop1
loop1
loop1
loop1
loop1
loop1
loop1
loop1
loop1
loop1
loop1
loop1
loop1
loop1
loop1
loop1
loop1
loop1
loop1
loop1
loop1
loop1
loop1
loop1
loop1
loop1
loop1
loop1
loop1
loop1
loop1
loop1
loop1
loop1
loop1
loop1
loop1
loop1
loop1
loop1
loop1
loop1
loop1
loop1
loop1
loop1
loop1
loop1
loop1
loop1
loop1
loop1
loop1
loop1
loop1
loop1
loop1
loop1
loop1
loop1
loop1
loop1
loop1
loop1
loop1
loop1
loop1
loop1
loop1
loop1
loop1
loop1
loop1
loop1
loop1
loop1
loop1
loop1
loop1
loop1
loop1
loop1
loop1
loop1
loop1
loop1
loop1
loop1
loop1
loop1
loop1
loop1
loop1
loop1
loop1
loop1
loop1
loop1
loop1
loop1
loop1
loop1
loop1
loop1
loop1
loop1
loop1
loop1
loop1
loop1
loop1
loop1
loop1
loop1
loop1
loop1
loop1
loop1
loop1
loop1
loop1
loop1
loop1
loop1
loop1
loop1
loop1
loop1
loop1
loop1
loop1
loop1
loop1
loop1
loop1
loop1
loop1
loop1
loop1
loop1
loop1
loop1
loop1
loop1
loop1
loop1
loop1
loop1
loop1
loop1
loop1
loop1
loop1
loop1
loop1
loop1
loop1
loop1
loop1
loop1
loop1
loop1
loop1
loop1
loop1
loop1
loop1
loop1
loop1
loop1
loop1
loop1
loop1
loop1
loop1
loop1
loop1
loop1
loop1
loop1
loop1
loop1
loop1
loop1
loop1
loop1
loop1
loop1
loop1
loop1
loop1
loop1
loop1
loop1
loop1
loop1
loop1
loop1
loop1
loop1
loop1
loop1
loop1
loop1
loop1
loop1
loop1
loop1
loop1
loop1
loop1
loop1
loop1
loop1
loop1
loop1
loop1
loop1
loop1
loop1
loop1
loop1
loop1
loop1
loop1
loop1
loop1
loop1
loop1
loop1
loop1
loop1
loop1
loop1
loop1
loop1
loop1
loop1
loop1
loop1
loop1
loop1
loop1
loop1
loop1
loop1
loop1
loop1
loop1
loop1
loop1
loop1
loop1
loop1
loop1
loop1
loop1
loop1
loop1
loop1
loop1
loop1
loop1
loop1
loop1
loop1
loop1
loop1
loop1
loop1
loop1
loop1
loop1
loop1
loop1
loop1
loop1
loop1
loop1
loop1
loop1
loop1
loop1
loop1
loop1
loop1
loop1
loop1
loop1
loop1
loop1
loop1
loop1
loop1
loop1
loop1
loop1
loop1
loop1
loop1
loop1
loop1
loop1
loop1
loop1
loop1
loop1
loop1
loop1
loop1
loop1
loop1
loop1
loop1
loop1
loop1
loop1
loop1
loop1
loop1
loop1
loop1
loop1
loop1
loop1
loop1
loop1
loop1
loop1
loop1
loop1
loop1
loop1
loop1
loop1
loop1
loop1
loop1
loop1
loop1
loop1
loop1
loop1
loop1
loop1
loop1
loop1
loop1
loop1
loop1
loop1
loop1
loop1
loop1
loop1
loop1
loop1
loop1
loop1
loop1
loop1
loop1
loop1
loop1
loop1
loop1
loop1
loop1
loop1
loop1
loop1
loop1
loop1
loop1
loop1
loop1
loop1
loop1
loop1
loop1
loop1
loop1
loop1
loop1
loop1
loop1
loop1
loop1
loop1
loop1
loop1
loop1
loop1
loop1
loop1
loop1
loop1
loop1
loop1
loop1
loop1
loop1
loop1
loop1
loop1
loop1
loop1
loop1
loop1
loop1
loop1
loop1
loop1
loop1
loop1
loop1
loop1
loop1
loop1
loop1
loop1
loop1
loop1
loop1
loop1
loop1
loop1
loop1
loop1
loop1
loop1
loop1
loop1
loop1
loop1
loop1
loop1
loop1
loop1
loop1
loop1
loop1
loop1
loop1
loop1
loop1
loop1
loop1
loop1
loop1
loop1
loop1
loop1
loop1
loop1
loop1
loop1
loop1
loop1
loop1
loop1
loop1
loop1
loop1
loop1
loop1
loop1
loop1
loop1
loop1
loop1
loop1
loop1
loop1
loop1
loop1
loop1
loop1
loop1
loop1
loop1
loop1
loop1
loop1
loop1
loop1
loop1
loop1
loop1
loop1
loop1
loop1
loop1
loop1
loop1
loop1
loop1
loop1
loop1
loop1
loop1
loop1
loop1
loop1
loop1
loop1
loop1
loop1
loop1
loop1
loop1
loop1
loop1
loop1
loop1
loop1
loop1
loop1
loop1
loop1
loop1
loop1
loop1
loop1
loop1
loop1
loop1
loop1
loop1
loop1
loop1
loop1
loop1
loop1
loop1
loop1
loop1
loop1
loop1
loop1
loop1
loop1
loop1
loop1
loop1
loop1
loop1
loop1
loop1
loop1
loop1
loop1
loop1
loop1
loop1
loop1
loop1
loop1
loop1
loop1
loop1
loop1
loop1
loop1
loop1
loop1
loop1
loop1
loop1
loop1
loop1
loop1
loop1
loop1
loop1
loop1
loop1
loop1
loop1
loop1
loop1
loop1
loop1
loop1
loop1
loop1
loop1
loop1
loop1
loop1
loop1
loop1
loop1
loop1
loop1
loop1
loop1
loop1
loop1
loop1
loop1
loop1
loop1
loop1
loop1
loop1
loop1
loop1
loop1
loop1
loop1
loop1
loop1
loop1
loop1
loop1
loop1
loop1
loop1
loop1
loop1
loop1
loop1
loop1
loop1
loop1
loop1
loop1
loop1
loop1
loop1
loop1
loop1
loop1
loop1
loop1
loop1
loop1
loop1
loop1
loop1
loop1
loop1
loop1
loop1
loop1
loop1
loop1
loop1
loop1
loop1
loop1
loop1
loop1
loop1
loop1
loop1
loop1
loop1
loop1
loop1
loop1
loop1
loop1
loop1
loop1
loop1
loop1
loop1
loop1
loop1
loop1
loop1
loop1
loop1
loop1
loop1
loop1
loop1
loop1
loop1
loop1
loop1
loop1
loop1
loop1
loop1
loop1
loop1
loop1
loop1
loop1
loop1
loop1
loop1
loop1
loop1
loop1
loop1
loop1
loop1
loop1
loop1
loop1
loop1
loop1
loop1
loop1
loop1
loop1
loop1
loop1
loop1
loop1
loop1
loop1
loop1
loop1
loop1
loop1
loop1
loop1
loop1
loop1
loop1
loop1
loop1
loop1
loop1
loop1
loop1
loop1
loop1
loop1
loop1
loop1
loop1
loop1
loop1
loop1
loop1
loop1
loop1
loop1
loop1
loop1
loop1
loop1
loop1
loop1
loop1
loop1
loop1
loop1
loop1
loop1
loop1
loop1
loop1
loop1
loop1
loop1
loop1
loop1
loop1
loop1
loop1
loop1
loop1
loop1
loop1
loop1
loop1
loop1
loop1
loop1
loop1
loop1
loop1
loop1
loop1
loop1
loop1
loop1
loop1
loop1
loop1
loop1
loop1
loop1
loop1
loop1
loop1
loop1
loop1
loop1
loop1
loop1
loop1
loop1
loop1
loop1
loop1
loop1
loop1
loop1
loop1
loop1
loop1
loop1
loop1
loop1
loop1
loop1
loop1
loop1
loop1
loop1
loop1
loop1
loop1
loop1
loop1
loop1
loop1
loop1
loop1
loop1
loop1
loop1
loop1
loop1
loop1
loop1
loop1
loop1
loop1
loop1
loop1
loop1
loop1
loop1
loop1
loop1
loop1
loop1
loop1
loop1
loop1
loop1
loop1
loop1
loop1
loop1
loop1
loop1
loop1
loop1
loop1
loop1
loop1
loop1
loop1
loop1
loop1
loop1
loop1
loop1
loop1
loop1
loop1
loop1
loop1
loop1
loop1
loop1
loop1
loop1
loop1
loop1
loop1
loop1
loop1
loop1
loop1
loop1
loop1
loop1
loop1
loop1
loop1
loop1
loop1
loop1
loop1
loop1
loop1
loop1
loop1
loop1
loop1
loop1
loop1
loop1
loop1
loop1
loop1
loop1
loop1
loop1
loop1
loop1
loop1
loop1
loop1
loop1
loop1
loop1
loop1
loop1
loop1
loop1
loop1
loop1
loop1
loop1
loop1
loop1
loop1
loop1
loop1
loop1
loop1
loop1
loop1
loop1
loop1
loop1
loop1
loop1
loop1
loop1
loop1
loop1
loop1
loop1
loop1
loop1
loop1
loop1
loop1
loop1
loop1
loop1
loop1
loop1
loop1
loop1
loop1
loop1
loop1
loop1
loop1
loop1
loop1
loop1
loop1
loop1
loop1
loop1
loop1
loop1
loop1
loop1
loop1
loop1
loop1
loop1
loop1
loop1
loop1
loop1
loop1
loop1
loop1
loop1
loop1
loop1
loop1
loop1
loop1
loop1
loop1
loop1
loop1
loop1
loop1
loop1
loop1
loop1
loop1
loop1
loop1
loop1
loop1
loop1
loop1
loop1
loop1
loop1
loop1
loop1
loop1
loop1
loop1
loop1
loop1
loop1
loop1
loop1
loop1
loop1
loop1
loop1
loop1
loop1
loop1
loop1
loop1
loop1
loop1
loop1
loop1
loop1
loop1
loop1
loop1
loop1
loop1
loop1
loop1
loop1
loop1
loop1
loop1
loop1
loop1
loop1
loop1
loop1
loop1
loop1
loop1
loop1
loop1
loop1
loop1
loop1
loop1
loop1
loop1
loop1
loop1
loop1
loop1
loop1
loop1
loop1
loop1
loop1
loop1
loop1
loop1
loop1
loop1
loop1
loop1
loop1
loop1
loop1
loop1
loop1
loop1
loop1
loop1
loop1
loop1
loop1
loop1
loop1
loop1
loop1
loop1
loop1
loop1
loop1
loop1
loop1
loop1
loop1
loop1
loop1
loop1
loop1
loop1
loop1
loop1
loop1
loop1
loop1
loop1
loop1
loop1
loop1
loop1
loop1
loop1
loop1
loop1
loop1
loop1
loop1
loop1
loop1
loop1
loop1
loop1
loop1
loop1
loop1
loop1
loop1
loop1
loop1
loop1
loop1
loop1
loop1
loop1
loop1
loop1
loop1
loop1
loop1
loop1
loop1
loop1
loop1
loop1
loop1
loop1
loop1
loop1
loop1
loop1
loop1
loop1
loop1
loop1
loop1
loop1
loop1
loop1
loop1
loop1
loop1
loop1
loop1
loop1
loop1
loop1
loop1
loop1
loop1
loop1
loop1
loop1
loop1
loop1
loop1
loop1
loop1
loop1
loop1
loop1
loop1
loop1
loop1
loop1
loop1
loop1
loop1
loop1
loop1
loop1
loop1
loop1
loop1
loop1
loop1
loop1
loop1
loop1
loop1
loop1
loop1
loop1
loop1
loop1
loop1
loop1
loop1
loop1
loop1
loop1
loop1
loop1
loop1
loop1
loop1
loop1
loop1
loop1
loop1
loop1
loop1
loop1
loop1
loop1
loop1
loop1
loop1
loop1
loop1
loop1
loop1
loop1
loop1
loop1
loop1
loop1
loop1
loop1
loop1
loop1
loop1
loop1
loop1
loop1
loop1
loop1
loop1
loop1
loop1
loop1
loop1
loop1
loop1
loop1
loop1
loop1
loop1
loop1
loop1
loop1
loop1
loop1
loop1
loop1
loop1
loop1
loop1
loop1
loop1
loop1
loop1
loop1
loop1
loop1
loop1
loop1
loop1
loop1
loop1
loop1
loop1
loop1
loop1
loop1
loop1
loop1
loop1
loop1
loop1
loop1
loop1
loop1
loop1
loop1
loop1
loop1
loop1
loop1
loop1
loop1
loop1
loop1
loop1
loop1
loop1
loop1
loop1
loop1
loop1
loop1
loop1
loop1
loop1
loop1
loop1
loop1
loop1
loop1
loop1
loop1
loop1
loop1
loop1
loop1
loop1
loop1
loop1
loop1
loop1
loop1
loop1
loop1
loop1
loop1
loop1
loop1
loop1
loop1
loop1
loop1
loop1
loop1
loop1
loop1
loop1
loop1
loop1
loop1
loop1
loop1
loop1
loop1
loop1
loop1
loop1
loop1
loop1
loop1
loop1
loop1
loop1
loop1
loop1
loop1
loop1
loop1
loop1
loop1
loop1
loop1
loop1
loop1
loop1
loop1
loop1
loop1
loop1
loop1
loop1
loop1
loop1
loop1
loop1
loop1
loop1
loop1
loop1
loop1
loop1
loop1
loop1
loop1
loop1
loop1
loop1
loop1
loop1
loop1
loop1
loop1
loop1
loop1
loop1
loop1
loop1
loop1
loop1
loop1
loop1
loop1
loop1
loop1
loop1
loop1
loop1
loop1
loop1
loop1
loop1
loop1
loop1
loop1
loop1
loop1
loop1
loop1
loop1
loop1
loop1
loop1
loop1
loop1
loop1
loop1
loop1
loop1
loop1
loop1
loop1
loop1
loop1
loop1
loop1
loop1
loop1
loop1
loop1
loop1
loop1
loop1
loop1
loop1
loop1
loop1
loop1
loop1
loop1
loop1
loop1
loop1
loop1
loop1
loop1
loop1
loop1
loop1
loop1
loop1
loop1
loop1
loop1
loop1
loop1
loop1
loop1
loop1
loop1
loop1
loop1
loop1
loop1
loop1
loop1
loop1
loop1
loop1
loop1
loop1
loop1
loop1
loop1
loop1
loop1
loop1
loop1
loop1
loop1
loop1
loop1
loop1
loop1
loop1
loop1
loop1
loop1
loop1
loop1
loop1
loop1
loop1
loop1
loop1
loop1
loop1
loop1
loop1
loop1
loop1
loop1
loop1
loop1
loop1
loop1
loop1
loop1
loop1
loop1
loop1
loop1
loop1
loop1
loop1
loop1
loop1
loop1
loop1
loop1
loop1
loop1
loop1
loop1
loop1
loop1
loop1
loop1
loop1
loop1
loop1
loop1
loop1
loop1
loop1
loop1
loop1
loop1
loop1
loop1
loop1
loop1
loop1
loop1
loop1
loop1
loop1
loop1
loop1
loop1
loop1
loop1
loop1
loop1
loop1
loop1
loop1
loop1
loop1
loop1
loop1
loop1
loop1
loop1
loop1
loop1
loop1
loop1
loop1
loop1
loop1
loop1
loop1
loop1
loop1
loop1
loop1
loop1
loop1
loop1
loop1
loop1
loop1
loop1
loop1
loop1
loop1
loop1
loop1
loop1
loop1
loop1
loop1
loop1
loop1
loop1
loop1
loop1
loop1
loop1
loop1
loop1
loop1
loop1
loop1
loop1
loop1
loop1
loop1
loop1
loop1
loop1
loop1
loop1
loop1
loop1
loop1
loop1
loop1
loop1
loop1
loop1
loop1
loop1
loop1
loop1
loop1
loop1
loop1
loop1
loop1
loop1
loop1
loop1
loop1
loop1
loop1
loop1
loop1
loop1
loop1
loop1
loop1
loop1
loop1
loop1
loop1
loop1
loop1
loop1
loop1
loop1
loop1
loop1
loop1
loop1
loop1
loop1
loop1
loop1
loop1
loop1
loop1
loop1
loop1
loop1
loop1
loop1
loop1
loop1
loop1
loop1
loop1
loop1
loop1
loop1
loop1
loop1
loop1
loop1
loop1
loop1
loop1
loop1
loop1
loop1
loop1
loop1
loop1
loop1
loop1
loop1
loop1
loop1
loop1
loop1
loop1
loop1
loop1
loop1
loop1
loop1
loop1
loop1
loop1
loop1
loop1
loop1
loop1
loop1
loop1
loop1
loop1
loop1
loop1
loop1
loop1
loop1
loop1
loop1
loop1
loop1
loop1
loop1
loop1
loop1
loop1
loop1
loop1
loop1
loop1
loop1
loop1
loop1
loop1
loop1
loop1
loop1
loop1
loop1
loop1
loop1
loop1
loop1
loop1
loop1
loop1
loop1
loop1
loop1
loop1
loop1
loop1
loop1
loop1
loop1
loop1
loop1
loop1
loop1
loop1
loop1
loop1
loop1
loop1
loop1
loop1
loop1
loop1
loop1
loop1
loop1
loop1
loop1
loop1
loop1
loop1
loop1
loop1
loop1
loop1
loop1
loop1
loop1
loop1
loop1
loop1
loop1
loop1
loop1
loop1
loop1
loop1
loop1
loop1
loop1
loop1
loop1
loop1
loop1
loop1
loop1
loop1
loop1
loop1
loop1
loop1
loop1
loop1
loop1
loop1
loop1
loop1
loop1
loop1
loop1
loop1
loop1
loop1
loop1
loop1
loop1
loop1
loop1
loop1
loop1
loop1
loop1
loop1
loop1
loop1
loop1
loop1
loop1
loop1
loop1
loop1
loop1
loop1
loop1
loop1
loop1
loop1
loop1
loop1
loop1
loop1
loop1
loop1
loop1
loop1
loop1
loop1
loop1
loop1
loop1
loop1
loop1
loop1
loop1
loop1
loop1
loop1
loop1
loop1
loop1
loop1
loop1
loop1
loop1
loop1
loop1
loop1
loop1
loop1
loop1
loop1
loop1
loop1
loop1
loop1
loop1
loop1
loop1
loop1
loop1
loop1
loop1
loop1
loop1
loop1
loop1
loop1
loop1
loop1
loop1
loop1
loop1
loop1
loop1
loop1
loop1
loop1
loop1
loop1
loop1
loop1
loop1
loop1
loop1
loop1
loop1
loop1
loop1
loop1
loop1
loop1
loop1
loop1
loop1
loop1
loop1
loop1
loop1
loop1
loop1
loop1
loop1
loop1
loop1
loop1
loop1
loop1
loop1
loop1
loop1
loop1
loop1
loop1
loop1
loop1
loop1
loop1
loop1
loop1
loop1
loop1
loop1
loop1
loop1
loop1
loop1
loop1
loop1
loop1
loop1
loop1
loop1
loop1
loop1
loop1
loop1
loop1
loop1
loop1
loop1
loop1
loop1
loop1
loop1
loop1
loop1
loop1
loop1
loop1
loop1
loop1
loop1
loop1
loop1
loop1
loop1
loop1
loop1
loop1
loop1
loop1
loop1
loop1
loop1
loop1
loop1
loop1
loop1
loop1
loop1
loop1
loop1
loop1
loop1
loop1
loop1
loop1
loop1
loop1
loop1
loop1
loop1
loop1
loop1
loop1
loop1
loop1
loop1
loop1
loop1
loop1
loop1
loop1
loop1
loop1
loop1
loop1
loop1
loop1
loop1
loop1
loop1
loop1
loop1
loop1
loop1
loop1
loop1
loop1
loop1
loop1
loop1
loop1
loop1
loop1
loop1
loop1
loop1
loop1
loop1
loop1
loop1
loop1
loop1
loop1
loop1
loop1
loop1
loop1
loop1
loop1
loop1
loop1
loop1
loop1
loop1
loop1
loop1
loop1
loop1
loop1
loop1
loop1
loop1
loop1
loop1
loop1
loop1
loop1
loop1
loop1
loop1
loop1
loop1
loop1
loop1
loop1
loop1
loop1
loop1
loop1
loop1
loop1
loop1
loop1
loop1
loop1
loop1
loop1
loop1
loop1
loop1
loop1
loop1
loop1
loop1
loop1
loop1
loop1
loop1
loop1
loop1
loop1
loop1
loop1
loop1
loop1
loop1
loop1
loop1
loop1
loop1
loop1
loop1
loop1
loop1
loop1
loop1
loop1
loop1
loop1
loop1
loop1
loop1
loop1
loop1
loop1
loop1
loop1
loop1
loop1
loop1
loop1
loop1
loop1
loop1
loop1
loop1
loop1
loop1
loop1
loop1
loop1
loop1
loop1
loop1
loop1
loop1
loop1
loop1
loop1
loop1
loop1
loop1
loop1
loop1
loop1
loop1
loop1
loop1
loop1
loop1
loop1
loop1
loop1
loop1
loop1
loop1
loop1
loop1
loop1
loop1
loop1
loop1
loop1
loop1
loop1
loop1
loop1
loop1
loop1
loop1
loop1
loop1
loop1
loop1
loop1
loop1
loop1
loop1
loop1
loop1
loop1
loop1
loop1
loop1
loop1
loop1
loop1
loop1
loop1
loop1
loop1
loop1
loop1
loop1
loop1
loop1
loop1
loop1
loop1
loop1
loop1
loop1
loop1
loop1
loop1
loop1
loop1
loop1
loop1
loop1
loop1
loop1
loop1
loop1
loop1
loop1
loop1
loop1
loop1
loop1
loop1
loop1
loop1
loop1
loop1
loop1
loop1
loop1
loop1
loop1
loop1
loop1
loop1
loop1
loop1
loop1
loop1
loop1
loop1
loop1
loop1
loop1
loop1
loop1
loop1
loop1
loop1
loop1
loop1
loop1
loop1
loop1
loop1
loop1
loop1
loop1
loop1
loop1
loop1
loop1
loop1
loop1
loop1
loop1
loop1
loop1
loop1
loop1
loop1
loop1
loop1
loop1
loop1
loop1
loop1
loop1
loop1
loop1
loop1
loop1
loop1
loop1
loop1
loop1
loop1
loop1
loop1
loop1
loop1
loop1
loop1
loop1
loop1
loop1
loop1
loop1
loop1
loop1
loop1
loop1
loop1
loop1
loop1
loop1
loop1
loop1
loop1
loop1
loop1
loop1
loop1
loop1
loop1
loop1
loop1
loop1
loop1
loop1
loop1
loop1
loop1
loop1
loop1
loop1
loop1
loop1
loop1
loop1
loop1
loop1
loop1
loop1
loop1
loop1
loop1
loop1
loop1
loop1
loop1
loop1
loop1
loop1
loop1
loop1
loop1
loop1
loop1
loop1
loop1
loop1
loop1
loop1
loop1
loop1
loop1
loop1
loop1
loop1
loop1
loop1
loop1
loop1
loop1
loop1
loop1
loop1
loop1
loop1
loop1
loop1
loop1
loop1
loop1
loop1
loop1
loop1
loop1
loop1
loop1
loop1
loop1
loop1
loop1
loop1
loop1
loop1
loop1
loop1
loop1
loop1
loop1
loop1
loop1
loop1
loop1
loop1
loop1
loop1
loop1
loop1
loop1
loop1
loop1
loop1
loop1
loop1
loop1
loop1
loop1
loop1
loop1
loop1
loop1
loop1
loop1
loop1
loop1
loop1
loop1
loop1
loop1
loop1
loop1
loop1
loop1
loop1
loop1
loop1
loop1
loop1
loop1
loop1
loop1
loop1
loop1
loop1
loop1
loop1
loop1
loop1
loop1
loop1
loop1
loop1
loop1
loop1
loop1
loop1
loop1
loop1
loop1
loop1
loop1
loop1
loop1
loop1
loop1
loop1
loop1
loop1
loop1
loop1
loop1
loop1
loop1
loop1
loop1
loop1
loop1
loop1
loop1
loop1
loop1
loop1
loop1
loop1
loop1
loop1
loop1
loop1
loop1
loop1
loop1
loop1
loop1
loop1
loop1
loop1
loop1
loop1
loop1
loop1
loop1
loop1
loop1
loop1
loop1
loop1
loop1
loop1
loop1
loop1
loop1
loop1
loop1
loop1
loop1
loop1
loop1
loop1
loop1
loop1
loop1
loop1
loop1
loop1
loop1
loop1
loop1
loop1
loop1
loop1
loop1
loop1
loop1
loop1
loop1
loop1
loop1
loop1
loop1
loop1
loop1
loop1
loop1
loop1
loop1
loop1
loop1
loop1
loop1
loop1
loop1
loop1
loop1
loop1
loop1
loop1
loop1
loop1
loop1
loop1
loop1
loop1
loop1
loop1
loop1
loop1
loop1
loop1
loop1
loop1
loop1
loop1
loop1
loop1
loop1
loop1
loop1
loop1
loop1
loop1
loop1
loop1
loop1
loop1
loop1
loop1
loop1
loop1
loop1
loop1
loop1
loop1
loop1
loop1
loop1
loop1
loop1
loop1
loop1
loop1
loop1
loop1
loop1
loop1
loop1
loop1
loop1
loop1
loop1
loop1
loop1
loop1
loop1
loop1
loop1
loop1
loop1
loop1
loop1
loop1
loop1
loop1
loop1
loop1
loop1
loop1
loop1
loop1
loop1
loop1
loop1
loop1
loop1
loop1
loop1
loop1
loop1
loop1
loop1
loop1
loop1
loop1
loop1
loop1
loop1
loop1
loop1
loop1
loop1
loop1
loop1
loop1
loop1
loop1
loop1
loop1
loop1
loop1
loop1
loop1
loop1
loop1
loop1
loop1
loop1
loop1
loop1
loop1
loop1
loop1
loop1
loop1
loop1
loop1
loop1
loop1
loop1
loop1
loop1
loop1
loop1
loop1
loop1
loop1
loop1
loop1
loop1
loop1
loop1
loop1
loop1
loop1
loop1
loop1
loop1
loop1
loop1
loop1
loop1
loop1
loop1
loop1
loop1
loop1
loop1
loop1
loop1
loop1
loop1
loop1
loop1
loop1
loop1
loop1
loop1
loop1
loop1
loop1
loop1
loop1
loop1
loop1
loop1
loop1
loop1
loop1
loop1
loop1
loop1
loop1
loop1
loop1
loop1
loop1
loop1
loop1
loop1
loop1
loop1
loop1
loop1
loop1
loop1
loop1
loop1
loop1
loop1
loop1
loop1
loop1
loop1
loop1
loop1
loop1
loop1
loop1
loop1
loop1
loop1
loop1
loop1
loop1
loop1
loop1
loop1
loop1
loop1
loop1
loop1
loop1
loop1
loop1
loop1
loop1
loop1
loop1
loop1
loop1
loop1
loop1
loop1
loop1
loop1
loop1
loop1
loop1
loop1
loop1
loop1
loop1
loop1
loop1
loop1
loop1
loop1
loop1
loop1
loop1
loop1
loop1
loop1
loop1
loop1
loop1
loop1
loop1
loop1
loop1
loop1
loop1
loop1
loop1
loop1
loop1
loop1
loop1
loop1
loop1
loop1
loop1
loop1
loop1
loop1
loop1
loop1
loop1
loop1
loop1
loop1
loop1
loop1
loop1
loop1
loop1
loop1
loop1
loop1
loop1
loop1
loop1
loop1
loop1
loop1
loop1
loop1
loop1
loop1
loop1
loop1
loop1
loop1
loop1
loop1
loop1
loop1
loop1
loop1
loop1
loop1
loop1
loop1
loop1
loop1
loop1
loop1
loop1
loop1
loop1
loop1
loop1
loop1
loop1
loop1
loop1
loop1
loop1
loop1
loop1
loop1
loop1
loop1
loop1
loop1
loop1
loop1
loop1
loop1
loop1
loop1
loop1
loop1
loop1
loop1
loop1
loop1
loop1
loop1
loop1
loop1
loop1
loop1
loop1
loop1
loop1
loop1
loop1
loop1
loop1
loop1
loop1
loop1
loop1
loop1
loop1
loop1
loop1
loop1
loop1
loop1
loop1
loop1
loop1
loop1
loop1
loop1
loop1
loop1
loop1
loop1
loop1
loop1
loop1
loop1
loop1
loop1
loop1
loop1
loop1
loop1
loop1
loop1
loop1
loop1
loop1
loop1
loop1
loop1
loop1
loop1
loop1
loop1
loop1
loop1
loop1
loop1
loop1
loop1
loop1
loop1
loop1
loop1
loop1
loop1
loop1
loop1
loop1
loop1
loop1
loop1
loop1
loop1
loop1
loop1
loop1
loop1
loop1
loop1
loop1
loop1
loop1
loop1
loop1
loop1
loop1
loop1
loop1
loop1
loop1
loop1
loop1
loop1
loop1
loop1
loop1
loop1
loop1
loop1
loop1
loop1
loop1
loop1
loop1
loop1
loop1
loop1
loop1
loop1
loop1
loop1
loop1
loop1
loop1
loop1
loop1
loop1
loop1
loop1
loop1
loop1
loop1
loop1
loop1
loop1
loop1
loop1
loop1
loop1
loop1
loop1
loop1
loop1
loop1
loop1
loop1
loop1
loop1
loop1
loop1
loop1
loop1
loop1
loop1
loop1
loop1
loop1
loop1
loop1
loop1
loop1
loop1
loop1
loop1
loop1
loop1
loop1
loop1
loop1
loop1
loop1
loop1
loop1
loop1
loop1
loop1
loop1
loop1
loop1
loop1
loop1
loop1
loop1
loop1
loop1
loop1
loop1
loop1
loop1
loop1
loop1
loop1
loop1
loop1
loop1
loop1
loop1
loop1
loop1
loop1
loop1
loop1
loop1
loop1
loop1
loop1
loop1
loop1
loop1
loop1
loop1
loop1
loop1
loop1
loop1
loop1
loop1
loop1
loop1
loop1
loop1
loop1
loop1
loop1
loop1
loop1
loop1
loop1
loop1
loop1
loop1
loop1
loop1
loop1
loop1
loop1
loop1
loop1
loop1
loop1
loop1
loop1
loop1
loop1
loop1
loop1
loop1
loop1
loop1
loop1
loop1
loop1
loop1
loop1
loop1
loop1
loop1
loop1
loop1
loop1
loop1
loop1
loop1
loop1
loop1
loop1
loop1
loop1
loop1
loop1
loop1
loop1
loop1
loop1
loop1
loop1
loop1
loop1
loop1
loop1
loop1
loop1
loop1
loop1
loop1
loop1
loop1
loop1
loop1
loop1
loop1
loop1
loop1
loop1
loop1
loop1
loop1
loop1
loop1
loop1
loop1
loop1
loop1
loop1
loop1
loop1
loop1
loop1
loop1
loop1
loop1
loop1
loop1
loop1
loop1
loop1
loop1
loop1
loop1
loop1
loop1
loop1
loop1
loop1
loop1
loop1
loop1
loop1
loop1
loop1
loop1
loop1
loop1
loop1
loop1
loop1
loop1
loop1
loop1
loop1
loop1
loop1
loop1
loop1
loop1
loop1
loop1
loop1
loop1
loop1
loop1
loop1
loop1
loop1
loop1
loop1
loop1
loop1
loop1
loop1
loop1
loop1
loop1
loop1
loop1
loop1
loop1
loop1
loop1
loop1
loop1
loop1
loop1
loop1
loop1
loop1
loop1
loop1
loop1
loop1
loop1
loop1
loop1
loop1
loop1
loop1
loop1
loop1
loop1
loop1
loop1
loop1
loop1
loop1
loop1
loop1
loop1
loop1
loop1
loop1
loop1
loop1
loop1
loop1
loop1
loop1
loop1
loop1
loop1
loop1
loop1
loop1
loop1
loop1
loop1
loop1
loop1
loop1
loop1
loop1
loop1
loop1
loop1
loop1
loop1
loop1
loop1
loop1
loop1
loop1
loop1
loop1
loop1
loop1
loop1
loop1
loop1
loop1
loop1
loop1
loop1
loop1
loop1
loop1
loop1
loop1
loop1
loop1
loop1
loop1
loop1
loop1
loop1
loop1
loop1
loop1
loop1
loop1
loop1
loop1
loop1
loop1
loop1
loop1
loop1
loop1
loop1
loop1
loop1
loop1
loop1
loop1
loop1
loop1
loop1
loop1
loop1
loop1
loop1
loop1
loop1
loop1
loop1
loop1
loop1
loop1
loop1
loop1
loop1
loop1
loop1
loop1
loop1
loop1
loop1
loop1
loop1
loop1
loop1
loop1
loop1
loop1
loop1
loop1
loop1
loop1
loop1
loop1
loop1
loop1
loop1
loop1
loop1
loop1
loop1
loop1
loop1
loop1
loop1
loop1
loop1
loop1
loop1
loop1
loop1
loop1
loop1
loop1
loop1
loop1
loop1
loop1
loop1
loop1
loop1
loop1
loop1
loop1
loop1
loop1
loop1
loop1
loop1
loop1
loop1
loop1
loop1
loop1
loop1
loop1
loop1
loop1
loop1
loop1
loop1
loop1
loop1
loop1
loop1
loop1
loop1
loop1
loop1
loop1
loop1
loop1
loop1
loop1
loop1
loop1
loop1
loop1
loop1
loop1
loop1
loop1
loop1
loop1
loop1
loop1
loop1
loop1
loop1
loop1
loop1
loop1
loop1
loop1
loop1
loop1
loop1
loop1
loop1
loop1
loop1
loop1
loop1
loop1
loop1
loop1
loop1
loop1
loop1
loop1
loop1
loop1
loop1
loop1
loop1
loop1
loop1
loop1
loop1
loop1
loop1
loop1
loop1
loop1
loop1
loop1
loop1
loop1
loop1
loop1
loop1
loop1
loop1
loop1
loop1
loop1
loop1
loop1
loop1
loop1
loop1
loop1
loop1
loop1
loop1
loop1
loop1
loop1
loop1
loop1
loop1
loop1
loop1
loop1
loop1
loop1
loop1
loop1
loop1
loop1
loop1
loop1
loop1
loop1
loop1
loop1
loop1
loop1
loop1
loop1
loop1
loop1
loop1
loop1
loop1
loop1
loop1
loop1
loop1
loop1
loop1
loop1
loop1
loop1
loop1
loop1
loop1
loop1
loop1
loop1
loop1
loop1
loop1
loop1
loop1
loop1
loop1
loop1
loop1
loop1
loop1
loop1
loop1
loop1
loop1
loop1
loop1
loop1
loop1
loop1
loop1
loop1
loop1
loop1
loop1
loop1
loop1
loop1
loop1
loop1
loop1
loop1
loop1
loop1
loop1
loop1
loop1
loop1
loop1
loop1
loop1
loop1
loop1
loop1
loop1
loop1
loop1
loop1
loop1
loop1
loop1
loop1
loop1
loop1
loop1
loop1
loop1
loop1
loop1
loop1
loop1
loop1
loop1
loop1
loop1
loop1
loop1
loop1
loop1
loop1
loop1
loop1
loop1
loop1
loop1
loop1
loop1
loop1
loop1
loop1
loop1
loop1
loop1
loop1
loop1
loop1
loop1
loop1
loop1
loop1
loop1
loop1
loop1
loop1
loop1
loop1
loop1
loop1
loop1
loop1
loop1
loop1
loop1
loop1
loop1
loop1
loop1
loop1
loop1
loop1
loop1
loop1
loop1
loop1
loop1
loop1
loop1
loop1
loop1
loop1
loop1
loop1
loop1
loop1
loop1
loop1
loop1
loop1
loop1
loop1
loop1
loop1
loop1
loop1
loop1
loop1
loop1
loop1
loop1
loop1
loop1
loop1
loop1
loop1
loop1
loop1
loop1
loop1
loop1
loop1
loop1
loop1
loop1
loop1
loop1
loop1
loop1
loop1
loop1
loop1
loop1
loop1
loop1
loop1
loop1
loop1
loop1
loop1
loop1
loop1
loop1
loop1
loop1
loop1
loop1
loop1
loop1
loop1
loop1
loop1
loop1
loop1
loop1
loop1
loop1
loop1
loop1
loop1
loop1
loop1
loop1
loop1
loop1
loop1
loop1
loop1
loop1
loop1
loop1
loop1
loop1
loop1
loop1
loop1
loop1
loop1
loop1
loop1
loop1
loop1
loop1
loop1
loop1
loop1
loop1
loop1
loop1
loop1
loop1
loop1
loop1
loop1
loop1
loop1
loop1
loop1
loop1
loop1
loop1
loop1
loop1
loop1
loop1
loop1
loop1
loop1
loop1
loop1
loop1
loop1
loop1
loop1
loop1
loop1
loop1
loop1
loop1
loop1
loop1
loop1
loop1
loop1
loop1
loop1
loop1
loop1
loop1
loop1
loop1
loop1
loop1
loop1
loop1
loop1
loop1
loop1
loop1
loop1
loop1
loop1
loop1
loop1
loop1
loop1
loop1
loop1
loop1
loop1
loop1
loop1
loop1
loop1
loop1
loop1
loop1
loop1
loop1
loop1
loop1
loop1
loop1
loop1
loop1
loop1
loop1
loop1
loop1
loop1
loop1
loop1
loop1
loop1
loop1
loop1
loop1
loop1
loop1
loop1
loop1
loop1
loop1
loop1
loop1
loop1
loop1
loop1
loop1
loop1
loop1
loop1
loop1
loop1
loop1
loop1
loop1
loop1
loop1
loop1
loop1
loop1
loop1
loop1
loop1
loop1
loop1
loop1
loop1
loop1
loop1
loop1
loop1
loop1
loop1
loop1
loop1
loop1
loop1
loop1
loop1
loop1
loop1
loop1
loop1
loop1
loop1
loop1
loop1
loop1
loop1
loop1
loop1
loop1
loop1
loop1
loop1
loop1
loop1
loop1
loop1
loop1
loop1
loop1
loop1
loop1
loop1
loop1
loop1
loop1
loop1
loop1
loop1
loop1
loop1
loop1
loop1
loop1
loop1
loop1
loop1
loop1
loop1
loop1
loop1
loop1
loop1
loop1
loop1
loop1
loop1
loop1
loop1
loop1
loop1
loop1
loop1
loop1
loop1
loop1
loop1
loop1
loop1
loop1
loop1
loop1
loop1
loop1
loop1
loop1
loop1
loop1
loop1
loop1
loop1
loop1
loop1
loop1
loop1
loop1
loop1
loop1
loop1
loop1
loop1
loop1
loop1
loop1
loop1
loop1
loop1
loop1
loop1
loop1
loop1
loop1
loop1
loop1
loop1
loop1
loop1
loop1
loop1
loop1
loop1
loop1
loop1
loop1
loop1
loop1
loop1
loop1
loop1
loop1
loop1
loop1
loop1
loop1
loop1
loop1
loop1
loop1
loop1
loop1
loop1
loop1
loop1
loop1
loop1
loop1
loop1
loop1
loop1
loop1
loop1
loop1
loop1
loop1
loop1
loop1
loop1
loop1
loop1
loop1
loop1
loop1
loop1
loop1
loop1
loop1
loop1
loop1
loop1
loop1
loop1
loop1
loop1
loop1
loop1
loop1
loop1
loop1
loop1
loop1
loop1
loop1
loop1
loop1
loop1
loop1
loop1
loop1
loop1
loop1
loop1
loop1
loop1
loop1
loop1
loop1
loop1
loop1
loop1
loop1
loop1
loop1
loop1
loop1
loop1
loop1
loop1
loop1
loop1
loop1
loop1
loop1
loop1
loop1
loop1
loop1
loop1
loop1
loop1
loop1
loop1
loop1
loop1
loop1
loop1
loop1
loop1
loop1
loop1
loop1
loop1
loop1
loop1
loop1
loop1
loop1
loop1
loop1
loop1
loop1
loop1
loop1
loop1
loop1
loop1
loop1
loop1
loop1
loop1
loop1
loop1
loop1
loop1
loop1
loop1
loop1
loop1
loop1
loop1
loop1
loop1
loop1
loop1
loop1
loop1
loop1
loop1
loop1
loop1
loop1
loop1
loop1
loop1
loop1
loop1
loop1
loop1
loop1
loop1
loop1
loop1
loop1
loop1
loop1
loop1
loop1
loop1
loop1
loop1
loop1
loop1
loop1
loop1
loop1
loop1
loop1
loop1
loop1
loop1
loop1
loop1
loop1
loop1
loop1
loop1
loop1
loop1
loop1
loop1
loop1
loop1
loop1
loop1
loop1
loop1
loop1
loop1
loop1
loop1
loop1
loop1
loop1
loop1
loop1
loop1
loop1
loop1
loop1
loop1
loop1
loop1
loop1
loop1
loop1
loop1
loop1
loop1
loop1
loop1
loop1
loop1
loop1
loop1
loop1
loop1
loop1
loop1
loop1
loop1
loop1
loop1
loop1
loop1
loop1
loop1
loop1
loop1
loop1
loop1
loop1
loop1
loop1
loop1
loop1
loop1
loop1
loop1
loop1
loop1
loop1
loop1
loop1
loop1
loop1
loop1
loop1
loop1
loop1
loop1
loop1
loop1
loop1
loop1
loop1
loop1
loop1
loop1
loop1
loop1
loop1
loop1
loop1
loop1
loop1
loop1
loop1
loop1
loop1
loop1
loop1
loop1
loop1
loop1
loop1
loop1
loop1
loop1
loop1
loop1
loop1
loop1
loop1
loop1
loop1
loop1
loop1
loop1
loop1
loop1
loop1
loop1
loop1
loop1
loop1
loop1
loop1
loop1
loop1
loop1
loop1
loop1
loop1
loop1
loop1
loop1
loop1
loop1
loop1
loop1
loop1
loop1
loop1
loop1
loop1
loop1
loop1
loop1
loop1
loop1
loop1
loop1
loop1
loop1
loop1
loop1
loop1
loop1
loop1
loop1
loop1
loop1
loop1
loop1
loop1
loop1
loop1
loop1
loop1
loop1
loop1
loop1
loop1
loop1
loop1
loop1
loop1
loop1
loop1
loop1
loop1
loop1
loop1
loop1
loop1
loop1
loop1
loop1
loop1
loop1
loop1
loop1
loop1
loop1
loop1
loop1
loop1
loop1
loop1
loop1
loop1
loop1
loop1
loop1
loop1
loop1
loop1
loop1
loop1
loop1
loop1
loop1
loop1
loop1
loop1
loop1
loop1
loop1
loop1
loop1
loop1
loop1
loop1
loop1
loop1
loop1
loop1
loop1
loop1
loop1
loop1
loop1
loop1
loop1
loop1
loop1
loop1
loop1
loop1
loop1
loop1
loop1
loop1
loop1
loop1
loop1
loop1
loop1
loop1
loop1
loop1
loop1
loop1
loop1
loop1
loop1
loop1
loop1
loop1
loop1
loop1
loop1
loop1
loop1
loop1
loop1
loop1
loop1
loop1
loop1
loop1
loop1
loop1
loop1
loop1
loop1
loop1
loop1
loop1
loop1
loop1
loop1
loop1
loop1
loop1
loop1
loop1
loop1
loop1
loop1
loop1
loop1
loop1
loop1
loop1
loop1
loop1
loop1
loop1
loop1
loop1
loop1
loop1
loop1
loop1
loop1
loop1
loop1
loop1
loop1
loop1
loop1
loop1
loop1
loop1
loop1
loop1
loop1
loop1
loop1
loop1
loop1
loop1
loop1
loop1
loop1
loop1
loop1
loop1
loop1
loop1
loop1
loop1
loop1
loop1
loop1
loop1
loop1
loop1
loop1
loop1
loop1
loop1
loop1
loop1
loop1
loop1
loop1
loop1
loop1
loop1
loop1
loop1
loop1
loop1
loop1
loop1
loop1
loop1
loop1
loop1
loop1
loop1
loop1
loop1
loop1
loop1
loop1
loop1
loop1
loop1
loop1
loop1
loop1
loop1
loop1
loop1
loop1
loop1
loop1
loop1
loop1
loop1
loop1
loop1
loop1
loop1
loop1
loop1
loop1
loop1
loop1
loop1
loop1
loop1
loop1
loop1
loop1
loop1
loop1
loop1
loop1
loop1
loop1
loop1
loop1
loop1
loop1
loop1
loop1
loop1
loop1
loop1
loop1
loop1
loop1
loop1
loop1
loop1
loop1
loop1
loop1
loop1
loop1
loop1
loop1
loop1
loop1
loop1
loop1
loop1
loop1
loop1
loop1
loop1
loop1
loop1
loop1
loop1
loop1
loop1
loop1
loop1
loop1
loop1
loop1
loop1
loop1
loop1
loop1
loop1
loop1
loop1
loop1
loop1
loop1
loop1
loop1
loop1
loop1
loop1
loop1
loop1
loop1
loop1
loop1
loop1
loop1
loop1
loop1
loop1
loop1
loop1
loop1
loop1
loop1
loop1
loop1
loop1
loop1
loop1
loop1
loop1
loop1
loop1
loop1
loop1
loop1
loop1
loop1
loop1
loop1
loop1
loop1
loop1
loop1
loop1
loop1
loop1
loop1
loop1
loop1
loop1
loop1
loop1
loop1
loop1
loop1
loop1
loop1
loop1
loop1
loop1
loop1
loop1
loop1
loop1
loop1
loop1
loop1
loop1
loop1
loop1
loop1
loop1
loop1
loop1
loop1
loop1
loop1
loop1
loop1
loop1
loop1
loop1
loop1
loop1
loop1
loop1
loop1
loop1
loop1
loop1
loop1
loop1
loop1
loop1
loop1
loop1
loop1
loop1
loop1
loop1
loop1
loop1
loop1
loop1
loop1
loop1
loop1
loop1
loop1
loop1
loop1
loop1
loop1
loop1
loop1
loop1
loop1
loop1
loop1
loop1
loop1
loop1
loop1
loop1
loop1
loop1
loop1
loop1
loop1
loop1
loop1
loop1
loop1
loop1
loop1
loop1
loop1
loop1
loop1
loop1
loop1
loop1
loop1
loop1
loop1
loop1
loop1
loop1
loop1
loop1
loop1
loop1
loop1
loop1
loop1
loop1
loop1
loop1
loop1
loop1
loop1
loop1
loop1
loop1
loop1
loop1
loop1
loop1
loop1
loop1
loop1
loop1
loop1
loop1
loop1
loop1
loop1
loop1
loop1
loop1
loop1
loop1
loop1
loop1
loop1
loop1
loop1
loop1
loop1
loop1
loop1
loop1
loop1
loop1
loop1
loop1
loop1
loop1
loop1
loop1
loop1
loop1
loop1
loop1
loop1
loop1
loop1
loop1
loop1
loop1
loop1
loop1
loop1
loop1
loop1
loop1
loop1
loop1
loop1
loop1
loop1
loop1
loop1
loop1
loop1
loop1
loop1
loop1
loop1
loop1
loop1
loop1
loop1
loop1
loop1
loop1
loop1
loop1
loop1
loop1
loop1
loop1
loop1
loop1
loop1
loop1
loop1
loop1
loop1
loop1
loop1
loop1
loop1
loop1
loop1
loop1
loop1
loop1
loop1
loop1
loop1
loop1
loop1
loop1
loop1
loop1
loop1
loop1
loop1
loop1
loop1
loop1
loop1
loop1
loop1
loop1
loop1
loop1
loop1
loop1
loop1
loop1
loop1
loop1
loop1
loop1
loop1
loop1
loop1
loop1
loop1
loop1
loop1
loop1
loop1
loop1
loop1
loop1
loop1
loop1
loop1
loop1
loop1
loop1
loop1
loop1
loop1
loop1
loop1
loop1
loop1
loop1
loop1
loop1
loop1
loop1
loop1
loop1
loop1
loop1
loop1
loop1
loop1
loop1
loop1
loop1
loop1
loop1
loop1
loop1
loop1
loop1
loop1
loop1
loop1
loop1
loop1
loop1
loop1
loop1
loop1
loop1
loop1
loop1
loop1
loop1
loop1
loop1
loop1
loop1
loop1
loop1
loop1
loop1
loop1
loop1
loop1
loop1
loop1
loop1
loop1
loop1
loop1
loop1
loop1
loop1
loop1
loop1
loop1
loop1
loop1
loop1
loop1
loop1
loop1
loop1
loop1
loop1
loop1
loop1
loop1
loop1
loop1
loop1
loop1
loop1
loop1
loop1
loop1
loop1
loop1
loop1
loop1
loop1
loop1
loop1
loop1
loop1
loop1
loop1
loop1
loop1
loop1
loop1
loop1
loop1
loop1
loop1
loop1
loop1
loop1
loop1
loop1
loop1
loop1
loop1
loop1
loop1
loop1
loop1
loop1
loop1
loop1
loop1
loop1
loop1
loop1
loop1
loop1
loop1
loop1
loop1
loop1
loop1
loop1
loop1
loop1
loop1
loop1
loop1
loop1
loop1
loop1
loop1
loop1
loop1
loop1
loop1
loop1
loop1
loop1
loop1
loop1
loop1
loop1
loop1
loop1
loop1
loop1
loop1
loop1
loop1
loop1
loop1
loop1
loop1
loop1
loop1
loop1
loop1
loop1
loop1
loop1
loop1
loop1
loop1
loop1
loop1
loop1
loop1
loop1
loop1
loop1
loop1
loop1
loop1
loop1
loop1
loop1
loop1
loop1
loop1
loop1
loop1
loop1
loop1
loop1
loop1
loop1
loop1
loop1
loop1
loop1
loop1
loop1
loop1
loop1
loop1
loop1
loop1
loop1
loop1
loop1
loop1
loop1
loop1
loop1
loop1
loop1
loop1
loop1
loop1
loop1
loop1
loop1
loop1
loop1
loop1
loop1
loop1
loop1
loop1
loop1
loop1
loop1
loop1
loop1
loop1
loop1
loop1
loop1
loop1
loop1
loop1
loop1
loop1
loop1
loop1
loop1
loop1
loop1
loop1
loop1
loop1
loop1
loop1
loop1
loop1
loop1
loop1
loop1
loop1
loop1
loop1
loop1
loop1
loop1
loop1
loop1
loop1
loop1
loop1
loop1
loop1
loop1
loop1
loop1
loop1
loop1
loop1
loop1
loop1
loop1
loop1
loop1
loop1
loop1
loop1
loop1
loop1
loop1
loop1
loop1
loop1
loop1
loop1
loop1
loop1
loop2
loop2
loop2
loop2
loop2
loop2
loop2
loop2
loop2
loop2
loop2
loop2
loop2
loop2
loop2
loop2
loop2
loop2
loop2
loop2
loop2
loop2
loop2
loop2
loop2
loop2
loop2
loop2
loop2
loop2
loop2
loop2
loop2
loop2
loop2
loop2
loop2
loop2
loop2
loop2
loop2
loop2
loop2
loop2
loop2
loop2
loop2
loop2
loop2
loop2
loop2
loop2
loop2
loop2
loop2
loop2
loop2
loop2
loop2
loop2
loop2
loop2
loop2
loop2
loop2
loop2
loop2
loop2
loop2
loop2
loop2
loop2
loop2
loop2
loop2
loop2
loop2
loop2
loop2
loop2
loop2
loop2
loop2
loop2
loop2
loop2
loop2
loop2
loop2
loop2
loop2
loop2
loop2
loop2
loop2
loop2
loop2
loop2
loop2
loop2
loop2
loop2
loop2
loop2
loop2
loop2
loop2
loop2
loop2
loop2
loop2
loop2
loop2
loop2
loop2
loop2
loop2
loop2
loop2
loop2
loop2
loop2
loop2
loop2
loop2
loop2
loop2
loop2
loop2
loop2
loop2
loop2
loop2
loop2
loop2
loop2
loop2
loop2
loop2
loop2
loop2
loop2
loop2
loop2
loop2
loop2
loop2
loop2
loop2
loop2
loop2
loop2
loop2
loop2
loop2
loop2
loop2
loop2
loop2
loop2
loop2
loop2
loop2
loop2
loop2
loop2
loop2
loop2
loop2
loop2
loop2
loop2
loop2
loop2
loop2
loop2
loop2
loop2
loop2
loop2
loop2
loop2
loop2
loop2
loop2
loop2
loop2
loop2
loop2
loop2
loop2
loop2
loop2
loop2
loop2
loop2
loop2
loop2
loop2
loop2
loop2
loop2
loop2
loop2
loop2
loop2
loop2
loop2
loop2
loop2
loop2
loop2
loop2
loop2
loop2
loop2
loop2
loop2
loop2
loop2
loop2
loop2
loop2
loop2
loop2
loop2
loop2
loop2
loop2
loop2
loop2
loop2
loop2
loop2
loop2
loop2
loop2
loop2
loop2
loop2
loop2
loop2
loop2
loop2
loop2
loop2
loop2
loop2
loop2
loop2
loop2
loop2
loop2
loop2
loop2
loop2
loop2
loop2
loop2
loop2
loop2
loop2
loop2
loop2
loop2
loop2
loop2
loop2
loop2
loop2
loop2
loop2
loop2
loop2
loop2
loop2
loop2
loop2
loop2
loop2
loop2
loop2
loop2
loop2
loop2
loop2
loop2
loop2
loop2
loop2
loop2
loop2
loop2
loop2
loop2
loop2
loop2
loop2
loop2
loop2
loop2
loop2
loop2
loop2
loop2
loop2
loop2
loop2
loop2
loop2
loop2
loop2
loop2
loop2
loop2
loop2
loop2
loop2
loop2
loop2
loop2
loop2
loop2
loop2
loop2
loop2
loop2
loop2
loop2
loop2
loop2
loop2
loop2
loop2
loop2
loop2
loop2
loop2
loop2
loop2
loop2
loop2
loop2
loop2
loop2
loop2
loop2
loop2
loop2
loop2
loop2
loop2
loop2
loop2
loop2
loop2
loop2
loop2
loop2
loop2
loop2
loop2
loop2
loop2
loop2
loop2
loop2
loop2
loop2
loop2
loop2
loop2
loop2
loop2
loop2
loop2
loop2
loop2
loop2
loop2
loop2
loop2
loop2
loop2
loop2
loop2
loop2
loop2
loop2
loop2
loop2
loop2
loop2
loop2
loop2
loop2
loop2
loop2
loop2
loop2
loop2
loop2
loop2
loop2
loop2
loop2
loop2
loop2
loop2
loop2
loop2
loop2
loop2
loop2
loop2
loop2
loop2
loop2
loop2
loop2
loop2
loop2
loop2
loop2
loop2
loop2
loop2
loop2
loop2
loop2
loop2
loop2
loop2
loop2
loop2
loop2
loop2
loop2
loop2
loop2
loop2
loop2
loop2
loop2
loop2
loop2
loop2
loop2
loop2
loop2
loop2
loop2
loop2
loop2
loop2
loop2
loop2
loop2
loop2
loop2
loop2
loop2
loop2
loop2
loop2
loop2
loop2
loop2
loop2
loop2
loop2
loop2
loop2
loop2
loop2
loop2
loop2
loop2
loop2
loop2
loop2
loop2
loop2
loop2
loop2
loop2
loop2
loop2
loop2
loop2
loop2
loop2
loop2
loop2
loop2
loop2
loop2
loop2
loop2
loop2
loop2
loop2
loop2
loop2
loop2
loop2
loop2
loop2
loop2
loop2
loop2
loop2
loop2
loop2
loop2
loop2
loop2
loop2
loop2
loop2
loop2
loop2
loop2
loop2
loop2
loop2
loop2
loop2
loop2
loop2
loop2
loop2
loop2
loop2
loop2
loop2
loop2
loop2
loop2
loop2
loop2
loop2
loop2
loop2
loop2
loop2
loop2
loop2
loop2
loop2
loop2
loop2
loop2
loop2
loop2
loop2
loop2
loop2
loop2
loop2
loop2
loop2
loop2
loop2
loop2
loop2
loop2
loop2
loop2
loop2
loop2
loop2
loop2
loop2
loop2
loop2
loop2
loop2
loop2
loop2
loop2
loop2
loop2
loop2
loop2
loop2
loop2
loop2
loop2
loop2
loop2
loop2
loop2
loop2
loop2
loop2
loop2
loop2
loop2
loop2
loop2
loop2
loop2
loop2
loop2
loop2
loop2
loop2
loop2
loop2
loop2
loop2
loop2
loop2
loop2
loop2
loop2
loop2
loop2
loop2
loop2
loop2
loop2
loop2
loop2
loop2
loop2
loop2
loop2
loop2
loop2
loop2
loop2
loop2
loop2
loop2
loop2
loop2
loop2
loop2
loop2
loop2
loop2
loop2
loop2
loop2
loop2
loop2
loop2
loop2
loop2
loop2
loop2
loop2
loop2
loop2
loop2
loop2
loop2
loop2
loop2
loop2
loop2
loop2
loop2
loop2
loop2
loop2
loop2
loop2
loop2
loop2
loop2
loop2
loop2
loop2
loop2
loop2
loop2
loop2
loop2
loop2
loop2
loop2
loop2
loop2
loop2
loop2
loop2
loop2
loop2
loop2
loop2
loop2
loop2
loop2
loop2
loop2
loop2
loop2
loop2
loop2
loop2
loop2
loop2
loop2
loop2
loop2
loop2
loop2
loop2
loop2
loop2
loop2
loop2
loop2
loop2
loop2
loop2
loop2
loop2
loop2
loop2
loop2
loop2
loop2
loop2
loop2
loop2
loop2
loop2
loop2
loop2
loop2
loop2
loop2
loop2
loop2
loop2
loop2
loop2
loop2
loop2
loop2
loop2
loop2
loop2
loop2
loop2
loop2
loop2
loop2
loop2
loop2
loop2
loop2
loop2
loop2
loop2
loop2
loop2
loop2
loop2
loop2
loop2
loop2
loop2
loop2
loop2
loop2
loop2
loop2
loop2
loop2
loop2
loop2
loop2
loop2
loop2
loop2
loop2
loop2
loop2
loop2
loop2
loop2
loop2
loop2
loop2
loop2
loop2
loop2
loop2
loop2
loop2
loop2
loop2
loop2
loop2
loop2
loop2
loop2
loop2
loop2
loop2
loop2
loop2
loop2
loop2
loop2
loop2
loop2
loop2
loop2
loop2
loop2
loop2
loop2
loop2
loop2
loop2
loop2
loop2
loop2
loop2
loop2
loop2
loop2
loop2
loop2
loop2
loop2
loop2
loop2
loop2
loop2
loop2
loop2
loop2
loop2
loop2
loop2
loop2
loop2
loop2
loop2
loop2
loop2
loop2
loop2
loop2
loop2
loop2
loop2
loop2
loop2
loop2
loop2
loop2
loop2
loop2
loop2
loop2
loop2
loop2
loop2
loop2
loop2
loop2
loop2
loop2
loop2
loop2
loop2
loop2
loop2
loop2
loop2
loop2
loop2
loop2
loop2
loop2
loop2
loop2
loop2
loop2
loop2
loop2
loop2
loop2
loop2
loop2
loop2
loop2
loop2
loop2
loop2
loop2
loop2
loop2
loop2
loop2
loop2
loop2
loop2
loop2
loop2
loop2
loop2
loop2
loop2
loop2
loop2
loop2
loop2
loop2
loop2
loop2
loop2
loop2
loop2
loop2
loop2
loop2
loop2
loop2
loop2
loop2
loop2
loop2
loop2
loop2
loop2
loop2
loop2
loop2
loop2
loop2
loop2
loop2
loop2
loop2
loop2
loop2
loop2
loop2
loop2
loop2
loop2
loop2
loop2
loop2
loop2
loop2
loop2
loop2
loop2
loop2
loop2
loop2
loop2
loop2
loop2
loop2
loop2
loop2
loop2
loop2
loop2
loop2
loop2
loop2
loop2
loop2
loop2
loop2
loop2
loop2
loop2
loop2
loop2
loop2
loop2
loop2
loop2
loop2
loop2
loop2
loop2
loop2
loop2
loop2
loop2
loop2
loop2
loop2
loop2
loop2
loop2
loop2
loop2
loop2
loop2
loop2
loop2
loop2
loop2
loop2
loop2
loop2
loop2
loop2
loop2
loop2
loop2
loop2
loop2
loop2
loop2
loop2
loop2
loop2
loop2
loop2
loop2
loop2
loop2
loop2
loop2
loop2
loop2
loop2
loop2
loop2
loop2
loop2
loop2
loop2
loop2
loop2
loop2
loop2
loop2
loop2
loop2
loop2
loop2
loop2
loop2
loop2
loop2
loop2
loop2
loop2
loop2
loop2
loop2
loop2
loop2
loop2
loop2
loop2
loop2
loop2
loop2
loop2
loop2
loop2
loop2
loop2
loop2
loop2
loop2
loop2
loop2
loop2
loop2
loop2
loop2
loop2
loop2
loop2
loop2
loop2
loop2
loop2
loop2
loop2
loop2
loop2
loop2
loop2
loop2
loop2
loop2
loop2
loop2
loop2
loop2
loop2
loop2
loop2
loop2
loop2
loop2
loop2
loop2
loop2
loop2
loop2
loop2
loop2
loop2
loop2
loop2
loop2
loop2
loop2
loop2
loop2
loop2
loop2
loop2
loop2
loop2
loop2
loop2
loop2
loop2
loop2
loop2
loop2
loop2
loop2
loop2
loop2
loop2
loop2
loop2
loop2
loop2
loop2
loop2
loop2
loop2
loop2
loop2
loop2
loop2
loop2
loop2
loop2
loop2
loop2
loop2
loop2
loop2
loop2
loop2
loop2
loop2
loop2
loop2
loop2
loop2
loop2
loop2
loop2
loop2
loop2
loop2
loop2
loop2
loop2
loop2
loop2
loop2
loop2
loop2
loop2
loop2
loop2
loop2
loop2
loop2
loop2
loop2
loop2
loop2
loop2
loop2
loop2
loop2
loop2
loop2
loop2
loop2
loop2
loop2
loop2
loop2
loop2
loop2
loop2
loop2
loop2
loop2
loop2
loop2
loop2
loop2
loop2
loop2
loop2
loop2
loop2
loop2
loop2
loop2
loop2
loop2
loop2
loop2
loop2
loop2
loop2
loop2
loop2
loop2
loop2
loop2
loop2
loop2
loop2
loop2
loop2
loop2
loop2
loop2
loop2
loop2
loop2
loop2
loop2
loop2
loop2
loop2
loop2
loop2
loop2
loop2
loop2
loop2
loop2
loop2
loop2
loop2
loop2
loop2
loop2
loop2
loop2
loop2
loop2
loop2
loop2
loop2
loop2
loop2
loop2
loop2
loop2
loop2
loop2
loop2
loop2
loop2
loop2
loop2
loop2
loop2
loop2
loop2
loop2
loop2
loop2
loop2
loop2
loop2
loop2
loop2
loop2
loop2
loop2
loop2
loop2
loop2
loop2
loop2
loop2
loop2
loop2
loop2
loop2
loop2
loop2
loop2
loop2
loop2
loop2
loop2
loop2
loop2
loop2
loop2
loop2
loop2
loop2
loop2
loop2
loop2
loop2
loop2
loop2
loop2
loop2
loop2
loop2
loop2
loop2
loop2
loop2
loop2
loop2
loop2
loop2
loop2
loop2
loop2
loop2
loop2
loop2
loop2
loop2
loop2
loop2
loop2
loop2
loop2
loop2
loop2
loop2
loop2
loop2
loop2
loop2
loop2
loop2
loop2
loop2
loop2
loop2
loop2
loop2
loop2
loop2
loop2
loop2
loop2
loop2
loop2
loop2
loop2
loop2
loop2
loop2
loop2
loop2
loop2
loop2
loop2
loop2
loop2
loop2
loop2
loop2
loop2
loop2
loop2
loop2
loop2
loop2
loop2
loop2
loop2
loop2
loop2
loop2
loop2
loop2
loop2
loop2
loop2
loop2
loop2
loop2
loop2
loop2
loop2
loop2
loop2
loop2
loop2
loop2
loop2
loop2
loop2
loop2
loop2
loop2
loop2
loop2
loop2
loop2
loop2
loop2
loop2
loop2
loop2
loop2
loop2
loop2
loop2
loop2
loop2
loop2
loop2
loop2
loop2
loop2
loop2
loop2
loop2
loop2
loop2
loop2
loop2
loop2
loop2
loop2
loop2
loop2
loop2
loop2
loop2
loop2
loop2
loop2
loop2
loop2
loop2
loop2
loop2
loop2
loop2
loop2
loop2
loop2
loop2
loop2
loop2
loop2
loop2
loop2
loop2
loop2
loop2
loop2
loop2
loop2
loop2
loop2
loop2
loop2
loop2
loop2
loop2
loop2
loop2
loop2
loop2
loop2
loop2
loop2
loop2
loop2
loop2
loop2
loop2
loop2
loop2
loop2
loop2
loop2
loop2
loop2
loop2
loop2
loop2
loop2
loop2
loop2
loop2
loop2
loop2
loop2
loop2
loop2
loop2
loop2
loop2
loop2
loop2
loop2
loop2
loop2
loop2
loop2
loop2
loop2
loop2
loop2
loop2
loop2
loop2
loop2
loop2
loop2
loop2
loop2
loop2
loop2
loop2
loop2
loop2
loop2
loop2
loop2
loop2
loop2
loop2
loop2
loop2
loop2
loop2
loop2
loop2
loop2
loop2
loop2
loop2
loop2
loop2
loop2
loop2
loop2
loop2
loop2
loop2
loop2
loop2
loop2
loop2
loop2
loop2
loop2
loop2
loop2
loop2
loop2
loop2
loop2
loop2
loop2
loop2
loop2
loop2
loop2
loop2
loop2
loop2
loop2
loop2
loop2
loop2
loop2
loop2
loop2
loop2
loop2
loop2
loop2
loop2
loop2
loop2
loop2
loop2
loop2
loop2
loop2
loop2
loop2
loop2
loop2
loop2
loop2
loop2
loop2
loop2
loop2
loop2
loop2
loop2
loop2
loop2
loop2
loop2
loop2
loop2
loop2
loop2
loop2
loop2
loop2
loop2
loop2
loop2
loop2
loop2
loop2
loop2
loop2
loop2
loop2
loop2
loop2
loop2
loop2
loop2
loop2
loop2
loop2
loop2
loop2
loop2
loop2
loop2
loop2
loop2
loop2
loop2
loop2
loop2
loop2
loop2
loop2
loop2
loop2
loop2
loop2
loop2
loop2
loop2
loop2
loop2
loop2
loop2
loop2
loop2
loop2
loop2
loop2
loop2
loop2
loop2
loop2
loop2
loop2
loop2
loop2
loop2
loop2
loop2
loop2
loop2
loop2
loop2
loop2
loop2
loop2
loop2
loop2
loop2
loop2
loop2
loop2
loop2
loop2
loop2
loop2
loop2
loop2
loop2
loop2
loop2
loop2
loop2
loop2
loop2
loop2
loop2
loop2
loop2
loop2
loop2
loop2
loop2
loop2
loop2
loop2
loop2
loop2
loop2
loop2
loop2
loop2
loop2
loop2
loop2
loop2
loop2
loop2
loop2
loop2
loop2
loop2
loop2
loop2
loop2
loop2
loop2
loop2
loop2
loop2
loop2
loop2
loop2
loop2
loop2
loop2
loop2
loop2
loop2
loop2
loop2
loop2
loop2
loop2
loop2
loop2
loop2
loop2
loop2
loop2
loop2
loop2
loop2
loop2
loop2
loop2
loop2
loop2
loop2
loop2
loop2
loop2
loop2
loop2
loop2
loop2
loop2
loop2
loop2
loop2
loop2
loop2
loop2
loop2
loop2
loop2
loop2
loop2
loop2
loop2
loop2
loop2
loop2
loop2
loop2
loop2
loop2
loop2
loop2
loop2
loop2
loop2
loop2
loop2
loop2
loop2
loop2
loop2
loop2
loop2
loop2
loop2
loop2
loop2
loop2
loop2
loop2
loop2
loop2
loop2
loop2
loop2
loop2
loop2
loop2
loop2
loop2
loop2
loop2
loop2
loop2
loop2
loop2
loop2
loop2
loop2
loop2
loop2
loop2
loop2
loop2
loop2
loop2
loop2
loop2
loop2
loop2
loop2
loop2
loop2
loop2
loop2
loop2
loop2
loop2
loop2
loop2
loop2
loop2
loop2
loop2
loop2
loop2
loop2
loop2
loop2
loop2
loop2
loop2
loop2
loop2
loop2
loop2
loop2
loop2
loop2
loop2
loop2
loop2
loop2
loop2
loop2
loop2
loop2
loop2
loop2
loop2
loop2
loop2
loop2
loop2
loop2
loop2
loop2
loop2
loop2
loop2
loop2
loop2
loop2
loop2
loop2
loop2
loop2
loop2
loop2
loop2
loop2
loop2
loop2
loop2
loop2
loop2
loop2
loop2
loop2
loop2
loop2
loop2
loop2
loop2
loop2
loop2
loop2
loop2
loop2
loop2
loop2
loop2
loop2
loop2
loop2
loop2
loop2
loop2
loop2
loop2
loop2
loop2
loop2
loop2
loop2
loop2
loop2
loop2
loop2
loop2
loop2
loop2
loop2
loop2
loop2
loop2
loop2
loop2
loop2
loop2
loop2
loop2
loop2
loop2
loop2
loop2
loop2
loop2
loop2
loop2
loop2
loop2
loop2
loop2
loop2
loop2
loop2
loop2
loop2
loop2
loop2
loop2
loop2
loop2
loop2
loop2
loop2
loop2
loop2
loop2
loop2
loop2
loop2
loop2
loop2
loop2
loop2
loop2
loop2
loop2
loop2
loop2
loop2
loop2
loop2
loop2
loop2
loop2
loop2
loop2
loop2
loop2
loop2
loop2
loop2
loop2
loop2
loop2
loop2
loop2
loop2
loop2
loop2
loop2
loop2
loop2
loop2
loop2
loop2
loop2
loop2
loop2
loop2
loop2
loop2
loop2
loop2
loop2
loop2
loop2
loop2
loop2
loop2
loop2
loop2
loop2
loop2
loop2
loop2
loop2
loop2
loop2
loop2
loop2
loop2
loop2
loop2
loop2
loop2
loop2
loop2
loop2
loop2
loop2
loop2
loop2
loop2
loop2
loop2
loop2
loop2
loop2
loop2
loop2
loop2
loop2
loop2
loop2
loop2
loop2
loop2
loop2
loop2
loop2
loop2
loop2
loop2
loop2
loop2
loop2
loop2
loop2
loop2
loop2
loop2
loop2
loop2
loop2
loop2
loop2
loop2
loop2
loop2
loop2
loop2
loop2
loop2
loop2
loop2
loop2
loop2
loop2
loop2
loop2
loop2
loop2
loop2
loop2
loop2
loop2
loop2
loop2
loop2
loop2
loop2
loop2
loop2
loop2
loop2
loop2
loop2
loop2
loop2
loop2
loop2
loop2
loop2
loop2
loop2
loop2
loop2
loop2
loop2
loop2
loop2
loop2
loop2
loop2
loop2
loop2
loop2
loop2
loop2
loop2
loop2
loop2
loop2
loop2
loop2
loop2
loop2
loop2
loop2
loop2
loop2
loop2
loop2
loop2
loop2
loop2
loop2
loop2
loop2
loop2
loop2
loop2
loop2
loop2
loop2
loop2
loop2
loop2
loop2
loop2
loop2
loop2
loop2
loop2
loop2
loop2
loop2
loop2
loop2
loop2
loop2
loop2
loop2
loop2
loop2
loop2
loop2
loop2
loop2
loop2
loop2
loop2
loop2
loop2
loop2
loop2
loop2
loop2
loop2
loop2
loop2
loop2
loop2
loop2
loop2
loop2
loop2
loop2
loop2
loop2
loop2
loop2
loop2
loop2
loop2
loop2
loop2
loop2
loop2
loop2
loop2
loop2
loop2
loop2
loop2
loop2
loop2
loop2
loop2
loop2
loop2
loop2
loop2
loop2
loop2
loop2
loop2
loop2
loop2
loop2
loop2
loop2
loop2
loop2
loop2
loop2
loop2
loop2
loop2
loop2
loop2
loop2
loop2
loop2
loop2
loop2
loop2
loop2
loop2
loop2
loop2
loop2
loop2
loop2
loop2
loop2
loop2
loop2
loop2
loop2
loop2
loop2
loop2
loop2
loop2
loop2
loop2
loop2
loop2
loop2
loop2
loop2
loop2
loop2
loop2
loop2
loop2
loop2
loop2
loop2
loop2
loop2
loop2
loop2
loop2
loop2
loop2
loop2
loop2
loop2
loop2
loop2
loop2
loop2
loop2
loop2
loop2
loop2
loop2
loop2
loop2
loop2
loop2
loop2
loop2
loop2
loop2
loop2
loop2
loop2
loop2
loop2
loop2
loop2
loop2
loop2
loop2
loop2
loop2
loop2
loop2
loop2
loop2
loop2
loop2
loop2
loop2
loop2
loop2
loop2
loop2
loop2
loop2
loop2
loop2
loop2
loop2
loop2
loop2
loop2
loop2
loop2
loop2
loop2
loop2
loop2
loop2
loop2
loop2
loop2
loop2
loop2
loop2
loop2
loop2
loop2
loop2
loop2
loop2
loop2
loop2
loop2
loop2
loop2
loop2
loop2
loop2
loop2
loop2
loop2
loop2
loop2
loop2
loop2
loop2
loop2
loop2
loop2
loop2
loop2
loop2
loop2
loop2
loop2
loop2
loop2
loop2
loop2
loop2
loop2
loop2
loop2
loop2
loop2
loop2
loop2
loop2
loop2
loop2
loop2
loop2
loop2
loop2
loop2
loop2
loop2
loop2
loop2
loop2
loop2
loop2
loop2
loop2
loop2
loop2
loop2
loop2
loop2
loop2
loop2
loop2
loop2
loop2
loop2
loop2
loop2
loop2
loop2
loop2
loop2
loop2
loop2
loop2
loop2
loop2
loop2
loop2
loop2
loop2
loop2
loop2
loop2
loop2
loop2
loop2
loop2
loop2
loop2
loop2
loop2
loop2
loop2
loop2
loop2
loop2
loop2
loop2
loop2
loop2
loop2
loop2
loop2
loop2
loop2
loop2
loop2
loop2
loop2
loop2
loop2
loop2
loop2
loop2
loop2
loop2
loop2
loop2
loop2
loop2
loop2
loop2
loop2
loop2
loop2
loop2
loop2
loop2
loop2
loop2
loop2
loop2
loop2
loop2
loop2
loop2
loop2
loop2
loop2
loop2
loop2
loop2
loop2
loop2
loop2
loop2
loop2
loop2
loop2
loop2
loop2
loop2
loop2
loop2
loop2
loop2
loop2
loop2
loop2
loop2
loop2
loop2
loop2
loop2
loop2
loop2
loop2
loop2
loop2
loop2
loop2
loop2
loop2
loop2
loop2
loop2
loop2
loop2
loop2
loop2
loop2
loop2
loop2
loop2
loop2
loop2
loop2
loop2
loop2
loop2
loop2
loop2
loop2
loop2
loop2
loop2
loop2
loop2
loop2
loop2
loop2
loop2
loop2
loop2
loop2
loop2
loop2
loop2
loop2
loop2
loop2
loop2
loop2
loop2
loop2
loop2
loop2
loop2
loop2
loop2
loop2
loop2
loop2
loop2
loop2
loop2
loop2
loop2
loop2
loop2
loop2
loop2
loop2
loop2
loop2
loop2
loop2
loop2
loop2
loop2
loop2
loop2
loop2
loop2
loop2
loop2
loop2
loop2
loop2
loop2
loop2
loop2
loop2
loop2
loop2
loop2
loop2
loop2
loop2
loop2
loop2
loop2
loop2
loop2
loop2
loop2
loop2
loop2
loop2
loop2
loop2
loop2
loop2
loop2
loop2
loop2
loop2
loop2
loop2
loop2
loop2
loop2
loop2
loop2
loop2
loop2
loop2
loop2
loop2
loop2
loop2
loop2
loop2
loop2
loop2
loop2
loop2
loop2
loop2
loop2
loop2
loop2
loop2
loop2
loop2
loop2
loop2
loop2
loop2
loop2
loop2
loop2
loop2
loop2
loop2
loop2
loop2
loop2
loop2
loop2
loop2
loop2
loop2
loop2
loop2
loop2
loop2
loop2
loop2
loop2
loop2
loop2
loop2
loop2
loop2
loop2
loop2
loop2
loop2
loop2
loop2
loop2
loop2
loop2
loop2
loop2
loop2
loop2
loop2
loop2
loop2
loop2
loop2
loop2
loop2
loop2
loop2
loop2
loop2
loop2
loop2
loop2
loop2
loop2
loop2
loop2
loop2
loop2
loop2
loop2
loop2
loop2
loop2
loop2
loop2
loop2
loop2
loop2
loop2
loop2
loop2
loop2
loop2
loop2
loop2
loop2
loop2
loop2
loop2
loop2
loop2
loop2
loop2
loop2
loop2
loop2
loop2
loop2
loop2
loop2
loop2
loop2
loop2
loop2
loop2
loop2
loop2
loop2
loop2
loop2
loop2
loop2
loop2
loop2
loop2
loop2
loop2
loop2
loop2
loop2
loop2
loop2
loop2
loop2
loop2
loop2
loop2
loop2
loop2
loop2
loop2
loop2
loop2
loop2
loop2
loop2
loop2
loop2
loop2
loop2
loop2
loop2
loop2
loop2
loop2
loop2
loop2
loop2
loop2
loop2
loop2
loop2
loop2
loop2
loop2
loop2
loop2
loop2
loop2
loop2
loop2
loop2
loop2
loop2
loop2
loop2
loop2
loop2
loop2
loop2
loop2
loop2
loop2
loop2
loop2
loop2
loop2
loop2
loop2
loop2
loop2
loop2
loop2
loop2
loop2
loop2
loop2
loop2
loop2
loop2
loop2
loop2
loop2
loop2
loop2
loop2
loop2
loop2
loop2
loop2
loop2
loop2
loop2
loop2
loop2
loop2
loop2
loop2
loop2
loop2
loop2
loop2
loop2
loop2
loop2
loop2
loop2
loop2
loop2
loop2
loop2
loop2
loop2
loop2
loop2
loop2
loop2
loop2
loop2
loop2
loop2
loop2
loop2
loop2
loop2
loop2
loop2
loop2
loop2
loop2
loop2
loop2
loop2
loop2
loop2
loop2
loop2
loop2
loop2
loop2
loop2
loop2
loop2
loop2
loop2
loop2
loop2
loop2
loop2
loop2
loop2
loop2
loop2
loop2
loop2
loop2
loop2
loop2
loop2
loop2
loop2
loop2
loop2
loop2
loop2
loop2
loop2
loop2
loop2
loop2
loop2
loop2
loop2
loop2
loop2
loop2
loop2
loop2
loop2
loop2
loop2
loop2
loop2
loop2
loop2
loop2
loop2
loop2
loop2
loop2
loop2
loop2
loop2
loop2
loop2
loop2
loop2
loop2
loop2
loop2
loop2
loop2
loop2
loop2
loop2
loop2
loop2
loop2
loop2
loop2
loop2
loop2
loop2
loop2
loop2
loop2
loop2
loop2
loop2
loop2
loop2
loop2
loop2
loop2
loop2
loop2
loop2
loop2
loop2
loop2
loop2
loop2
loop2
loop2
loop2
loop2
loop2
loop2
loop2
loop2
loop2
loop2
loop2
loop2
loop2
loop2
loop2
loop2
loop2
loop2
loop2
loop2
loop2
loop2
loop2
loop2
loop2
loop2
loop2
loop2
loop2
loop2
loop2
loop2
loop2
loop2
loop2
loop2
loop2
loop2
loop2
loop2
loop2
loop2
loop2
loop2
loop2
loop2
loop2
loop2
loop2
loop2
loop2
loop2
loop2
loop2
loop2
loop2
loop2
loop2
loop2
loop2
loop2
loop2
loop2
loop2
loop2
loop2
loop2
loop2
loop2
loop2
loop2
loop2
loop2
loop2
loop2
loop2
loop2
loop2
loop2
loop2
loop2
loop2
loop2
loop2
loop2
loop2
loop2
loop2
loop2
loop2
loop2
loop2
loop2
loop2
loop2
loop2
loop2
loop2
loop2
loop2
loop2
loop2
loop2
loop2
loop2
loop2
loop2
loop2
loop2
loop2
loop2
loop2
loop2
loop2
loop2
loop2
loop2
loop2
loop2
loop2
loop2
loop2
loop2
loop2
loop2
loop2
loop2
loop2
loop2
loop2
loop2
loop2
loop2
loop2
loop2
loop2
loop2
loop2
loop2
loop2
loop2
loop2
loop2
loop2
loop2
loop2
loop2
loop2
loop2
loop2
loop2
loop2
loop2
loop2
loop2
loop2
loop2
loop2
loop2
loop2
loop2
loop2
loop2
loop2
loop2
loop2
loop2
loop2
loop2
loop2
loop2
loop2
loop2
loop2
loop2
loop2
loop2
loop2
loop2
loop2
loop2
loop2
loop2
loop2
loop2
loop2
loop2
loop2
loop2
loop2
loop2
loop2
loop2
loop2
loop2
loop2
loop2
loop2
loop2
loop2
loop2
loop2
loop2
loop2
loop2
loop2
loop2
loop2
loop2
loop2
loop2
loop2
loop2
loop2
loop2
loop2
loop2
loop2
loop2
loop2
loop2
loop2
loop2
loop2
loop2
loop2
loop2
loop2
loop2
loop2
loop2
loop2
loop2
loop2
loop2
loop2
loop2
loop2
loop2
loop2
loop2
loop2
loop2
loop2
loop2
loop2
loop2
loop2
loop2
loop2
loop2
loop2
loop2
loop2
loop2
loop2
loop2
loop2
loop2
loop2
loop2
loop2
loop2
loop2
loop2
loop2
loop2
loop2
loop2
loop2
loop2
loop2
loop2
loop2
loop2
loop2
loop2
loop2
loop2
loop2
loop2
loop2
loop2
loop2
loop2
loop2
loop2
loop2
loop2
loop2
loop2
loop2
loop2
loop2
loop2
loop2
loop2
loop2
loop2
loop2
loop2
loop2
loop2
loop2
loop2
loop2
loop2
loop2
loop2
loop2
loop2
loop2
loop2
loop2
loop2
loop2
loop2
loop2
loop2
loop2
loop2
loop2
loop2
loop2
loop2
loop2
loop2
loop2
loop2
loop2
loop2
loop2
loop2
loop2
loop2
loop2
loop2
loop2
loop2
loop2
loop2
loop2
loop2
loop2
loop2
loop2
loop2
loop2
loop2
loop2
loop2
loop2
loop2
loop2
loop2
loop2
loop2
loop2
loop2
loop2
loop2
loop2
loop2
loop2
loop2
loop2
loop2
loop2
loop2
loop2
loop2
loop2
loop2
loop2
loop2
loop2
loop2
loop2
loop2
loop2
loop2
loop2
loop2
loop2
loop2
loop2
loop2
loop2
loop2
loop2
loop2
loop2
loop2
loop2
loop2
loop2
loop2
loop2
loop2
loop2
loop2
loop2
loop2
loop2
loop2
loop2
loop2
loop2
loop2
loop2
loop2
loop2
loop2
loop2
loop2
loop2
loop2
loop2
loop2
loop2
loop2
loop2
loop2
loop2
loop2
loop2
loop2
loop2
loop2
loop2
loop2
loop2
loop2
loop2
loop2
loop2
loop2
loop2
loop2
loop2
loop2
loop2
loop2
loop2
loop2
loop2
loop2
loop2
loop2
loop2
loop2
loop2
loop2
loop2
loop2
loop2
loop2
loop2
loop2
loop2
loop2
loop2
loop2
loop2
loop2
loop2
loop2
loop2
loop2
loop2
loop2
loop2
loop2
loop2
loop2
loop2
loop2
loop2
loop2
loop2
loop2
loop2
loop2
loop2
loop2
loop2
loop2
loop2
loop2
loop2
loop2
loop2
loop2
loop2
loop2
loop2
loop2
loop2
loop2
loop2
loop2
loop2
loop2
loop2
loop2
loop2
loop2
loop2
loop2
loop2
loop2
loop2
loop2
loop2
loop2
loop2
loop2
loop2
loop2
loop2
loop2
loop2
loop2
loop2
loop2
loop2
loop2
loop2
loop2
loop2
loop2
loop2
loop2
loop2
loop2
loop2
loop2
loop2
loop2
loop2
loop2
loop2
loop2
loop2
loop2
loop2
loop2
loop2
loop2
loop2
loop2
loop2
loop2
loop2
loop2
loop2
loop2
loop2
loop2
loop2
loop2
loop2
loop2
loop2
loop2
loop2
loop2
loop2
loop2
loop2
loop2
loop2
loop2
loop2
loop2
loop2
loop2
loop2
loop2
loop2
loop2
loop2
loop2
loop2
loop2
loop2
loop2
loop2
loop2
loop2
loop2
loop2
loop2
loop2
loop2
loop2
loop2
loop2
loop2
loop2
loop2
loop2
loop2
loop2
loop2
loop2
loop2
loop2
loop2
loop2
loop2
loop2
loop2
loop2
loop2
loop2
loop2
loop2
loop2
loop2
loop2
loop2
loop2
loop2
loop2
loop2
loop2
loop2
loop2
loop2
loop2
loop2
loop2
loop2
loop2
loop2
loop2
loop2
loop2
loop2
loop2
loop2
loop2
loop2
loop2
loop2
loop2
loop2
loop2
loop2
loop2
loop2
loop2
loop2
loop2
loop2
loop2
loop2
loop2
loop2
loop2
loop2
loop2
loop2
loop2
loop2
loop2
loop2
loop2
loop2
loop2
loop2
loop2
loop2
loop2
loop2
loop2
loop2
loop2
loop2
loop2
loop2
loop2
loop2
loop2
loop2
loop2
loop2
loop2
loop2
loop2
loop2
loop2
loop2
loop2
loop2
loop2
loop2
loop2
loop2
loop2
loop2
loop2
loop2
loop2
loop2
loop2
loop2
loop2
loop2
loop2
loop2
loop2
loop2
loop2
loop2
loop2
loop2
loop2
loop2
loop2
loop2
loop2
loop2
loop2
loop2
loop2
loop2
loop2
loop2
loop2
loop2
loop2
loop2
loop2
loop2
loop2
loop2
loop2
loop2
loop2
loop2
loop2
loop2
loop2
loop2
loop2
loop2
loop2
loop2
loop2
loop2
loop2
loop2
loop2
loop2
loop2
loop2
loop2
loop2
loop2
loop2
loop2
loop2
loop2
loop2
loop2
loop2
loop2
loop2
loop2
loop2
loop2
loop2
loop2
loop2
loop2
loop2
loop2
loop2
loop2
loop2
loop2
loop2
loop2
loop2
loop2
loop2
loop2
loop2
loop2
loop2
loop2
loop2
loop2
loop2
loop2
loop2
loop2
loop2
loop2
loop2
loop2
loop2
loop2
loop2
loop2
loop2
loop2
loop2
loop2
loop2
loop2
loop2
loop2
loop2
loop2
loop2
loop2
loop2
loop2
loop2
loop2
loop2
loop2
loop2
loop2
loop2
loop2
loop2
loop2
loop2
loop2
loop2
loop2
loop2
loop2
loop2
loop2
loop2
loop2
loop2
loop2
loop2
loop2
loop2
loop2
loop2
loop2
loop2
loop2
loop2
loop2
loop2
loop2
loop2
loop2
loop2
loop2
loop2
loop2
loop2
loop2
loop2
loop2
loop2
loop2
loop2
loop2
loop2
loop2
loop2
loop2
loop2
loop2
loop2
loop2
loop2
loop2
loop2
loop2
loop2
loop2
loop2
loop2
loop2
loop2
loop2
loop2
loop2
loop2
loop2
loop2
loop2
loop2
loop2
loop2
loop2
loop2
loop2
loop2
loop2
loop2
loop2
loop2
loop2
loop2
loop2
loop2
loop2
loop2
loop2
loop2
loop2
loop2
loop2
loop2
loop2
loop2
loop2
loop2
loop2
loop2
loop2
loop2
loop2
loop2
loop2
loop2
loop2
loop2
loop2
loop2
loop2
loop2
loop2
loop2
loop2
loop2
loop2
loop2
loop2
loop2
loop2
loop2
loop2
loop2
loop2
loop2
loop2
loop2
loop2
loop2
loop2
loop2
loop2
loop2
loop2
loop2
loop2
loop2
loop2
loop2
loop2
loop2
loop2
loop2
loop2
loop2
loop2
loop2
loop2
loop2
loop2
loop2
loop2
loop2
loop2
loop2
loop2
loop2
loop2
loop2
loop2
loop2
loop2
loop2
loop2
loop2
loop2
loop2
loop2
loop2
loop2
loop2
loop2
loop2
loop2
loop2
loop2
loop2
loop2
loop2
loop2
loop2
loop2
loop2
loop2
loop2
loop2
loop2
loop2
loop2
loop2
loop2
loop2
loop2
loop2
loop2
loop2
loop2
loop2
loop2
loop2
loop2
loop2
loop2
loop2
loop2
loop2
loop2
loop2
loop2
loop2
loop2
loop2
loop2
loop2
loop2
loop2
loop2
loop2
loop2
loop2
loop2
loop2
loop2
loop2
loop2
loop2
loop2
loop2
loop2
loop2
loop2
loop2
loop2
loop2
loop2
loop2
loop2
loop2
loop2
loop2
loop2
loop2
loop2
loop2
loop2
loop2
loop2
loop2
loop2
loop2
loop2
loop2
loop2
loop2
loop2
loop2
loop2
loop2
loop2
loop2
loop2
loop2
loop2
loop2
loop2
loop2
loop2
loop2
loop2
loop2
loop2
loop2
loop2
loop2
loop2
loop2
loop2
loop2
loop2
loop2
loop2
loop2
loop2
loop2
loop2
loop2
loop2
loop2
loop2
loop2
loop2
loop2
loop2
loop2
loop2
loop2
loop2
loop2
loop2
loop2
loop2
loop2
loop2
loop2
loop2
loop2
loop2
loop2
loop2
loop2
loop2
loop2
loop2
loop2
loop2
loop2
loop2
loop2
loop2
loop2
loop2
loop2
loop2
loop2
loop2
loop2
loop2
loop2
loop2
loop2
loop2
loop2
loop2
loop2
loop2
loop2
loop2
loop2
loop2
loop2
loop2
loop2
loop2
loop2
loop2
loop2
loop2
loop2
loop2
loop2
loop2
loop2
loop2
loop2
loop2
loop2
loop2
loop2
loop2
loop2
loop2
loop2
loop2
loop2
loop2
loop2
loop2
loop2
loop2
loop2
loop2
loop2
loop2
loop2
loop2
loop2
loop2
loop2
loop2
loop2
loop2
loop2
loop2
loop2
loop2
loop2
loop2
loop2
loop2
loop2
loop2
loop2
loop2
loop2
loop2
loop2
loop2
loop2
loop2
loop2
loop2
loop2
loop2
loop2
loop2
loop2
loop2
loop2
loop2
loop2
loop2
loop2
loop2
loop2
loop2
loop2
loop2
loop2
loop2
loop2
loop2
loop2
loop2
loop2
loop2
loop2
loop2
loop2
loop2
loop2
loop2
loop2
loop2
loop2
loop2
loop2
loop2
loop2
loop2
loop2
loop2
loop2
loop2
loop2
loop2
loop2
loop2
loop2
loop2
loop2
loop2
loop2
loop2
loop2
loop2
loop2
loop2
loop2
loop2
loop2
loop2
loop2
loop2
loop2
loop2
loop2
loop2
loop2
loop2
loop2
loop2
loop2
loop2
loop2
loop2
loop2
loop2
loop2
loop2
loop2
loop2
loop2
loop2
loop2
loop2
loop2
loop2
loop2
loop2
loop2
loop2
loop2
loop2
loop2
loop2
loop2
loop2
loop2
loop2
loop2
loop2
loop2
loop2
loop2
loop2
loop2
loop2
loop2
loop2
loop2
loop2
loop2
loop2
loop2
loop2
loop2
loop2
loop2
loop2
loop2
loop2
loop2
loop2
loop2
loop2
loop2
loop2
loop2
loop2
loop2
loop2
loop2
loop2
loop2
loop2
loop2
loop2
loop2
loop2
loop2
loop2
loop2
loop2
loop2
loop2
loop2
loop2
loop2
loop2
loop2
loop2
loop2
loop2
loop2
loop2
loop2
loop2
loop2
loop2
loop2
loop2
loop2
loop2
loop2
loop2
loop2
loop2
loop2
loop2
loop2
loop2
loop2
loop2
loop2
loop2
loop2
loop2
loop2
loop2
loop2
loop2
loop2
loop2
loop2
loop2
loop2
loop2
loop2
loop2
loop2
loop2
loop2
loop2
loop2
loop2
loop2
loop2
loop2
loop2
loop2
loop2
loop2
loop2
loop2
loop2
loop2
loop2
loop2
loop2
loop2
loop2
loop2
loop2
loop2
loop2
loop2
loop2
loop2
loop2
loop2
loop2
loop2
loop2
loop2
loop2
loop2
loop2
loop2
loop2
loop2
loop2
loop2
loop2
loop2
loop2
loop2
loop2
loop2
loop2
loop2
loop2
loop2
loop2
loop2
loop2
loop2
loop2
loop2
loop2
loop2
loop2
loop2
loop2
loop2
loop2
loop2
loop2
loop2
loop2
loop2
loop2
loop2
loop2
loop2
loop2
loop2
loop2
loop2
loop2
loop2
loop2
loop2
loop2
loop2
loop2
loop2
loop2
loop2
loop2
loop2
loop2
loop2
loop2
loop2
loop2
loop2
loop2
loop2
loop2
loop2
loop2
loop2
loop2
loop2
loop2
loop2
loop2
loop2
loop2
loop2
loop2
loop2
loop2
loop2
loop2
loop2
loop2
loop2
loop2
loop2
loop2
loop2
loop2
loop2
loop2
loop2
loop2
loop2
loop2
loop2
loop2
loop2
loop2
loop2
loop2
loop2
loop2
loop2
loop2
loop2
loop2
loop2
loop2
loop2
loop2
loop2
loop2
loop2
loop2
loop2
loop2
loop2
loop2
loop2
loop2
loop2
loop2
loop2
loop2
loop2
loop2
loop2
loop2
loop2
loop2
loop2
loop2
loop2
loop2
loop2
loop2
loop2
loop2
loop2
loop2
loop2
loop2
loop2
loop2
loop2
loop2
loop2
loop2
loop2
loop2
loop2
loop2
loop2
loop2
loop2
loop2
loop2
loop2
loop2
loop2
loop2
loop2
loop2
loop2
loop2
loop2
loop2
loop2
loop2
loop2
loop2
loop2
loop2
loop2
loop2
loop2
loop2
loop2
loop2
loop2
loop2
loop2
loop2
loop2
loop2
loop2
loop2
loop2
loop2
loop2
loop2
loop2
loop2
loop2
loop2
loop2
loop2
loop2
loop2
loop2
loop2
loop2
loop2
loop2
loop2
loop2
loop2
loop2
loop2
loop2
loop2
loop2
loop2
loop2
loop2
loop2
loop2
loop2
loop2
loop2
loop2
loop2
loop2
loop2
loop2
loop2
loop2
loop2
loop2
loop2
loop2
loop2
loop2
loop2
loop2
loop2
loop2
loop2
loop2
loop2
loop2
loop2
loop2
loop2
loop2
loop2
loop2
loop2
loop2
loop2
loop2
loop2
loop2
loop2
loop2
loop2
loop2
loop2
loop2
loop2
loop2
loop2
loop2
loop2
loop2
loop2
loop2
loop2
loop2
loop2
loop2
loop2
loop2
loop2
loop2
loop2
loop2
loop2
loop2
loop2
loop2
loop2
loop2
loop2
loop2
loop2
loop2
loop2
loop2
loop2
loop2
loop2
loop2
loop2
loop2
loop2
loop2
loop2
loop2
loop2
loop2
loop2
loop2
loop2
loop2
loop2
loop2
loop2
loop2
loop2
loop2
loop2
loop2
loop2
loop2
loop2
loop2
loop2
loop2
loop2
loop2
loop2
loop2
loop2
loop2
loop2
loop2
loop2
loop2
loop2
loop2
loop2
loop2
loop2
loop2
loop2
loop2
loop2
loop2
loop2
loop2
loop2
loop2
loop2
loop2
loop2
loop2
loop2
loop2
loop2
loop2
loop2
loop2
loop2
loop2
loop2
loop2
loop2
loop2
loop2
loop2
loop2
loop2
loop2
loop2
loop2
loop2
loop2
loop2
loop2
loop2
loop2
loop2
loop2
loop2
loop2
loop2
loop2
loop2
loop2
loop2
loop2
loop2
loop2
loop2
loop2
loop2
loop2
loop2
loop2
loop2
loop2
loop2
loop2
loop2
loop2
loop2
loop2
loop2
loop2
loop2
loop2
loop2
loop2
loop2
loop2
loop2
loop2
loop2
loop2
loop2
loop2
loop2
loop2
loop2
loop2
loop2
loop2
loop2
loop2
loop2
loop2
loop2
loop2
loop2
loop2
loop2
loop2
loop2
loop2
loop2
loop2
loop2
loop2
loop2
loop2
loop2
loop2
loop2
loop2
loop2
loop2
loop2
loop2
loop2
loop2
loop2
loop2
loop2
loop2
loop2
loop2
loop2
loop2
loop2
loop2
loop2
loop2
loop2
loop2
loop2
loop2
loop2
loop2
loop2
loop2
loop2
loop2
loop2
loop2
loop2
loop2
loop2
loop2
loop2
loop2
loop2
loop2
loop2
loop2
loop2
loop2
loop2
loop2
loop2
loop2
loop2
loop2
loop2
loop2
loop2
loop2
loop2
loop2
loop2
loop2
loop2
loop2
loop2
loop2
loop2
loop2
loop2
loop2
loop2
loop2
loop2
loop2
loop2
loop2
loop2
loop2
loop2
loop2
loop2
loop2
loop2
loop2
loop2
loop2
loop2
loop2
loop2
loop2
loop2
loop2
loop2
loop2
loop2
loop2
loop2
loop2
loop2
loop2
loop2
loop2
loop2
loop2
loop2
loop2
loop2
loop2
loop2
loop2
loop2
loop2
loop2
loop2
loop2
loop2
loop2
loop2
loop2
loop2
loop2
loop2
loop2
loop2
loop2
loop2
loop2
loop2
loop2
loop2
loop2
loop2
loop2
loop2
loop2
loop2
loop2
loop2
loop2
loop2
loop2
loop2
loop2
loop2
loop2
loop2
loop2
loop2
loop2
loop2
loop2
loop2
loop2
loop2
loop2
loop2
loop2
loop2
loop2
loop2
loop2
loop2
loop2
loop2
loop2
loop2
loop2
loop2
loop2
loop2
loop2
loop2
loop2
loop2
loop2
loop2
loop2
loop2
loop2
loop2
loop2
loop2
loop2
loop2
loop2
loop2
loop2
loop2
loop2
loop2
loop2
loop2
loop2
loop2
loop2
loop2
loop2
loop2
loop2
loop2
loop2
loop2
loop2
loop2
loop2
loop2
loop2
loop2
loop2
loop2
loop2
loop2
loop2
loop2
loop2
loop2
loop2
loop2
loop2
loop2
loop2
loop2
loop2
loop2
loop2
loop2
loop2
loop2
loop2
loop2
loop2
loop2
loop2
loop2
loop2
loop2
loop2
loop2
loop2
loop2
loop2
loop2
loop2
loop2
loop2
loop2
loop2
loop2
loop2
loop2
loop2
loop2
loop2
loop2
loop2
loop2
loop2
loop2
loop2
loop2
loop2
loop2
loop2
loop2
loop2
loop2
loop2
loop2
loop2
loop2
loop2
loop2
loop2
loop2
loop2
loop2
loop2
loop2
loop2
loop2
loop2
loop2
loop2
loop2
loop2
loop2
loop2
loop2
loop2
loop2
loop2
loop2
loop2
loop2
loop2
loop2
loop2
loop2
loop2
loop2
loop2
loop2
loop2
loop2
loop2
loop2
loop2
loop2
loop2
loop2
loop2
loop2
loop2
loop2
loop2
loop2
loop2
loop2
loop2
loop2
loop2
loop2
loop2
loop2
loop2
loop2
loop2
loop2
loop2
loop2
loop2
loop2
loop2
loop2
loop2
loop2
loop2
loop2
loop2
loop2
loop2
loop2
loop2
loop2
loop2
loop2
loop2
loop2
loop2
loop2
loop2
loop2
loop2
loop2
loop2
loop2
loop2
loop2
loop2
loop2
loop2
loop2
loop2
loop2
loop2
loop2
loop2
loop2
loop2
loop2
loop2
loop2
loop2
loop2
loop2
loop2
loop2
loop2
loop2
loop2
loop2
loop2
loop2
loop2
loop2
loop2
loop2
loop2
loop2
loop2
loop2
loop2
loop2
loop2
loop2
loop2
loop2
loop2
loop2
loop2
loop2
loop2
loop2
loop2
loop2
loop2
loop2
loop2
loop2
loop2
loop2
loop2
loop2
loop2
loop2
loop2
loop2
loop2
loop2
loop2
loop2
loop2
loop2
loop2
loop2
loop2
loop2
loop2
loop2
loop2
loop2
loop2
loop2
loop2
loop2
loop2
loop2
loop2
loop2
loop2
loop2
loop2
loop2
loop2
loop2
loop2
loop2
loop2
loop2
loop2
loop2
loop2
loop2
loop2
loop2
loop2
loop2
loop2
loop2
loop2
loop2
loop2
loop2
loop2
loop2
loop2
loop2
loop2
loop2
loop2
loop2
loop2
loop2
loop2
loop2
loop2
loop2
loop2
loop2
loop2
loop2
loop2
loop2
loop2
loop2
loop2
loop2
loop2
loop2
loop2
loop2
loop2
loop2
loop2
loop2
loop2
loop2
loop2
loop2
loop2
loop2
loop2
loop2
loop2
loop2
loop2
loop2
loop2
loop2
loop2
loop2
loop2
loop2
loop2
loop2
loop2
loop2
loop2
loop2
loop2
loop2
loop2
loop2
loop2
loop2
loop2
loop2
loop2
loop2
loop2
loop2
loop2
loop2
loop2
loop2
loop2
loop2
loop2
loop2
loop2
loop2
loop2
loop2
loop2
loop2
loop2
loop2
loop2
loop2
loop2
loop2
loop2
loop2
loop2
loop2
loop2
loop2
loop2
loop2
loop2
loop2
loop2
loop2
loop2
loop2
loop2
loop2
loop2
loop2
loop2
loop2
loop2
loop2
loop2
loop2
loop2
loop2
loop2
loop2
loop2
loop2
loop2
loop2
loop2
loop2
loop2
loop2
loop2
loop2
loop2
loop2
loop2
loop2
loop2
loop2
loop2
loop2
loop2
loop2
loop2
loop2
loop2
loop2
loop2
loop2
loop2
loop2
loop2
loop2
loop2
loop2
loop2
loop2
loop2
loop2
loop2
loop2
loop2
loop2
loop2
loop2
loop2
loop2
loop2
loop2
loop2
loop2
loop2
loop2
loop2
loop2
loop2
loop2
loop2
loop2
loop2
loop2
loop2
loop2
loop2
loop2
loop2
loop2
loop2
loop2
loop2
loop2
loop2
loop2
loop2
loop2
loop2
loop2
loop2
loop2
loop2
loop2
loop2
loop2
loop2
loop2
loop2
loop2
loop2
loop2
loop2
loop2
loop2
loop2
loop2
loop2
loop2
loop2
loop2
loop2
loop2
loop2
loop2
loop2
loop2
loop2
loop2
loop2
loop2
loop2
loop2
loop2
loop2
loop2
loop2
loop2
loop2
loop2
loop2
loop2
loop2
loop2
loop2
loop2
loop2
loop2
loop2
loop2
loop2
loop2
loop2
loop2
loop2
loop2
loop2
loop2
loop2
loop2
loop2
loop2
loop2
loop2
loop2
loop2
loop2
loop2
loop2
loop2
loop2
loop2
loop2
loop2
loop2
loop2
loop2
loop2
loop2
loop2
loop2
loop2
loop2
loop2
loop2
loop2
loop2
loop2
loop2
loop2
loop2
loop2
loop2
loop2
loop2
loop2
loop2
loop2
loop2
loop2
loop2
loop2
loop2
loop2
loop2
loop2
loop2
loop2
loop2
loop2
loop2
loop2
loop2
loop2
loop2
loop2
loop2
loop2
loop2
loop2
loop2
loop2
loop2
loop2
loop2
loop2
loop2
loop2
loop2
loop2
loop2
loop2
loop2
loop2
loop2
loop2
loop2
loop2
loop2
loop2
loop2
loop2
loop2
loop2
loop2
loop2
loop2
loop2
loop2
loop2
loop2
loop2
loop2
loop2
loop2
loop2
loop2
loop2
loop2
loop2
loop2
loop2
loop2
loop2
loop2
loop2
loop2
loop2
loop2
loop2
loop2
loop2
loop2
loop2
loop2
loop2
loop2
loop2
loop2
loop2
loop2
loop2
loop2
loop2
loop2
loop2
loop2
loop2
loop2
loop2
loop2
loop2
loop2
loop2
loop2
loop2
loop2
loop2
loop2
loop2
loop2
loop2
loop2
loop2
loop2
loop2
loop2
loop2
loop2
loop2
loop2
loop2
loop2
loop2
loop2
loop2
loop2
loop2
loop2
loop2
loop2
loop2
loop2
loop2
loop2
loop2
loop2
loop2
loop2
loop2
loop2
loop2
loop2
loop2
loop2
loop2
loop2
loop2
loop2
loop2
loop2
loop2
loop2
loop2
loop2
loop2
loop2
loop2
loop2
loop2
loop2
loop2
loop2
loop2
loop2
loop2
loop2
loop2
loop2
loop2
loop2
loop2
loop2
loop2
loop2
loop2
loop2
loop2
loop2
loop2
loop2
loop2
loop2
loop2
loop2
loop2
loop2
loop2
loop2
loop2
loop2
loop2
loop2
loop2
loop2
loop2
loop2
loop2
loop2
loop2
loop2
loop2
loop2
loop2
loop2
loop2
loop2
loop2
loop2
loop2
loop2
loop2
loop2
loop2
loop2
loop2
loop2
loop2
loop2
loop2
loop2
loop2
loop2
loop2
loop2
loop2
loop2
loop2
loop2
loop2
loop2
loop2
loop2
loop2
loop2
loop2
loop2
loop2
loop2
loop2
loop2
loop2
loop2
loop2
loop2
loop2
loop2
loop2
loop2
loop2
loop2
loop2
loop2
loop2
loop2
loop2
loop2
loop2
loop2
loop2
loop2
loop2
loop2
loop2
loop2
loop2
loop2
loop2
loop2
loop2
loop2
loop2
loop2
loop2
loop2
loop2
loop2
loop2
loop2
loop2
loop2
loop2
loop2
loop2
loop2
loop2
loop2
loop2
loop2
loop2
loop2
loop2
loop2
loop2
loop2
loop2
loop2
loop2
loop2
loop2
loop2
loop2
loop2
loop2
loop2
loop2
loop2
loop2
loop2
loop2
loop2
loop2
loop2
loop2
loop2
loop2
loop2
loop2
loop2
loop2
loop2
loop2
loop2
loop2
loop2
loop2
loop2
loop2
loop2
loop2
loop2
loop2
loop2
loop2
loop2
loop2
loop2
loop2
loop2
loop2
loop2
loop2
loop2
loop2
loop2
loop2
loop2
loop2
loop2
loop2
loop2
loop2
loop2
loop2
loop2
loop2
loop2
loop2
loop2
loop2
loop2
loop2
loop2
loop2
loop2
loop2
loop2
loop2
loop2
loop2
loop2
loop2
loop2
loop2
loop2
loop2
loop2
loop2
loop2
loop2
loop2
loop2
loop2
loop2
loop2
loop2
loop2
loop2
loop2
loop2
loop2
loop2
loop2
loop2
loop2
loop2
loop2
loop2
loop2
loop2
loop2
loop2
loop2
loop2
loop2
loop2
loop2
loop2
loop2
loop2
loop2
loop2
loop2
loop2
loop2
loop2
loop2
loop2
loop2
loop2
loop2
loop2
loop2
loop2
loop2
loop2
loop2
loop2
loop2
loop2
loop2
loop2
loop2
loop2
loop2
loop2
loop2
loop2
loop2
loop2
loop2
loop2
loop2
loop2
loop2
loop2
loop2
loop2
loop2
loop2
loop2
loop2
loop2
loop2
loop2
loop2
loop2
loop2
loop2
loop2
loop2
loop2
loop2
loop2
loop2
loop2
loop2
loop2
loop2
loop2
loop2
loop2
loop2
loop2
loop2
loop2
loop2
loop2
loop2
loop2
loop2
loop2
loop2
loop2
loop2
loop2
loop2
loop2
loop2
loop2
loop2
loop2
loop2
loop2
loop2
loop2
loop2
loop2
loop2
loop2
loop2
loop2
loop2
loop2
loop2
loop2
loop2
loop2
loop2
loop2
loop2
loop2
loop2
loop2
loop2
loop2
loop2
loop2
loop2
loop2
loop2
loop2
loop2
loop2
loop2
loop2
loop2
loop2
loop2
loop2
loop2
loop2
loop2
loop2
loop2
loop2
loop2
loop2
loop2
loop2
loop2
loop2
loop2
loop2
loop2
loop2
loop2
loop2
loop2
loop2
loop2
loop2
loop2
loop2
loop2
loop2
loop2
loop2
loop2
loop2
loop2
loop2
loop2
loop2
loop2
loop2
loop2
loop2
loop2
loop2
loop2
loop2
loop2
loop2
loop2
loop2
loop2
loop2
loop2
loop2
loop2
loop2
loop2
loop2
loop2
loop2
loop2
loop2
loop2
loop2
loop2
loop2
loop2
loop2
loop2
loop2
loop2
loop2
loop2
loop2
loop2
loop2
loop2
loop2
loop2
loop2
loop2
loop2
loop2
loop2
loop2
loop2
loop2
loop2
loop2
loop2
loop2
loop2
loop2
loop2
loop2
loop2
loop2
loop2
loop2
loop2
loop2
loop2
loop2
loop2
loop2
loop2
loop2
loop2
loop2
loop2
loop2
loop2
loop2
loop2
loop2
loop2
loop2
loop2
loop2
loop2
loop2
loop2
loop2
loop2
loop2
loop2
loop2
loop2
loop2
loop2
loop2
loop2
loop2
loop2
loop2
loop2
loop2
loop2
loop2
loop2
loop2
loop2
loop2
loop2
loop2
loop2
loop2
loop2
loop2
loop2
loop2
loop2
loop2
loop2
loop2
loop2
loop2
loop2
loop2
loop2
loop2
loop2
loop2
loop2
loop2
loop2
loop2
loop2
loop2
loop2
loop2
loop2
loop2
loop2
loop2
loop2
loop2
loop2
loop2
loop2
loop2
loop2
loop2
loop2
loop2
loop2
loop2
loop2
loop2
loop2
loop2
loop2
loop2
loop2
loop2
loop2
loop2
loop2
loop2
loop2
loop2
loop2
loop2
loop2
loop2
loop2
loop2
loop2
loop2
loop2
loop2
loop2
loop2
loop2
loop2
loop2
loop2
loop2
loop2
loop2
loop2
loop2
loop2
loop2
loop2
loop2
loop2
loop2
loop2
loop2
loop2
loop2
loop2
loop2
loop2
loop2
loop2
loop2
loop2
loop2
loop2
loop2
loop2
loop2
loop2
loop2
loop2
loop2
loop2
loop2
loop2
loop2
loop2
loop2
loop2
loop2
loop2
loop2
loop2
loop2
loop2
loop2
loop2
loop2
loop2
loop2
loop2
loop2
loop2
loop2
loop2
loop2
loop2
loop2
loop2
loop2
loop2
loop2
loop2
loop2
loop2
loop2
loop2
loop2
loop2
loop2
loop2
loop2
loop2
loop2
loop2
loop2
loop2
loop2
loop2
loop2
loop2
loop2
loop2
loop2
loop2
loop2
loop2
loop2
loop2
loop2
loop2
loop2
loop2
loop2
loop2
loop2
loop2
loop2
loop2
loop2
loop2
loop2
loop2
loop2
loop2
loop2
loop2
loop2
loop2
loop2
loop2
loop2
loop2
loop2
loop2
loop2
loop2
loop2
loop2
loop2
loop2
loop2
loop2
loop2
loop2
loop2
loop2
loop2
loop2
loop2
loop2
loop2
loop2
loop2
loop2
loop2
loop2
loop2
loop2
loop2
loop2
loop2
loop2
loop2
loop2
loop2
loop2
loop2
loop2
loop2
loop2
loop2
loop2
loop2
loop2
loop2
loop2
loop2
loop2
loop2
loop2
loop2
loop2
loop2
loop2
loop2
loop2
loop2
loop2
loop2
loop2
loop2
loop2
loop2
loop2
loop2
loop2
loop2
loop2
loop2
loop2
loop2
loop2
loop2
loop2
loop2
loop2
loop2
loop2
loop2
loop2
loop2
loop2
loop2
loop2
loop2
loop2
loop2
loop2
loop2
loop2
loop2
loop2
loop2
loop2
loop2
loop2
loop2
loop2
loop2
loop2
loop2
loop2
loop2
loop2
loop2
loop2
loop2
loop2
loop2
loop2
loop2
loop2
loop2
loop2
loop2
loop2
loop2
loop2
loop2
loop2
loop2
loop2
loop2
loop2
loop2
loop2
loop2
loop2
loop2
loop2
loop2
loop2
loop2
loop2
loop2
loop2
loop2
loop2
loop2
loop2
loop2
loop2
loop2
loop2
loop2
loop2
loop2
loop2
loop2
loop2
loop2
loop2
loop2
loop2
loop2
loop2
loop2
loop2
loop2
loop2
loop2
loop2
loop2
loop2
loop2
loop2
loop2
loop2
loop2
loop2
loop2
loop2
loop2
loop2
loop2
loop2
loop2
loop2
loop2
loop2
loop2
loop2
loop2
loop2
loop2
loop2
loop2
loop2
loop2
loop2
loop2
loop2
loop2
loop2
loop2
loop2
loop2
loop2
loop2
loop2
loop2
loop2
loop2
loop2
loop2
loop2
loop2
loop2
loop2
loop2
loop2
loop2
loop2
loop2
loop2
loop2
loop2
loop2
loop2
loop2
loop2
loop2
loop2
loop2
loop2
loop2
loop2
loop2
loop2
loop2
loop2
loop2
loop2
loop2
loop2
loop2
loop2
loop2
loop2
loop2
loop2
loop2
loop2
loop2
loop2
loop2
loop2
loop2
loop2
loop2
loop2
loop2
loop2
loop2
loop2
loop2
loop2
loop2
loop2
loop2
loop2
loop2
loop2
loop2
loop2
loop2
loop2
loop2
loop2
loop2
loop2
loop2
loop2
loop2
loop2
loop2
loop2
loop2
loop2
loop2
loop2
loop2
loop2
loop2
loop2
loop2
loop2
loop2
loop2
loop2
loop2
loop2
loop2
loop2
loop2
loop2
loop2
loop2
loop2
loop2
loop2
loop2
loop2
loop2
loop2
loop2
loop2
loop2
loop2
loop2
loop2
loop2
loop2
loop2
loop2
loop2
loop2
loop2
loop2
loop2
loop2
loop2
loop2
loop2
loop2
loop2
loop2
loop2
loop2
loop2
loop2
loop2
loop2
loop2
loop2
loop2
loop2
loop2
loop2
loop2
loop2
loop2
loop2
loop2
loop2
loop2
loop2
loop2
loop2
loop2
loop2
loop2
loop2
loop2
loop2
loop2
loop2
loop2
loop2
loop2
loop2
loop2
loop2
loop2
loop2
loop2
loop2
loop2
loop2
loop2
loop2
loop2
loop2
loop2
loop2
loop2
loop2
loop2
loop2
loop2
loop2
loop2
loop2
loop2
loop2
loop2
loop2
loop2
loop2
loop2
loop2
loop2
loop2
loop2
loop2
loop2
loop2
loop2
loop2
loop2
loop2
loop2
loop2
loop2
loop2
loop2
loop2
loop2
loop2
loop2
loop2
loop2
loop2
loop2
loop2
loop2
loop2
loop2
loop2
loop2
loop2
loop2
loop2
loop2
loop2
loop2
loop2
loop2
loop2
loop2
loop2
loop2
loop2
loop2
loop2
loop2
loop2
loop2
loop2
loop2
loop2
loop2
loop2
loop2
loop2
loop2
loop2
loop2
loop2
loop2
loop2
loop2
loop2
loop2
loop2
loop2
loop2
loop2
loop2
loop2
loop2
loop2
loop2
loop2
loop2
loop2
loop2
loop2
loop2
loop2
loop2
loop2
loop2
loop2
loop2
loop2
loop2
loop2
loop2
loop2
loop2
loop2
loop2
loop2
loop2
loop2
loop2
loop2
loop2
loop2
loop2
loop2
loop2
loop2
loop2
loop2
loop2
loop2
loop2
loop2
loop2
loop2
loop2
loop2
loop2
loop2
loop2
loop2
loop2
loop2
loop2
loop2
loop2
loop2
loop2
loop2
loop2
loop2
loop2
loop2
loop2
loop2
loop2
loop2
loop2
loop2
loop2
loop2
loop2
loop2
loop2
loop2
loop2
loop2
loop2
loop2
loop2
loop2
loop2
loop2
loop2
loop2
loop2
loop2
loop2
loop2
loop2
loop2
loop2
loop2
loop2
loop2
loop2
loop2
loop2
loop2
loop2
loop2
loop2
loop2
loop2
loop2
loop2
loop2
loop2
loop2
loop2
loop2
loop2
loop2
loop2
loop2
loop2
loop2
loop2
loop2
loop2
loop2
loop2
loop2
loop2
loop2
loop2
loop2
loop2
loop2
loop2
loop2
loop2
loop2
loop2
loop2
loop2
loop2
loop2
loop2
loop2
loop2
loop2
loop2
loop2
loop2
loop2
loop2
loop2
loop2
loop2
loop2
loop2
loop2
loop2
loop2
loop2
loop2
loop2
loop2
loop2
loop2
loop2
loop2
loop2
loop2
loop2
loop2
loop2
loop2
loop2
loop2
loop2
loop2
loop2
loop2
loop2
loop2
loop2
loop2
loop2
loop2
loop2
loop2
loop2
loop2
loop2
loop2
loop2
loop2
loop2
loop2
loop2
loop2
loop2
loop2
loop2
loop2
loop2
loop2
loop2
loop2
loop2
loop2
loop2
loop2
loop2
loop2
loop2
loop2
loop2
loop2
loop2
loop2
loop2
loop2
loop2
loop2
loop2
loop2
loop2
loop2
loop2
loop2
loop2
loop2
loop2
loop2
loop2
loop2
loop2
loop2
loop2
loop2
loop2
loop2
loop2
loop2
loop2
loop2
loop2
loop2
loop2
loop2
loop2
loop2
loop2
loop2
loop2
loop2
loop2
loop2
loop2
loop2
loop2
loop2
loop2
loop2
loop2
loop2
loop2
loop2
loop2
loop2
loop2
loop2
loop2
loop2
loop2
loop2
loop2
loop2
loop2
loop2
loop2
loop2
loop2
loop2
loop2
loop2
loop2
loop2
loop2
loop2
loop2
loop2
loop2
loop2
loop2
loop2
loop2
loop2
loop2
loop2
loop2
loop2
loop2
loop2
loop2
loop2
loop2
loop2
loop2
loop2
loop2
loop2
loop2
loop2
loop2
loop2
loop2
loop2
loop2
loop2
loop2
loop2
loop2
loop2
loop2
loop2
loop2
loop2
loop2
loop2
loop2
loop2
loop2
loop2
loop2
loop2
loop2
loop2
loop2
loop2
loop2
loop2
loop2
loop2
loop2
loop2
loop2
loop2
loop2
loop2
loop2
loop2
loop2
loop2
loop2
loop2
loop2
loop2
loop2
loop2
loop2
loop2
loop2
loop2
loop2
loop2
loop2
loop2
loop2
loop2
loop2
loop2
loop2
loop2
loop2
loop2
loop2
loop2
loop2
loop2
loop2
loop2
loop2
loop2
loop2
loop2
loop2
loop2
loop2
loop2
loop2
loop2
loop2
loop2
loop2
loop2
loop2
loop2
loop2
loop2
loop2
loop2
loop2
loop2
loop2
loop2
loop2
loop2
loop2
loop2
loop2
loop2
loop2
loop2
loop2
loop2
loop2
loop2
loop2
loop2
loop2
loop2
loop2
loop2
loop2
loop2
loop2
loop2
loop2
loop2
loop2
loop2
loop2
loop2
loop2
loop2
loop2
loop2
loop2
loop2
loop2
loop2
loop2
loop2
loop2
loop2
loop2
loop2
loop2
loop2
loop2
loop2
loop2
loop2
loop2
loop2
loop2
loop2
loop2
loop2
loop2
loop2
loop2
loop2
loop2
loop2
loop2
loop2
loop2
loop2
loop2
loop2
loop2
loop2
loop2
loop2
loop2
loop2
loop2
loop2
loop2
loop2
loop2
loop2
loop2
loop2
loop2
loop2
loop2
loop2
loop2
loop2
loop2
loop2
loop2
loop2
loop2
loop2
loop2
loop2
loop2
loop2
loop2
loop2
loop2
loop2
loop2
loop2
loop2
loop2
loop2
loop2
loop2
loop2
loop2
loop2
loop2
loop2
loop2
loop2
loop2
loop2
loop2
loop2
loop2
loop2
loop2
loop2
loop2
loop2
loop2
loop2
loop2
loop2
loop2
loop2
loop2
loop2
loop2
loop2
loop2
loop2
loop2
loop2
loop2
loop2
loop2
loop2
loop2
loop2
loop2
loop2
loop2
loop2
loop2
loop2
loop2
loop2
loop2
loop2
loop2
loop2
loop2
loop2
loop2
loop2
loop2
loop2
loop2
loop2
loop2
loop2
loop2
loop2
loop2
loop2
loop2
loop2
loop2
loop2
loop2
loop2
loop2
loop2
loop2
loop2
loop2
loop2
loop2
loop2
loop2
loop2
loop2
loop2
loop2
loop2
loop2
loop2
loop2
loop2
loop2
loop2
loop2
loop2
loop2
loop2
loop2
loop2
loop2
loop2
loop2
loop2
loop2
loop2
loop2
loop2
loop2
loop2
loop2
loop2
loop2
loop2
loop2
loop2
loop2
loop2
loop2
loop2
loop2
loop2
loop2
loop2
loop2
loop2
loop2
loop2
loop2
loop2
loop2
loop2
loop2
loop2
loop2
loop2
loop2
loop2
loop2
loop2
loop2
loop2
loop2
loop2
loop2
loop2
loop2
loop2
loop2
loop2
loop2
loop2
loop2
loop2
loop2
loop2
loop2
loop2
loop2
loop2
loop2
loop2
loop2
loop2
loop2
loop2
loop2
loop2
loop2
loop2
loop2
loop2
loop2
loop2
loop2
loop2
loop2
loop2
loop2
loop2
loop2
loop2
loop2
loop2
loop2
loop2
loop2
loop2
loop2
loop2
loop2
loop2
loop2
loop2
loop2
loop2
loop2
loop2
loop2
loop2
loop2
loop2
loop2
loop2
loop2
loop2
loop2
loop2
loop2
loop2
loop2
loop2
loop2
loop2
loop2
loop2
loop2
loop2
loop2
loop2
loop2
loop2
loop2
loop2
loop2
loop2
loop2
loop2
loop2
loop2
loop2
loop2
loop2
loop2
loop2
loop2
loop2
loop2
loop2
loop2
loop2
loop2
loop2
loop2
loop2
loop2
loop2
loop2
loop2
loop2
loop2
loop2
loop2
loop2
loop2
loop2
loop2
loop2
loop2
loop2
loop2
loop2
loop2
loop2
loop2
loop2
loop2
loop2
loop2
loop2
loop2
loop2
loop2
loop2
loop2
loop2
loop2
loop2
loop2
loop2
loop2
loop2
loop2
loop2
loop2
loop2
loop2
loop2
loop2
loop2
loop2
loop2
loop2
loop2
loop2
loop2
loop2
loop2
loop2
loop2
loop2
loop2
loop2
loop2
loop2
loop2
loop2
loop2
loop2
loop2
loop2
loop2
loop2
loop2
loop2
loop2
loop2
loop2
loop2
loop2
loop2
loop2
loop2
loop2
loop2
loop2
loop2
loop2
loop2
loop2
loop2
loop2
loop2
loop2
loop2
loop2
loop2
loop2
loop2
loop2
loop2
loop2
loop2
loop2
loop2
loop2
loop2
loop2
loop2
loop2
loop2
loop2
loop2
loop2
loop2
loop2
loop2
loop2
loop2
loop2
loop2
loop2
loop2
loop2
loop2
loop2
loop2
loop2
loop2
loop2
loop2
loop2
loop2
loop2
loop2
loop2
loop2
loop2
loop2
loop2
loop2
loop2
loop2
loop2
loop2
loop2
loop2
loop2
loop2
loop2
loop2
loop2
loop2
loop2
loop2
loop2
loop2
loop2
loop2
loop2
loop2
loop2
loop2
loop2
loop2
loop2
loop2
loop2
loop2
loop2
loop2
loop2
loop2
loop2
loop2
loop2
loop2
loop2
loop2
loop2
loop2
loop2
loop2
loop2
loop2
loop2
loop2
loop2
loop2
loop2
loop2
loop2
loop2
loop2
loop2
loop2
loop2
loop2
loop2
loop2
loop2
loop2
loop2
loop2
loop2
loop2
loop2
loop2
loop2
loop2
loop2
loop2
loop2
loop2
loop2
loop2
loop2
loop2
loop2
loop2
loop2
loop2
loop2
loop2
loop2
loop2
loop2
loop2
loop2
loop2
loop2
loop2
loop2
loop2
loop2
loop2
loop2
loop2
loop2
loop2
loop2
loop2
loop2
loop2
loop2
loop2
loop2
loop2
loop2
loop2
loop2
loop2
loop2
loop2
loop2
loop2
loop2
loop2
loop2
loop2
loop2
loop2
loop2
loop2
loop2
loop2
loop2
loop2
loop2
loop2
loop2
loop2
loop2
loop2
loop2
loop2
loop2
loop2
loop2
loop2
loop2
loop2
loop2
loop2
loop2
loop2
loop2
loop2
loop2
loop2
loop2
loop2
loop2
loop2
loop2
loop2
loop2
loop2
loop2
loop2
loop2
loop2
loop2
loop2
loop2
loop2
loop2
loop2
loop2
loop2
loop2
loop2
loop2
loop2
loop2
loop2
loop2
loop2
loop2
loop2
loop2
loop2
loop2
loop2
loop2
loop2
loop2
loop2
loop2
loop2
loop2
loop2
loop2
loop2
loop2
loop2
loop2
loop2
loop2
loop2
loop2
loop2
loop2
loop2
loop2
loop2
loop2
loop2
loop2
loop2
loop2
loop2
loop2
loop2
loop2
loop2
loop2
loop2
loop2
loop2
loop2
loop2
loop2
loop2
loop2
loop2
loop2
loop2
loop2
loop2
loop2
loop2
loop2
loop2
loop2
loop2
loop2
loop2
loop2
loop2
loop2
loop2
loop2
loop2
loop2
loop2
loop2
loop2
loop2
loop2
loop2
loop2
loop2
loop2
loop2
loop2
loop2
loop2
loop2
loop2
loop2
loop2
loop2
loop2
loop2
loop2
loop2
loop2
loop2
loop2
loop2
loop2
loop2
loop2
loop2
loop2
loop2
loop2
loop2
loop2
loop2
loop2
loop2
loop2
loop2
loop2
loop2
loop2
loop2
loop2
loop2
loop2
loop2
loop2
loop2
loop2
loop2
loop2
loop2
loop2
loop2
loop2
loop2
loop2
loop2
loop2
loop2
loop2
loop2
loop2
loop2
loop2
loop2
loop2
loop2
loop2
loop2
loop2
loop2
loop2
loop2
loop2
loop2
loop2
loop2
loop2
loop2
loop2
loop2
loop2
loop2
loop2
loop2
loop2
loop2
loop2
loop2
loop2
loop2
loop2
loop2
loop2
loop2
loop2
loop2
loop2
loop2
loop2
loop2
loop2
loop2
loop2
loop2
loop2
loop2
loop2
loop2
loop2
loop2
loop2
loop2
loop2
loop2
loop2
loop2
loop2
loop2
loop2
loop2
loop2
loop2
loop2
loop2
loop2
loop2
loop2
loop2
loop2
loop2
loop2
loop2
loop2
loop2
loop2
loop2
loop2
loop2
loop2
loop2
loop2
loop2
loop2
loop2
loop2
loop2
loop2
loop2
loop2
loop2
loop2
loop2
loop2
loop2
loop2
loop2
loop2
loop2
loop2
loop2
loop2
loop2
loop2
loop2
loop2
loop2
loop2
loop2
loop2
loop2
loop2
loop2
loop2
loop2
loop2
loop2
loop2
loop2
loop2
loop2
loop2
loop2
loop2
loop2
loop2
loop2
loop2
loop2
loop2
loop2
loop2
loop2
loop2
loop2
loop2
loop2
loop2
loop2
loop2
loop2
loop2
loop2
loop2
loop2
loop2
loop2
loop2
loop2
loop2
loop2
loop2
loop2
loop2
loop2
loop2
loop2
loop2
loop2
loop2
loop2
loop2
loop2
loop2
loop2
loop2
loop2
loop2
loop2
loop2
loop2
loop2
loop2
loop2
loop2
loop2
loop2
loop2
loop2
loop2
loop2
loop2
loop2
loop2
loop2
loop2
loop2
loop2
loop2
loop2
loop2
loop2
loop2
loop2
loop2
loop2
loop2
loop2
loop2
loop2
loop2
loop2
loop2
loop2
loop2
loop2
loop2
loop2
loop2
loop2
loop2
loop2
loop2
loop2
loop2
loop2
loop2
loop2
loop2
loop2
loop2
loop2
loop2
loop2
loop2
loop2
loop2
loop2
loop2
loop2
loop2
loop2
loop2
loop2
loop2
loop2
loop2
loop2
loop2
loop2
loop2
loop2
loop2
loop2
loop2
loop2
loop2
loop2
loop2
loop2
loop2
loop2
loop2
loop2
loop2
loop2
loop2
loop2
loop2
loop2
loop2
loop2
loop2
loop2
loop2
loop2
loop2
loop2
loop2
loop2
loop2
loop2
loop2
loop2
loop2
loop2
loop2
loop2
loop2
loop2
loop2
loop2
loop2
loop2
loop2
loop2
loop2
loop2
loop2
loop2
loop2
loop2
loop2
loop2
loop2
loop2
loop2
loop2
loop2
loop2
loop2
loop2
loop2
loop2
loop2
loop2
loop2
loop2
loop2
loop2
loop2
loop2
loop2
loop2
loop2
loop2
loop2
loop2
loop2
loop2
loop2
loop2
loop2
loop2
loop2
loop2
loop2
loop2
loop2
loop2
loop2
loop2
loop2
loop2
loop2
loop2
loop2
loop2
loop2
loop2
loop2
loop2
loop2
loop2
loop2
loop2
loop2
loop2
loop2
loop2
loop2
loop2
loop2
loop2
loop2
loop2
loop2
loop2
loop2
loop2
loop2
loop2
loop2
loop2
loop2
loop2
loop2
loop2
loop2
loop2
loop2
loop2
loop2
loop2
loop2
loop2
loop2
loop2
loop2
loop2
loop2
loop2
loop2
loop2
loop2
loop2
loop2
loop2
loop2
loop2
loop2
loop2
loop2
loop2
loop2
loop2
loop2
loop2
loop2
loop2
loop2
loop2
loop2
loop2
loop2
loop2
loop2
loop2
loop2
loop2
loop2
loop2
loop2
loop2
loop2
loop2
loop2
loop2
loop2
loop2
loop2
loop2
loop2
loop2
loop2
loop2
loop2
loop2
loop2
loop2
loop2
loop2
loop2
loop2
loop2
loop2
loop2
loop2
loop2
loop2
loop2
loop2
loop2
loop2
loop2
loop2
loop2
loop2
loop2
loop2
loop2
loop2
loop2
loop2
loop2
loop2
loop2
loop2
loop2
loop2
loop2
loop2
loop2
loop2
loop2
loop2
loop2
loop2
loop2
loop2
loop2
loop2
loop2
loop2
loop2
loop2
loop2
loop2
loop2
loop2
loop2
loop2
loop2
loop2
loop2
loop2
loop2
loop2
loop2
loop2
loop2
loop2
loop2
loop2
loop2
loop2
loop2
loop2
loop2
loop2
loop2
loop2
loop2
loop2
loop2
loop2
loop2
loop2
loop2
loop2
loop2
loop2
loop2
loop2
loop2
loop2
loop2
loop2
loop2
loop2
loop2
loop2
loop2
loop2
loop2
loop2
loop2
loop2
loop2
loop2
loop2
loop2
loop2
loop2
loop2
loop2
loop2
loop2
loop2
loop2
loop2
loop2
loop2
loop2
loop2
loop2
loop2
loop2
loop2
loop2
loop2
loop2
loop2
loop2
loop2
loop2
loop2
loop2
loop2
loop2
loop2
loop2
loop2
loop2
loop2
loop2
loop2
loop2
loop2
loop2
loop2
loop2
loop2
loop2
loop2
loop2
loop2
loop2
loop2
loop2
loop2
loop2
loop2
loop2
loop2
loop2
loop2
loop2
loop2
loop2
loop2
loop2
loop2
loop2
loop2
loop2
loop2
loop2
loop2
loop2
loop2
loop2
loop2
loop2
loop2
loop2
loop2
loop2
loop2
loop2
loop2
loop2
loop2
loop2
loop2
loop2
loop2
loop2
loop2
loop2
loop2
loop2
loop2
loop2
loop2
loop2
loop2
loop2
loop2
loop2
loop2
loop2
loop2
loop2
loop2
loop2
loop2
loop2
loop2
loop2
loop2
loop2
loop2
loop2
loop2
loop2
loop2
loop2
loop2
loop2
loop2
loop2
loop2
loop2
loop2
loop2
loop2
loop2
loop2
loop2
loop2
loop2
loop2
loop2
loop2
loop2
loop2
loop2
loop2
loop2
loop2
loop2
loop2
loop2
loop2
loop2
loop2
loop2
loop2
loop2
loop2
loop2
loop2
loop2
loop2
loop2
loop2
loop2
loop2
loop2
loop2
loop2
loop2
loop2
loop2
loop2
loop2
loop2
loop2
loop2
loop2
loop2
loop2
finished ../logs/01.11.2017/19_13_20/BeLog/server_console.log
current sessions 8865
current adjustments 0
loop1
loop1
loop1
loop1
loop1
loop1
loop1
loop1
loop1
loop1
loop1
loop1
loop1
loop1
loop1
loop1
loop1
loop1
loop1
loop1
loop1
loop1
loop1
loop1
loop1
loop1
loop1
loop1
loop1
loop1
loop1
loop1
loop1
loop1
loop1
loop1
loop1
loop1
loop1
loop1
loop1
loop1
loop1
loop1
loop1
loop1
loop1
loop1
loop1
loop1
loop1
loop1
loop1
loop1
loop1
loop1
loop1
loop1
loop1
loop1
loop1
loop1
loop1
loop1
loop1
loop1
loop1
loop1
loop1
loop1
loop1
loop1
loop1
loop1
loop1
loop1
loop1
loop1
loop1
loop1
loop1
loop1
loop1
loop1
loop1
loop1
loop1
loop1
loop1
loop1
loop1
loop1
loop1
loop1
loop1
loop1
loop1
loop1
loop1
loop1
loop1
loop1
loop1
loop1
loop1
loop1
loop1
loop1
loop1
loop1
loop1
loop1
loop1
loop1
loop1
loop1
loop1
loop1
loop1
loop1
loop1
loop1
loop1
loop1
loop1
loop1
loop1
loop1
loop1
loop1
loop1
loop1
loop1
loop1
loop1
loop1
loop1
loop1
loop1
loop1
loop1
loop1
loop1
loop1
loop1
loop1
loop1
loop1
loop1
loop1
loop1
loop1
loop1
loop1
loop1
loop1
loop1
loop1
loop1
loop1
loop1
loop1
loop1
loop1
loop1
loop1
loop1
loop1
loop1
loop1
loop1
loop1
loop1
loop1
loop1
loop1
loop1
loop1
loop1
loop1
loop1
loop1
loop1
loop1
loop1
loop1
loop1
loop1
loop1
loop1
loop1
loop1
loop1
loop1
loop1
loop1
loop1
loop1
loop1
loop1
loop1
loop1
loop1
loop1
loop1
loop1
loop1
loop1
loop1
loop1
loop1
loop1
loop1
loop1
loop1
loop1
loop1
loop1
loop1
loop1
loop1
loop1
loop1
loop1
loop1
loop1
loop1
loop1
loop1
loop1
loop1
loop1
loop1
loop1
loop1
loop1
loop1
loop1
loop1
loop1
loop1
loop1
loop1
loop1
loop1
loop1
loop1
loop1
loop1
loop1
loop1
loop1
loop1
loop1
loop1
loop1
loop1
loop1
loop1
loop1
loop1
loop1
loop1
loop1
loop1
loop1
loop1
loop1
loop1
loop1
loop1
loop1
loop1
loop1
loop1
loop1
loop1
loop1
loop1
loop1
loop1
loop1
loop1
loop1
loop1
loop1
loop1
loop1
loop1
loop1
loop1
loop1
loop1
loop1
loop1
loop1
loop1
loop1
loop1
loop1
loop1
loop1
loop1
loop1
loop1
loop1
loop1
loop1
loop1
loop1
loop1
loop1
loop1
loop1
loop1
loop1
loop1
loop1
loop1
loop1
loop1
loop1
loop1
loop1
loop1
loop1
loop1
loop1
loop1
loop1
loop1
loop1
loop1
loop1
loop1
loop1
loop1
loop1
loop1
loop1
loop1
loop1
loop1
loop1
loop1
loop1
loop1
loop1
loop1
loop1
loop1
loop1
loop1
loop1
loop1
loop1
loop1
loop1
loop1
loop1
loop1
loop1
loop1
loop1
loop1
loop1
loop1
loop1
loop1
loop1
loop1
loop1
loop1
loop1
loop1
loop1
loop1
loop1
loop1
loop1
loop1
loop1
loop1
loop1
loop1
loop1
loop1
loop1
loop1
loop1
loop1
loop1
loop1
loop1
loop1
loop1
loop1
loop1
loop1
loop1
loop1
loop1
loop1
loop1
loop1
loop1
loop1
loop1
loop1
loop1
loop1
loop1
loop1
loop1
loop1
loop1
loop1
loop1
loop1
loop1
loop1
loop1
loop1
loop1
loop1
loop1
loop1
loop1
loop1
loop1
loop1
loop1
loop1
loop1
loop1
loop1
loop1
loop1
loop1
loop1
loop1
loop1
loop1
loop1
loop1
loop1
loop1
loop1
loop1
loop1
loop1
loop1
loop1
loop1
loop1
loop1
loop1
loop1
loop1
loop1
loop1
loop1
loop1
loop1
loop1
loop1
loop1
loop1
loop1
loop1
loop1
loop1
loop1
loop1
loop1
loop1
loop1
loop1
loop1
loop1
loop1
loop1
loop1
loop1
loop1
loop1
loop1
loop1
loop1
loop1
loop1
loop1
loop1
loop1
loop1
loop1
loop1
loop1
loop1
loop1
loop1
loop1
loop1
loop1
loop1
loop1
loop1
loop1
loop1
loop1
loop1
loop1
loop1
loop1
loop1
loop1
loop1
loop1
loop1
loop1
loop1
loop1
loop1
loop1
loop1
loop1
loop1
loop1
loop1
loop1
loop1
loop1
loop1
loop1
loop1
loop1
loop1
loop1
loop1
loop1
loop1
loop1
loop1
loop1
loop1
loop1
loop1
loop1
loop1
loop1
loop1
loop1
loop1
loop1
loop1
loop1
loop1
loop1
loop1
loop1
loop1
loop1
loop1
loop1
loop1
loop1
loop1
loop1
loop1
loop1
loop1
loop1
loop1
loop1
loop1
loop1
loop1
loop1
loop1
loop1
loop1
loop1
loop1
loop1
loop1
loop1
loop1
loop1
loop1
loop1
loop1
loop1
loop1
loop1
loop1
loop1
loop1
loop1
loop1
loop1
loop1
loop1
loop1
loop1
loop1
loop1
loop1
loop1
loop1
loop1
loop1
loop1
loop1
loop1
loop1
loop1
loop1
loop1
loop1
loop1
loop1
loop1
loop1
loop1
loop1
loop1
loop1
loop1
loop1
loop1
loop1
loop1
loop1
loop1
loop1
loop1
loop1
loop1
loop1
loop1
loop1
loop1
loop1
loop1
loop1
loop1
loop1
loop1
loop1
loop1
loop1
loop1
loop1
loop1
loop1
loop1
loop1
loop1
loop1
loop1
loop1
loop1
loop1
loop1
loop1
loop1
loop1
loop1
loop1
loop1
loop1
loop1
loop1
loop1
loop1
loop1
loop1
loop1
loop1
loop1
loop1
loop1
loop1
loop1
loop1
loop1
loop1
loop1
loop1
loop1
loop1
loop1
loop1
loop1
loop1
loop1
loop1
loop1
loop1
loop1
loop1
loop1
loop1
loop1
loop1
loop1
loop1
loop1
loop1
loop1
loop1
loop1
loop1
loop1
loop1
loop1
loop1
loop1
loop1
loop1
loop1
loop1
loop1
loop1
loop1
loop1
loop1
loop1
loop1
loop1
loop1
loop1
loop1
loop1
loop1
loop1
loop1
loop1
loop1
loop1
loop1
loop1
loop1
loop1
loop1
loop1
loop1
loop1
loop1
loop1
loop1
loop1
loop1
loop1
loop1
loop1
loop1
loop1
loop1
loop1
loop1
loop1
loop1
loop1
loop1
loop1
loop1
loop1
loop1
loop1
loop1
loop1
loop1
loop1
loop1
loop1
loop1
loop1
loop1
loop1
loop1
loop1
loop1
loop1
loop1
loop1
loop1
loop1
loop1
loop1
loop1
loop1
loop1
loop1
loop1
loop1
loop1
loop1
loop1
loop1
loop1
loop1
loop1
loop1
loop1
loop1
loop1
loop1
loop1
loop1
loop1
loop1
loop1
loop1
loop1
loop1
loop1
loop1
loop1
loop1
loop1
loop1
loop1
loop1
loop1
loop1
loop1
loop1
loop1
loop1
loop1
loop1
loop1
loop1
loop1
loop1
loop1
loop1
loop1
loop1
loop1
loop1
loop1
loop1
loop1
loop1
loop1
loop1
loop1
loop1
loop1
loop1
loop1
loop1
loop1
loop1
loop1
loop1
loop1
loop1
loop1
loop1
loop1
loop1
loop1
loop1
loop1
loop1
loop1
loop1
loop1
loop1
loop1
loop1
loop1
loop1
loop1
loop1
loop1
loop1
loop1
loop1
loop1
loop1
loop1
loop1
loop1
loop1
loop1
loop1
loop1
loop1
loop1
loop1
loop1
loop1
loop1
loop1
loop1
loop1
loop1
loop1
loop1
loop1
loop1
loop1
loop1
loop1
loop1
loop1
loop1
loop1
loop1
loop1
loop1
loop1
loop1
loop1
loop1
loop1
loop1
loop1
loop1
loop1
loop1
loop1
loop1
loop1
loop1
loop1
loop1
loop1
loop1
loop1
loop1
loop1
loop1
loop1
loop1
loop1
loop1
loop1
loop1
loop1
loop1
loop1
loop1
loop1
loop1
loop1
loop1
loop1
loop1
loop1
loop1
loop1
loop1
loop1
loop1
loop1
loop1
loop1
loop1
loop1
loop1
loop1
loop1
loop1
loop1
loop1
loop1
loop1
loop1
loop1
loop1
loop1
loop1
loop1
loop1
loop1
loop1
loop1
loop1
loop1
loop1
loop1
loop1
loop1
loop1
loop1
loop1
loop1
loop1
loop1
loop1
loop1
loop1
loop1
loop1
loop1
loop1
loop1
loop1
loop1
loop1
loop1
loop1
loop1
loop1
loop1
loop1
loop1
loop1
loop1
loop1
loop1
loop1
loop1
loop1
loop1
loop1
loop1
loop1
loop1
loop1
loop1
loop1
loop1
loop1
loop1
loop1
loop1
loop1
loop1
loop1
loop1
loop1
loop1
loop1
loop1
loop1
loop1
loop1
loop1
loop1
loop1
loop1
loop1
loop1
loop1
loop1
loop1
loop1
loop1
loop1
loop1
loop1
loop1
loop1
loop1
loop1
loop1
loop1
loop1
loop1
loop1
loop1
loop1
loop1
loop1
loop1
loop1
loop1
loop1
loop1
loop1
loop1
loop1
loop1
loop1
loop1
loop1
loop1
loop1
loop1
loop1
loop1
loop1
loop1
loop1
loop1
loop1
loop1
loop1
loop1
loop1
loop1
loop1
loop1
loop1
loop1
loop1
loop1
loop1
loop1
loop1
loop1
loop1
loop1
loop1
loop1
loop1
loop1
loop1
loop1
loop1
loop1
loop1
loop1
loop1
loop1
loop1
loop1
loop1
loop1
loop1
loop1
loop1
loop1
loop1
loop1
loop1
loop1
loop1
loop1
loop1
loop1
loop1
loop1
loop1
loop1
loop1
loop1
loop1
loop1
loop1
loop1
loop1
loop1
loop1
loop1
loop1
loop1
loop1
loop1
loop1
loop1
loop1
loop1
loop1
loop1
loop1
loop1
loop1
loop1
loop1
loop1
loop1
loop1
loop1
loop1
loop1
loop1
loop1
loop1
loop1
loop1
loop1
loop1
loop1
loop1
loop1
loop1
loop1
loop1
loop1
loop1
loop1
loop1
loop1
loop1
loop1
loop1
loop1
loop1
loop1
loop1
loop1
loop1
loop1
loop1
loop1
loop1
loop1
loop1
loop1
loop1
loop1
loop1
loop1
loop1
loop1
loop1
loop1
loop1
loop1
loop1
loop1
loop1
loop1
loop1
loop1
loop1
loop1
loop1
loop1
loop1
loop1
loop1
loop1
loop1
loop1
loop1
loop1
loop1
loop1
loop1
loop1
loop1
loop1
loop1
loop1
loop1
loop1
loop1
loop1
loop1
loop1
loop1
loop1
loop1
loop1
loop1
loop1
loop1
loop1
loop1
loop1
loop1
loop1
loop1
loop1
loop1
loop1
loop1
loop1
loop1
loop1
loop1
loop1
loop1
loop1
loop1
loop1
loop1
loop1
loop1
loop1
loop1
loop1
loop1
loop1
loop1
loop1
loop1
loop1
loop1
loop1
loop1
loop1
loop1
loop1
loop1
loop1
loop1
loop1
loop1
loop1
loop1
loop1
loop1
loop1
loop1
loop1
loop1
loop1
loop1
loop1
loop1
loop1
loop1
loop1
loop1
loop1
loop1
loop1
loop1
loop1
loop1
loop1
loop1
loop1
loop1
loop1
loop1
loop1
loop1
loop1
loop1
loop1
loop1
loop1
loop1
loop1
loop1
loop1
loop1
loop1
loop1
loop1
loop1
loop1
loop1
loop1
loop1
loop1
loop1
loop1
loop1
loop1
loop1
loop1
loop1
loop1
loop1
loop1
loop1
loop1
loop1
loop1
loop1
loop1
loop1
loop1
loop1
loop1
loop1
loop1
loop1
loop1
loop1
loop1
loop1
loop1
loop1
loop1
loop1
loop1
loop1
loop1
loop1
loop1
loop1
loop1
loop1
loop1
loop1
loop1
loop1
loop1
loop1
loop1
loop1
loop1
loop1
loop1
loop1
loop1
loop1
loop1
loop1
loop1
loop1
loop1
loop1
loop1
loop1
loop1
loop1
loop1
loop1
loop1
loop1
loop1
loop1
loop1
loop1
loop1
loop1
loop1
loop1
loop1
loop1
loop1
loop1
loop1
loop1
loop1
loop1
loop1
loop1
loop1
loop1
loop1
loop1
loop1
loop1
loop1
loop1
loop1
loop1
loop1
loop1
loop1
loop1
loop1
loop1
loop1
loop1
loop1
loop1
loop1
loop1
loop1
loop1
loop1
loop1
loop1
loop1
loop1
loop1
loop1
loop1
loop1
loop1
loop1
loop1
loop1
loop1
loop1
loop1
loop1
loop1
loop1
loop1
loop1
loop1
loop1
loop1
loop1
loop1
loop1
loop1
loop1
loop1
loop1
loop1
loop1
loop1
loop1
loop1
loop1
loop1
loop1
loop1
loop1
loop1
loop1
loop1
loop1
loop1
loop1
loop1
loop1
loop1
loop1
loop1
loop1
loop1
loop1
loop1
loop1
loop1
loop1
loop1
loop1
loop1
loop1
loop1
loop1
loop1
loop1
loop1
loop1
loop1
loop1
loop1
loop1
loop1
loop1
loop1
loop1
loop1
loop1
loop1
loop1
loop1
loop1
loop1
loop1
loop1
loop1
loop1
loop1
loop1
loop1
loop1
loop1
loop1
loop1
loop1
loop1
loop1
loop1
loop1
loop1
loop1
loop1
loop1
loop1
loop1
loop1
loop1
loop1
loop1
loop1
loop1
loop1
loop1
loop1
loop1
loop1
loop1
loop1
loop1
loop1
loop1
loop1
loop1
loop1
loop1
loop1
loop1
loop1
loop1
loop1
loop1
loop1
loop1
loop1
loop1
loop1
loop1
loop1
loop1
loop1
loop1
loop1
loop1
loop1
loop1
loop1
loop1
loop1
loop1
loop1
loop1
loop1
loop1
loop1
loop1
loop1
loop1
loop1
loop1
loop1
loop1
loop1
loop1
loop1
loop1
loop1
loop1
loop1
loop1
loop1
loop1
loop1
loop1
loop1
loop1
loop1
loop1
loop1
loop1
loop1
loop1
loop1
loop1
loop1
loop1
loop1
loop1
loop1
loop1
loop1
loop1
loop1
loop1
loop1
loop1
loop1
loop1
loop1
loop1
loop1
loop1
loop1
loop1
loop1
loop1
loop1
loop1
loop1
loop1
loop1
loop1
loop1
loop1
loop1
loop1
loop1
loop1
loop1
loop1
loop1
loop1
loop1
loop1
loop1
loop1
loop1
loop1
loop1
loop1
loop1
loop1
loop1
loop1
loop1
loop1
loop1
loop1
loop1
loop1
loop1
loop1
loop1
loop1
loop1
loop1
loop1
loop1
loop1
loop1
loop1
loop1
loop1
loop1
loop1
loop1
loop1
loop1
loop1
loop1
loop1
loop1
loop1
loop1
loop1
loop1
loop1
loop1
loop1
loop1
loop1
loop1
loop1
loop1
loop1
loop1
loop1
loop1
loop1
loop1
loop1
loop1
loop1
loop1
loop1
loop1
loop1
loop1
loop1
loop1
loop1
loop1
loop1
loop1
loop1
loop1
loop1
loop1
loop1
loop1
loop1
loop1
loop1
loop1
loop1
loop1
loop1
loop1
loop1
loop1
loop1
loop1
loop1
loop1
loop1
loop1
loop1
loop1
loop1
loop1
loop1
loop1
loop1
loop1
loop1
loop1
loop1
loop1
loop1
loop1
loop1
loop1
loop1
loop1
loop1
loop1
loop1
loop1
loop1
loop1
loop1
loop1
loop1
loop1
loop1
loop1
loop1
loop1
loop1
loop1
loop1
loop1
loop1
loop1
loop1
loop1
loop1
loop1
loop1
loop1
loop1
loop1
loop1
loop1
loop1
loop1
loop1
loop1
loop1
loop1
loop1
loop1
loop1
loop1
loop1
loop1
loop1
loop1
loop1
loop1
loop1
loop1
loop1
loop1
loop1
loop1
loop1
loop1
loop1
loop1
loop1
loop1
loop1
loop1
loop1
loop1
loop1
loop1
loop1
loop1
loop1
loop1
loop1
loop1
loop1
loop1
loop1
loop1
loop1
loop1
loop1
loop1
loop1
loop1
loop1
loop1
loop1
loop1
loop1
loop1
loop1
loop1
loop1
loop1
loop1
loop1
loop1
loop1
loop1
loop1
loop1
loop1
loop1
loop1
loop1
loop1
loop1
loop1
loop1
loop1
loop1
loop1
loop1
loop1
loop1
loop1
loop1
loop1
loop1
loop1
loop1
loop1
loop1
loop1
loop1
loop1
loop1
loop1
loop1
loop1
loop1
loop1
loop1
loop1
loop1
loop1
loop1
loop1
loop1
loop1
loop1
loop1
loop1
loop1
loop1
loop1
loop1
loop1
loop1
loop1
loop1
loop1
loop1
loop1
loop1
loop1
loop1
loop1
loop1
loop1
loop1
loop1
loop1
loop1
loop1
loop1
loop1
loop1
loop1
loop1
loop1
loop1
loop1
loop1
loop1
loop1
loop1
loop1
loop1
loop1
loop1
loop1
loop1
loop1
loop1
loop1
loop1
loop1
loop1
loop1
loop1
loop1
loop1
loop1
loop1
loop1
loop1
loop1
loop1
loop1
loop1
loop1
loop1
loop1
loop1
loop1
loop1
loop1
loop1
loop1
loop1
loop1
loop1
loop1
loop1
loop1
loop1
loop1
loop1
loop1
loop1
loop1
loop1
loop1
loop1
loop1
loop1
loop1
loop1
loop1
loop1
loop1
loop1
loop1
loop1
loop1
loop1
loop1
loop1
loop1
loop1
loop1
loop1
loop1
loop1
loop1
loop1
loop1
loop1
loop1
loop1
loop1
loop1
loop1
loop1
loop1
loop1
loop1
loop1
loop1
loop1
loop1
loop1
loop1
loop1
loop1
loop1
loop1
loop1
loop1
loop1
loop1
loop1
loop1
loop1
loop1
loop1
loop1
loop1
loop1
loop1
loop1
loop1
loop1
loop1
loop1
loop1
loop1
loop1
loop1
loop1
loop1
loop1
loop1
loop1
loop1
loop1
loop1
loop1
loop1
loop1
loop1
loop1
loop1
loop1
loop1
loop1
loop1
loop1
loop1
loop1
loop1
loop1
loop1
loop1
loop1
loop1
loop1
loop1
loop1
loop1
loop1
loop1
loop1
loop1
loop1
loop1
loop1
loop1
loop1
loop1
loop1
loop1
loop1
loop1
loop1
loop1
loop1
loop1
loop1
loop1
loop1
loop1
loop1
loop1
loop1
loop1
loop1
loop1
loop1
loop1
loop1
loop1
loop1
loop1
loop1
loop1
loop1
loop1
loop1
loop1
loop1
loop1
loop1
loop1
loop1
loop1
loop1
loop1
loop1
loop1
loop1
loop1
loop1
loop1
loop1
loop1
loop1
loop1
loop1
loop1
loop1
loop1
loop1
loop1
loop1
loop1
loop1
loop1
loop1
loop1
loop1
loop1
loop1
loop1
loop1
loop1
loop1
loop1
loop1
loop1
loop1
loop1
loop1
loop1
loop1
loop1
loop1
loop1
loop1
loop1
loop1
loop1
loop1
loop1
loop1
loop1
loop1
loop1
loop1
loop1
loop1
loop1
loop1
loop1
loop1
loop1
loop1
loop1
loop1
loop1
loop1
loop1
loop1
loop1
loop1
loop1
loop1
loop1
loop1
loop1
loop1
loop1
loop1
loop1
loop1
loop1
loop1
loop1
loop1
loop1
loop1
loop1
loop1
loop1
loop1
loop1
loop1
loop1
loop1
loop1
loop1
loop1
loop1
loop1
loop1
loop1
loop1
loop1
loop1
loop1
loop1
loop1
loop1
loop1
loop1
loop1
loop1
loop1
loop1
loop1
loop1
loop1
loop1
loop1
loop1
loop1
loop1
loop1
loop1
loop1
loop1
loop1
loop1
loop1
loop1
loop1
loop1
loop1
loop1
loop1
loop1
loop1
loop1
loop1
loop1
loop1
loop1
loop1
loop1
loop1
loop1
loop1
loop1
loop1
loop1
loop1
loop1
loop1
loop1
loop1
loop1
loop1
loop1
loop1
loop1
loop1
loop1
loop1
loop1
loop1
loop1
loop1
loop1
loop1
loop1
loop1
loop1
loop1
loop1
loop1
loop1
loop1
loop1
loop1
loop1
loop1
loop1
loop1
loop1
loop1
loop1
loop1
loop1
loop1
loop1
loop1
loop1
loop1
loop1
loop1
loop1
loop1
loop1
loop1
loop1
loop1
loop1
loop1
loop1
loop1
loop1
loop1
loop1
loop1
loop1
loop1
loop1
loop1
loop1
loop1
loop1
loop1
loop1
loop1
loop1
loop1
loop1
loop1
loop1
loop1
loop1
loop1
loop1
loop1
loop1
loop1
loop1
loop1
loop1
loop1
loop1
loop1
loop1
loop1
loop1
loop1
loop1
loop1
loop1
loop1
loop1
loop1
loop1
loop1
loop1
loop1
loop1
loop1
loop1
loop1
loop1
loop1
loop1
loop1
loop1
loop1
loop1
loop1
loop1
loop1
loop1
loop1
loop1
loop1
loop1
loop1
loop1
loop1
loop1
loop1
loop1
loop1
loop1
loop1
loop1
loop1
loop1
loop1
loop1
loop1
loop1
loop1
loop1
loop1
loop1
loop1
loop1
loop1
loop1
loop1
loop1
loop1
loop1
loop1
loop1
loop1
loop1
loop1
loop1
loop1
loop1
loop1
loop1
loop1
loop1
loop1
loop1
loop1
loop1
loop1
loop1
loop1
loop1
loop1
loop1
loop1
loop1
loop1
loop1
loop1
loop1
loop1
loop1
loop1
loop1
loop1
loop1
loop1
loop1
loop1
loop1
loop1
loop1
loop1
loop1
loop1
loop1
loop1
loop1
loop1
loop1
loop1
loop1
loop1
loop1
loop1
loop1
loop1
loop1
loop1
loop1
loop1
loop1
loop1
loop1
loop1
loop1
loop1
loop1
loop1
loop1
loop1
loop1
loop1
loop1
loop1
loop1
loop1
loop1
loop1
loop1
loop1
loop1
loop1
loop1
loop1
loop1
loop1
loop1
loop1
loop1
loop1
loop1
loop1
loop1
loop1
loop1
loop1
loop1
loop1
loop1
loop1
loop1
loop1
loop1
loop1
loop1
loop1
loop1
loop1
loop1
loop1
loop1
loop1
loop1
loop1
loop1
loop1
loop1
loop1
loop1
loop1
loop1
loop1
loop1
loop1
loop1
loop1
loop1
loop1
loop1
loop1
loop1
loop1
loop1
loop1
loop1
loop1
loop1
loop1
loop1
loop1
loop1
loop1
loop1
loop1
loop1
loop1
loop1
loop1
loop1
loop1
loop1
loop1
loop1
loop1
loop1
loop1
loop1
loop1
loop1
loop1
loop1
loop1
loop1
loop1
loop1
loop1
loop1
loop1
loop1
loop1
loop1
loop1
loop1
loop1
loop1
loop1
loop1
loop1
loop1
loop1
loop1
loop1
loop1
loop1
loop1
loop1
loop1
loop1
loop1
loop1
loop1
loop1
loop1
loop1
loop1
loop1
loop1
loop1
loop1
loop1
loop1
loop1
loop1
loop1
loop1
loop1
loop1
loop1
loop1
loop1
loop1
loop1
loop1
loop1
loop1
loop1
loop1
loop1
loop1
loop1
loop1
loop1
loop1
loop1
loop1
loop1
loop1
loop1
loop1
loop1
loop1
loop1
loop1
loop1
loop1
loop1
loop1
loop1
loop1
loop1
loop1
loop1
loop1
loop1
loop1
loop1
loop1
loop1
loop1
loop1
loop1
loop1
loop1
loop1
loop1
loop1
loop1
loop1
loop1
loop1
loop1
loop1
loop1
loop1
loop1
loop1
loop1
loop1
loop1
loop1
loop1
loop1
loop1
loop1
loop1
loop1
loop1
loop1
loop1
loop1
loop1
loop1
loop1
loop1
loop1
loop1
loop1
loop1
loop1
loop1
loop1
loop1
loop1
loop1
loop1
loop1
loop1
loop1
loop1
loop1
loop1
loop1
loop1
loop1
loop1
loop1
loop1
loop1
loop1
loop1
loop1
loop1
loop1
loop1
loop1
loop1
loop1
loop1
loop1
loop1
loop1
loop1
loop1
loop1
loop1
loop1
loop1
loop1
loop1
loop1
loop1
loop1
loop1
loop1
loop1
loop1
loop1
loop1
loop1
loop1
loop1
loop1
loop1
loop1
loop1
loop1
loop1
loop1
loop1
loop1
loop1
loop1
loop1
loop1
loop1
loop1
loop1
loop1
loop1
loop1
loop1
loop1
loop1
loop1
loop1
loop1
loop1
loop1
loop1
loop1
loop1
loop1
loop1
loop1
loop1
loop1
loop1
loop1
loop1
loop1
loop1
loop1
loop1
loop1
loop1
loop1
loop1
loop1
loop1
loop1
loop1
loop1
loop1
loop1
loop1
loop1
loop1
loop1
loop1
loop1
loop1
loop1
loop1
loop1
loop1
loop1
loop1
loop1
loop1
loop1
loop1
loop1
loop1
loop1
loop1
loop1
loop1
loop1
loop1
loop1
loop1
loop1
loop1
loop1
loop1
loop1
loop1
loop1
loop1
loop1
loop1
loop1
loop1
loop1
loop1
loop1
loop1
loop1
loop1
loop1
loop1
loop1
loop1
loop1
loop1
loop1
loop1
loop1
loop1
loop1
loop1
loop1
loop1
loop1
loop1
loop1
loop1
loop1
loop1
loop1
loop1
loop1
loop1
loop1
loop1
loop1
loop1
loop1
loop1
loop1
loop1
loop1
loop1
loop1
loop1
loop1
loop1
loop1
loop1
loop1
loop1
loop1
loop1
loop1
loop1
loop1
loop1
loop1
loop1
loop1
loop1
loop1
loop1
loop1
loop1
loop1
loop1
loop1
loop1
loop1
loop1
loop1
loop1
loop1
loop1
loop1
loop1
loop1
loop1
loop1
loop1
loop1
loop1
loop1
loop1
loop1
loop1
loop1
loop1
loop1
loop1
loop1
loop1
loop1
loop1
loop1
loop1
loop1
loop1
loop1
loop1
loop1
loop1
loop1
loop1
loop1
loop1
loop1
loop1
loop1
loop1
loop1
loop1
loop1
loop1
loop1
loop1
loop1
loop1
loop1
loop1
loop1
loop1
loop1
loop1
loop1
loop1
loop1
loop1
loop1
loop1
loop1
loop1
loop1
loop1
loop1
loop1
loop1
loop1
loop1
loop1
loop1
loop1
loop1
loop1
loop1
loop1
loop1
loop1
loop1
loop1
loop1
loop1
loop1
loop1
loop1
loop1
loop1
loop1
loop1
loop1
loop1
loop1
loop1
loop1
loop1
loop1
loop1
loop1
loop1
loop1
loop1
loop1
loop1
loop1
loop1
loop1
loop1
loop1
loop1
loop1
loop1
loop1
loop1
loop1
loop1
loop1
loop1
loop1
loop1
loop1
loop1
loop1
loop1
loop1
loop1
loop1
loop1
loop1
loop1
loop1
loop1
loop1
loop1
loop1
loop1
loop1
loop1
loop1
loop1
loop1
loop1
loop1
loop1
loop1
loop1
loop1
loop1
loop1
loop1
loop1
loop1
loop1
loop1
loop1
loop1
loop1
loop1
loop1
loop1
loop1
loop1
loop1
loop1
loop1
loop1
loop1
loop1
loop1
loop1
loop1
loop1
loop1
loop1
loop1
loop1
loop1
loop1
loop1
loop1
loop1
loop1
loop1
loop1
loop1
loop1
loop1
loop1
loop1
loop1
loop1
loop1
loop1
loop1
loop1
loop1
loop1
loop1
loop1
loop1
loop1
loop1
loop1
loop1
loop1
loop1
loop1
loop1
loop1
loop1
loop1
loop1
loop1
loop1
loop1
loop1
loop1
loop1
loop1
loop1
loop1
loop1
loop1
loop1
loop1
loop1
loop1
loop1
loop1
loop1
loop1
loop1
loop1
loop1
loop1
loop1
loop1
loop1
loop1
loop1
loop1
loop1
loop1
loop1
loop1
loop1
loop1
loop1
loop1
loop1
loop1
loop1
loop1
loop1
loop1
loop1
loop1
loop1
loop1
loop1
loop1
loop1
loop1
loop1
loop1
loop1
loop1
loop1
loop1
loop1
loop1
loop1
loop1
loop1
loop1
loop1
loop1
loop1
loop1
loop1
loop1
loop1
loop1
loop1
loop1
loop1
loop1
loop1
loop1
loop1
loop1
loop1
loop1
loop1
loop1
loop1
loop1
loop1
loop1
loop1
loop1
loop1
loop1
loop1
loop1
loop1
loop1
loop1
loop1
loop1
loop1
loop1
loop1
loop1
loop1
loop1
loop1
loop1
loop1
loop1
loop1
loop1
loop1
loop1
loop1
loop1
loop1
loop1
loop1
loop1
loop1
loop1
loop1
loop1
loop1
loop1
loop1
loop1
loop1
loop1
loop1
loop1
loop1
loop1
loop1
loop1
loop1
loop1
loop1
loop1
loop1
loop1
loop1
loop1
loop1
loop1
loop1
loop1
loop1
loop1
loop1
loop1
loop1
loop1
loop1
loop1
loop1
loop1
loop1
loop1
loop1
loop1
loop1
loop1
loop1
loop1
loop1
loop1
loop1
loop1
loop1
loop1
loop1
loop1
loop1
loop1
loop1
loop1
loop1
loop1
loop1
loop1
loop1
loop1
loop1
loop1
loop1
loop1
loop1
loop1
loop1
loop1
loop1
loop1
loop1
loop1
loop1
loop1
loop1
loop1
loop1
loop1
loop1
loop1
loop1
loop1
loop1
loop1
loop1
loop1
loop1
loop1
loop1
loop1
loop1
loop1
loop1
loop1
loop1
loop1
loop1
loop1
loop1
loop1
loop1
loop1
loop1
loop1
loop1
loop1
loop1
loop1
loop1
loop1
loop1
loop1
loop1
loop1
loop1
loop1
loop1
loop1
loop1
loop1
loop1
loop1
loop1
loop1
loop1
loop1
loop1
loop1
loop1
loop1
loop1
loop1
loop1
loop1
loop1
loop1
loop1
loop1
loop1
loop1
loop1
loop1
loop1
loop1
loop1
loop1
loop1
loop1
loop1
loop1
loop1
loop1
loop1
loop1
loop1
loop1
loop1
loop1
loop1
loop1
loop1
loop1
loop1
loop1
loop1
loop1
loop1
loop1
loop1
loop1
loop1
loop1
loop1
loop1
loop1
loop1
loop1
loop1
loop1
loop1
loop1
loop1
loop1
loop1
loop1
loop1
loop1
loop1
loop1
loop1
loop1
loop1
loop1
loop1
loop1
loop1
loop1
loop1
loop1
loop1
loop1
loop1
loop1
loop1
loop1
loop1
loop1
loop1
loop1
loop1
loop1
loop1
loop1
loop1
loop1
loop1
loop1
loop1
loop1
loop1
loop1
loop1
loop1
loop1
loop1
loop1
loop1
loop1
loop1
loop1
loop1
loop1
loop1
loop1
loop1
loop1
loop1
loop1
loop1
loop1
loop1
loop1
loop1
loop1
loop1
loop1
loop1
loop1
loop1
loop1
loop1
loop1
loop1
loop1
loop1
loop1
loop1
loop1
loop1
loop1
loop1
loop1
loop1
loop1
loop1
loop1
loop1
loop1
loop1
loop1
loop1
loop1
loop1
loop1
loop1
loop1
loop1
loop1
loop1
loop1
loop1
loop1
loop1
loop1
loop1
loop1
loop1
loop1
loop1
loop1
loop1
loop1
loop1
loop1
loop1
loop1
loop1
loop1
loop1
loop1
loop1
loop1
loop1
loop1
loop1
loop1
loop1
loop1
loop1
loop1
loop1
loop1
loop1
loop1
loop1
loop1
loop1
loop1
loop1
loop1
loop1
loop1
loop1
loop1
loop1
loop1
loop1
loop1
loop1
loop1
loop1
loop1
loop1
loop1
loop1
loop1
loop1
loop1
loop1
loop1
loop1
loop1
loop1
loop1
loop1
loop1
loop1
loop1
loop1
loop1
loop1
loop1
loop1
loop1
loop1
loop1
loop1
loop1
loop1
loop1
loop1
loop1
loop1
loop1
loop1
loop1
loop1
loop1
loop1
loop1
loop1
loop1
loop1
loop1
loop1
loop1
loop1
loop1
loop1
loop1
loop1
loop1
loop1
loop1
loop1
loop1
loop1
loop1
loop1
loop1
loop1
loop1
loop1
loop1
loop1
loop1
loop1
loop1
loop1
loop1
loop1
loop1
loop1
loop1
loop1
loop1
loop1
loop1
loop1
loop1
loop1
loop1
loop1
loop1
loop1
loop1
loop1
loop1
loop1
loop1
loop1
loop1
loop1
loop1
loop1
loop1
loop1
loop1
loop1
loop1
loop1
loop1
loop1
loop1
loop1
loop1
loop1
loop1
loop1
loop1
loop1
loop1
loop1
loop1
loop1
loop1
loop1
loop1
loop1
loop1
loop1
loop1
loop1
loop1
loop1
loop1
loop1
loop1
loop1
loop1
loop1
loop1
loop1
loop1
loop1
loop1
loop1
loop1
loop1
loop1
loop1
loop1
loop1
loop1
loop1
loop1
loop1
loop1
loop1
loop1
loop1
loop1
loop1
loop1
loop1
loop1
loop1
loop1
loop1
loop1
loop1
loop1
loop1
loop1
loop1
loop1
loop1
loop1
loop1
loop1
loop1
loop1
loop1
loop1
loop1
loop1
loop1
loop1
loop1
loop1
loop1
loop1
loop1
loop1
loop1
loop1
loop1
loop1
loop1
loop1
loop1
loop1
loop1
loop1
loop1
loop1
loop1
loop1
loop1
loop1
loop1
loop1
loop1
loop1
loop1
loop1
loop1
loop1
loop1
loop1
loop1
loop1
loop1
loop1
loop1
loop1
loop1
loop1
loop1
loop1
loop1
loop1
loop1
loop1
loop1
loop1
loop1
loop1
loop1
loop1
loop1
loop1
loop1
loop1
loop1
loop1
loop1
loop1
loop1
loop1
loop1
loop1
loop1
loop1
loop1
loop1
loop1
loop1
loop1
loop1
loop1
loop1
loop1
loop1
loop1
loop1
loop1
loop1
loop1
loop1
loop1
loop1
loop1
loop1
loop1
loop1
loop1
loop1
loop1
loop1
loop1
loop1
loop1
loop1
loop1
loop1
loop1
loop1
loop1
loop1
loop1
loop1
loop1
loop1
loop1
loop1
loop1
loop1
loop1
loop1
loop1
loop1
loop1
loop1
loop1
loop1
loop1
loop1
loop1
loop1
loop1
loop1
loop1
loop1
loop1
loop1
loop1
loop1
loop1
loop1
loop1
loop1
loop1
loop1
loop1
loop1
loop1
loop1
loop1
loop1
loop1
loop1
loop1
loop1
loop1
loop1
loop1
loop1
loop1
loop1
loop1
loop1
loop1
loop1
loop1
loop1
loop1
loop1
loop1
loop1
loop1
loop1
loop1
loop1
loop1
loop1
loop1
loop1
loop1
loop1
loop1
loop1
loop1
loop1
loop1
loop1
loop1
loop1
loop1
loop1
loop1
loop1
loop1
loop1
loop1
loop1
loop1
loop1
loop1
loop1
loop1
loop1
loop1
loop1
loop1
loop1
loop1
loop1
loop1
loop1
loop1
loop1
loop1
loop1
loop1
loop1
loop1
loop1
loop1
loop1
loop1
loop1
loop1
loop1
loop1
loop1
loop1
loop1
loop1
loop1
loop1
loop1
loop1
loop1
loop1
loop1
loop1
loop1
loop1
loop1
loop1
loop1
loop1
loop1
loop1
loop1
loop1
loop1
loop1
loop1
loop1
loop1
loop1
loop1
loop1
loop1
loop1
loop1
loop1
loop1
loop1
loop1
loop1
loop1
loop1
loop1
loop1
loop1
loop1
loop1
loop1
loop1
loop1
loop1
loop1
loop1
loop1
loop1
loop1
loop1
loop1
loop1
loop1
loop1
loop1
loop1
loop1
loop1
loop1
loop1
loop1
loop1
loop1
loop1
loop1
loop1
loop1
loop1
loop1
loop1
loop1
loop1
loop1
loop1
loop1
loop1
loop1
loop1
loop1
loop1
loop1
loop1
loop1
loop1
loop1
loop1
loop1
loop1
loop1
loop1
loop1
loop1
loop1
loop1
loop1
loop1
loop1
loop1
loop1
loop1
loop1
loop1
loop1
loop1
loop1
loop1
loop1
loop1
loop1
loop1
loop1
loop1
loop1
loop1
loop1
loop1
loop1
loop1
loop1
loop1
loop1
loop1
loop1
loop1
loop1
loop1
loop1
loop1
loop1
loop1
loop1
loop1
loop1
loop1
loop1
loop1
loop1
loop1
loop1
loop1
loop1
loop1
loop1
loop1
loop1
loop1
loop1
loop1
loop1
loop1
loop1
loop1
loop1
loop1
loop1
loop1
loop1
loop1
loop1
loop1
loop1
loop1
loop1
loop1
loop1
loop1
loop1
loop1
loop1
loop1
loop1
loop1
loop1
loop1
loop1
loop1
loop1
loop1
loop1
loop1
loop1
loop1
loop1
loop1
loop1
loop1
loop1
loop1
loop1
loop1
loop1
loop1
loop1
loop1
loop1
loop1
loop1
loop1
loop1
loop1
loop1
loop1
loop1
loop1
loop1
loop1
loop1
loop1
loop1
loop1
loop1
loop1
loop1
loop1
loop1
loop1
loop1
loop1
loop1
loop1
loop1
loop1
loop1
loop1
loop1
loop1
loop1
loop1
loop1
loop1
loop1
loop1
loop1
loop1
loop1
loop1
loop1
loop1
loop1
loop1
loop1
loop1
loop1
loop1
loop1
loop1
loop1
loop1
loop1
loop1
loop1
loop1
loop1
loop1
loop1
loop1
loop1
loop1
loop1
loop1
loop1
loop1
loop1
loop1
loop1
loop1
loop1
loop1
loop1
loop1
loop1
loop1
loop1
loop1
loop1
loop1
loop1
loop1
loop1
loop1
loop1
loop1
loop1
loop1
loop1
loop1
loop1
loop1
loop1
loop1
loop1
loop1
loop1
loop1
loop1
loop1
loop1
loop1
loop1
loop1
loop1
loop1
loop1
loop1
loop1
loop1
loop1
loop1
loop1
loop1
loop1
loop1
loop1
loop1
loop1
loop1
loop1
loop1
loop1
loop1
loop1
loop1
loop1
loop1
loop1
loop1
loop1
loop1
loop1
loop1
loop1
loop1
loop1
loop1
loop1
loop1
loop1
loop1
loop1
loop1
loop1
loop1
loop1
loop1
loop1
loop1
loop1
loop1
loop1
loop1
loop1
loop1
loop1
loop1
loop1
loop1
loop1
loop1
loop1
loop1
loop1
loop1
loop1
loop1
loop1
loop1
loop1
loop1
loop1
loop1
loop1
loop1
loop1
loop1
loop1
loop1
loop1
loop1
loop1
loop1
loop1
loop1
loop1
loop1
loop1
loop1
loop1
loop1
loop1
loop1
loop1
loop1
loop1
loop1
loop1
loop1
loop1
loop1
loop1
loop1
loop1
loop1
loop1
loop1
loop1
loop1
loop1
loop1
loop1
loop1
loop1
loop1
loop1
loop1
loop1
loop1
loop1
loop1
loop1
loop1
loop1
loop1
loop1
loop1
loop1
loop1
loop1
loop1
loop1
loop1
loop1
loop1
loop1
loop1
loop1
loop1
loop1
loop1
loop1
loop1
loop1
loop1
loop1
loop1
loop1
loop1
loop1
loop1
loop1
loop1
loop1
loop1
loop1
loop1
loop1
loop1
loop1
loop1
loop1
loop1
loop1
loop1
loop1
loop1
loop1
loop1
loop1
loop1
loop1
loop1
loop1
loop1
loop1
loop1
loop1
loop1
loop1
loop1
loop1
loop1
loop1
loop1
loop1
loop1
loop1
loop1
loop1
loop1
loop1
loop1
loop1
loop1
loop1
loop1
loop1
loop1
loop1
loop1
loop1
loop1
loop1
loop1
loop1
loop1
loop1
loop1
loop1
loop1
loop1
loop1
loop1
loop1
loop1
loop1
loop1
loop1
loop1
loop1
loop1
loop1
loop1
loop1
loop1
loop1
loop1
loop1
loop1
loop1
loop1
loop1
loop1
loop1
loop1
loop1
loop1
loop1
loop1
loop1
loop1
loop1
loop1
loop1
loop1
loop1
loop1
loop1
loop1
loop1
loop1
loop1
loop1
loop1
loop1
loop1
loop1
loop1
loop1
loop1
loop1
loop1
loop1
loop1
loop1
loop1
loop1
loop1
loop1
loop1
loop1
loop1
loop1
loop1
loop1
loop1
loop1
loop1
loop1
loop1
loop1
loop1
loop1
loop1
loop1
loop1
loop1
loop1
loop1
loop1
loop1
loop1
loop1
loop1
loop1
loop1
loop1
loop1
loop1
loop1
loop1
loop1
loop1
loop1
loop1
loop1
loop1
loop1
loop1
loop1
loop1
loop1
loop1
loop1
loop1
loop1
loop1
loop1
loop1
loop1
loop1
loop1
loop1
loop1
loop1
loop1
loop1
loop1
loop1
loop1
loop1
loop1
loop1
loop1
loop1
loop1
loop1
loop1
loop1
loop1
loop1
loop1
loop1
loop1
loop1
loop1
loop1
loop1
loop1
loop1
loop1
loop1
loop1
loop1
loop1
loop1
loop1
loop1
loop1
loop1
loop1
loop1
loop1
loop1
loop1
loop1
loop1
loop1
loop1
loop1
loop1
loop1
loop1
loop1
loop1
loop1
loop1
loop1
loop1
loop1
loop1
loop1
loop1
loop1
loop1
loop1
loop1
loop1
loop1
loop1
loop1
loop1
loop1
loop1
loop1
loop1
loop1
loop1
loop1
loop1
loop1
loop1
loop1
loop1
loop1
loop1
loop1
loop1
loop1
loop1
loop1
loop1
loop1
loop1
loop1
loop1
loop1
loop1
loop1
loop1
loop1
loop1
loop1
loop1
loop1
loop1
loop1
loop1
loop1
loop1
loop1
loop1
loop1
loop1
loop1
loop1
loop1
loop1
loop1
loop1
loop1
loop1
loop1
loop1
loop1
loop1
loop1
loop1
loop1
loop1
loop1
loop1
loop1
loop1
loop1
loop1
loop1
loop1
loop1
loop1
loop1
loop1
loop1
loop1
loop1
loop1
loop1
loop1
loop1
loop1
loop1
loop1
loop1
loop1
loop1
loop1
loop1
loop1
loop1
loop1
loop1
loop1
loop1
loop1
loop1
loop1
loop1
loop1
loop1
loop1
loop1
loop1
loop1
loop1
loop1
loop1
loop1
loop1
loop1
loop1
loop1
loop1
loop1
loop1
loop1
loop1
loop1
loop1
loop1
loop1
loop1
loop1
loop1
loop1
loop1
loop1
loop1
loop1
loop1
loop1
loop1
loop1
loop1
loop1
loop1
loop1
loop1
loop1
loop1
loop1
loop1
loop1
loop1
loop1
loop1
loop1
loop1
loop1
loop1
loop1
loop1
loop1
loop1
loop1
loop1
loop1
loop1
loop1
loop1
loop1
loop1
loop1
loop1
loop1
loop1
loop1
loop1
loop1
loop1
loop1
loop1
loop1
loop1
loop1
loop1
loop1
loop1
loop1
loop1
loop1
loop1
loop1
loop1
loop1
loop1
loop1
loop1
loop1
loop1
loop1
loop1
loop1
loop1
loop1
loop1
loop1
loop1
loop1
loop1
loop1
loop1
loop1
loop1
loop1
loop1
loop1
loop1
loop1
loop1
loop1
loop1
loop1
loop1
loop1
loop1
loop1
loop1
loop1
loop1
loop1
loop1
loop1
loop1
loop1
loop1
loop1
loop1
loop1
loop1
loop1
loop1
loop1
loop1
loop1
loop1
loop1
loop1
loop1
loop1
loop1
loop1
loop1
loop1
loop1
loop1
loop1
loop1
loop1
loop1
loop1
loop1
loop1
loop1
loop1
loop1
loop1
loop1
loop1
loop1
loop1
loop1
loop1
loop1
loop1
loop1
loop1
loop1
loop1
loop1
loop1
loop1
loop1
loop1
loop1
loop1
loop1
loop1
loop1
loop1
loop1
loop1
loop1
loop1
loop1
loop1
loop1
loop1
loop1
loop1
loop1
loop1
loop1
loop1
loop1
loop1
loop1
loop1
loop1
loop1
loop1
loop1
loop1
loop1
loop1
loop1
loop1
loop1
loop1
loop1
loop1
loop1
loop1
loop1
loop1
loop1
loop1
loop1
loop1
loop1
loop1
loop1
loop1
loop1
loop1
loop1
loop1
loop1
loop1
loop1
loop1
loop1
loop1
loop1
loop1
loop1
loop1
loop1
loop1
loop1
loop1
loop1
loop1
loop1
loop1
loop1
loop1
loop1
loop1
loop1
loop1
loop1
loop1
loop1
loop1
loop1
loop1
loop1
loop1
loop1
loop1
loop1
loop1
loop1
loop1
loop1
loop1
loop1
loop1
loop1
loop1
loop1
loop1
loop1
loop1
loop1
loop1
loop1
loop1
loop1
loop1
loop1
loop1
loop1
loop1
loop1
loop1
loop1
loop1
loop1
loop1
loop1
loop1
loop1
loop1
loop1
loop1
loop1
loop1
loop1
loop1
loop1
loop1
loop1
loop1
loop1
loop1
loop1
loop1
loop1
loop1
loop1
loop1
loop1
loop1
loop1
loop1
loop1
loop1
loop1
loop1
loop1
loop1
loop1
loop1
loop1
loop1
loop1
loop1
loop1
loop1
loop1
loop1
loop1
loop1
loop1
loop1
loop1
loop1
loop1
loop1
loop1
loop1
loop1
loop1
loop1
loop1
loop1
loop1
loop1
loop1
loop1
loop1
loop1
loop1
loop1
loop1
loop1
loop1
loop1
loop1
loop1
loop1
loop1
loop1
loop1
loop1
loop1
loop1
loop1
loop1
loop1
loop1
loop1
loop1
loop1
loop1
loop1
loop1
loop1
loop1
loop1
loop1
loop1
loop1
loop1
loop1
loop1
loop1
loop1
loop1
loop1
loop1
loop1
loop1
loop1
loop1
loop1
loop1
loop1
loop1
loop1
loop1
loop1
loop1
loop1
loop1
loop1
loop1
loop1
loop1
loop1
loop1
loop1
loop1
loop1
loop1
loop1
loop1
loop1
loop1
loop1
loop1
loop1
loop1
loop1
loop1
loop1
loop1
loop1
loop1
loop1
loop1
loop1
loop1
loop1
loop1
loop1
loop1
loop1
loop1
loop1
loop1
loop1
loop1
loop1
loop1
loop1
loop1
loop1
loop1
loop1
loop1
loop1
loop1
loop1
loop1
loop1
loop1
loop1
loop1
loop1
loop1
loop1
loop1
loop1
loop1
loop1
loop1
loop1
loop1
loop1
loop1
loop1
loop1
loop1
loop1
loop1
loop1
loop1
loop1
loop1
loop1
loop1
loop1
loop1
loop1
loop1
loop1
loop1
loop1
loop1
loop1
loop1
loop1
loop1
loop1
loop1
loop1
loop1
loop1
loop1
loop1
loop1
loop1
loop1
loop1
loop1
loop1
loop1
loop1
loop1
loop1
loop1
loop1
loop1
loop1
loop1
loop1
loop1
loop1
loop1
loop1
loop1
loop1
loop1
loop1
loop1
loop1
loop1
loop1
loop1
loop1
loop1
loop1
loop1
loop1
loop1
loop1
loop1
loop1
loop1
loop1
loop1
loop1
loop1
loop1
loop1
loop1
loop1
loop1
loop1
loop1
loop1
loop1
loop1
loop1
loop1
loop1
loop1
loop1
loop1
loop1
loop1
loop1
loop1
loop1
loop1
loop1
loop1
loop1
loop1
loop1
loop1
loop1
loop1
loop1
loop1
loop1
loop1
loop1
loop1
loop1
loop1
loop1
loop1
loop1
loop1
loop1
loop1
loop1
loop1
loop1
loop1
loop1
loop1
loop1
loop1
loop1
loop1
loop1
loop1
loop1
loop1
loop1
loop1
loop1
loop1
loop1
loop1
loop1
loop1
loop1
loop1
loop1
loop1
loop1
loop1
loop1
loop1
loop1
loop1
loop1
loop1
loop1
loop1
loop1
loop1
loop1
loop1
loop1
loop1
loop1
loop1
loop1
loop1
loop1
loop1
loop1
loop1
loop1
loop1
loop1
loop1
loop1
loop1
loop1
loop1
loop1
loop1
loop1
loop1
loop1
loop1
loop1
loop1
loop1
loop1
loop1
loop1
loop1
loop1
loop1
loop1
loop1
loop1
loop1
loop1
loop1
loop1
loop1
loop1
loop1
loop1
loop1
loop1
loop1
loop1
loop1
loop1
loop1
loop1
loop1
loop1
loop1
loop1
loop1
loop1
loop1
loop1
loop1
loop1
loop1
loop1
loop1
loop1
loop1
loop1
loop1
loop1
loop1
loop1
loop1
loop1
loop1
loop1
loop1
loop1
loop1
loop1
loop1
loop1
loop1
loop1
loop1
loop1
loop1
loop1
loop1
loop1
loop1
loop1
loop1
loop1
loop1
loop1
loop1
loop1
loop1
loop1
loop1
loop1
loop1
loop1
loop1
loop1
loop1
loop1
loop1
loop1
loop1
loop1
loop1
loop1
loop1
loop1
loop1
loop1
loop1
loop1
loop1
loop1
loop1
loop1
loop1
loop1
loop1
loop1
loop1
loop1
loop1
loop1
loop1
loop1
loop1
loop1
loop1
loop1
loop1
loop1
loop1
loop1
loop1
loop1
loop1
loop1
loop1
loop1
loop1
loop1
loop1
loop1
loop1
loop1
loop1
loop1
loop1
loop1
loop1
loop1
loop1
loop1
loop1
loop1
loop1
loop1
loop1
loop1
loop1
loop1
loop1
loop1
loop1
loop1
loop1
loop1
loop1
loop1
loop1
loop1
loop1
loop1
loop1
loop1
loop1
loop1
loop1
loop1
loop1
loop1
loop1
loop1
loop1
loop1
loop1
loop1
loop1
loop1
loop1
loop1
loop1
loop1
loop1
loop1
loop1
loop1
loop1
loop1
loop1
loop1
loop1
loop1
loop1
loop1
loop1
loop1
loop1
loop1
loop1
loop1
loop1
loop1
loop1
loop1
loop1
loop1
loop1
loop1
loop1
loop1
loop1
loop1
loop1
loop1
loop1
loop1
loop1
loop1
loop1
loop1
loop1
loop1
loop1
loop1
loop1
loop1
loop1
loop1
loop1
loop1
loop1
loop1
loop1
loop1
loop1
loop1
loop1
loop1
loop1
loop1
loop1
loop1
loop1
loop1
loop1
loop1
loop1
loop1
loop1
loop1
loop1
loop1
loop1
loop1
loop1
loop1
loop1
loop1
loop1
loop1
loop1
loop1
loop1
loop1
loop1
loop1
loop1
loop1
loop1
loop1
loop1
loop1
loop1
loop1
loop1
loop1
loop1
loop1
loop1
loop1
loop1
loop1
loop1
loop1
loop1
loop1
loop1
loop1
loop1
loop1
loop1
loop1
loop1
loop1
loop1
loop1
loop1
loop1
loop1
loop1
loop1
loop1
loop1
loop1
loop1
loop1
loop1
loop1
loop1
loop1
loop1
loop1
loop1
loop1
loop1
loop1
loop1
loop1
loop1
loop1
loop1
loop1
loop1
loop1
loop1
loop1
loop1
loop1
loop1
loop1
loop1
loop1
loop1
loop1
loop1
loop1
loop1
loop1
loop1
loop1
loop1
loop1
loop1
loop1
loop1
loop1
loop1
loop1
loop1
loop1
loop1
loop1
loop1
loop1
loop1
loop1
loop1
loop1
loop1
loop1
loop1
loop1
loop1
loop1
loop1
loop1
loop1
loop1
loop1
loop1
loop1
loop1
loop1
loop1
loop1
loop1
loop1
loop1
loop1
loop1
loop1
loop1
loop1
loop1
loop1
loop1
loop1
loop1
loop1
loop1
loop1
loop1
loop1
loop1
loop1
loop1
loop1
loop1
loop1
loop1
loop1
loop1
loop1
loop1
loop1
loop1
loop1
loop1
loop1
loop1
loop1
loop1
loop1
loop1
loop1
loop1
loop1
loop1
loop1
loop1
loop1
loop1
loop1
loop1
loop1
loop1
loop1
loop1
loop1
loop1
loop1
loop1
loop1
loop1
loop1
loop1
loop1
loop1
loop1
loop1
loop1
loop1
loop1
loop1
loop1
loop1
loop1
loop1
loop1
loop1
loop1
loop1
loop1
loop1
loop1
loop1
loop1
loop1
loop1
loop1
loop1
loop1
loop1
loop1
loop1
loop1
loop1
loop1
loop1
loop1
loop1
loop1
loop1
loop1
loop1
loop1
loop1
loop1
loop1
loop1
loop1
loop1
loop1
loop1
loop1
loop1
loop1
loop1
loop1
loop1
loop1
loop1
loop1
loop1
loop1
loop1
loop1
loop1
loop1
loop1
loop1
loop1
loop1
loop1
loop1
loop1
loop1
loop1
loop1
loop1
loop1
loop1
loop1
loop1
loop1
loop1
loop1
loop1
loop1
loop1
loop1
loop1
loop1
loop1
loop1
loop1
loop1
loop1
loop1
loop1
loop1
loop1
loop1
loop1
loop1
loop1
loop1
loop1
loop1
loop1
loop1
loop1
loop1
loop1
loop1
loop1
loop1
loop1
loop1
loop1
loop1
loop1
loop1
loop1
loop1
loop1
loop1
loop1
loop1
loop1
loop1
loop1
loop1
loop1
loop1
loop1
loop1
loop1
loop1
loop1
loop1
loop1
loop1
loop1
loop1
loop1
loop1
loop1
loop1
loop1
loop1
loop1
loop1
loop1
loop1
loop1
loop1
loop1
loop1
loop1
loop1
loop1
loop1
loop1
loop1
loop1
loop1
loop1
loop1
loop1
loop1
loop1
loop1
loop1
loop1
loop1
loop1
loop1
loop1
loop1
loop1
loop1
loop1
loop1
loop1
loop1
loop1
loop1
loop1
loop1
loop1
loop1
loop1
loop1
loop1
loop1
loop1
loop1
loop1
loop1
loop1
loop1
loop1
loop1
loop1
loop1
loop1
loop1
loop1
loop1
loop1
loop1
loop1
loop1
loop1
loop1
loop1
loop1
loop1
loop1
loop1
loop1
loop1
loop1
loop1
loop1
loop1
loop1
loop1
loop1
loop1
loop1
loop1
loop1
loop1
loop1
loop1
loop1
loop1
loop1
loop1
loop1
loop1
loop1
loop1
loop1
loop1
loop1
loop1
loop1
loop1
loop1
loop1
loop1
loop1
loop1
loop1
loop1
loop1
loop1
loop1
loop1
loop1
loop1
loop1
loop1
loop1
loop1
loop1
loop1
loop1
loop1
loop1
loop1
loop1
loop1
loop1
loop1
loop1
loop1
loop1
loop1
loop1
loop1
loop1
loop1
loop1
loop1
loop1
loop1
loop1
loop1
loop1
loop1
loop1
loop1
loop1
loop1
loop1
loop1
loop1
loop1
loop1
loop1
loop1
loop1
loop1
loop1
loop1
loop1
loop1
loop1
loop1
loop1
loop1
loop1
loop1
loop1
loop1
loop1
loop1
loop1
loop1
loop1
loop1
loop1
loop1
loop1
loop1
loop1
loop1
loop1
loop1
loop1
loop1
loop1
loop1
loop1
loop1
loop1
loop1
loop1
loop1
loop1
loop1
loop1
loop1
loop1
loop1
loop1
loop1
loop1
loop1
loop1
loop1
loop1
loop1
loop1
loop1
loop1
loop1
loop1
loop1
loop1
loop1
loop1
loop1
loop1
loop1
loop1
loop1
loop1
loop1
loop1
loop1
loop1
loop1
loop1
loop1
loop1
loop1
loop1
loop1
loop1
loop1
loop1
loop1
loop1
loop1
loop1
loop1
loop1
loop1
loop1
loop1
loop1
loop1
loop1
loop1
loop1
loop1
loop1
loop1
loop1
loop1
loop1
loop1
loop1
loop1
loop1
loop1
loop1
loop1
loop1
loop1
loop1
loop1
loop1
loop1
loop1
loop1
loop1
loop1
loop1
loop1
loop1
loop1
loop1
loop1
loop1
loop1
loop1
loop1
loop1
loop1
loop1
loop1
loop1
loop1
loop1
loop1
loop1
loop1
loop1
loop1
loop1
loop1
loop1
loop1
loop1
loop1
loop1
loop1
loop1
loop1
loop1
loop1
loop1
loop1
loop1
loop1
loop1
loop1
loop1
loop1
loop1
loop1
loop1
loop1
loop1
loop1
loop1
loop1
loop1
loop1
loop1
loop1
loop1
loop1
loop1
loop1
loop1
loop1
loop1
loop1
loop1
loop1
loop1
loop1
loop1
loop1
loop1
loop1
loop1
loop1
loop1
loop1
loop1
loop1
loop1
loop1
loop1
loop1
loop1
loop1
loop1
loop1
loop1
loop1
loop1
loop1
loop1
loop1
loop1
loop1
loop1
loop1
loop1
loop1
loop1
loop1
loop1
loop1
loop1
loop1
loop1
loop1
loop1
loop1
loop1
loop1
loop1
loop1
loop1
loop1
loop1
loop1
loop1
loop1
loop1
loop1
loop1
loop1
loop1
loop1
loop1
loop1
loop1
loop1
loop1
loop1
loop1
loop1
loop1
loop1
loop1
loop1
loop1
loop1
loop1
loop1
loop1
loop1
loop1
loop1
loop1
loop1
loop1
loop1
loop1
loop1
loop1
loop1
loop1
loop1
loop1
loop1
loop1
loop1
loop1
loop1
loop1
loop1
loop1
loop1
loop1
loop1
loop1
loop1
loop1
loop1
loop1
loop1
loop1
loop1
loop1
loop1
loop1
loop1
loop1
loop1
loop1
loop1
loop1
loop1
loop1
loop1
loop1
loop1
loop1
loop1
loop1
loop1
loop1
loop1
loop1
loop1
loop1
loop1
loop1
loop1
loop1
loop1
loop1
loop1
loop1
loop1
loop1
loop1
loop1
loop1
loop1
loop1
loop1
loop1
loop1
loop1
loop1
loop1
loop1
loop1
loop1
loop1
loop1
loop1
loop1
loop1
loop1
loop1
loop1
loop1
loop1
loop1
loop1
loop1
loop1
loop1
loop1
loop1
loop1
loop1
loop1
loop1
loop1
loop1
loop1
loop1
loop1
loop1
loop1
loop1
loop1
loop1
loop1
loop1
loop1
loop1
loop1
loop1
loop1
loop1
loop1
loop1
loop1
loop1
loop1
loop1
loop1
loop1
loop1
loop1
loop1
loop1
loop1
loop1
loop1
loop1
loop1
loop1
loop1
loop1
loop1
loop1
loop1
loop1
loop1
loop1
loop1
loop1
loop1
loop1
loop1
loop1
loop1
loop1
loop1
loop1
loop1
loop1
loop1
loop1
loop1
loop1
loop1
loop1
loop1
loop1
loop1
loop1
loop1
loop1
loop1
loop1
loop1
loop1
loop1
loop1
loop1
loop1
loop1
loop1
loop1
loop1
loop1
loop1
loop1
loop1
loop1
loop1
loop1
loop1
loop1
loop1
loop1
loop1
loop1
loop1
loop1
loop1
loop1
loop1
loop1
loop1
loop1
loop1
loop1
loop1
loop1
loop1
loop1
loop1
loop1
loop1
loop1
loop1
loop1
loop1
loop1
loop1
loop1
loop1
loop1
loop1
loop1
loop1
loop1
loop1
loop1
loop1
loop1
loop1
loop1
loop1
loop1
loop1
loop1
loop1
loop1
loop1
loop1
loop1
loop1
loop1
loop1
loop1
loop1
loop1
loop1
loop1
loop1
loop1
loop1
loop1
loop1
loop1
loop1
loop1
loop1
loop1
loop1
loop1
loop1
loop1
loop1
loop1
loop1
loop1
loop1
loop1
loop1
loop1
loop1
loop1
loop1
loop1
loop1
loop1
loop1
loop1
loop1
loop1
loop1
loop1
loop1
loop1
loop1
loop1
loop1
loop1
loop1
loop1
loop1
loop1
loop1
loop1
loop1
loop1
loop1
loop1
loop1
loop1
loop1
loop1
loop1
loop1
loop1
loop1
loop1
loop1
loop1
loop1
loop1
loop1
loop1
loop1
loop1
loop1
loop1
loop1
loop1
loop1
loop1
loop1
loop1
loop1
loop1
loop1
loop1
loop1
loop1
loop1
loop1
loop1
loop1
loop1
loop1
loop1
loop1
loop1
loop1
loop1
loop1
loop1
loop1
loop1
loop1
loop1
loop1
loop1
loop1
loop1
loop1
loop1
loop1
loop1
loop1
loop1
loop1
loop1
loop1
loop1
loop1
loop1
loop1
loop1
loop1
loop1
loop1
loop1
loop1
loop1
loop1
loop1
loop1
loop1
loop1
loop1
loop1
loop1
loop1
loop1
loop1
loop1
loop1
loop1
loop1
loop1
loop1
loop1
loop1
loop1
loop1
loop1
loop1
loop1
loop1
loop1
loop1
loop1
loop1
loop1
loop1
loop1
loop1
loop1
loop1
loop1
loop1
loop1
loop1
loop1
loop1
loop1
loop1
loop1
loop1
loop1
loop1
loop1
loop1
loop1
loop1
loop1
loop1
loop1
loop1
loop1
loop1
loop1
loop1
loop1
loop1
loop1
loop1
loop1
loop1
loop1
loop1
loop1
loop1
loop1
loop1
loop1
loop1
loop1
loop1
loop1
loop1
loop1
loop1
loop1
loop1
loop1
loop1
loop1
loop1
loop1
loop1
loop1
loop1
loop1
loop1
loop1
loop1
loop1
loop1
loop1
loop1
loop1
loop1
loop1
loop1
loop1
loop1
loop1
loop1
loop1
loop1
loop1
loop1
loop1
loop1
loop1
loop1
loop1
loop1
loop1
loop1
loop1
loop1
loop1
loop1
loop1
loop1
loop1
loop1
loop1
loop1
loop1
loop1
loop1
loop1
loop1
loop1
loop1
loop1
loop1
loop1
loop1
loop1
loop1
loop1
loop1
loop1
loop1
loop1
loop1
loop1
loop1
loop1
loop1
loop1
loop1
loop1
loop1
loop1
loop1
loop1
loop1
loop1
loop1
loop1
loop1
loop1
loop1
loop1
loop1
loop1
loop1
loop1
loop1
loop1
loop1
loop1
loop1
loop1
loop1
loop1
loop1
loop1
loop1
loop1
loop1
loop1
loop1
loop1
loop1
loop1
loop1
loop1
loop1
loop1
loop1
loop1
loop1
loop1
loop1
loop1
loop1
loop1
loop1
loop1
loop1
loop1
loop1
loop1
loop1
loop1
loop1
loop1
loop1
loop1
loop1
loop1
loop1
loop1
loop1
loop1
loop1
loop1
loop1
loop1
loop1
loop1
loop1
loop1
loop1
loop1
loop1
loop1
loop1
loop1
loop1
loop1
loop1
loop1
loop1
loop1
loop1
loop1
loop1
loop1
loop1
loop1
loop1
loop1
loop1
loop1
loop1
loop1
loop1
loop1
loop1
loop1
loop1
loop1
loop1
loop1
loop1
loop1
loop1
loop1
loop1
loop1
loop1
loop1
loop1
loop1
loop1
loop1
loop1
loop1
loop1
loop1
loop1
loop1
loop1
loop1
loop1
loop1
loop1
loop1
loop1
loop1
loop1
loop1
loop1
loop1
loop1
loop1
loop1
loop1
loop1
loop1
loop1
loop1
loop1
loop1
loop1
loop1
loop1
loop1
loop1
loop1
loop1
loop1
loop1
loop1
loop1
loop1
loop1
loop1
loop1
loop1
loop1
loop1
loop1
loop1
loop1
loop1
loop1
loop1
loop1
loop1
loop1
loop1
loop1
loop1
loop1
loop1
loop1
loop1
loop1
loop1
loop1
loop1
loop1
loop1
loop1
loop1
loop1
loop1
loop1
loop1
loop1
loop1
loop1
loop1
loop1
loop1
loop1
loop1
loop1
loop1
loop1
loop1
loop1
loop1
loop1
loop1
loop1
loop1
loop1
loop1
loop1
loop1
loop1
loop1
loop1
loop1
loop1
loop1
loop1
loop1
loop1
loop1
loop1
loop1
loop1
loop1
loop1
loop1
loop1
loop1
loop1
loop1
loop1
loop1
loop1
loop1
loop1
loop1
loop1
loop1
loop1
loop1
loop1
loop1
loop1
loop1
loop1
loop1
loop1
loop1
loop1
loop1
loop1
loop1
loop1
loop1
loop1
loop1
loop1
loop1
loop1
loop1
loop1
loop1
loop1
loop1
loop1
loop1
loop1
loop1
loop1
loop1
loop1
loop1
loop1
loop1
loop1
loop1
loop1
loop1
loop1
loop1
loop1
loop1
loop1
loop1
loop1
loop1
loop1
loop1
loop1
loop1
loop1
loop1
loop1
loop1
loop1
loop1
loop1
loop1
loop1
loop1
loop1
loop1
loop1
loop1
loop1
loop1
loop1
loop1
loop1
loop1
loop1
loop1
loop1
loop1
loop1
loop1
loop1
loop1
loop1
loop1
loop1
loop1
loop1
loop1
loop1
loop1
loop1
loop1
loop1
loop1
loop1
loop1
loop1
loop1
loop1
loop1
loop1
loop1
loop1
loop1
loop1
loop1
loop1
loop1
loop1
loop1
loop1
loop1
loop1
loop1
loop1
loop1
loop1
loop1
loop1
loop1
loop1
loop1
loop1
loop1
loop1
loop1
loop1
loop1
loop1
loop1
loop1
loop1
loop1
loop1
loop1
loop1
loop1
loop1
loop1
loop1
loop1
loop1
loop1
loop1
loop1
loop1
loop1
loop1
loop1
loop1
loop1
loop1
loop1
loop1
loop1
loop1
loop1
loop1
loop1
loop1
loop1
loop1
loop1
loop1
loop1
loop1
loop1
loop1
loop1
loop1
loop1
loop1
loop1
loop1
loop1
loop1
loop1
loop1
loop1
loop1
loop1
loop1
loop1
loop1
loop1
loop1
loop1
loop1
loop1
loop1
loop1
loop1
loop1
loop1
loop1
loop1
loop1
loop1
loop1
loop1
loop1
loop1
loop1
loop1
loop1
loop1
loop1
loop1
loop1
loop1
loop1
loop1
loop1
loop1
loop1
loop1
loop1
loop1
loop1
loop1
loop1
loop1
loop1
loop1
loop1
loop1
loop1
loop1
loop1
loop1
loop1
loop1
loop1
loop1
loop1
loop1
loop1
loop1
loop1
loop1
loop1
loop1
loop1
loop1
loop1
loop1
loop1
loop1
loop1
loop1
loop1
loop1
loop1
loop1
loop1
loop1
loop1
loop1
loop1
loop1
loop1
loop1
loop1
loop1
loop1
loop1
loop1
loop1
loop1
loop1
loop1
loop1
loop1
loop1
loop1
loop1
loop1
loop1
loop1
loop1
loop1
loop1
loop1
loop1
loop1
loop1
loop1
loop1
loop1
loop1
loop1
loop1
loop1
loop1
loop1
loop1
loop1
loop1
loop1
loop1
loop1
loop1
loop1
loop1
loop1
loop1
loop1
loop1
loop1
loop1
loop1
loop1
loop1
loop1
loop1
loop1
loop1
loop1
loop1
loop1
loop1
loop1
loop1
loop1
loop1
loop1
loop1
loop1
loop1
loop1
loop1
loop1
loop1
loop1
loop1
loop1
loop1
loop1
loop1
loop1
loop1
loop1
loop1
loop1
loop1
loop1
loop1
loop1
loop1
loop1
loop1
loop1
loop1
loop1
loop1
loop1
loop1
loop1
loop1
loop1
loop1
loop1
loop1
loop1
loop1
loop1
loop1
loop1
loop1
loop1
loop1
loop1
loop1
loop1
loop1
loop1
loop1
loop1
loop1
loop1
loop1
loop1
loop1
loop1
loop1
loop1
loop1
loop1
loop1
loop1
loop1
loop1
loop1
loop1
loop1
loop1
loop1
loop1
loop1
loop1
loop1
loop1
loop1
loop1
loop1
loop1
loop1
loop1
loop1
loop1
loop1
loop1
loop1
loop1
loop1
loop1
loop1
loop1
loop1
loop1
loop1
loop1
loop1
loop1
loop1
loop1
loop1
loop1
loop1
loop1
loop1
loop1
loop1
loop1
loop1
loop1
loop1
loop1
loop1
loop1
loop1
loop1
loop1
loop1
loop1
loop1
loop1
loop1
loop1
loop1
loop1
loop1
loop1
loop1
loop1
loop1
loop1
loop1
loop1
loop1
loop1
loop1
loop1
loop1
loop1
loop1
loop1
loop1
loop1
loop1
loop1
loop1
loop1
loop1
loop1
loop1
loop1
loop1
loop1
loop1
loop1
loop1
loop1
loop1
loop1
loop1
loop1
loop1
loop1
loop1
loop1
loop1
loop1
loop1
loop1
loop1
loop1
loop1
loop1
loop1
loop1
loop1
loop1
loop1
loop1
loop1
loop1
loop1
loop1
loop1
loop1
loop1
loop1
loop1
loop1
loop1
loop1
loop1
loop1
loop1
loop1
loop1
loop1
loop1
loop1
loop1
loop1
loop1
loop1
loop1
loop1
loop1
loop1
loop1
loop1
loop1
loop1
loop1
loop1
loop1
loop1
loop1
loop1
loop1
loop1
loop1
loop1
loop1
loop1
loop1
loop1
loop1
loop1
loop1
loop1
loop1
loop1
loop1
loop1
loop1
loop1
loop1
loop1
loop1
loop1
loop1
loop1
loop1
loop1
loop1
loop1
loop1
loop1
loop1
loop1
loop1
loop1
loop1
loop1
loop1
loop1
loop1
loop1
loop1
loop1
loop1
loop1
loop1
loop1
loop1
loop1
loop1
loop1
loop1
loop1
loop1
loop1
loop1
loop1
loop1
loop1
loop1
loop1
loop1
loop1
loop1
loop1
loop1
loop1
loop1
loop1
loop1
loop1
loop1
loop1
loop1
loop1
loop1
loop1
loop1
loop1
loop1
loop1
loop1
loop1
loop1
loop1
loop1
loop1
loop1
loop1
loop1
loop1
loop1
loop1
loop1
loop1
loop1
loop1
loop1
loop1
loop1
loop1
loop1
loop1
loop1
loop1
loop1
loop1
loop1
loop1
loop1
loop1
loop1
loop1
loop1
loop1
loop1
loop1
loop1
loop1
loop1
loop1
loop1
loop1
loop1
loop1
loop1
loop1
loop1
loop1
loop1
loop1
loop1
loop1
loop1
loop1
loop1
loop1
loop1
loop1
loop1
loop1
loop1
loop1
loop1
loop1
loop1
loop1
loop1
loop1
loop1
loop1
loop1
loop1
loop1
loop1
loop1
loop1
loop1
loop1
loop1
loop1
loop1
loop1
loop1
loop1
loop1
loop1
loop1
loop1
loop1
loop1
loop1
loop1
loop1
loop1
loop1
loop1
loop1
loop1
loop1
loop1
loop1
loop1
loop1
loop1
loop1
loop1
loop1
loop1
loop1
loop1
loop1
loop1
loop1
loop1
loop1
loop1
loop1
loop1
loop1
loop1
loop1
loop1
loop1
loop1
loop1
loop1
loop1
loop1
loop1
loop1
loop1
loop1
loop1
loop1
loop1
loop1
loop1
loop1
loop1
loop1
loop1
loop1
loop1
loop1
loop1
loop1
loop1
loop1
loop1
loop1
loop1
loop1
loop1
loop1
loop1
loop1
loop1
loop1
loop1
loop1
loop1
loop1
loop1
loop1
loop1
loop1
loop1
loop1
loop1
loop1
loop1
loop1
loop1
loop1
loop1
loop1
loop1
loop1
loop1
loop1
loop1
loop1
loop1
loop1
loop1
loop1
loop1
loop1
loop1
loop1
loop1
loop1
loop1
loop1
loop1
loop1
loop1
loop1
loop1
loop1
loop1
loop1
loop1
loop1
loop1
loop1
loop1
loop1
loop1
loop1
loop1
loop1
loop1
loop1
loop1
loop1
loop1
loop1
loop1
loop1
loop1
loop1
loop1
loop1
loop1
loop1
loop1
loop1
loop1
loop1
loop1
loop1
loop1
loop1
loop1
loop1
loop1
loop1
loop1
loop1
loop1
loop1
loop1
loop1
loop1
loop1
loop1
loop1
loop1
loop1
loop1
loop1
loop1
loop1
loop1
loop1
loop1
loop1
loop1
loop1
loop1
loop1
loop1
loop1
loop1
loop1
loop1
loop1
loop1
loop1
loop1
loop1
loop1
loop1
loop1
loop1
loop1
loop1
loop1
loop1
loop1
loop1
loop1
loop1
loop1
loop1
loop1
loop1
loop1
loop1
loop1
loop1
loop1
loop1
loop1
loop1
loop1
loop1
loop1
loop1
loop1
loop1
loop1
loop1
loop1
loop1
loop1
loop1
loop1
loop1
loop1
loop1
loop1
loop1
loop1
loop1
loop1
loop1
loop1
loop1
loop1
loop1
loop1
loop1
loop1
loop1
loop1
loop1
loop1
loop1
loop1
loop1
loop1
loop1
loop1
loop1
loop1
loop1
loop1
loop1
loop1
loop1
loop1
loop1
loop1
loop1
loop1
loop1
loop1
loop1
loop1
loop1
loop1
loop1
loop1
loop1
loop1
loop1
loop1
loop1
loop1
loop1
loop1
loop1
loop1
loop1
loop1
loop1
loop1
loop1
loop1
loop1
loop1
loop1
loop1
loop1
loop1
loop1
loop1
loop1
loop1
loop1
loop1
loop1
loop1
loop1
loop1
loop1
loop1
loop1
loop1
loop1
loop1
loop1
loop1
loop1
loop1
loop1
loop1
loop1
loop1
loop1
loop1
loop1
loop1
loop1
loop1
loop1
loop1
loop1
loop1
loop1
loop1
loop1
loop1
loop1
loop1
loop1
loop1
loop1
loop1
loop1
loop1
loop1
loop1
loop1
loop1
loop1
loop1
loop1
loop1
loop1
loop1
loop1
loop1
loop1
loop1
loop1
loop1
loop1
loop1
loop1
loop1
loop1
loop1
loop1
loop1
loop1
loop1
loop1
loop1
loop1
loop1
loop1
loop1
loop1
loop1
loop1
loop1
loop1
loop1
loop1
loop1
loop1
loop1
loop1
loop1
loop1
loop1
loop1
loop1
loop1
loop1
loop1
loop1
loop1
loop1
loop1
loop1
loop1
loop1
loop1
loop1
loop1
loop1
loop1
loop1
loop1
loop1
loop1
loop1
loop1
loop1
loop1
loop1
loop1
loop1
loop1
loop1
loop1
loop1
loop1
loop1
loop1
loop1
loop1
loop1
loop1
loop1
loop1
loop1
loop1
loop1
loop1
loop1
loop1
loop1
loop1
loop1
loop1
loop1
loop1
loop1
loop1
loop1
loop1
loop1
loop1
loop1
loop1
loop1
loop1
loop1
loop1
loop1
loop1
loop1
loop1
loop1
loop1
loop1
loop1
loop1
loop1
loop1
loop1
loop1
loop1
loop1
loop1
loop1
loop1
loop1
loop1
loop1
loop1
loop1
loop1
loop1
loop1
loop1
loop1
loop1
loop1
loop1
loop1
loop1
loop1
loop1
loop1
loop1
loop1
loop1
loop1
loop1
loop1
loop1
loop1
loop1
loop1
loop1
loop1
loop1
loop1
loop1
loop1
loop1
loop1
loop1
loop1
loop1
loop1
loop1
loop1
loop1
loop1
loop1
loop1
loop1
loop1
loop1
loop1
loop1
loop1
loop1
loop1
loop1
loop1
loop1
loop1
loop1
loop1
loop1
loop1
loop1
loop1
loop1
loop1
loop1
loop1
loop1
loop1
loop1
loop1
loop1
loop1
loop1
loop1
loop1
loop1
loop1
loop1
loop1
loop1
loop1
loop1
loop1
loop1
loop1
loop1
loop1
loop1
loop1
loop1
loop1
loop1
loop1
loop1
loop1
loop1
loop1
loop1
loop1
loop1
loop1
loop1
loop1
loop1
loop1
loop1
loop1
loop1
loop1
loop1
loop1
loop1
loop1
loop1
loop1
loop1
loop1
loop1
loop1
loop1
loop1
loop1
loop1
loop1
loop1
loop1
loop1
loop1
loop1
loop1
loop1
loop1
loop1
loop1
loop1
loop1
loop1
loop1
loop1
loop1
loop1
loop1
loop1
loop1
loop1
loop1
loop1
loop1
loop1
loop1
loop1
loop1
loop1
loop1
loop1
loop1
loop1
loop1
loop1
loop1
loop1
loop1
loop1
loop1
loop1
loop1
loop1
loop1
loop1
loop1
loop1
loop1
loop1
loop1
loop1
loop1
loop1
loop1
loop1
loop1
loop1
loop1
loop1
loop1
loop1
loop1
loop1
loop1
loop1
loop1
loop1
loop1
loop1
loop1
loop1
loop1
loop1
loop1
loop1
loop1
loop1
loop1
loop1
loop1
loop1
loop1
loop1
loop1
loop1
loop1
loop1
loop1
loop1
loop1
loop1
loop1
loop1
loop1
loop1
loop1
loop1
loop1
loop1
loop1
loop1
loop1
loop1
loop1
loop1
loop1
loop1
loop1
loop1
loop1
loop1
loop1
loop1
loop1
loop1
loop1
loop1
loop1
loop1
loop1
loop1
loop1
loop1
loop1
loop1
loop1
loop1
loop1
loop1
loop1
loop1
loop1
loop1
loop1
loop1
loop1
loop1
loop1
loop1
loop1
loop1
loop1
loop1
loop1
loop1
loop1
loop1
loop1
loop1
loop1
loop1
loop1
loop1
loop1
loop1
loop1
loop1
loop1
loop1
loop1
loop1
loop1
loop1
loop1
loop1
loop1
loop1
loop1
loop1
loop1
loop1
loop1
loop1
loop1
loop1
loop1
loop1
loop1
loop1
loop1
loop1
loop1
loop1
loop1
loop1
loop1
loop1
loop1
loop1
loop1
loop1
loop1
loop1
loop1
loop1
loop1
loop1
loop1
loop1
loop1
loop1
loop1
loop1
loop1
loop1
loop1
loop1
loop1
loop1
loop1
loop1
loop1
loop1
loop1
loop1
loop1
loop1
loop1
loop1
loop1
loop1
loop1
loop1
loop1
loop1
loop1
loop1
loop1
loop1
loop1
loop1
loop1
loop1
loop1
loop1
loop1
loop1
loop1
loop1
loop1
loop1
loop1
loop1
loop1
loop1
loop1
loop1
loop1
loop1
loop1
loop1
loop1
loop1
loop1
loop1
loop1
loop1
loop1
loop1
loop1
loop1
loop1
loop1
loop1
loop1
loop1
loop1
loop1
loop1
loop1
loop1
loop1
loop1
loop1
loop1
loop1
loop1
loop1
loop1
loop1
loop1
loop1
loop1
loop1
loop1
loop1
loop1
loop1
loop1
loop1
loop1
loop1
loop1
loop1
loop1
loop1
loop1
loop1
loop1
loop1
loop1
loop1
loop1
loop1
loop1
loop1
loop1
loop1
loop1
loop1
loop1
loop1
loop1
loop1
loop1
loop1
loop1
loop1
loop1
loop1
loop1
loop1
loop1
loop1
loop1
loop1
loop1
loop1
loop1
loop1
loop1
loop1
loop1
loop1
loop1
loop1
loop1
loop1
loop1
loop1
loop1
loop1
loop1
loop1
loop1
loop1
loop1
loop1
loop1
loop1
loop1
loop1
loop1
loop1
loop1
loop1
loop1
loop1
loop1
loop1
loop1
loop1
loop1
loop1
loop1
loop1
loop1
loop1
loop1
loop1
loop1
loop1
loop1
loop1
loop1
loop1
loop1
loop1
loop1
loop1
loop1
loop1
loop1
loop1
loop1
loop1
loop1
loop1
loop1
loop1
loop1
loop1
loop1
loop1
loop1
loop1
loop1
loop1
loop1
loop1
loop1
loop1
loop1
loop1
loop1
loop1
loop1
loop1
loop1
loop1
loop1
loop1
loop1
loop1
loop1
loop1
loop1
loop1
loop1
loop1
loop1
loop1
loop1
loop1
loop1
loop1
loop1
loop1
loop1
loop1
loop1
loop1
loop1
loop1
loop1
loop1
loop1
loop1
loop1
loop1
loop1
loop1
loop1
loop1
loop1
loop1
loop1
loop1
loop1
loop1
loop1
loop1
loop1
loop1
loop1
loop1
loop1
loop1
loop1
loop1
loop1
loop1
loop1
loop1
loop1
loop1
loop1
loop1
loop1
loop1
loop1
loop1
loop1
loop1
loop1
loop1
loop1
loop1
loop1
loop1
loop1
loop1
loop1
loop1
loop1
loop1
loop1
loop1
loop1
loop1
loop1
loop1
loop1
loop1
loop1
loop1
loop1
loop1
loop1
loop1
loop1
loop1
loop1
loop1
loop1
loop1
loop1
loop1
loop1
loop1
loop1
loop1
loop1
loop1
loop1
loop1
loop1
loop1
loop1
loop1
loop1
loop1
loop1
loop1
loop1
loop1
loop1
loop1
loop1
loop1
loop1
loop1
loop1
loop1
loop1
loop1
loop1
loop1
loop1
loop1
loop1
loop1
loop1
loop1
loop1
loop1
loop1
loop1
loop1
loop1
loop1
loop1
loop1
loop1
loop1
loop1
loop1
loop1
loop1
loop1
loop1
loop1
loop1
loop1
loop1
loop1
loop1
loop1
loop1
loop1
loop1
loop1
loop1
loop1
loop1
loop1
loop1
loop1
loop1
loop1
loop1
loop1
loop1
loop1
loop1
loop1
loop1
loop1
loop1
loop1
loop1
loop1
loop1
loop1
loop1
loop1
loop1
loop1
loop1
loop1
loop1
loop1
loop1
loop1
loop1
loop1
loop1
loop1
loop1
loop1
loop1
loop1
loop1
loop1
loop1
loop1
loop1
loop1
loop1
loop1
loop1
loop1
loop1
loop1
loop1
loop1
loop1
loop1
loop1
loop1
loop1
loop1
loop1
loop1
loop1
loop1
loop1
loop1
loop1
loop1
loop1
loop1
loop1
loop1
loop1
loop1
loop1
loop1
loop1
loop1
loop1
loop1
loop1
loop1
loop1
loop1
loop1
loop1
loop1
loop1
loop1
loop1
loop1
loop1
loop1
loop1
loop1
loop1
loop1
loop1
loop1
loop1
loop1
loop1
loop1
loop1
loop1
loop1
loop1
loop1
loop1
loop1
loop1
loop1
loop1
loop1
loop1
loop1
loop1
loop1
loop1
loop1
loop1
loop1
loop1
loop1
loop1
loop1
loop1
loop1
loop1
loop1
loop1
loop1
loop1
loop1
loop1
loop1
loop1
loop1
loop1
loop1
loop1
loop1
loop1
loop1
loop1
loop1
loop1
loop1
loop1
loop1
loop1
loop1
loop1
loop1
loop1
loop1
loop1
loop1
loop1
loop1
loop1
loop1
loop1
loop1
loop1
loop1
loop1
loop1
loop1
loop1
loop1
loop1
loop1
loop1
loop1
loop1
loop1
loop1
loop1
loop1
loop1
loop1
loop1
loop1
loop1
loop1
loop1
loop1
loop1
loop1
loop1
loop1
loop1
loop1
loop1
loop1
loop1
loop1
loop1
loop1
loop1
loop1
loop1
loop1
loop1
loop1
loop1
loop1
loop1
loop1
loop1
loop1
loop1
loop1
loop1
loop1
loop1
loop1
loop1
loop1
loop1
loop1
loop1
loop1
loop1
loop1
loop1
loop1
loop1
loop1
loop1
loop1
loop1
loop1
loop1
loop1
loop1
loop1
loop1
loop1
loop1
loop1
loop1
loop1
loop1
loop1
loop1
loop1
loop1
loop1
loop1
loop1
loop1
loop1
loop1
loop1
loop1
loop1
loop1
loop1
loop1
loop1
loop1
loop1
loop1
loop1
loop1
loop1
loop1
loop1
loop1
loop1
loop1
loop1
loop1
loop1
loop1
loop1
loop1
loop1
loop1
loop1
loop1
loop1
loop1
loop1
loop1
loop1
loop1
loop1
loop1
loop1
loop1
loop1
loop1
loop1
loop1
loop1
loop1
loop1
loop1
loop1
loop1
loop1
loop1
loop1
loop1
loop1
loop1
loop1
loop1
loop1
loop1
loop1
loop1
loop1
loop1
loop1
loop1
loop1
loop1
loop1
loop1
loop1
loop1
loop1
loop1
loop1
loop1
loop1
loop1
loop1
loop1
loop1
loop1
loop1
loop1
loop1
loop1
loop1
loop1
loop1
loop1
loop1
loop1
loop1
loop1
loop1
loop1
loop1
loop1
loop1
loop1
loop1
loop1
loop1
loop1
loop1
loop1
loop1
loop1
loop1
loop1
loop1
loop1
loop1
loop1
loop1
loop1
loop1
loop1
loop1
loop1
loop1
loop1
loop1
loop1
loop1
loop1
loop1
loop1
loop1
loop1
loop1
loop1
loop1
loop1
loop1
loop1
loop1
loop1
loop1
loop1
loop1
loop1
loop1
loop1
loop1
loop1
loop1
loop1
loop1
loop1
loop1
loop1
loop1
loop1
loop1
loop1
loop1
loop1
loop1
loop1
loop1
loop1
loop1
loop1
loop1
loop1
loop1
loop1
loop1
loop1
loop1
loop1
loop1
loop1
loop1
loop1
loop1
loop1
loop1
loop1
loop1
loop1
loop1
loop1
loop1
loop1
loop1
loop1
loop1
loop1
loop1
loop1
loop1
loop1
loop1
loop1
loop1
loop1
loop1
loop1
loop1
loop1
loop1
loop1
loop1
loop1
loop1
loop1
loop1
loop1
loop1
loop1
loop1
loop1
loop1
loop1
loop1
loop1
loop1
loop1
loop1
loop1
loop1
loop1
loop1
loop1
loop1
loop1
loop1
loop1
loop1
loop1
loop1
loop1
loop1
loop1
loop1
loop1
loop1
loop1
loop1
loop1
loop1
loop1
loop1
loop1
loop1
loop1
loop1
loop1
loop1
loop1
loop1
loop1
loop1
loop1
loop1
loop1
loop1
loop1
loop1
loop1
loop1
loop1
loop1
loop1
loop1
loop1
loop1
loop1
loop1
loop1
loop1
loop1
loop1
loop1
loop1
loop1
loop1
loop1
loop1
loop1
loop1
loop1
loop1
loop1
loop1
loop1
loop1
loop1
loop1
loop1
loop1
loop1
loop1
loop1
loop1
loop1
loop1
loop1
loop1
loop1
loop1
loop1
loop1
loop1
loop1
loop1
loop1
loop1
loop1
loop1
loop1
loop1
loop1
loop1
loop1
loop1
loop1
loop1
loop1
loop1
loop1
loop1
loop1
loop1
loop1
loop1
loop1
loop1
loop1
loop1
loop1
loop1
loop1
loop1
loop1
loop1
loop1
loop1
loop1
loop1
loop1
loop1
loop1
loop1
loop1
loop1
loop1
loop1
loop1
loop1
loop1
loop1
loop1
loop1
loop1
loop1
loop1
loop1
loop1
loop1
loop1
loop1
loop1
loop1
loop1
loop1
loop1
loop1
loop1
loop1
loop1
loop1
loop1
loop1
loop1
loop1
loop1
loop1
loop1
loop1
loop1
loop1
loop1
loop1
loop1
loop1
loop1
loop1
loop1
loop1
loop1
loop1
loop1
loop1
loop1
loop1
loop1
loop1
loop1
loop1
loop1
loop1
loop1
loop1
loop1
loop1
loop1
loop1
loop1
loop1
loop1
loop1
loop1
loop1
loop1
loop1
loop1
loop1
loop1
loop1
loop1
loop1
loop1
loop1
loop1
loop1
loop1
loop1
loop1
loop1
loop1
loop1
loop1
loop1
loop1
loop1
loop1
loop1
loop1
loop1
loop1
loop1
loop1
loop1
loop1
loop1
loop1
loop1
loop1
loop1
loop1
loop1
loop1
loop1
loop1
loop1
loop1
loop1
loop1
loop1
loop1
loop1
loop1
loop1
loop1
loop1
loop1
loop1
loop1
loop1
loop1
loop1
loop1
loop1
loop1
loop1
loop1
loop1
loop1
loop1
loop1
loop1
loop1
loop1
loop1
loop1
loop1
loop1
loop1
loop1
loop1
loop1
loop1
loop1
loop1
loop1
loop1
loop1
loop1
loop1
loop1
loop1
loop1
loop1
loop1
loop1
loop1
loop1
loop1
loop1
loop1
loop1
loop1
loop1
loop1
loop1
loop1
loop1
loop1
loop1
loop1
loop1
loop1
loop1
loop1
loop1
loop1
loop1
loop1
loop1
loop1
loop1
loop1
loop1
loop1
loop1
loop1
loop1
loop1
loop1
loop1
loop1
loop1
loop1
loop1
loop1
loop1
loop1
loop1
loop1
loop1
loop1
loop1
loop1
loop1
loop1
loop1
loop1
loop1
loop1
loop1
loop1
loop1
loop1
loop1
loop1
loop1
loop1
loop1
loop1
loop1
loop1
loop1
loop1
loop1
loop1
loop1
loop1
loop1
loop1
loop1
loop1
loop1
loop1
loop1
loop1
loop1
loop1
loop1
loop1
loop1
loop1
loop1
loop1
loop1
loop1
loop1
loop1
loop1
loop1
loop1
loop1
loop1
loop1
loop1
loop1
loop1
loop1
loop1
loop1
loop1
loop1
loop1
loop1
loop1
loop1
loop1
loop1
loop1
loop1
loop1
loop1
loop1
loop1
loop1
loop1
loop1
loop1
loop1
loop1
loop1
loop1
loop1
loop1
loop1
loop1
loop1
loop1
loop1
loop1
loop1
loop1
loop1
loop1
loop1
loop1
loop1
loop1
loop1
loop1
loop1
loop1
loop1
loop1
loop1
loop1
loop1
loop1
loop1
loop1
loop1
loop1
loop1
loop1
loop1
loop1
loop1
loop1
loop1
loop1
loop1
loop1
loop1
loop1
loop1
loop1
loop1
loop1
loop1
loop1
loop1
loop1
loop1
loop1
loop1
loop1
loop1
loop1
loop1
loop1
loop1
loop1
loop1
loop1
loop1
loop1
loop1
loop1
loop1
loop1
loop1
loop1
loop1
loop1
loop1
loop1
loop1
loop1
loop1
loop1
loop1
loop1
loop1
loop1
loop1
loop1
loop1
loop1
loop1
loop1
loop1
loop1
loop1
loop1
loop1
loop1
loop1
loop1
loop1
loop1
loop1
loop1
loop1
loop1
loop1
loop1
loop1
loop1
loop1
loop1
loop1
loop1
loop1
loop1
loop1
loop1
loop1
loop1
loop1
loop1
loop1
loop1
loop1
loop1
loop1
loop1
loop1
loop1
loop1
loop1
loop1
loop1
loop1
loop1
loop1
loop1
loop1
loop1
loop1
loop1
loop1
loop1
loop1
loop1
loop1
loop1
loop1
loop1
loop1
loop1
loop1
loop1
loop1
loop1
loop1
loop1
loop1
loop1
loop1
loop1
loop1
loop1
loop1
loop1
loop1
loop1
loop1
loop1
loop1
loop1
loop1
loop1
loop1
loop1
loop1
loop1
loop1
loop1
loop1
loop1
loop1
loop1
loop1
loop1
loop1
loop1
loop1
loop1
loop1
loop1
loop1
loop1
loop1
loop1
loop1
loop1
loop1
loop1
loop1
loop1
loop1
loop1
loop1
loop1
loop1
loop1
loop1
loop1
loop1
loop1
loop1
loop1
loop1
loop1
loop1
loop1
loop1
loop1
loop1
loop1
loop1
loop1
loop1
loop1
loop1
loop1
loop1
loop1
loop1
loop1
loop1
loop1
loop1
loop1
loop1
loop1
loop1
loop1
loop1
loop1
loop1
loop1
loop1
loop1
loop1
loop1
loop1
loop1
loop1
loop1
loop1
loop1
loop1
loop1
loop1
loop1
loop1
loop1
loop1
loop1
loop1
loop1
loop1
loop1
loop1
loop1
loop1
loop1
loop1
loop1
loop1
loop1
loop1
loop1
loop1
loop1
loop1
loop1
loop1
loop1
loop1
loop1
loop1
loop1
loop1
loop1
loop1
loop1
loop1
loop1
loop1
loop1
loop1
loop1
loop1
loop1
loop1
loop1
loop1
loop1
loop1
loop1
loop1
loop1
loop1
loop1
loop1
loop1
loop1
loop1
loop1
loop1
loop1
loop1
loop1
loop1
loop1
loop1
loop1
loop1
loop1
loop1
loop1
loop1
loop1
loop1
loop1
loop1
loop1
loop1
loop1
loop1
loop1
loop1
loop1
loop1
loop1
loop1
loop1
loop1
loop1
loop1
loop1
loop1
loop1
loop1
loop1
loop1
loop1
loop1
loop1
loop1
loop1
loop1
loop1
loop1
loop1
loop1
loop1
loop1
loop1
loop1
loop1
loop1
loop1
loop1
loop1
loop1
loop1
loop1
loop1
loop1
loop1
loop1
loop1
loop1
loop1
loop1
loop1
loop1
loop1
loop1
loop1
loop1
loop1
loop1
loop1
loop1
loop1
loop1
loop1
loop1
loop1
loop1
loop1
loop1
loop1
loop1
loop1
loop1
loop1
loop1
loop1
loop1
loop1
loop1
loop1
loop1
loop1
loop1
loop1
loop1
loop1
loop1
loop1
loop1
loop1
loop1
loop1
loop1
loop1
loop1
loop1
loop1
loop1
loop1
loop1
loop1
loop1
loop1
loop1
loop1
loop1
loop1
loop1
loop1
loop1
loop1
loop1
loop1
loop1
loop1
loop1
loop1
loop1
loop1
loop1
loop1
loop1
loop1
loop1
loop1
loop1
loop1
loop1
loop1
loop1
loop1
loop1
loop1
loop1
loop1
loop1
loop1
loop1
loop1
loop1
loop1
loop1
loop1
loop1
loop1
loop1
loop1
loop1
loop1
loop1
loop1
loop1
loop1
loop1
loop1
loop1
loop1
loop1
loop1
loop1
loop1
loop1
loop1
loop1
loop1
loop1
loop1
loop1
loop1
loop1
loop1
loop1
loop1
loop1
loop1
loop1
loop1
loop1
loop1
loop1
loop1
loop1
loop1
loop1
loop1
loop1
loop1
loop1
loop1
loop1
loop1
loop1
loop1
loop1
loop1
loop1
loop1
loop1
loop1
loop1
loop1
loop1
loop1
loop1
loop1
loop1
loop1
loop1
loop1
loop1
loop1
loop1
loop1
loop1
loop1
loop1
loop1
loop1
loop1
loop1
loop1
loop1
loop1
loop1
loop1
loop1
loop1
loop1
loop1
loop1
loop1
loop1
loop1
loop1
loop1
loop1
loop1
loop1
loop1
loop1
loop1
loop1
loop1
loop1
loop1
loop1
loop1
loop1
loop1
loop1
loop1
loop1
loop1
loop1
loop1
loop1
loop1
loop1
loop1
loop1
loop1
loop1
loop1
loop1
loop1
loop1
loop1
loop1
loop1
loop1
loop1
loop1
loop1
loop1
loop1
loop1
loop1
loop1
loop1
loop1
loop1
loop1
loop1
loop1
loop1
loop1
loop1
loop1
loop1
loop1
loop1
loop1
loop1
loop1
loop1
loop1
loop1
loop1
loop1
loop1
loop1
loop1
loop1
loop1
loop1
loop1
loop1
loop1
loop1
loop1
loop1
loop1
loop1
loop1
loop1
loop1
loop1
loop1
loop1
loop1
loop1
loop1
loop1
loop1
loop1
loop1
loop1
loop1
loop1
loop1
loop1
loop1
loop1
loop1
loop1
loop1
loop1
loop1
loop1
loop1
loop1
loop1
loop1
loop1
loop1
loop1
loop1
loop1
loop1
loop1
loop1
loop1
loop1
loop1
loop1
loop1
loop1
loop1
loop1
loop1
loop1
loop1
loop1
loop1
loop1
loop1
loop1
loop1
loop1
loop1
loop1
loop1
loop1
loop1
loop1
loop1
loop1
loop1
loop1
loop1
loop1
loop1
loop1
loop1
loop1
loop1
loop1
loop1
loop1
loop1
loop1
loop1
loop1
loop1
loop1
loop1
loop1
loop1
loop1
loop1
loop1
loop1
loop1
loop1
loop1
loop1
loop1
loop1
loop1
loop1
loop1
loop1
loop1
loop1
loop1
loop1
loop1
loop1
loop1
loop1
loop1
loop1
loop1
loop1
loop1
loop1
loop1
loop1
loop1
loop1
loop1
loop1
loop1
loop1
loop1
loop1
loop1
loop1
loop1
loop1
loop1
loop1
loop1
loop1
loop1
loop1
loop1
loop1
loop1
loop1
loop1
loop1
loop1
loop1
loop1
loop1
loop1
loop1
loop1
loop1
loop1
loop1
loop1
loop1
loop1
loop1
loop1
loop1
loop1
loop1
loop1
loop1
loop1
loop1
loop1
loop1
loop1
loop1
loop1
loop1
loop1
loop1
loop1
loop1
loop1
loop1
loop1
loop1
loop1
loop1
loop1
loop1
loop1
loop1
loop1
loop1
loop1
loop1
loop1
loop1
loop1
loop1
loop1
loop1
loop1
loop1
loop1
loop1
loop1
loop1
loop1
loop1
loop1
loop1
loop1
loop1
loop1
loop1
loop1
loop1
loop1
loop1
loop1
loop1
loop1
loop1
loop1
loop1
loop1
loop1
loop1
loop1
loop1
loop1
loop1
loop1
loop1
loop1
loop1
loop1
loop1
loop1
loop1
loop1
loop1
loop1
loop1
loop1
loop1
loop1
loop1
loop1
loop1
loop1
loop1
loop1
loop1
loop1
loop1
loop1
loop1
loop1
loop1
loop1
loop1
loop1
loop1
loop1
loop1
loop1
loop1
loop1
loop1
loop1
loop1
loop1
loop1
loop1
loop1
loop1
loop1
loop1
loop1
loop1
loop1
loop1
loop1
loop1
loop1
loop1
loop1
loop1
loop1
loop1
loop1
loop1
loop1
loop1
loop1
loop1
loop1
loop1
loop1
loop1
loop1
loop1
loop1
loop1
loop1
loop1
loop1
loop1
loop1
loop1
loop1
loop1
loop1
loop1
loop1
loop1
loop1
loop1
loop1
loop1
loop1
loop1
loop1
loop1
loop1
loop1
loop1
loop1
loop1
loop1
loop1
loop1
loop1
loop1
loop1
loop1
loop1
loop1
loop1
loop1
loop1
loop1
loop1
loop1
loop1
loop1
loop1
loop1
loop1
loop1
loop1
loop1
loop1
loop1
loop1
loop1
loop1
loop1
loop1
loop1
loop1
loop1
loop1
loop1
loop1
loop1
loop1
loop1
loop1
loop1
loop1
loop1
loop1
loop1
loop1
loop1
loop1
loop1
loop1
loop1
loop1
loop1
loop1
loop1
loop1
loop1
loop1
loop1
loop1
loop1
loop1
loop1
loop1
loop1
loop1
loop1
loop1
loop1
loop1
loop1
loop1
loop1
loop1
loop1
loop1
loop1
loop1
loop1
loop1
loop1
loop1
loop1
loop1
loop1
loop1
loop1
loop1
loop1
loop1
loop1
loop1
loop1
loop1
loop1
loop1
loop1
loop1
loop1
loop1
loop1
loop1
loop1
loop1
loop1
loop1
loop1
loop1
loop1
loop1
loop1
loop1
loop1
loop1
loop1
loop1
loop1
loop1
loop1
loop1
loop1
loop1
loop1
loop1
loop1
loop1
loop1
loop1
loop1
loop1
loop1
loop1
loop1
loop1
loop1
loop1
loop1
loop1
loop1
loop1
loop1
loop1
loop1
loop1
loop1
loop1
loop1
loop1
loop1
loop1
loop1
loop1
loop1
loop1
loop1
loop1
loop1
loop1
loop1
loop1
loop1
loop1
loop1
loop1
loop1
loop1
loop1
loop1
loop1
loop1
loop1
loop1
loop1
loop1
loop1
loop1
loop1
loop1
loop1
loop1
loop1
loop1
loop1
loop1
loop1
loop1
loop1
loop1
loop1
loop1
loop1
loop1
loop1
loop1
loop1
loop1
loop1
loop1
loop1
loop1
loop1
loop1
loop1
loop1
loop1
loop1
loop1
loop1
loop1
loop1
loop1
loop1
loop1
loop1
loop1
loop1
loop1
loop1
loop1
loop1
loop1
loop1
loop1
loop1
loop1
loop1
loop1
loop1
loop1
loop1
loop1
loop1
loop1
loop1
loop1
loop1
loop1
loop1
loop1
loop1
loop1
loop1
loop1
loop1
loop1
loop1
loop1
loop1
loop1
loop1
loop1
loop1
loop1
loop1
loop1
loop1
loop1
loop1
loop1
loop1
loop1
loop1
loop1
loop1
loop1
loop1
loop1
loop1
loop1
loop1
loop1
loop1
loop1
loop1
loop1
loop1
loop1
loop1
loop1
loop1
loop1
loop1
loop1
loop1
loop1
loop1
loop1
loop1
loop1
loop1
loop1
loop1
loop1
loop1
loop1
loop1
loop1
loop1
loop1
loop1
loop1
loop1
loop1
loop1
loop1
loop1
loop1
loop1
loop1
loop1
loop1
loop1
loop1
loop1
loop1
loop1
loop1
loop1
loop1
loop1
loop1
loop1
loop1
loop1
loop1
loop1
loop1
loop1
loop1
loop1
loop1
loop1
loop1
loop1
loop1
loop1
loop1
loop1
loop1
loop1
loop1
loop1
loop1
loop1
loop1
loop1
loop1
loop1
loop1
loop1
loop1
loop1
loop1
loop1
loop1
loop1
loop1
loop1
loop1
loop1
loop1
loop1
loop1
loop1
loop1
loop1
loop1
loop1
loop1
loop1
loop1
loop1
loop1
loop1
loop1
loop1
loop1
loop1
loop1
loop1
loop1
loop1
loop1
loop1
loop1
loop1
loop1
loop1
loop1
loop1
loop1
loop1
loop1
loop1
loop1
loop1
loop1
loop1
loop1
loop1
loop1
loop1
loop1
loop1
loop1
loop1
loop1
loop1
loop1
loop1
loop1
loop1
loop1
loop1
loop1
loop1
loop1
loop1
loop1
loop1
loop1
loop1
loop1
loop1
loop1
loop1
loop1
loop1
loop1
loop1
loop1
loop1
loop1
loop1
loop1
loop1
loop1
loop1
loop1
loop1
loop1
loop1
loop1
loop1
loop1
loop1
loop1
loop1
loop1
loop1
loop1
loop1
loop1
loop1
loop1
loop1
loop1
loop1
loop1
loop1
loop1
loop1
loop1
loop1
loop1
loop1
loop1
loop1
loop1
loop1
loop1
loop1
loop1
loop1
loop1
loop1
loop1
loop1
loop1
loop1
loop1
loop1
loop1
loop1
loop1
loop1
loop1
loop1
loop1
loop1
loop1
loop1
loop1
loop1
loop1
loop1
loop1
loop1
loop1
loop1
loop1
loop1
loop1
loop1
loop1
loop1
loop1
loop1
loop1
loop1
loop1
loop1
loop1
loop1
loop1
loop1
loop1
loop1
loop1
loop1
loop1
loop1
loop1
loop1
loop1
loop1
loop1
loop1
loop1
loop1
loop1
loop1
loop1
loop1
loop1
loop1
loop1
loop1
loop1
loop1
loop1
loop1
loop1
loop1
loop1
loop1
loop1
loop1
loop1
loop1
loop1
loop1
loop1
loop1
loop1
loop1
loop1
loop1
loop1
loop1
loop1
loop1
loop1
loop1
loop1
loop1
loop1
loop1
loop1
loop1
loop1
loop1
loop1
loop1
loop1
loop1
loop1
loop1
loop1
loop1
loop1
loop1
loop1
loop1
loop1
loop1
loop1
loop1
loop1
loop1
loop1
loop1
loop1
loop1
loop1
loop1
loop1
loop1
loop1
loop1
loop1
loop1
loop1
loop1
loop1
loop1
loop1
loop1
loop1
loop1
loop1
loop1
loop1
loop1
loop1
loop1
loop1
loop1
loop1
loop1
loop1
loop1
loop1
loop1
loop1
loop1
loop1
loop1
loop1
loop1
loop1
loop1
loop1
loop1
loop1
loop1
loop1
loop1
loop1
loop1
loop1
loop1
loop1
loop1
loop1
loop1
loop1
loop1
loop1
loop1
loop1
loop1
loop1
loop1
loop1
loop1
loop1
loop1
loop1
loop1
loop1
loop1
loop1
loop1
loop1
loop1
loop1
loop1
loop1
loop1
loop1
loop1
loop1
loop1
loop1
loop1
loop1
loop1
loop1
loop1
loop1
loop1
loop1
loop1
loop1
loop1
loop1
loop1
loop1
loop1
loop1
loop1
loop1
loop1
loop1
loop1
loop1
loop1
loop1
loop1
loop1
loop1
loop1
loop1
loop1
loop1
loop1
loop1
loop1
loop1
loop1
loop1
loop1
loop1
loop1
loop1
loop1
loop1
loop1
loop1
loop1
loop1
loop1
loop1
loop1
loop1
loop1
loop1
loop1
loop1
loop1
loop1
loop1
loop1
loop1
loop1
loop1
loop1
loop1
loop1
loop1
loop1
loop1
loop1
loop1
loop1
loop1
loop1
loop1
loop1
loop1
loop1
loop1
loop1
loop1
loop1
loop1
loop1
loop1
loop1
loop1
loop1
loop1
loop1
loop1
loop1
loop1
loop1
loop1
loop1
loop1
loop1
loop1
loop1
loop1
loop1
loop1
loop1
loop1
loop1
loop1
loop1
loop1
loop1
loop1
loop1
loop1
loop1
loop1
loop1
loop1
loop1
loop1
loop1
loop1
loop1
loop1
loop1
loop1
loop1
loop1
loop1
loop1
loop1
loop1
loop1
loop1
loop1
loop1
loop1
loop1
loop1
loop1
loop1
loop1
loop1
loop1
loop1
loop1
loop1
loop1
loop1
loop1
loop1
loop1
loop1
loop1
loop1
loop1
loop1
loop1
loop1
loop1
loop1
loop1
loop1
loop1
loop1
loop1
loop1
loop1
loop1
loop1
loop1
loop1
loop1
loop1
loop1
loop1
loop1
loop1
loop1
loop1
loop1
loop1
loop1
loop1
loop1
loop1
loop1
loop1
loop1
loop1
loop1
loop1
loop1
loop1
loop1
loop1
loop1
loop1
loop1
loop1
loop1
loop1
loop1
loop1
loop1
loop1
loop1
loop1
loop1
loop1
loop1
loop1
loop1
loop1
loop1
loop1
loop1
loop1
loop1
loop1
loop1
loop1
loop1
loop1
loop1
loop1
loop1
loop1
loop1
loop1
loop1
loop1
loop1
loop1
loop1
loop1
loop1
loop1
loop1
loop1
loop1
loop1
loop1
loop1
loop1
loop1
loop1
loop1
loop1
loop1
loop1
loop1
loop1
loop1
loop1
loop1
loop1
loop1
loop1
loop1
loop1
loop1
loop1
loop1
loop1
loop1
loop1
loop1
loop1
loop1
loop1
loop1
loop1
loop1
loop1
loop1
loop1
loop1
loop1
loop1
loop1
loop1
loop1
loop1
loop1
loop1
loop1
loop1
loop1
loop1
loop1
loop1
loop1
loop1
loop1
loop1
loop1
loop1
loop1
loop1
loop1
loop1
loop1
loop1
loop1
loop1
loop1
loop1
loop1
loop1
loop1
loop1
loop1
loop1
loop1
loop1
loop1
loop1
loop1
loop1
loop1
loop1
loop1
loop1
loop1
loop1
loop1
loop1
loop1
loop1
loop1
loop1
loop1
loop1
loop1
loop1
loop1
loop1
loop1
loop1
loop1
loop1
loop1
loop1
loop1
loop1
loop1
loop1
loop1
loop1
loop1
loop1
loop1
loop1
loop1
loop1
loop1
loop1
loop1
loop1
loop1
loop1
loop1
loop1
loop1
loop1
loop1
loop1
loop1
loop1
loop1
loop1
loop1
loop1
loop1
loop1
loop1
loop1
loop1
loop1
loop1
loop1
loop1
loop1
loop1
loop1
loop1
loop1
loop1
loop1
loop1
loop1
loop1
loop1
loop1
loop1
loop1
loop1
loop1
loop1
loop1
loop1
loop1
loop1
loop1
loop1
loop1
loop1
loop1
loop1
loop1
loop1
loop1
loop1
loop1
loop1
loop1
loop1
loop1
loop1
loop1
loop1
loop1
loop1
loop1
loop1
loop1
loop1
loop1
loop1
loop1
loop1
loop1
loop1
loop1
loop1
loop1
loop1
loop1
loop1
loop1
loop1
loop1
loop1
loop1
loop1
loop1
loop1
loop1
loop1
loop1
loop1
loop1
loop1
loop1
loop1
loop1
loop1
loop1
loop1
loop1
loop1
loop1
loop1
loop1
loop1
loop1
loop1
loop1
loop1
loop1
loop1
loop1
loop1
loop1
loop1
loop1
loop1
loop1
loop1
loop1
loop1
loop1
loop1
loop1
loop1
loop1
loop1
loop1
loop1
loop1
loop1
loop1
loop1
loop1
loop1
loop1
loop1
loop1
loop1
loop1
loop1
loop1
loop1
loop1
loop1
loop1
loop1
loop1
loop1
loop1
loop1
loop1
loop1
loop1
loop1
loop1
loop1
loop1
loop1
loop1
loop1
loop1
loop1
loop1
loop1
loop1
loop1
loop1
loop1
loop1
loop1
loop1
loop1
loop1
loop1
loop1
loop1
loop1
loop1
loop1
loop1
loop1
loop1
loop1
loop1
loop1
loop1
loop1
loop1
loop1
loop1
loop1
loop1
loop1
loop1
loop1
loop1
loop1
loop1
loop1
loop1
loop1
loop1
loop1
loop1
loop1
loop1
loop1
loop1
loop1
loop1
loop1
loop1
loop1
loop1
loop1
loop1
loop1
loop1
loop1
loop1
loop1
loop1
loop1
loop1
loop1
loop1
loop1
loop1
loop1
loop1
loop1
loop1
loop1
loop1
loop1
loop1
loop1
loop1
loop1
loop1
loop1
loop1
loop1
loop1
loop1
loop1
loop1
loop1
loop1
loop1
loop1
loop1
loop1
loop1
loop1
loop1
loop1
loop1
loop1
loop1
loop1
loop1
loop1
loop1
loop1
loop1
loop1
loop1
loop1
loop1
loop1
loop1
loop1
loop1
loop1
loop1
loop1
loop1
loop1
loop1
loop1
loop1
loop1
loop1
loop1
loop1
loop1
loop1
loop1
loop1
loop1
loop1
loop1
loop1
loop1
loop1
loop1
loop1
loop1
loop1
loop1
loop1
loop1
loop1
loop1
loop1
loop1
loop1
loop1
loop1
loop1
loop1
loop1
loop1
loop1
loop1
loop1
loop1
loop1
loop1
loop1
loop1
loop1
loop1
loop1
loop1
loop1
loop1
loop1
loop1
loop1
loop1
loop1
loop1
loop1
loop1
loop1
loop1
loop1
loop1
loop1
loop1
loop1
loop1
loop1
loop1
loop1
loop1
loop1
loop1
loop1
loop1
loop1
loop1
loop1
loop1
loop1
loop1
loop1
loop1
loop1
loop1
loop1
loop1
loop1
loop1
loop1
loop1
loop1
loop1
loop1
loop1
loop1
loop1
loop1
loop1
loop1
loop1
loop1
loop1
loop1
loop1
loop1
loop1
loop1
loop1
loop1
loop1
loop1
loop1
loop1
loop1
loop1
loop1
loop1
loop1
loop1
loop1
loop1
loop1
loop1
loop1
loop1
loop1
loop1
loop1
loop1
loop1
loop1
loop1
loop1
loop1
loop1
loop1
loop1
loop1
loop1
loop1
loop1
loop1
loop1
loop1
loop1
loop1
loop1
loop1
loop1
loop1
loop1
loop1
loop1
loop1
loop1
loop1
loop1
loop1
loop1
loop1
loop1
loop1
loop1
loop1
loop1
loop1
loop1
loop1
loop1
loop1
loop1
loop1
loop1
loop1
loop1
loop1
loop1
loop1
loop1
loop1
loop1
loop1
loop1
loop1
loop1
loop1
loop1
loop1
loop1
loop1
loop1
loop1
loop1
loop1
loop1
loop1
loop1
loop1
loop1
loop1
loop1
loop1
loop1
loop1
loop1
loop1
loop1
loop1
loop1
loop1
loop1
loop1
loop1
loop1
loop1
loop1
loop1
loop1
loop1
loop1
loop1
loop1
loop1
loop1
loop1
loop1
loop1
loop1
loop1
loop1
loop1
loop1
loop1
loop1
loop1
loop1
loop1
loop1
loop1
loop1
loop1
loop1
loop1
loop1
loop1
loop1
loop1
loop1
loop1
loop1
loop1
loop1
loop1
loop1
loop1
loop1
loop1
loop1
loop1
loop1
loop1
loop1
loop1
loop1
loop1
loop1
loop1
loop1
loop1
loop1
loop1
loop1
loop1
loop1
loop1
loop1
loop1
loop1
loop1
loop1
loop1
loop1
loop1
loop1
loop1
loop1
loop1
loop1
loop1
loop1
loop1
loop1
loop1
loop1
loop1
loop1
loop1
loop1
loop1
loop1
loop1
loop1
loop1
loop1
loop1
loop1
loop1
loop1
loop1
loop1
loop1
loop1
loop1
loop1
loop1
loop1
loop1
loop1
loop1
loop1
loop1
loop1
loop1
loop1
loop1
loop1
loop1
loop1
loop1
loop1
loop1
loop1
loop1
loop1
loop1
loop1
loop1
loop1
loop1
loop1
loop1
loop1
loop1
loop1
loop1
loop1
loop1
loop1
loop1
loop1
loop1
loop1
loop1
loop1
loop1
loop1
loop1
loop1
loop1
loop1
loop1
loop1
loop1
loop1
loop1
loop1
loop1
loop1
loop1
loop1
loop1
loop1
loop1
loop1
loop1
loop1
loop1
loop1
loop1
loop1
loop1
loop1
loop1
loop1
loop1
loop1
loop1
loop1
loop1
loop1
loop1
loop1
loop1
loop1
loop1
loop1
loop1
loop1
loop1
loop1
loop1
loop1
loop1
loop1
loop1
loop1
loop1
loop1
loop1
loop1
loop1
loop1
loop1
loop1
loop1
loop1
loop1
loop1
loop1
loop1
loop1
loop1
loop1
loop1
loop1
loop1
loop1
loop1
loop1
loop1
loop1
loop1
loop1
loop1
loop1
loop1
loop1
loop1
loop1
loop1
loop1
loop1
loop1
loop1
loop1
loop1
loop1
loop1
loop1
loop1
loop1
loop1
loop1
loop1
loop1
loop1
loop1
loop1
loop1
loop1
loop1
loop1
loop1
loop1
loop1
loop1
loop1
loop1
loop1
loop1
loop1
loop1
loop1
loop1
loop1
loop1
loop1
loop1
loop1
loop1
loop1
loop1
loop1
loop1
loop1
loop1
loop1
loop1
loop1
loop1
loop1
loop1
loop1
loop1
loop1
loop1
loop1
loop1
loop1
loop1
loop1
loop1
loop1
loop1
loop1
loop1
loop1
loop1
loop1
loop1
loop1
loop1
loop1
loop1
loop1
loop1
loop1
loop1
loop1
loop1
loop1
loop1
loop1
loop1
loop1
loop1
loop1
loop1
loop1
loop1
loop1
loop1
loop1
loop1
loop1
loop1
loop1
loop1
loop1
loop1
loop1
loop1
loop1
loop1
loop1
loop1
loop1
loop1
loop1
loop1
loop1
loop1
loop1
loop1
loop1
loop1
loop1
loop1
loop1
loop1
loop1
loop1
loop1
loop1
loop1
loop1
loop1
loop1
loop1
loop1
loop1
loop1
loop1
loop1
loop1
loop1
loop1
loop1
loop1
loop1
loop1
loop1
loop1
loop1
loop1
loop1
loop1
loop1
loop1
loop1
loop1
loop1
loop1
loop1
loop1
loop1
loop1
loop1
loop1
loop1
loop1
loop1
loop1
loop1
loop1
loop1
loop1
loop1
loop1
loop1
loop1
loop1
loop1
loop1
loop1
loop1
loop1
loop1
loop1
loop1
loop1
loop1
loop1
loop1
loop1
loop1
loop1
loop1
loop1
loop1
loop1
loop1
loop1
loop1
loop1
loop1
loop1
loop1
loop1
loop1
loop1
loop1
loop1
loop1
loop1
loop1
loop1
loop1
loop1
loop1
loop1
loop1
loop1
loop1
loop1
loop1
loop1
loop1
loop1
loop1
loop1
loop1
loop1
loop1
loop1
loop1
loop1
loop1
loop1
loop1
loop1
loop1
loop1
loop1
loop1
loop1
loop1
loop1
loop1
loop1
loop1
loop1
loop1
loop1
loop1
loop1
loop1
loop1
loop1
loop1
loop1
loop1
loop1
loop1
loop1
loop1
loop1
loop1
loop1
loop1
loop1
loop1
loop1
loop1
loop1
loop1
loop1
loop1
loop1
loop1
loop1
loop1
loop1
loop1
loop1
loop1
loop1
loop1
loop1
loop1
loop1
loop1
loop1
loop1
loop1
loop1
loop1
loop1
loop1
loop1
loop1
loop1
loop1
loop1
loop1
loop1
loop1
loop1
loop1
loop1
loop1
loop1
loop1
loop1
loop1
loop1
loop1
loop1
loop1
loop1
loop1
loop1
loop1
loop1
loop1
loop1
loop1
loop1
loop1
loop1
loop1
loop1
loop1
loop1
loop1
loop1
loop1
loop1
loop1
loop1
loop1
loop1
loop1
loop1
loop1
loop1
loop1
loop1
loop1
loop1
loop1
loop1
loop1
loop1
loop1
loop1
loop1
loop1
loop1
loop1
loop1
loop1
loop1
loop1
loop1
loop1
loop1
loop1
loop1
loop1
loop1
loop1
loop1
loop1
loop1
loop1
loop1
loop1
loop1
loop1
loop1
loop1
loop1
loop1
loop1
loop1
loop1
loop1
loop1
loop1
loop1
loop1
loop1
loop1
loop1
loop1
loop1
loop1
loop1
loop1
loop1
loop1
loop1
loop1
loop1
loop1
loop1
loop1
loop1
loop1
loop1
loop1
loop1
loop1
loop1
loop1
loop1
loop1
loop1
loop1
loop1
loop1
loop1
loop1
loop1
loop1
loop1
loop1
loop1
loop1
loop1
loop1
loop1
loop1
loop1
loop1
loop1
loop1
loop1
loop1
loop1
loop1
loop1
loop1
loop1
loop1
loop1
loop1
loop1
loop1
loop1
loop1
loop1
loop1
loop1
loop1
loop1
loop1
loop1
loop1
loop1
loop1
loop1
loop1
loop1
loop1
loop1
loop1
loop1
loop1
loop1
loop1
loop1
loop1
loop1
loop1
loop1
loop1
loop1
loop1
loop1
loop1
loop1
loop1
loop1
loop1
loop1
loop1
loop1
loop1
loop1
loop1
loop1
loop1
loop1
loop1
loop1
loop1
loop1
loop1
loop1
loop1
loop1
loop1
loop1
loop1
loop1
loop1
loop1
loop1
loop1
loop1
loop1
loop1
loop1
loop1
loop1
loop1
loop1
loop1
loop1
loop1
loop1
loop1
loop1
loop1
loop1
loop1
loop1
loop1
loop1
loop1
loop1
loop1
loop1
loop1
loop1
loop1
loop1
loop1
loop1
loop1
loop1
loop1
loop1
loop1
loop1
loop1
loop1
loop1
loop1
loop1
loop1
loop1
loop1
loop1
loop1
loop1
loop1
loop1
loop1
loop1
loop1
loop1
loop1
loop1
loop1
loop1
loop1
loop1
loop1
loop1
loop1
loop1
loop1
loop1
loop1
loop1
loop1
loop1
loop1
loop1
loop1
loop1
loop1
loop1
loop1
loop1
loop1
loop1
loop1
loop1
loop1
loop1
loop1
loop1
loop1
loop1
loop1
loop1
loop1
loop1
loop1
loop1
loop1
loop1
loop1
loop1
loop1
loop1
loop1
loop1
loop1
loop1
loop1
loop1
loop1
loop1
loop1
loop1
loop1
loop1
loop1
loop1
loop1
loop1
loop1
loop1
loop1
loop1
loop1
loop1
loop1
loop1
loop1
loop1
loop1
loop1
loop1
loop1
loop1
loop1
loop1
loop1
loop1
loop1
loop1
loop1
loop1
loop1
loop1
loop1
loop1
loop1
loop1
loop1
loop1
loop1
loop1
loop1
loop1
loop1
loop1
loop1
loop1
loop1
loop1
loop1
loop1
loop1
loop1
loop1
loop1
loop1
loop1
loop1
loop1
loop1
loop1
loop1
loop1
loop1
loop1
loop1
loop1
loop1
loop1
loop1
loop1
loop1
loop1
loop1
loop1
loop1
loop1
loop1
loop1
loop1
loop1
loop1
loop1
loop1
loop1
loop1
loop1
loop1
loop1
loop1
loop1
loop1
loop1
loop1
loop1
loop1
loop1
loop1
loop1
loop1
loop1
loop1
loop1
loop1
loop1
loop1
loop1
loop1
loop1
loop1
loop1
loop1
loop1
loop1
loop1
loop1
loop1
loop1
loop1
loop1
loop1
loop1
loop1
loop1
loop1
loop1
loop1
loop1
loop1
loop1
loop1
loop1
loop1
loop1
loop1
loop1
loop1
loop1
loop1
loop1
loop1
loop1
loop1
loop1
loop1
loop1
loop1
loop1
loop1
loop1
loop1
loop1
loop1
loop1
loop1
loop1
loop1
loop1
loop1
loop1
loop1
loop1
loop1
loop1
loop1
loop1
loop1
loop1
loop1
loop1
loop1
loop1
loop1
loop1
loop1
loop1
loop1
loop1
loop1
loop1
loop1
loop1
loop1
loop1
loop1
loop1
loop1
loop1
loop1
loop1
loop1
loop1
loop1
loop1
loop1
loop1
loop1
loop1
loop1
loop1
loop1
loop1
loop1
loop1
loop1
loop1
loop1
loop1
loop1
loop1
loop1
loop1
loop1
loop1
loop1
loop1
loop1
loop1
loop1
loop1
loop1
loop1
loop1
loop1
loop1
loop1
loop1
loop1
loop1
loop1
loop1
loop1
loop1
loop1
loop1
loop1
loop1
loop1
loop1
loop1
loop1
loop1
loop1
loop1
loop1
loop1
loop1
loop1
loop1
loop1
loop1
loop1
loop1
loop1
loop1
loop1
loop1
loop1
loop1
loop1
loop1
loop1
loop1
loop1
loop1
loop1
loop1
loop1
loop1
loop1
loop1
loop1
loop1
loop1
loop1
loop1
loop1
loop1
loop1
loop1
loop1
loop1
loop1
loop1
loop1
loop1
loop1
loop1
loop1
loop1
loop1
loop1
loop1
loop1
loop1
loop1
loop1
loop1
loop1
loop1
loop1
loop1
loop1
loop1
loop1
loop1
loop1
loop1
loop1
loop1
loop1
loop1
loop1
loop1
loop1
loop1
loop1
loop1
loop1
loop1
loop1
loop1
loop1
loop1
loop1
loop1
loop1
loop1
loop1
loop1
loop1
loop1
loop1
loop1
loop1
loop1
loop1
loop1
loop1
loop1
loop1
loop1
loop1
loop1
loop1
loop1
loop1
loop1
loop1
loop1
loop1
loop1
loop1
loop1
loop1
loop1
loop1
loop1
loop1
loop1
loop1
loop1
loop1
loop1
loop1
loop1
loop1
loop1
loop1
loop1
loop1
loop1
loop1
loop1
loop1
loop1
loop1
loop1
loop1
loop1
loop1
loop1
loop1
loop1
loop1
loop1
loop1
loop1
loop1
loop1
loop1
loop1
loop1
loop1
loop1
loop1
loop1
loop1
loop1
loop1
loop1
loop1
loop1
loop1
loop1
loop1
loop1
loop1
loop1
loop1
loop1
loop1
loop1
loop1
loop1
loop1
loop1
loop1
loop1
loop1
loop1
loop1
loop1
loop1
loop1
loop1
loop1
loop1
loop1
loop1
loop1
loop1
loop1
loop1
loop1
loop1
loop1
loop1
loop1
loop1
loop1
loop1
loop1
loop1
loop1
loop1
loop1
loop1
loop1
loop1
loop1
loop1
loop1
loop1
loop1
loop1
loop1
loop1
loop1
loop1
loop1
loop1
loop1
loop1
loop1
loop1
loop1
loop1
loop1
loop1
loop1
loop1
loop1
loop1
loop1
loop1
loop1
loop1
loop1
loop1
loop1
loop1
loop1
loop1
loop1
loop1
loop1
loop1
loop1
loop1
loop1
loop1
loop1
loop1
loop1
loop1
loop1
loop1
loop1
loop1
loop1
loop1
loop1
loop1
loop1
loop1
loop1
loop1
loop1
loop1
loop1
loop1
loop1
loop1
loop1
loop1
loop1
loop1
loop1
loop1
loop1
loop1
loop1
loop1
loop1
loop1
loop1
loop1
loop1
loop1
loop1
loop1
loop1
loop1
loop1
loop1
loop1
loop1
loop1
loop1
loop1
loop1
loop1
loop1
loop1
loop1
loop1
loop1
loop1
loop1
loop1
loop1
loop1
loop1
loop1
loop1
loop1
loop1
loop1
loop1
loop1
loop1
loop1
loop1
loop1
loop1
loop1
loop1
loop1
loop1
loop1
loop1
loop1
loop1
loop1
loop1
loop1
loop1
loop1
loop1
loop1
loop1
loop1
loop1
loop1
loop1
loop1
loop1
loop1
loop1
loop1
loop1
loop1
loop1
loop1
loop1
loop1
loop1
loop1
loop1
loop1
loop1
loop1
loop1
loop1
loop1
loop1
loop1
loop1
loop1
loop1
loop1
loop1
loop1
loop1
loop1
loop1
loop1
loop1
loop1
loop1
loop1
loop1
loop1
loop1
loop1
loop1
loop1
loop1
loop1
loop1
loop1
loop1
loop1
loop1
loop1
loop1
loop1
loop1
loop1
loop1
loop1
loop1
loop1
loop1
loop1
loop1
loop1
loop1
loop1
loop1
loop1
loop1
loop1
loop1
loop1
loop1
loop1
loop1
loop1
loop1
loop1
loop1
loop1
loop1
loop1
loop1
loop1
loop1
loop1
loop1
loop1
loop1
loop1
loop1
loop1
loop1
loop1
loop1
loop1
loop1
loop1
loop1
loop1
loop1
loop1
loop1
loop1
loop1
loop1
loop1
loop1
loop1
loop1
loop1
loop1
loop1
loop1
loop1
loop1
loop1
loop1
loop1
loop1
loop1
loop1
loop1
loop1
loop1
loop1
loop1
loop1
loop1
loop1
loop1
loop1
loop1
loop1
loop1
loop1
loop1
loop1
loop1
loop1
loop1
loop1
loop1
loop1
loop1
loop1
loop1
loop1
loop1
loop1
loop1
loop1
loop1
loop1
loop1
loop1
loop1
loop1
loop1
loop1
loop1
loop1
loop1
loop1
loop1
loop1
loop1
loop1
loop1
loop1
loop1
loop1
loop1
loop1
loop1
loop1
loop1
loop1
loop1
loop1
loop1
loop1
loop1
loop1
loop1
loop1
loop1
loop1
loop1
loop1
loop1
loop1
loop1
loop1
loop1
loop1
loop1
loop1
loop1
loop1
loop1
loop1
loop1
loop1
loop1
loop1
loop1
loop1
loop1
loop1
loop1
loop1
loop1
loop1
loop1
loop1
loop1
loop1
loop1
loop1
loop1
loop1
loop1
loop1
loop1
loop1
loop1
loop1
loop1
loop1
loop1
loop1
loop1
loop1
loop1
loop1
loop1
loop1
loop1
loop1
loop1
loop1
loop1
loop1
loop1
loop1
loop1
loop1
loop1
loop1
loop1
loop1
loop1
loop1
loop1
loop1
loop1
loop1
loop1
loop1
loop1
loop1
loop1
loop1
loop1
loop1
loop1
loop1
loop1
loop1
loop1
loop1
loop1
loop1
loop1
loop1
loop1
loop1
loop1
loop1
loop1
loop1
loop1
loop1
loop1
loop1
loop1
loop1
loop1
loop1
loop1
loop1
loop1
loop1
loop1
loop1
loop1
loop1
loop1
loop1
loop1
loop1
loop1
loop1
loop1
loop1
loop1
loop1
loop1
loop1
loop1
loop1
loop1
loop1
loop1
loop1
loop1
loop1
loop1
loop1
loop1
loop1
loop1
loop1
loop1
loop1
loop1
loop1
loop1
loop1
loop1
loop1
loop1
loop1
loop1
loop1
loop1
loop1
loop1
loop1
loop1
loop1
loop1
loop1
loop1
loop1
loop1
loop1
loop1
loop1
loop1
loop1
loop1
loop1
loop1
loop1
loop1
loop1
loop1
loop1
loop1
loop1
loop1
loop1
loop1
loop1
loop1
loop1
loop1
loop1
loop1
loop1
loop1
loop1
loop1
loop1
loop1
loop1
loop1
loop1
loop1
loop1
loop1
loop1
loop1
loop1
loop1
loop1
loop1
loop1
loop1
loop1
loop1
loop1
loop1
loop1
loop1
loop1
loop1
loop1
loop1
loop1
loop1
loop1
loop1
loop1
loop1
loop1
loop1
loop1
loop1
loop1
loop1
loop1
loop1
loop1
loop1
loop1
loop1
loop1
loop1
loop1
loop1
loop1
loop1
loop1
loop1
loop1
loop1
loop1
loop1
loop1
loop1
loop1
loop1
loop1
loop1
loop1
loop1
loop1
loop1
loop1
loop1
loop1
loop1
loop1
loop1
loop1
loop1
loop1
loop1
loop1
loop1
loop1
loop1
loop1
loop1
loop1
loop1
loop1
loop1
loop1
loop1
loop1
loop1
loop1
loop1
loop1
loop1
loop1
loop1
loop1
loop1
loop1
loop1
loop1
loop1
loop1
loop1
loop1
loop1
loop1
loop1
loop1
loop1
loop1
loop1
loop1
loop1
loop1
loop1
loop1
loop1
loop1
loop1
loop1
loop1
loop1
loop1
loop1
loop1
loop1
loop1
loop1
loop1
loop1
loop1
loop1
loop1
loop1
loop1
loop1
loop1
loop1
loop1
loop1
loop1
loop1
loop1
loop1
loop1
loop1
loop1
loop1
loop1
loop1
loop1
loop1
loop1
loop1
loop1
loop1
loop1
loop1
loop1
loop1
loop1
loop1
loop1
loop1
loop1
loop1
loop1
loop1
loop1
loop1
loop1
loop1
loop1
loop1
loop1
loop1
loop1
loop1
loop1
loop1
loop1
loop1
loop1
loop1
loop1
loop1
loop1
loop1
loop1
loop1
loop1
loop1
loop1
loop1
loop1
loop1
loop1
loop1
loop1
loop1
loop1
loop1
loop1
loop1
loop1
loop1
loop1
loop1
loop1
loop1
loop1
loop1
loop1
loop1
loop1
loop1
loop1
loop1
loop1
loop1
loop1
loop1
loop1
loop1
loop1
loop1
loop1
loop1
loop1
loop1
loop1
loop1
loop1
loop1
loop1
loop1
loop1
loop1
loop1
loop1
loop1
loop1
loop1
loop1
loop1
loop1
loop1
loop1
loop1
loop1
loop1
loop1
loop1
loop1
loop1
loop1
loop1
loop1
loop1
loop1
loop1
loop1
loop1
loop1
loop1
loop1
loop1
loop1
loop1
loop1
loop1
loop1
loop1
loop1
loop1
loop1
loop1
loop1
loop1
loop1
loop1
loop1
loop1
loop1
loop1
loop1
loop1
loop1
loop1
loop1
loop1
loop1
loop1
loop1
loop1
loop1
loop1
loop1
loop1
loop1
loop1
loop1
loop1
loop1
loop1
loop1
loop1
loop1
loop1
loop1
loop1
loop1
loop1
loop1
loop1
loop1
loop1
loop1
loop1
loop1
loop1
loop1
loop1
loop1
loop1
loop1
loop1
loop1
loop1
loop1
loop1
loop1
loop1
loop1
loop1
loop1
loop1
loop1
loop1
loop1
loop1
loop1
loop1
loop1
loop1
loop1
loop1
loop1
loop1
loop1
loop1
loop1
loop1
loop1
loop1
loop1
loop1
loop1
loop1
loop1
loop1
loop1
loop1
loop1
loop1
loop1
loop1
loop1
loop1
loop1
loop1
loop1
loop1
loop1
loop1
loop1
loop1
loop1
loop1
loop1
loop1
loop1
loop1
loop1
loop1
loop1
loop1
loop1
loop1
loop1
loop1
loop1
loop1
loop1
loop1
loop1
loop1
loop1
loop1
loop1
loop1
loop1
loop1
loop1
loop1
loop1
loop1
loop1
loop1
loop1
loop1
loop1
loop1
loop1
loop1
loop1
loop1
loop1
loop1
loop1
loop1
loop1
loop1
loop1
loop1
loop1
loop1
loop1
loop1
loop1
loop1
loop1
loop1
loop1
loop1
loop1
loop1
loop1
loop1
loop1
loop1
loop1
loop1
loop1
loop1
loop1
loop1
loop1
loop1
loop1
loop1
loop1
loop1
loop1
loop1
loop1
loop1
loop1
loop1
loop1
loop1
loop1
loop1
loop1
loop1
loop1
loop1
loop1
loop1
loop1
loop1
loop1
loop1
loop1
loop1
loop1
loop1
loop1
loop1
loop1
loop1
loop1
loop1
loop1
loop1
loop1
loop1
loop1
loop1
loop1
loop1
loop1
loop1
loop1
loop1
loop1
loop1
loop1
loop1
loop1
loop1
loop1
loop1
loop1
loop1
loop1
loop1
loop1
loop1
loop1
loop1
loop1
loop1
loop1
loop1
loop1
loop1
loop1
loop1
loop1
loop1
loop1
loop1
loop1
loop1
loop1
loop1
loop1
loop1
loop1
loop1
loop1
loop1
loop1
loop1
loop1
loop1
loop1
loop1
loop1
loop1
loop1
loop1
loop1
loop1
loop1
loop1
loop1
loop1
loop1
loop1
loop1
loop1
loop1
loop1
loop1
loop1
loop1
loop1
loop1
loop1
loop1
loop1
loop1
loop1
loop1
loop1
loop1
loop1
loop1
loop1
loop1
loop1
loop1
loop1
loop1
loop1
loop1
loop1
loop1
loop1
loop1
loop1
loop1
loop1
loop1
loop1
loop1
loop1
loop1
loop1
loop1
loop1
loop1
loop1
loop1
loop1
loop1
loop1
loop1
loop1
loop1
loop1
loop1
loop1
loop1
loop1
loop1
loop1
loop1
loop1
loop1
loop1
loop1
loop1
loop1
loop1
loop1
loop1
loop1
loop1
loop1
loop1
loop1
loop1
loop1
loop1
loop1
loop1
loop1
loop1
loop1
loop1
loop1
loop1
loop1
loop1
loop1
loop1
loop1
loop1
loop1
loop1
loop1
loop1
loop1
loop1
loop1
loop1
loop1
loop1
loop1
loop1
loop1
loop1
loop1
loop1
loop1
loop1
loop1
loop1
loop1
loop1
loop1
loop1
loop1
loop1
loop1
loop1
loop1
loop1
loop1
loop1
loop1
loop1
loop1
loop1
loop1
loop1
loop1
loop1
loop1
loop1
loop1
loop1
loop1
loop1
loop1
loop1
loop1
loop1
loop1
loop1
loop1
loop1
loop1
loop1
loop1
loop1
loop1
loop1
loop1
loop1
loop1
loop1
loop1
loop1
loop1
loop1
loop1
loop1
loop1
loop1
loop1
loop1
loop1
loop1
loop1
loop1
loop1
loop1
loop1
loop1
loop1
loop1
loop1
loop1
loop1
loop1
loop1
loop1
loop1
loop1
loop1
loop1
loop1
loop1
loop1
loop1
loop1
loop1
loop1
loop1
loop1
loop1
loop1
loop1
loop1
loop1
loop1
loop1
loop1
loop1
loop1
loop1
loop1
loop1
loop1
loop1
loop1
loop1
loop1
loop1
loop1
loop1
loop1
loop1
loop1
loop1
loop1
loop1
loop1
loop1
loop1
loop1
loop1
loop1
loop1
loop1
loop1
loop1
loop1
loop1
loop1
loop1
loop1
loop1
loop1
loop1
loop1
loop1
loop1
loop1
loop1
loop1
loop1
loop1
loop1
loop1
loop1
loop1
loop1
loop1
loop1
loop1
loop1
loop1
loop1
loop1
loop1
loop1
loop1
loop1
loop1
loop1
loop1
loop1
loop1
loop1
loop1
loop1
loop1
loop1
loop1
loop1
loop1
loop1
loop1
loop1
loop1
loop1
loop1
loop1
loop1
loop1
loop1
loop1
loop1
loop1
loop1
loop1
loop1
loop1
loop1
loop1
loop1
loop1
loop1
loop1
loop1
loop1
loop1
loop1
loop1
loop1
loop1
loop1
loop1
loop1
loop1
loop1
loop1
loop1
loop1
loop1
loop1
loop1
loop1
loop1
loop1
loop1
loop1
loop1
loop1
loop1
loop1
loop1
loop1
loop1
loop1
loop1
loop1
loop1
loop1
loop1
loop1
loop1
loop1
loop1
loop1
loop1
loop1
loop1
loop1
loop1
loop1
loop1
loop1
loop1
loop1
loop1
loop1
loop1
loop1
loop1
loop1
loop1
loop1
loop1
loop1
loop1
loop1
loop1
loop1
loop1
loop1
loop1
loop1
loop1
loop1
loop1
loop1
loop1
loop1
loop1
loop1
loop1
loop1
loop1
loop1
loop1
loop1
loop1
loop1
loop1
loop1
loop1
loop1
loop1
loop1
loop1
loop1
loop1
loop1
loop1
loop1
loop1
loop1
loop1
loop1
loop1
loop1
loop1
loop1
loop1
loop1
loop1
loop1
loop1
loop1
loop1
loop1
loop1
loop1
loop1
loop1
loop1
loop1
loop1
loop1
loop1
loop1
loop1
loop1
loop1
loop1
loop1
loop1
loop1
loop1
loop1
loop1
loop1
loop1
loop1
loop1
loop1
loop1
loop1
loop1
loop1
loop1
loop1
loop1
loop1
loop1
loop1
loop1
loop1
loop1
loop1
loop1
loop1
loop1
loop1
loop1
loop1
loop1
loop1
loop1
loop1
loop1
loop1
loop1
loop1
loop1
loop1
loop1
loop1
loop1
loop1
loop1
loop1
loop1
loop1
loop1
loop1
loop1
loop1
loop1
loop1
loop1
loop1
loop1
loop1
loop1
loop1
loop1
loop1
loop1
loop1
loop1
loop1
loop1
loop1
loop1
loop1
loop1
loop1
loop1
loop1
loop1
loop1
loop1
loop1
loop1
loop1
loop1
loop1
loop1
loop1
loop1
loop1
loop1
loop1
loop1
loop1
loop1
loop1
loop1
loop1
loop1
loop1
loop1
loop1
loop1
loop1
loop1
loop1
loop1
loop1
loop1
loop1
loop1
loop1
loop1
loop1
loop1
loop1
loop1
loop1
loop1
loop1
loop1
loop1
loop1
loop1
loop1
loop1
loop1
loop1
loop1
loop1
loop1
loop1
loop1
loop1
loop1
loop1
loop1
loop1
loop1
loop1
loop1
loop1
loop1
loop1
loop1
loop1
loop1
loop1
loop1
loop1
loop1
loop1
loop1
loop1
loop1
loop1
loop1
loop1
loop1
loop1
loop1
loop1
loop1
loop1
loop1
loop1
loop1
loop1
loop1
loop1
loop1
loop1
loop1
loop1
loop1
loop1
loop1
loop1
loop1
loop1
loop1
loop1
loop1
loop1
loop1
loop1
loop1
loop1
loop1
loop1
loop1
loop1
loop1
loop1
loop1
loop1
loop1
loop1
loop1
loop1
loop1
loop1
loop1
loop1
loop1
loop1
loop1
loop1
loop1
loop1
loop1
loop1
loop1
loop1
loop1
loop1
loop1
loop1
loop1
loop1
loop1
loop1
loop1
loop1
loop1
loop1
loop1
loop1
loop1
loop1
loop1
loop1
loop1
loop1
loop1
loop1
loop1
loop1
loop1
loop1
loop1
loop1
loop1
loop1
loop1
loop1
loop1
loop1
loop1
loop1
loop1
loop1
loop1
loop1
loop1
loop1
loop1
loop1
loop1
loop1
loop1
loop1
loop1
loop1
loop1
loop1
loop1
loop1
loop1
loop1
loop1
loop1
loop1
loop1
loop1
loop1
loop1
loop1
loop1
loop1
loop1
loop1
loop1
loop1
loop1
loop1
loop1
loop1
loop1
loop1
loop1
loop1
loop1
loop1
loop1
loop1
loop1
loop1
loop1
loop1
loop1
loop1
loop1
loop1
loop1
loop1
loop1
loop1
loop1
loop1
loop1
loop1
loop1
loop1
loop1
loop1
loop1
loop1
loop1
loop1
loop1
loop1
loop1
loop1
loop1
loop1
loop1
loop1
loop1
loop1
loop1
loop1
loop1
loop1
loop1
loop1
loop1
loop1
loop1
loop1
loop1
loop1
loop1
loop1
loop1
loop1
loop1
loop1
loop1
loop1
loop1
loop1
loop1
loop1
loop1
loop1
loop1
loop1
loop1
loop1
loop1
loop1
loop1
loop1
loop1
loop1
loop1
loop1
loop1
loop1
loop1
loop1
loop1
loop1
loop1
loop1
loop1
loop1
loop1
loop1
loop1
loop1
loop1
loop1
loop1
loop1
loop1
loop1
loop1
loop1
loop1
loop1
loop1
loop1
loop1
loop1
loop1
loop1
loop1
loop1
loop1
loop1
loop1
loop1
loop1
loop1
loop1
loop1
loop1
loop1
loop1
loop1
loop1
loop1
loop1
loop1
loop1
loop1
loop1
loop1
loop1
loop1
loop1
loop1
loop1
loop1
loop1
loop1
loop1
loop1
loop1
loop1
loop1
loop1
loop1
loop1
loop1
loop1
loop1
loop1
loop1
loop1
loop1
loop1
loop1
loop1
loop1
loop1
loop1
loop1
loop1
loop1
loop1
loop1
loop1
loop1
loop1
loop1
loop1
loop1
loop1
loop1
loop1
loop1
loop1
loop1
loop1
loop1
loop1
loop1
loop1
loop1
loop1
loop1
loop1
loop1
loop1
loop1
loop1
loop1
loop1
loop1
loop1
loop1
loop1
loop1
loop1
loop1
loop1
loop1
loop1
loop1
loop1
loop1
loop1
loop1
loop1
loop1
loop1
loop1
loop1
loop1
loop1
loop1
loop1
loop1
loop1
loop1
loop1
loop1
loop1
loop1
loop1
loop1
loop1
loop1
loop1
loop1
loop1
loop1
loop1
loop1
loop1
loop1
loop1
loop1
loop1
loop1
loop1
loop1
loop1
loop1
loop1
loop1
loop1
loop1
loop1
loop1
loop1
loop1
loop1
loop1
loop1
loop1
loop1
loop1
loop1
loop1
loop1
loop1
loop1
loop1
loop1
loop1
loop1
loop1
loop1
loop1
loop1
loop1
loop1
loop1
loop1
loop1
loop1
loop1
loop1
loop1
loop1
loop1
loop1
loop1
loop1
loop1
loop1
loop1
loop1
loop1
loop1
loop1
loop1
loop1
loop1
loop1
loop1
loop1
loop1
loop1
loop1
loop1
loop1
loop1
loop1
loop1
loop1
loop1
loop1
loop1
loop1
loop1
loop1
loop1
loop1
loop1
loop1
loop1
loop1
loop1
loop1
loop1
loop1
loop1
loop1
loop1
loop1
loop1
loop1
loop1
loop1
loop1
loop1
loop1
loop1
loop1
loop1
loop1
loop1
loop1
loop1
loop1
loop1
loop1
loop1
loop1
loop1
loop1
loop1
loop1
loop1
loop1
loop1
loop1
loop1
loop1
loop1
loop1
loop1
loop1
loop1
loop1
loop1
loop1
loop1
loop1
loop1
loop1
loop1
loop1
loop1
loop1
loop1
loop1
loop1
loop1
loop1
loop1
loop1
loop1
loop1
loop1
loop1
loop1
loop1
loop1
loop1
loop1
loop1
loop1
loop1
loop1
loop1
loop1
loop1
loop1
loop1
loop1
loop1
loop1
loop1
loop1
loop1
loop1
loop1
loop1
loop1
loop1
loop1
loop1
loop1
loop1
loop1
loop1
loop1
loop1
loop1
loop1
loop1
loop1
loop1
loop1
loop1
loop1
loop1
loop1
loop1
loop1
loop1
loop1
loop1
loop1
loop1
loop1
loop1
loop1
loop1
loop1
loop1
loop1
loop1
loop1
loop1
loop1
loop1
loop1
loop1
loop1
loop1
loop1
loop1
loop1
loop1
loop1
loop1
loop1
loop1
loop1
loop1
loop1
loop1
loop1
loop1
loop1
loop1
loop1
loop1
loop1
loop1
loop1
loop1
loop1
loop1
loop1
loop1
loop1
loop1
loop1
loop1
loop1
loop1
loop1
loop1
loop1
loop1
loop1
loop1
loop1
loop1
loop1
loop1
loop1
loop1
loop1
loop1
loop1
loop1
loop1
loop1
loop1
loop1
loop1
loop1
loop1
loop1
loop1
loop1
loop1
loop1
loop1
loop1
loop1
loop1
loop1
loop1
loop1
loop1
loop1
loop1
loop1
loop1
loop1
loop1
loop1
loop1
loop1
loop1
loop1
loop1
loop1
loop1
loop1
loop1
loop1
loop1
loop1
loop1
loop1
loop1
loop1
loop1
loop1
loop1
loop1
loop1
loop1
loop1
loop1
loop1
loop1
loop1
loop1
loop1
loop1
loop1
loop1
loop1
loop1
loop1
loop1
loop1
loop1
loop1
loop1
loop1
loop1
loop1
loop1
loop1
loop1
loop1
loop1
loop1
loop1
loop1
loop1
loop1
loop1
loop1
loop1
loop1
loop1
loop1
loop1
loop1
loop1
loop1
loop1
loop1
loop1
loop1
loop1
loop1
loop1
loop1
loop1
loop1
loop1
loop1
loop1
loop1
loop1
loop1
loop1
loop1
loop1
loop1
loop1
loop1
loop1
loop1
loop1
loop1
loop1
loop1
loop1
loop1
loop1
loop1
loop1
loop1
loop1
loop1
loop1
loop1
loop1
loop1
loop1
loop1
loop1
loop1
loop1
loop1
loop1
loop1
loop1
loop1
loop1
loop1
loop1
loop1
loop1
loop1
loop1
loop1
loop1
loop1
loop1
loop1
loop1
loop1
loop1
loop1
loop1
loop1
loop1
loop1
loop1
loop1
loop1
loop1
loop1
loop1
loop1
loop1
loop1
loop1
loop1
loop1
loop1
loop1
loop1
loop1
loop1
loop1
loop1
loop1
loop1
loop1
loop1
loop1
loop1
loop1
loop1
loop1
loop1
loop1
loop1
loop1
loop1
loop1
loop1
loop1
loop1
loop1
loop1
loop1
loop1
loop1
loop1
loop1
loop1
loop1
loop1
loop1
loop1
loop1
loop1
loop1
loop1
loop1
loop1
loop1
loop1
loop1
loop1
loop1
loop1
loop1
loop1
loop1
loop1
loop1
loop1
loop1
loop1
loop1
loop1
loop1
loop1
loop1
loop1
loop1
loop1
loop1
loop1
loop1
loop1
loop1
loop1
loop1
loop1
loop1
loop1
loop1
loop1
loop1
loop1
loop1
loop1
loop1
loop1
loop1
loop1
loop1
loop1
loop1
loop1
loop1
loop1
loop1
loop1
loop1
loop1
loop1
loop1
loop1
loop1
loop1
loop1
loop1
loop1
loop1
loop1
loop1
loop1
loop1
loop1
loop1
loop1
loop1
loop1
loop1
loop1
loop1
loop1
loop1
loop1
loop1
loop1
loop1
loop1
loop1
loop1
loop1
loop1
loop1
loop1
loop1
loop1
loop1
loop1
loop1
loop1
loop1
loop1
loop1
loop1
loop1
loop1
loop1
loop1
loop1
loop1
loop1
loop1
loop1
loop1
loop1
loop1
loop1
loop1
loop1
loop1
loop1
loop1
loop1
loop1
loop1
loop1
loop1
loop1
loop1
loop1
loop1
loop1
loop1
loop1
loop1
loop1
loop1
loop1
loop1
loop1
loop1
loop1
loop1
loop1
loop1
loop1
loop1
loop1
loop1
loop1
loop1
loop1
loop1
loop1
loop1
loop1
loop1
loop1
loop1
loop1
loop1
loop1
loop1
loop1
loop1
loop1
loop1
loop1
loop1
loop1
loop1
loop1
loop1
loop1
loop1
loop1
loop1
loop1
loop1
loop1
loop1
loop1
loop1
loop1
loop1
loop1
loop1
loop1
loop1
loop1
loop1
loop1
loop1
loop1
loop1
loop1
loop1
loop1
loop1
loop1
loop1
loop1
loop1
loop1
loop1
loop1
loop1
loop1
loop1
loop1
loop1
loop1
loop1
loop1
loop1
loop1
loop1
loop1
loop1
loop1
loop1
loop1
loop1
loop1
loop1
loop1
loop1
loop1
loop1
loop1
loop1
loop1
loop1
loop1
loop1
loop1
loop1
loop1
loop1
loop1
loop1
loop1
loop1
loop1
loop1
loop1
loop1
loop1
loop1
loop1
loop1
loop1
loop1
loop1
loop1
loop1
loop1
loop1
loop1
loop1
loop1
loop1
loop1
loop1
loop1
loop1
loop1
loop1
loop1
loop1
loop1
loop1
loop1
loop1
loop1
loop1
loop1
loop1
loop1
loop1
loop1
loop1
loop1
loop1
loop1
loop1
loop1
loop1
loop1
loop1
loop1
loop1
loop1
loop1
loop1
loop1
loop1
loop1
loop1
loop1
loop1
loop1
loop1
loop1
loop1
loop1
loop1
loop1
loop1
loop1
loop1
loop1
loop1
loop1
loop1
loop1
loop1
loop1
loop1
loop1
loop1
loop1
loop1
loop1
loop1
loop1
loop1
loop1
loop1
loop1
loop1
loop1
loop1
loop1
loop1
loop1
loop1
loop1
loop1
loop1
loop1
loop1
loop1
loop1
loop1
loop1
loop1
loop1
loop1
loop1
loop1
loop1
loop1
loop1
loop1
loop1
loop1
loop1
loop1
loop1
loop1
loop1
loop1
loop1
loop1
loop1
loop1
loop1
loop1
loop1
loop1
loop1
loop1
loop1
loop1
loop1
loop1
loop1
loop1
loop1
loop1
loop1
loop1
loop1
loop1
loop1
loop1
loop1
loop1
loop1
loop1
loop1
loop1
loop1
loop1
loop1
loop1
loop1
loop1
loop1
loop1
loop1
loop1
loop1
loop1
loop1
loop1
loop1
loop1
loop1
loop1
loop1
loop1
loop1
loop1
loop1
loop1
loop1
loop1
loop1
loop1
loop1
loop1
loop1
loop1
loop1
loop1
loop1
loop1
loop1
loop1
loop1
loop1
loop1
loop1
loop1
loop1
loop1
loop1
loop1
loop1
loop1
loop1
loop1
loop1
loop1
loop1
loop1
loop1
loop1
loop1
loop1
loop1
loop1
loop1
loop1
loop1
loop1
loop1
loop1
loop1
loop1
loop1
loop1
loop1
loop1
loop1
loop1
loop1
loop1
loop1
loop1
loop1
loop1
loop1
loop1
loop1
loop1
loop1
loop1
loop1
loop1
loop1
loop1
loop1
loop1
loop1
loop1
loop1
loop1
loop1
loop1
loop1
loop1
loop1
loop1
loop1
loop1
loop1
loop1
loop1
loop1
loop1
loop1
loop1
loop1
loop1
loop1
loop1
loop1
loop1
loop1
loop1
loop1
loop1
loop1
loop1
loop1
loop1
loop1
loop1
loop1
loop1
loop1
loop1
loop1
loop1
loop1
loop1
loop1
loop1
loop1
loop1
loop1
loop1
loop1
loop1
loop1
loop1
loop1
loop1
loop1
loop1
loop1
loop1
loop1
loop1
loop1
loop1
loop1
loop1
loop1
loop1
loop1
loop1
loop1
loop1
loop1
loop1
loop1
loop1
loop1
loop1
loop1
loop1
loop1
loop1
loop1
loop1
loop1
loop1
loop1
loop1
loop1
loop1
loop1
loop1
loop1
loop1
loop1
loop1
loop1
loop1
loop1
loop1
loop1
loop1
loop1
loop1
loop1
loop1
loop1
loop1
loop1
loop1
loop1
loop1
loop1
loop1
loop1
loop1
loop1
loop1
loop1
loop1
loop1
loop1
loop1
loop1
loop1
loop1
loop1
loop1
loop1
loop1
loop1
loop1
loop1
loop1
loop1
loop1
loop1
loop1
loop1
loop1
loop1
loop1
loop1
loop1
loop1
loop1
loop1
loop1
loop1
loop1
loop1
loop1
loop1
loop1
loop1
loop1
loop1
loop1
loop1
loop1
loop1
loop1
loop1
loop1
loop1
loop1
loop1
loop1
loop1
loop1
loop1
loop1
loop1
loop1
loop1
loop1
loop1
loop1
loop1
loop1
loop1
loop1
loop1
loop1
loop1
loop1
loop1
loop1
loop1
loop1
loop1
loop1
loop1
loop1
loop1
loop1
loop1
loop1
loop1
loop1
loop1
loop1
loop1
loop1
loop1
loop1
loop1
loop1
loop1
loop1
loop1
loop1
loop1
loop1
loop1
loop1
loop1
loop1
loop1
loop1
loop1
loop1
loop1
loop1
loop1
loop1
loop1
loop1
loop1
loop1
loop1
loop1
loop1
loop1
loop1
loop1
loop1
loop1
loop1
loop1
loop1
loop1
loop1
loop1
loop1
loop1
loop1
loop1
loop1
loop1
loop1
loop1
loop1
loop1
loop1
loop1
loop1
loop1
loop1
loop1
loop1
loop1
loop1
loop1
loop1
loop1
loop1
loop1
loop1
loop1
loop1
loop1
loop1
loop1
loop1
loop1
loop1
loop1
loop1
loop1
loop1
loop1
loop1
loop1
loop1
loop1
loop1
loop1
loop1
loop1
loop1
loop1
loop1
loop1
loop1
loop1
loop1
loop1
loop1
loop1
loop1
loop1
loop1
loop1
loop1
loop1
loop1
loop1
loop1
loop1
loop1
loop1
loop1
loop1
loop1
loop1
loop1
loop1
loop1
loop1
loop1
loop1
loop1
loop1
loop1
loop1
loop1
loop1
loop1
loop1
loop1
loop1
loop1
loop1
loop1
loop1
loop1
loop1
loop1
loop1
loop1
loop1
loop1
loop1
loop1
loop1
loop1
loop1
loop1
loop1
loop1
loop1
loop1
loop1
loop1
loop1
loop1
loop1
loop1
loop1
loop1
loop1
loop1
loop1
loop1
loop1
loop1
loop1
loop1
loop1
loop1
loop1
loop1
loop1
loop1
loop1
loop1
loop1
loop1
loop1
loop1
loop1
loop1
loop1
loop1
loop1
loop1
loop1
loop1
loop1
loop1
loop1
loop1
loop1
loop1
loop1
loop1
loop1
loop1
loop1
loop1
loop1
loop1
loop1
loop1
loop1
loop1
loop1
loop1
loop1
loop1
loop1
loop1
loop1
loop1
loop1
loop1
loop1
loop1
loop1
loop1
loop1
loop1
loop1
loop1
loop1
loop1
loop1
loop1
loop1
loop1
loop1
loop1
loop1
loop1
loop1
loop1
loop1
loop1
loop1
loop1
loop1
loop1
loop1
loop1
loop1
loop1
loop1
loop1
loop1
loop1
loop1
loop1
loop1
loop1
loop1
loop1
loop1
loop1
loop1
loop1
loop1
loop1
loop1
loop1
loop1
loop1
loop1
loop1
loop1
loop1
loop1
loop1
loop1
loop1
loop1
loop1
loop1
loop1
loop1
loop1
loop1
loop1
loop1
loop1
loop1
loop1
loop1
loop1
loop1
loop1
loop1
loop1
loop1
loop1
loop1
loop1
loop1
loop1
loop1
loop1
loop1
loop1
loop1
loop1
loop1
loop1
loop1
loop1
loop1
loop1
loop1
loop1
loop1
loop1
loop1
loop1
loop1
loop1
loop1
loop1
loop1
loop1
loop1
loop1
loop1
loop1
loop1
loop1
loop1
loop1
loop1
loop1
loop1
loop1
loop1
loop1
loop1
loop1
loop1
loop1
loop1
loop1
loop1
loop1
loop1
loop1
loop1
loop1
loop1
loop1
loop1
loop1
loop1
loop1
loop1
loop1
loop1
loop1
loop1
loop1
loop1
loop1
loop1
loop1
loop1
loop1
loop1
loop1
loop1
loop1
loop1
loop1
loop1
loop1
loop1
loop1
loop1
loop1
loop1
loop1
loop1
loop1
loop1
loop1
loop1
loop1
loop1
loop1
loop1
loop1
loop1
loop1
loop1
loop1
loop1
loop1
loop1
loop1
loop1
loop1
loop1
loop1
loop1
loop1
loop1
loop1
loop1
loop1
loop1
loop1
loop1
loop1
loop1
loop1
loop1
loop1
loop1
loop1
loop1
loop1
loop1
loop1
loop1
loop1
loop1
loop1
loop1
loop1
loop1
loop1
loop1
loop1
loop1
loop1
loop1
loop1
loop1
loop1
loop1
loop1
loop1
loop1
loop1
loop1
loop1
loop1
loop1
loop1
loop1
loop1
loop1
loop1
loop1
loop1
loop1
loop1
loop1
loop1
loop1
loop1
loop1
loop1
loop1
loop1
loop1
loop1
loop1
loop1
loop1
loop1
loop1
loop1
loop1
loop1
loop1
loop1
loop1
loop1
loop1
loop1
loop1
loop1
loop1
loop1
loop1
loop1
loop1
loop1
loop1
loop1
loop1
loop1
loop1
loop1
loop1
loop1
loop1
loop1
loop1
loop1
loop1
loop1
loop1
loop1
loop1
loop1
loop1
loop1
loop1
loop1
loop1
loop1
loop1
loop1
loop1
loop1
loop1
loop1
loop1
loop1
loop1
loop1
loop1
loop1
loop1
loop1
loop1
loop1
loop1
loop1
loop1
loop1
loop1
loop1
loop1
loop1
loop1
loop1
loop1
loop1
loop1
loop1
loop1
loop1
loop1
loop1
loop1
loop1
loop1
loop1
loop1
loop1
loop1
loop1
loop1
loop1
loop1
loop1
loop1
loop1
loop1
loop1
loop1
loop1
loop1
loop1
loop1
loop1
loop1
loop1
loop1
loop1
loop1
loop1
loop1
loop1
loop1
loop1
loop1
loop1
loop1
loop1
loop1
loop1
loop1
loop1
loop1
loop1
loop1
loop1
loop1
loop1
loop1
loop1
loop1
loop1
loop1
loop1
loop1
loop1
loop1
loop1
loop1
loop1
loop1
loop1
loop1
loop1
loop1
loop1
loop1
loop1
loop1
loop1
loop1
loop1
loop1
loop1
loop1
loop1
loop1
loop1
loop1
loop1
loop1
loop1
loop1
loop1
loop1
loop1
loop1
loop1
loop1
loop1
loop1
loop1
loop1
loop1
loop1
loop1
loop1
loop1
loop1
loop1
loop1
loop1
loop1
loop1
loop1
loop1
loop1
loop1
loop1
loop1
loop1
loop1
loop1
loop1
loop1
loop1
loop1
loop1
loop1
loop1
loop1
loop1
loop1
loop1
loop1
loop1
loop1
loop1
loop1
loop1
loop1
loop1
loop1
loop1
loop1
loop1
loop1
loop1
loop1
loop1
loop1
loop1
loop1
loop1
loop1
loop1
loop1
loop1
loop1
loop1
loop1
loop1
loop1
loop1
loop1
loop1
loop1
loop1
loop1
loop1
loop1
loop1
loop1
loop1
loop1
loop1
loop1
loop1
loop1
loop1
loop1
loop1
loop1
loop1
loop1
loop1
loop1
loop1
loop1
loop1
loop1
loop1
loop1
loop1
loop1
loop1
loop1
loop1
loop1
loop1
loop1
loop1
loop1
loop1
loop1
loop1
loop1
loop1
loop1
loop1
loop1
loop1
loop1
loop1
loop1
loop1
loop1
loop1
loop1
loop1
loop1
loop1
loop1
loop1
loop1
loop1
loop1
loop1
loop1
loop1
loop1
loop1
loop1
loop1
loop1
loop1
loop1
loop1
loop1
loop1
loop1
loop1
loop1
loop1
loop1
loop1
loop1
loop1
loop1
loop1
loop1
loop1
loop1
loop1
loop1
loop1
loop1
loop1
loop1
loop1
loop1
loop1
loop1
loop1
loop1
loop1
loop1
loop1
loop1
loop1
loop1
loop1
loop1
loop1
loop1
loop1
loop1
loop1
loop1
loop1
loop1
loop1
loop1
loop1
loop1
loop1
loop1
loop1
loop1
loop1
loop1
loop1
loop1
loop1
loop1
loop1
loop1
loop1
loop1
loop1
loop1
loop1
loop1
loop1
loop1
loop1
loop1
loop1
loop1
loop1
loop1
loop1
loop1
loop1
loop1
loop1
loop1
loop1
loop1
loop1
loop1
loop1
loop1
loop1
loop1
loop1
loop1
loop1
loop1
loop1
loop1
loop1
loop1
loop1
loop1
loop1
loop1
loop1
loop1
loop1
loop1
loop1
loop1
loop1
loop1
loop1
loop1
loop1
loop1
loop1
loop1
loop1
loop1
loop1
loop1
loop1
loop1
loop1
loop1
loop1
loop1
loop1
loop1
loop1
loop1
loop1
loop1
loop1
loop1
loop1
loop1
loop1
loop1
loop1
loop1
loop1
loop1
loop1
loop1
loop1
loop1
loop1
loop1
loop1
loop1
loop1
loop1
loop1
loop1
loop1
loop1
loop1
loop1
loop1
loop1
loop1
loop1
loop1
loop1
loop1
loop1
loop1
loop1
loop1
loop1
loop1
loop1
loop1
loop1
loop1
loop1
loop1
loop1
loop1
loop1
loop1
loop1
loop1
loop1
loop1
loop1
loop1
loop1
loop1
loop1
loop1
loop1
loop1
loop1
loop1
loop1
loop1
loop1
loop1
loop1
loop1
loop1
loop1
loop1
loop1
loop1
loop1
loop1
loop1
loop1
loop1
loop1
loop1
loop1
loop1
loop1
loop1
loop1
loop1
loop1
loop1
loop1
loop1
loop1
loop1
loop1
loop1
loop1
loop1
loop1
loop1
loop1
loop1
loop1
loop1
loop1
loop1
loop1
loop1
loop1
loop1
loop1
loop1
loop1
loop1
loop1
loop1
loop1
loop1
loop1
loop1
loop1
loop1
loop1
loop1
loop1
loop1
loop1
loop1
loop1
loop1
loop1
loop1
loop1
loop1
loop1
loop1
loop1
loop1
loop1
loop1
loop1
loop1
loop1
loop1
loop1
loop1
loop1
loop1
loop1
loop1
loop1
loop1
loop1
loop1
loop1
loop1
loop1
loop1
loop1
loop1
loop1
loop1
loop1
loop1
loop1
loop1
loop1
loop1
loop1
loop1
loop1
loop1
loop1
loop1
loop1
loop1
loop1
loop1
loop1
loop1
loop1
loop1
loop1
loop1
loop1
loop1
loop1
loop1
loop1
loop1
loop1
loop1
loop1
loop1
loop1
loop1
loop1
loop1
loop1
loop1
loop1
loop1
loop1
loop1
loop1
loop1
loop1
loop1
loop1
loop1
loop1
loop1
loop1
loop1
loop1
loop1
loop1
loop1
loop1
loop1
loop1
loop1
loop1
loop1
loop1
loop1
loop1
loop1
loop1
loop1
loop1
loop1
loop1
loop1
loop1
loop1
loop1
loop1
loop1
loop1
loop1
loop1
loop1
loop1
loop1
loop1
loop1
loop1
loop1
loop1
loop1
loop1
loop1
loop1
loop1
loop1
loop1
loop1
loop1
loop1
loop1
loop1
loop1
loop1
loop1
loop1
loop1
loop1
loop1
loop1
loop1
loop1
loop1
loop1
loop1
loop1
loop1
loop1
loop1
loop1
loop1
loop1
loop1
loop1
loop1
loop1
loop1
loop1
loop1
loop1
loop1
loop1
loop1
loop1
loop1
loop1
loop1
loop1
loop1
loop1
loop1
loop1
loop1
loop1
loop1
loop1
loop1
loop1
loop1
loop1
loop1
loop1
loop1
loop1
loop1
loop1
loop1
loop1
loop1
loop1
loop1
loop1
loop1
loop1
loop1
loop1
loop1
loop1
loop1
loop1
loop1
loop1
loop1
loop1
loop1
loop1
loop1
loop1
loop1
loop1
loop1
loop1
loop1
loop1
loop1
loop1
loop1
loop1
loop1
loop1
loop1
loop1
loop1
loop1
loop1
loop1
loop1
loop1
loop1
loop1
loop1
loop1
loop1
loop1
loop1
loop1
loop1
loop1
loop1
loop1
loop1
loop1
loop1
loop1
loop1
loop1
loop1
loop1
loop1
loop1
loop1
loop1
loop1
loop1
loop1
loop1
loop1
loop1
loop1
loop1
loop1
loop1
loop1
loop1
loop1
loop1
loop1
loop1
loop1
loop1
loop1
loop1
loop1
loop1
loop1
loop1
loop1
loop1
loop1
loop1
loop1
loop1
loop1
loop1
loop1
loop1
loop1
loop1
loop1
loop1
loop1
loop1
loop1
loop1
loop1
loop1
loop1
loop1
loop1
loop1
loop1
loop1
loop1
loop1
loop1
loop1
loop1
loop1
loop1
loop1
loop1
loop1
loop1
loop1
loop1
loop1
loop1
loop1
loop1
loop1
loop1
loop1
loop1
loop1
loop1
loop1
loop1
loop1
loop1
loop1
loop1
loop1
loop1
loop1
loop1
loop1
loop1
loop1
loop1
loop1
loop1
loop1
loop1
loop1
loop1
loop1
loop1
loop1
loop1
loop1
loop1
loop1
loop1
loop1
loop1
loop1
loop1
loop1
loop1
loop1
loop1
loop1
loop1
loop1
loop1
loop1
loop1
loop1
loop1
loop1
loop1
loop1
loop1
loop1
loop1
loop1
loop1
loop1
loop1
loop1
loop1
loop1
loop1
loop1
loop1
loop1
loop1
loop1
loop1
loop1
loop1
loop1
loop1
loop1
loop1
loop1
loop1
loop1
loop1
loop1
loop1
loop1
loop1
loop1
loop1
loop1
loop1
loop1
loop1
loop1
loop1
loop1
loop1
loop1
loop1
loop1
loop1
loop1
loop1
loop1
loop1
loop1
loop1
loop1
loop1
loop1
loop1
loop1
loop1
loop1
loop1
loop1
loop1
loop1
loop1
loop1
loop1
loop1
loop1
loop1
loop1
loop1
loop1
loop1
loop1
loop1
loop1
loop1
loop1
loop1
loop1
loop1
loop1
loop1
loop1
loop1
loop1
loop1
loop1
loop1
loop1
loop1
loop1
loop1
loop1
loop1
loop1
loop1
loop1
loop1
loop1
loop1
loop1
loop1
loop1
loop1
loop1
loop1
loop1
loop1
loop1
loop1
loop1
loop1
loop1
loop1
loop1
loop1
loop1
loop1
loop1
loop1
loop1
loop1
loop1
loop1
loop1
loop1
loop1
loop1
loop1
loop1
loop1
loop1
loop1
loop1
loop1
loop1
loop1
loop1
loop1
loop1
loop1
loop1
loop1
loop1
loop1
loop1
loop1
loop1
loop1
loop1
loop1
loop1
loop1
loop1
loop1
loop1
loop1
loop1
loop1
loop1
loop1
loop1
loop1
loop1
loop1
loop1
loop1
loop1
loop1
loop1
loop1
loop1
loop1
loop1
loop1
loop1
loop1
loop1
loop1
loop1
loop1
loop1
loop1
loop1
loop1
loop1
loop1
loop1
loop1
loop1
loop1
loop1
loop1
loop1
loop1
loop1
loop1
loop1
loop1
loop1
loop1
loop1
loop1
loop1
loop1
loop1
loop1
loop1
loop1
loop1
loop1
loop1
loop1
loop1
loop1
loop1
loop1
loop1
loop1
loop1
loop1
loop1
loop1
loop1
loop1
loop1
loop1
loop1
loop1
loop1
loop1
loop1
loop1
loop1
loop1
loop1
loop1
loop1
loop1
loop1
loop1
loop1
loop1
loop1
loop1
loop1
loop1
loop1
loop1
loop1
loop1
loop1
loop1
loop1
loop1
loop1
loop1
loop1
loop1
loop1
loop1
loop1
loop1
loop1
loop1
loop1
loop1
loop1
loop1
loop1
loop1
loop1
loop1
loop1
loop1
loop1
loop1
loop1
loop1
loop1
loop1
loop1
loop1
loop1
loop1
loop1
loop1
loop1
loop1
loop1
loop1
loop1
loop1
loop1
loop1
loop1
loop1
loop1
loop1
loop1
loop1
loop1
loop1
loop1
loop1
loop1
loop1
loop1
loop1
loop1
loop1
loop1
loop1
loop1
loop1
loop1
loop1
loop1
loop1
loop1
loop1
loop1
loop1
loop1
loop1
loop1
loop1
loop1
loop1
loop1
loop1
loop1
loop1
loop1
loop1
loop1
loop1
loop1
loop1
loop1
loop1
loop1
loop1
loop1
loop1
loop1
loop1
loop1
loop1
loop1
loop1
loop1
loop1
loop1
loop1
loop1
loop1
loop1
loop1
loop1
loop1
loop1
loop1
loop1
loop1
loop1
loop1
loop1
loop1
loop1
loop1
loop1
loop1
loop1
loop1
loop1
loop1
loop1
loop1
loop1
loop1
loop1
loop1
loop1
loop1
loop1
loop1
loop1
loop1
loop1
loop1
loop1
loop1
loop1
loop1
loop1
loop1
loop1
loop1
loop1
loop1
loop1
loop1
loop1
loop1
loop1
loop1
loop1
loop1
loop1
loop1
loop1
loop1
loop1
loop1
loop1
loop1
loop1
loop1
loop1
loop1
loop1
loop1
loop1
loop1
loop1
loop1
loop1
loop1
loop1
loop1
loop1
loop1
loop1
loop1
loop1
loop1
loop1
loop1
loop1
loop1
loop1
loop1
loop1
loop1
loop1
loop1
loop1
loop1
loop1
loop1
loop1
loop1
loop1
loop1
loop1
loop1
loop1
loop1
loop1
loop1
loop1
loop1
loop1
loop1
loop1
loop1
loop1
loop1
loop1
loop1
loop1
loop1
loop1
loop1
loop1
loop1
loop1
loop1
loop1
loop1
loop1
loop1
loop1
loop1
loop1
loop1
loop1
loop1
loop1
loop1
loop1
loop1
loop1
loop1
loop1
loop1
loop1
loop1
loop1
loop1
loop1
loop1
loop1
loop1
loop1
loop1
loop1
loop1
loop1
loop1
loop1
loop1
loop1
loop1
loop1
loop1
loop1
loop1
loop1
loop1
loop1
loop1
loop1
loop1
loop1
loop1
loop1
loop1
loop1
loop1
loop1
loop1
loop1
loop1
loop1
loop1
loop1
loop1
loop1
loop1
loop1
loop1
loop1
loop1
loop1
loop1
loop1
loop1
loop1
loop1
loop1
loop1
loop1
loop1
loop1
loop1
loop1
loop1
loop1
loop1
loop1
loop1
loop1
loop1
loop1
loop1
loop1
loop1
loop1
loop1
loop1
loop1
loop1
loop1
loop1
loop1
loop1
loop1
loop1
loop1
loop1
loop1
loop1
loop1
loop1
loop1
loop1
loop1
loop1
loop1
loop1
loop1
loop1
loop1
loop1
loop1
loop1
loop1
loop1
loop1
loop1
loop1
loop1
loop1
loop1
loop1
loop1
loop1
loop1
loop1
loop1
loop1
loop1
loop1
loop1
loop1
loop1
loop1
loop1
loop1
loop1
loop1
loop1
loop1
loop1
loop1
loop1
loop1
loop1
loop1
loop1
loop1
loop1
loop1
loop1
loop1
loop1
loop1
loop1
loop1
loop1
loop1
loop1
loop1
loop1
loop1
loop1
loop1
loop1
loop1
loop1
loop1
loop1
loop1
loop1
loop1
loop1
loop1
loop1
loop1
loop1
loop1
loop1
loop1
loop1
loop1
loop1
loop1
loop1
loop1
loop1
loop1
loop1
loop1
loop1
loop1
loop1
loop1
loop1
loop1
loop1
loop1
loop1
loop1
loop1
loop1
loop1
loop1
loop1
loop1
loop1
loop1
loop1
loop1
loop1
loop1
loop1
loop1
loop1
loop1
loop1
loop1
loop1
loop1
loop1
loop1
loop1
loop1
loop1
loop1
loop1
loop1
loop1
loop1
loop1
loop1
loop1
loop1
loop1
loop1
loop1
loop1
loop1
loop1
loop1
loop1
loop1
loop1
loop1
loop1
loop1
loop1
loop1
loop1
loop1
loop1
loop1
loop1
loop1
loop1
loop1
loop1
loop1
loop1
loop1
loop1
loop1
loop1
loop1
loop1
loop1
loop1
loop1
loop1
loop1
loop1
loop1
loop1
loop1
loop1
loop1
loop1
loop1
loop1
loop1
loop1
loop1
loop1
loop1
loop1
loop1
loop1
loop1
loop1
loop1
loop1
loop1
loop1
loop1
loop1
loop1
loop1
loop1
loop1
loop1
loop1
loop1
loop1
loop1
loop1
loop1
loop1
loop1
loop1
loop1
loop1
loop1
loop1
loop1
loop1
loop1
loop1
loop1
loop1
loop1
loop1
loop1
loop1
loop1
loop1
loop1
loop1
loop1
loop1
loop1
loop1
loop1
loop1
loop1
loop1
loop1
loop1
loop1
loop1
loop1
loop1
loop1
loop1
loop1
loop1
loop1
loop1
loop1
loop1
loop1
loop1
loop1
loop1
loop1
loop1
loop1
loop1
loop1
loop1
loop1
loop1
loop1
loop1
loop1
loop1
loop1
loop1
loop1
loop1
loop1
loop1
loop1
loop1
loop1
loop1
loop1
loop1
loop1
loop1
loop1
loop1
loop1
loop1
loop1
loop1
loop1
loop1
loop1
loop1
loop1
loop1
loop1
loop1
loop1
loop1
loop1
loop1
loop1
loop1
loop1
loop1
loop1
loop1
loop1
loop1
loop1
loop1
loop1
loop1
loop1
loop1
loop1
loop1
loop1
loop1
loop1
loop1
loop1
loop1
loop1
loop1
loop1
loop1
loop1
loop1
loop1
loop1
loop1
loop1
loop1
loop1
loop1
loop1
loop1
loop1
loop1
loop1
loop1
loop1
loop1
loop1
loop1
loop1
loop1
loop1
loop1
loop1
loop1
loop1
loop1
loop1
loop1
loop1
loop1
loop1
loop1
loop1
loop1
loop1
loop1
loop1
loop1
loop1
loop1
loop1
loop1
loop1
loop1
loop1
loop1
loop1
loop1
loop1
loop1
loop1
loop1
loop1
loop1
loop1
loop1
loop1
loop1
loop1
loop1
loop1
loop1
loop1
loop1
loop1
loop1
loop1
loop1
loop1
loop1
loop1
loop1
loop1
loop1
loop1
loop1
loop1
loop1
loop1
loop1
loop1
loop1
loop1
loop1
loop1
loop1
loop1
loop1
loop1
loop1
loop1
loop1
loop1
loop1
loop1
loop1
loop1
loop1
loop1
loop1
loop1
loop1
loop1
loop1
loop1
loop1
loop1
loop1
loop1
loop1
loop1
loop1
loop1
loop1
loop1
loop1
loop1
loop1
loop1
loop1
loop1
loop1
loop1
loop1
loop1
loop1
loop1
loop1
loop1
loop1
loop1
loop1
loop1
loop1
loop1
loop1
loop1
loop1
loop1
loop1
loop1
loop1
loop1
loop1
loop1
loop1
loop1
loop1
loop1
loop1
loop1
loop1
loop1
loop1
loop1
loop1
loop1
loop1
loop1
loop1
loop1
loop1
loop1
loop1
loop1
loop1
loop1
loop1
loop1
loop1
loop1
loop1
loop1
loop1
loop1
loop1
loop1
loop1
loop1
loop1
loop1
loop1
loop1
loop1
loop1
loop1
loop1
loop1
loop1
loop1
loop1
loop1
loop1
loop1
loop1
loop1
loop1
loop1
loop1
loop1
loop1
loop1
loop1
loop1
loop1
loop1
loop1
loop1
loop1
loop1
loop1
loop1
loop1
loop1
loop1
loop1
loop1
loop1
loop1
loop1
loop1
loop1
loop1
loop1
loop1
loop1
loop1
loop1
loop1
loop1
loop1
loop1
loop1
loop1
loop1
loop1
loop1
loop1
loop1
loop1
loop1
loop1
loop1
loop1
loop1
loop1
loop1
loop1
loop1
loop1
loop1
loop1
loop1
loop1
loop1
loop1
loop1
loop1
loop1
loop1
loop1
loop1
loop1
loop1
loop1
loop1
loop1
loop1
loop1
loop1
loop1
loop1
loop1
loop1
loop1
loop1
loop1
loop1
loop1
loop1
loop1
loop1
loop1
loop1
loop1
loop1
loop1
loop1
loop1
loop1
loop1
loop1
loop1
loop1
loop1
loop1
loop1
loop1
loop1
loop1
loop1
loop1
loop1
loop1
loop1
loop1
loop1
loop1
loop1
loop1
loop1
loop1
loop1
loop1
loop1
loop1
loop1
loop1
loop1
loop1
loop1
loop1
loop1
loop1
loop1
loop1
loop1
loop1
loop1
loop1
loop1
loop1
loop1
loop1
loop1
loop1
loop1
loop1
loop1
loop1
loop1
loop1
loop1
loop1
loop1
loop1
loop1
loop1
loop1
loop1
loop1
loop1
loop1
loop1
loop1
loop1
loop1
loop1
loop1
loop1
loop1
loop1
loop1
loop1
loop1
loop1
loop1
loop1
loop1
loop1
loop1
loop1
loop1
loop1
loop1
loop1
loop1
loop1
loop1
loop1
loop1
loop1
loop1
loop1
loop1
loop1
loop1
loop1
loop1
loop1
loop1
loop1
loop1
loop1
loop1
loop1
loop1
loop1
loop1
loop1
loop1
loop1
loop1
loop1
loop1
loop1
loop1
loop1
loop1
loop1
loop1
loop1
loop1
loop1
loop1
loop1
loop1
loop1
loop1
loop1
loop1
loop1
loop1
loop1
loop1
loop1
loop1
loop1
loop1
loop1
loop1
loop1
loop1
loop1
loop1
loop1
loop1
loop1
loop1
loop1
loop1
loop1
loop1
loop1
loop1
loop1
loop1
loop1
loop1
loop1
loop1
loop1
loop1
loop1
loop1
loop1
loop1
loop1
loop1
loop1
loop1
loop1
loop1
loop1
loop1
loop1
loop1
loop1
loop1
loop1
loop1
loop1
loop1
loop1
loop1
loop1
loop1
loop1
loop1
loop1
loop1
loop1
loop1
loop1
loop1
loop1
loop1
loop1
loop1
loop1
loop1
loop1
loop1
loop1
loop1
loop1
loop1
loop1
loop1
loop1
loop1
loop1
loop1
loop1
loop1
loop1
loop1
loop1
loop1
loop1
loop1
loop1
loop1
loop1
loop1
loop1
loop1
loop1
loop1
loop1
loop1
loop1
loop1
loop1
loop1
loop1
loop1
loop1
loop1
loop1
loop1
loop1
loop1
loop1
loop1
loop1
loop1
loop1
loop1
loop1
loop1
loop1
loop1
loop1
loop1
loop1
loop1
loop1
loop1
loop1
loop1
loop1
loop1
loop1
loop1
loop1
loop1
loop1
loop1
loop1
loop1
loop1
loop1
loop1
loop1
loop1
loop1
loop1
loop1
loop1
loop1
loop1
loop1
loop1
loop1
loop1
loop1
loop1
loop1
loop1
loop1
loop1
loop1
loop1
loop1
loop1
loop1
loop1
loop1
loop1
loop1
loop1
loop1
loop1
loop1
loop1
loop1
loop1
loop1
loop1
loop1
loop1
loop1
loop1
loop1
loop1
loop1
loop1
loop1
loop1
loop1
loop1
loop1
loop1
loop1
loop1
loop1
loop1
loop1
loop1
loop1
loop1
loop1
loop1
loop1
loop1
loop1
loop1
loop1
loop1
loop1
loop1
loop1
loop1
loop1
loop1
loop1
loop1
loop1
loop1
loop1
loop1
loop1
loop1
loop1
loop1
loop1
loop1
loop1
loop1
loop1
loop1
loop1
loop1
loop1
loop1
loop1
loop1
loop1
loop1
loop1
loop1
loop1
loop1
loop1
loop1
loop1
loop1
loop1
loop1
loop1
loop1
loop1
loop1
loop1
loop1
loop1
loop1
loop1
loop1
loop1
loop1
loop1
loop1
loop1
loop1
loop1
loop1
loop1
loop1
loop1
loop1
loop1
loop1
loop1
loop1
loop1
loop1
loop1
loop1
loop1
loop1
loop1
loop1
loop1
loop1
loop1
loop1
loop1
loop1
loop1
loop1
loop1
loop1
loop1
loop1
loop1
loop1
loop1
loop1
loop1
loop1
loop1
loop1
loop1
loop1
loop1
loop1
loop1
loop1
loop1
loop1
loop1
loop1
loop1
loop1
loop1
loop1
loop1
loop1
loop1
loop1
loop1
loop1
loop1
loop1
loop1
loop1
loop1
loop1
loop1
loop1
loop1
loop1
loop1
loop1
loop1
loop1
loop1
loop1
loop1
loop1
loop1
loop1
loop1
loop1
loop1
loop1
loop1
loop1
loop1
loop1
loop1
loop1
loop1
loop1
loop1
loop1
loop1
loop1
loop1
loop1
loop1
loop1
loop1
loop1
loop1
loop1
loop1
loop1
loop1
loop1
loop1
loop1
loop1
loop1
loop1
loop1
loop1
loop1
loop1
loop1
loop1
loop1
loop1
loop1
loop1
loop1
loop1
loop1
loop1
loop1
loop1
loop1
loop1
loop1
loop1
loop1
loop1
loop1
loop1
loop1
loop1
loop1
loop1
loop1
loop1
loop1
loop1
loop1
loop1
loop1
loop1
loop1
loop1
loop1
loop1
loop1
loop1
loop1
loop1
loop1
loop1
loop1
loop1
loop1
loop1
loop1
loop1
loop1
loop1
loop1
loop1
loop1
loop1
loop1
loop1
loop1
loop1
loop1
loop1
loop1
loop1
loop1
loop1
loop1
loop1
loop1
loop1
loop1
loop1
loop1
loop1
loop1
loop1
loop1
loop1
loop1
loop1
loop1
loop1
loop1
loop1
loop1
loop1
loop1
loop1
loop1
loop1
loop1
loop1
loop1
loop1
loop1
loop1
loop1
loop1
loop1
loop1
loop1
loop1
loop1
loop1
loop1
loop1
loop1
loop1
loop1
loop1
loop1
loop1
loop1
loop1
loop1
loop1
loop1
loop1
loop1
loop1
loop1
loop1
loop1
loop1
loop1
loop1
loop1
loop1
loop1
loop1
loop1
loop1
loop1
loop1
loop1
loop1
loop1
loop1
loop1
loop1
loop1
loop1
loop1
loop1
loop1
loop1
loop1
loop1
loop1
loop1
loop1
loop1
loop1
loop1
loop1
loop1
loop1
loop1
loop1
loop1
loop1
loop1
loop1
loop1
loop1
loop1
loop1
loop1
loop1
loop1
loop1
loop1
loop1
loop1
loop1
loop1
loop1
loop1
loop1
loop1
loop1
loop1
loop1
loop1
loop1
loop1
loop1
loop1
loop1
loop1
loop1
loop1
loop1
loop1
loop1
loop1
loop1
loop1
loop1
loop1
loop1
loop1
loop1
loop1
loop1
loop1
loop1
loop1
loop1
loop1
loop1
loop1
loop1
loop1
loop1
loop1
loop1
loop1
loop1
loop1
loop1
loop1
loop1
loop1
loop1
loop1
loop1
loop1
loop1
loop1
loop1
loop1
loop1
loop1
loop1
loop1
loop1
loop1
loop1
loop1
loop1
loop1
loop1
loop1
loop1
loop1
loop1
loop1
loop1
loop1
loop1
loop1
loop1
loop1
loop1
loop1
loop1
loop1
loop1
loop1
loop1
loop1
loop1
loop1
loop1
loop1
loop1
loop1
loop1
loop1
loop1
loop1
loop1
loop1
loop1
loop1
loop1
loop1
loop1
loop1
loop1
loop1
loop1
loop1
loop1
loop1
loop1
loop1
loop1
loop1
loop1
loop1
loop1
loop1
loop1
loop1
loop1
loop1
loop1
loop1
loop1
loop1
loop1
loop1
loop1
loop1
loop1
loop1
loop1
loop1
loop1
loop1
loop1
loop1
loop1
loop1
loop1
loop1
loop1
loop1
loop1
loop1
loop1
loop1
loop1
loop1
loop1
loop1
loop1
loop1
loop1
loop1
loop1
loop1
loop1
loop1
loop1
loop1
loop1
loop1
loop1
loop1
loop1
loop1
loop1
loop1
loop1
loop1
loop1
loop1
loop1
loop1
loop1
loop1
loop1
loop1
loop1
loop1
loop1
loop1
loop1
loop1
loop1
loop1
loop1
loop1
loop1
loop1
loop1
loop1
loop1
loop1
loop1
loop1
loop1
loop1
loop1
loop1
loop1
loop1
loop1
loop1
loop1
loop1
loop1
loop1
loop1
loop1
loop1
loop1
loop1
loop1
loop1
loop1
loop1
loop1
loop1
loop1
loop1
loop1
loop1
loop1
loop1
loop1
loop1
loop1
loop1
loop1
loop1
loop1
loop1
loop1
loop1
loop1
loop1
loop1
loop1
loop1
loop1
loop1
loop1
loop1
loop1
loop1
loop1
loop1
loop1
loop1
loop1
loop1
loop1
loop1
loop1
loop1
loop1
loop1
loop1
loop1
loop1
loop1
loop1
loop1
loop1
loop1
loop1
loop1
loop1
loop1
loop1
loop1
loop1
loop1
loop1
loop1
loop1
loop1
loop1
loop1
loop1
loop1
loop1
loop1
loop1
loop1
loop1
loop1
loop1
loop1
loop1
loop1
loop1
loop1
loop1
loop1
loop1
loop1
loop1
loop1
loop1
loop1
loop1
loop1
loop1
loop1
loop1
loop1
loop1
loop1
loop1
loop1
loop1
loop1
loop1
loop1
loop1
loop1
loop1
loop1
loop1
loop1
loop1
loop1
loop1
loop1
loop1
loop1
loop1
loop1
loop1
loop1
loop1
loop1
loop1
loop1
loop1
loop1
loop1
loop1
loop1
loop1
loop1
loop1
loop1
loop1
loop1
loop1
loop1
loop1
loop1
loop1
loop1
loop1
loop1
loop1
loop1
loop1
loop1
loop1
loop1
loop1
loop1
loop1
loop1
loop1
loop1
loop1
loop1
loop1
loop1
loop1
loop1
loop1
loop1
loop1
loop1
loop1
loop1
loop1
loop1
loop1
loop1
loop1
loop1
loop1
loop1
loop1
loop1
loop1
loop1
loop1
loop1
loop1
loop1
loop1
loop1
loop1
loop1
loop1
loop1
loop1
loop1
loop1
loop1
loop1
loop1
loop1
loop1
loop1
loop1
loop1
loop1
loop1
loop1
loop1
loop1
loop1
loop1
loop1
loop1
loop1
loop1
loop1
loop1
loop1
loop1
loop1
loop1
loop1
loop1
loop1
loop1
loop1
loop1
loop1
loop1
loop1
loop1
loop1
loop1
loop1
loop1
loop1
loop1
loop1
loop1
loop1
loop1
loop1
loop1
loop1
loop1
loop1
loop1
loop1
loop1
loop1
loop1
loop1
loop1
loop1
loop1
loop1
loop1
loop1
loop1
loop1
loop1
loop1
loop1
loop1
loop1
loop1
loop1
loop1
loop1
loop1
loop1
loop1
loop1
loop1
loop1
loop1
loop1
loop1
loop1
loop1
loop1
loop1
loop1
loop1
loop1
loop1
loop1
loop1
loop1
loop1
loop1
loop1
loop1
loop1
loop1
loop1
loop1
loop1
loop1
loop1
loop1
loop1
loop1
loop1
loop1
loop1
loop1
loop1
loop1
loop1
loop1
loop1
loop1
loop1
loop1
loop1
loop1
loop1
loop1
loop1
loop1
loop1
loop1
loop1
loop1
loop1
loop1
loop1
loop1
loop1
loop1
loop1
loop1
loop1
loop1
loop1
loop1
loop1
loop1
loop1
loop1
loop1
loop1
loop1
loop1
loop1
loop1
loop1
loop1
loop1
loop1
loop1
loop1
loop1
loop1
loop1
loop1
loop1
loop1
loop1
loop1
loop1
loop1
loop1
loop1
loop1
loop1
loop1
loop1
loop1
loop1
loop1
loop1
loop1
loop1
loop1
loop1
loop1
loop1
loop1
loop1
loop1
loop1
loop1
loop1
loop1
loop1
loop1
loop1
loop1
loop1
loop1
loop1
loop1
loop1
loop1
loop1
loop1
loop1
loop1
loop1
loop1
loop1
loop1
loop1
loop1
loop1
loop1
loop1
loop1
loop1
loop1
loop1
loop1
loop1
loop1
loop1
loop1
loop1
loop1
loop1
loop1
loop1
loop1
loop1
loop1
loop1
loop1
loop1
loop1
loop1
loop1
loop1
loop1
loop1
loop1
loop1
loop1
loop1
loop1
loop1
loop1
loop1
loop1
loop1
loop1
loop1
loop1
loop1
loop1
loop1
loop1
loop1
loop1
loop1
loop1
loop1
loop1
loop1
loop1
loop1
loop1
loop1
loop1
loop1
loop1
loop1
loop1
loop1
loop1
loop1
loop1
loop1
loop1
loop1
loop1
loop1
loop1
loop1
loop1
loop1
loop1
loop1
loop1
loop1
loop1
loop1
loop1
loop1
loop1
loop1
loop1
loop1
loop1
loop1
loop1
loop1
loop1
loop1
loop1
loop1
loop1
loop1
loop1
loop1
loop1
loop1
loop1
loop1
loop1
loop1
loop1
loop1
loop1
loop1
loop1
loop1
loop1
loop1
loop1
loop1
loop1
loop1
loop1
loop1
loop1
loop1
loop1
loop1
loop1
loop1
loop1
loop1
loop1
loop1
loop1
loop1
loop1
loop1
loop1
loop1
loop1
loop1
loop1
loop1
loop1
loop1
loop1
loop1
loop1
loop1
loop1
loop1
loop1
loop1
loop1
loop1
loop1
loop1
loop1
loop1
loop1
loop1
loop1
loop1
loop1
loop1
loop1
loop1
loop1
loop1
loop1
loop1
loop1
loop1
loop1
loop1
loop1
loop1
loop1
loop1
loop1
loop1
loop1
loop1
loop1
loop1
loop1
loop1
loop1
loop1
loop1
loop1
loop1
loop1
loop1
loop1
loop1
loop1
loop1
loop1
loop1
loop1
loop1
loop1
loop1
loop1
loop1
loop1
loop1
loop1
loop1
loop1
loop1
loop1
loop1
loop1
loop1
loop1
loop1
loop1
loop1
loop1
loop1
loop1
loop1
loop1
loop1
loop1
loop1
loop1
loop1
loop1
loop1
loop1
loop1
loop1
loop1
loop1
loop1
loop1
loop1
loop1
loop1
loop1
loop1
loop1
loop1
loop1
loop1
loop1
loop1
loop1
loop1
loop1
loop1
loop1
loop1
loop1
loop1
loop1
loop1
loop1
loop1
loop1
loop1
loop1
loop1
loop1
loop1
loop1
loop1
loop1
loop1
loop1
loop1
loop1
loop1
loop1
loop1
loop1
loop1
loop1
loop1
loop1
loop1
loop1
loop1
loop1
loop1
loop1
loop1
loop1
loop1
loop1
loop1
loop1
loop1
loop1
loop1
loop1
loop1
loop1
loop1
loop1
loop1
loop1
loop1
loop1
loop1
loop1
loop1
loop1
loop1
loop1
loop1
loop1
loop1
loop1
loop1
loop1
loop1
loop1
loop1
loop1
loop1
loop1
loop1
loop1
loop1
loop1
loop1
loop1
loop1
loop1
loop1
loop1
loop1
loop1
loop1
loop1
loop1
loop1
loop1
loop1
loop1
loop1
loop1
loop1
loop1
loop1
loop1
loop1
loop1
loop1
loop1
loop1
loop1
loop1
loop1
loop1
loop1
loop1
loop1
loop1
loop1
loop1
loop1
loop1
loop1
loop1
loop1
loop1
loop1
loop1
loop1
loop1
loop1
loop1
loop1
loop1
loop1
loop1
loop1
loop1
loop1
loop1
loop1
loop1
loop1
loop1
loop1
loop1
loop1
loop1
loop1
loop1
loop1
loop1
loop1
loop1
loop1
loop1
loop1
loop1
loop1
loop1
loop1
loop1
loop1
loop1
loop1
loop1
loop1
loop1
loop1
loop1
loop1
loop1
loop1
loop1
loop1
loop1
loop1
loop1
loop1
loop1
loop1
loop1
loop1
loop1
loop1
loop1
loop1
loop1
loop1
loop1
loop1
loop1
loop1
loop1
loop1
loop1
loop1
loop1
loop1
loop1
loop1
loop1
loop1
loop1
loop1
loop1
loop1
loop1
loop1
loop1
loop1
loop1
loop1
loop1
loop1
loop1
loop1
loop1
loop1
loop1
loop1
loop1
loop1
loop1
loop1
loop1
loop1
loop1
loop1
loop1
loop1
loop1
loop1
loop1
loop1
loop1
loop1
loop1
loop1
loop1
loop1
loop1
loop1
loop1
loop1
loop1
loop1
loop1
loop1
loop1
loop1
loop1
loop1
loop1
loop1
loop1
loop1
loop1
loop1
loop1
loop1
loop1
loop1
loop1
loop1
loop1
loop1
loop1
loop1
loop1
loop1
loop1
loop1
loop1
loop1
loop1
loop1
loop1
loop1
loop1
loop1
loop1
loop1
loop1
loop1
loop1
loop1
loop1
loop1
loop1
loop1
loop1
loop1
loop1
loop1
loop1
loop1
loop1
loop1
loop1
loop1
loop1
loop1
loop1
loop1
loop1
loop1
loop1
loop1
loop1
loop1
loop1
loop1
loop1
loop1
loop1
loop1
loop1
loop1
loop1
loop1
loop1
loop1
loop1
loop1
loop1
loop1
loop1
loop1
loop1
loop1
loop1
loop1
loop1
loop1
loop1
loop1
loop1
loop1
loop1
loop1
loop1
loop1
loop1
loop1
loop1
loop1
loop1
loop1
loop1
loop1
loop1
loop1
loop1
loop1
loop1
loop1
loop1
loop1
loop1
loop1
loop1
loop1
loop1
loop1
loop1
loop1
loop1
loop1
loop1
loop1
loop1
loop1
loop1
loop1
loop1
loop1
loop1
loop1
loop1
loop1
loop1
loop1
loop1
loop1
loop1
loop1
loop1
loop1
loop1
loop1
loop1
loop1
loop1
loop1
loop1
loop1
loop1
loop1
loop1
loop1
loop1
loop1
loop1
loop1
loop1
loop1
loop1
loop1
loop1
loop1
loop1
loop1
loop1
loop1
loop1
loop1
loop1
loop1
loop1
loop1
loop1
loop1
loop1
loop1
loop1
loop1
loop1
loop1
loop1
loop1
loop1
loop1
loop1
loop1
loop1
loop1
loop1
loop1
loop1
loop1
loop1
loop1
loop1
loop1
loop1
loop1
loop1
loop1
loop1
loop1
loop1
loop1
loop1
loop1
loop1
loop1
loop1
loop1
loop1
loop1
loop1
loop1
loop1
loop1
loop1
loop1
loop1
loop1
loop1
loop1
loop1
loop1
loop1
loop1
loop1
loop1
loop1
loop1
loop1
loop1
loop1
loop1
loop1
loop1
loop1
loop1
loop1
loop1
loop1
loop1
loop1
loop1
loop1
loop1
loop1
loop1
loop1
loop1
loop1
loop1
loop1
loop1
loop1
loop1
loop1
loop1
loop1
loop1
loop1
loop1
loop1
loop1
loop1
loop1
loop1
loop1
loop1
loop1
loop1
loop1
loop1
loop1
loop1
loop1
loop1
loop1
loop1
loop1
loop1
loop1
loop1
loop1
loop1
loop1
loop1
loop1
loop1
loop1
loop1
loop1
loop1
loop1
loop1
loop1
loop1
loop1
loop1
loop1
loop1
loop1
loop1
loop1
loop1
loop1
loop1
loop1
loop1
loop1
loop1
loop1
loop1
loop1
loop1
loop1
loop1
loop1
loop1
loop1
loop1
loop1
loop1
loop1
loop1
loop1
loop1
loop1
loop1
loop1
loop1
loop1
loop1
loop1
loop1
loop1
loop1
loop1
loop1
loop1
loop1
loop1
loop1
loop1
loop1
loop1
loop1
loop1
loop1
loop1
loop1
loop1
loop1
loop1
loop1
loop1
loop1
loop1
loop1
loop1
loop1
loop1
loop1
loop1
loop1
loop1
loop1
loop1
loop1
loop1
loop1
loop1
loop1
loop1
loop1
loop1
loop1
loop1
loop1
loop1
loop1
loop1
loop1
loop1
loop1
loop1
loop1
loop1
loop1
loop1
loop1
loop1
loop1
loop1
loop1
loop1
loop1
loop1
loop1
loop1
loop1
loop1
loop1
loop1
loop1
loop1
loop1
loop1
loop1
loop1
loop1
loop1
loop1
loop1
loop1
loop1
loop1
loop1
loop1
loop1
loop1
loop1
loop1
loop1
loop1
loop1
loop1
loop1
loop1
loop1
loop1
loop1
loop1
loop1
loop1
loop1
loop1
loop1
loop1
loop1
loop1
loop1
loop1
loop1
loop1
loop1
loop1
loop1
loop1
loop1
loop1
loop1
loop1
loop1
loop1
loop1
loop1
loop1
loop1
loop1
loop1
loop1
loop1
loop1
loop1
loop1
loop1
loop1
loop1
loop1
loop1
loop1
loop1
loop1
loop1
loop1
loop1
loop1
loop1
loop1
loop1
loop1
loop1
loop1
loop1
loop1
loop1
loop1
loop1
loop1
loop1
loop1
loop1
loop1
loop1
loop1
loop1
loop1
loop1
loop1
loop1
loop1
loop1
loop1
loop1
loop1
loop1
loop1
loop1
loop1
loop1
loop1
loop1
loop1
loop1
loop1
loop1
loop1
loop1
loop1
loop1
loop1
loop1
loop1
loop1
loop1
loop1
loop1
loop1
loop1
loop1
loop1
loop1
loop1
loop1
loop1
loop1
loop1
loop1
loop1
loop1
loop1
loop1
loop1
loop1
loop1
loop1
loop1
loop1
loop1
loop1
loop1
loop1
loop1
loop1
loop1
loop1
loop1
loop1
loop1
loop1
loop1
loop1
loop1
loop1
loop1
loop1
loop1
loop1
loop1
loop1
loop1
loop1
loop1
loop1
loop1
loop1
loop1
loop1
loop1
loop1
loop1
loop1
loop1
loop1
loop1
loop1
loop1
loop1
loop1
loop1
loop1
loop1
loop1
loop1
loop1
loop1
loop1
loop1
loop1
loop1
loop1
loop1
loop1
loop1
loop1
loop1
loop1
loop1
loop1
loop1
loop1
loop1
loop1
loop1
loop1
loop1
loop1
loop1
loop1
loop1
loop1
loop1
loop1
loop1
loop1
loop1
loop1
loop1
loop1
loop1
loop1
loop1
loop1
loop1
loop1
loop1
loop1
loop1
loop1
loop1
loop1
loop1
loop1
loop1
loop1
loop1
loop1
loop1
loop1
loop1
loop1
loop1
loop1
loop1
loop1
loop1
loop1
loop1
loop1
loop1
loop1
loop1
loop1
loop1
loop1
loop1
loop1
loop1
loop1
loop1
loop1
loop1
loop1
loop1
loop1
loop1
loop1
loop1
loop1
loop1
loop1
loop1
loop1
loop1
loop1
loop1
loop1
loop1
loop1
loop1
loop1
loop1
loop1
loop1
loop1
loop1
loop1
loop1
loop1
loop1
loop1
loop1
loop1
loop1
loop1
loop1
loop1
loop1
loop1
loop1
loop1
loop1
loop1
loop1
loop1
loop1
loop1
loop1
loop1
loop1
loop1
loop1
loop1
loop1
loop1
loop1
loop1
loop1
loop1
loop1
loop1
loop1
loop1
loop1
loop1
loop1
loop1
loop1
loop1
loop1
loop1
loop1
loop1
loop1
loop1
loop1
loop1
loop1
loop1
loop1
loop1
loop1
loop1
loop1
loop1
loop1
loop1
loop1
loop1
loop1
loop1
loop1
loop1
loop1
loop1
loop1
loop1
loop1
loop1
loop1
loop1
loop1
loop1
loop1
loop1
loop1
loop1
loop1
loop1
loop1
loop1
loop1
loop1
loop1
loop1
loop1
loop1
loop1
loop1
loop1
loop1
loop1
loop1
loop1
loop1
loop1
loop1
loop1
loop1
loop1
loop1
loop1
loop1
loop1
loop1
loop1
loop1
loop1
loop1
loop1
loop1
loop1
loop1
loop1
loop1
loop1
loop1
loop1
loop1
loop1
loop1
loop1
loop1
loop1
loop1
loop1
loop1
loop1
loop1
loop1
loop1
loop1
loop1
loop1
loop1
loop1
loop1
loop1
loop1
loop1
loop1
loop1
loop1
loop1
loop1
loop1
loop1
loop1
loop1
loop1
loop1
loop1
loop1
loop1
loop1
loop1
loop1
loop1
loop1
loop1
loop1
loop1
loop1
loop1
loop1
loop1
loop1
loop1
loop1
loop1
loop1
loop1
loop1
loop1
loop1
loop1
loop1
loop1
loop1
loop1
loop1
loop1
loop1
loop1
loop1
loop1
loop1
loop1
loop1
loop1
loop1
loop1
loop1
loop1
loop1
loop1
loop1
loop1
loop1
loop1
loop1
loop1
loop1
loop1
loop1
loop1
loop1
loop1
loop1
loop1
loop1
loop1
loop1
loop1
loop1
loop1
loop1
loop1
loop1
loop1
loop1
loop1
loop1
loop1
loop1
loop1
loop1
loop1
loop1
loop1
loop1
loop1
loop1
loop1
loop1
loop1
loop1
loop1
loop1
loop1
loop1
loop1
loop1
loop1
loop1
loop1
loop1
loop1
loop1
loop1
loop1
loop1
loop1
loop1
loop1
loop1
loop1
loop1
loop1
loop1
loop1
loop1
loop1
loop1
loop1
loop1
loop1
loop1
loop1
loop1
loop1
loop1
loop1
loop1
loop1
loop1
loop1
loop1
loop1
loop1
loop1
loop1
loop1
loop1
loop1
loop1
loop1
loop1
loop1
loop1
loop1
loop1
loop1
loop1
loop1
loop1
loop1
loop1
loop1
loop1
loop1
loop1
loop1
loop1
loop1
loop1
loop1
loop1
loop1
loop1
loop1
loop1
loop1
loop1
loop1
loop1
loop1
loop1
loop1
loop1
loop1
loop1
loop1
loop1
loop1
loop1
loop1
loop1
loop1
loop1
loop1
loop1
loop1
loop1
loop1
loop1
loop1
loop1
loop1
loop1
loop1
loop1
loop1
loop1
loop1
loop1
loop1
loop1
loop1
loop1
loop1
loop1
loop1
loop1
loop1
loop1
loop1
loop1
loop1
loop1
loop1
loop1
loop1
loop1
loop1
loop1
loop1
loop1
loop1
loop1
loop1
loop1
loop1
loop1
loop1
loop1
loop1
loop1
loop1
loop1
loop1
loop1
loop1
loop1
loop1
loop1
loop1
loop1
loop1
loop1
loop1
loop1
loop1
loop1
loop1
loop1
loop1
loop1
loop1
loop1
loop1
loop1
loop1
loop1
loop1
loop1
loop1
loop1
loop1
loop1
loop1
loop1
loop1
loop1
loop1
loop1
loop1
loop1
loop1
loop1
loop1
loop1
loop1
loop1
loop1
loop1
loop1
loop1
loop1
loop1
loop1
loop1
loop1
loop1
loop1
loop1
loop1
loop1
loop1
loop1
loop1
loop1
loop1
loop1
loop1
loop1
loop1
loop1
loop1
loop1
loop1
loop1
loop1
loop1
loop1
loop1
loop1
loop1
loop1
loop1
loop1
loop1
loop1
loop1
loop1
loop1
loop1
loop1
loop1
loop1
loop1
loop1
loop1
loop1
loop1
loop1
loop1
loop1
loop1
loop1
loop1
loop1
loop1
loop1
loop1
loop1
loop1
loop1
loop1
loop1
loop1
loop1
loop1
loop1
loop1
loop1
loop1
loop1
loop1
loop1
loop1
loop1
loop1
loop1
loop1
loop1
loop1
loop1
loop1
loop1
loop1
loop1
loop1
loop1
loop1
loop1
loop1
loop1
loop1
loop1
loop1
loop1
loop1
loop1
loop1
loop1
loop1
loop1
loop1
loop1
loop1
loop1
loop1
loop1
loop1
loop1
loop1
loop1
loop1
loop1
loop1
loop1
loop1
loop1
loop1
loop1
loop1
loop1
loop1
loop1
loop1
loop1
loop1
loop1
loop1
loop1
loop1
loop1
loop1
loop1
loop1
loop1
loop1
loop1
loop1
loop1
loop1
loop1
loop1
loop1
loop1
loop1
loop1
loop1
loop1
loop1
loop1
loop1
loop1
loop1
loop1
loop1
loop1
loop1
loop1
loop1
loop1
loop1
loop1
loop1
loop1
loop1
loop1
loop1
loop1
loop1
loop1
loop1
loop1
loop1
loop1
loop1
loop1
loop1
loop1
loop1
loop1
loop1
loop1
loop1
loop1
loop1
loop1
loop1
loop1
loop1
loop1
loop1
loop1
loop1
loop1
loop1
loop1
loop1
loop1
loop1
loop1
loop1
loop1
loop1
loop1
loop1
loop1
loop1
loop1
loop1
loop1
loop1
loop1
loop1
loop1
loop1
loop1
loop1
loop1
loop1
loop1
loop1
loop1
loop1
loop1
loop1
loop1
loop1
loop1
loop1
loop1
loop1
loop1
loop1
loop1
loop1
loop1
loop1
loop1
loop1
loop1
loop1
loop1
loop1
loop1
loop1
loop1
loop1
loop1
loop1
loop1
loop1
loop1
loop1
loop1
loop1
loop1
loop1
loop1
loop1
loop1
loop1
loop1
loop1
loop1
loop1
loop1
loop1
loop1
loop1
loop1
loop1
loop1
loop1
loop1
loop1
loop1
loop1
loop1
loop1
loop1
loop1
loop1
loop1
loop1
loop1
loop1
loop1
loop1
loop1
loop1
loop1
loop1
loop1
loop1
loop1
loop1
loop1
loop1
loop1
loop1
loop1
loop1
loop1
loop1
loop1
loop1
loop1
loop1
loop1
loop1
loop1
loop1
loop1
loop1
loop1
loop1
loop1
loop1
loop1
loop1
loop1
loop1
loop1
loop1
loop1
loop1
loop1
loop1
loop1
loop1
loop1
loop1
loop1
loop1
loop1
loop1
loop1
loop1
loop1
loop1
loop1
loop1
loop1
loop1
loop1
loop1
loop1
loop1
loop1
loop1
loop1
loop1
loop1
loop1
loop1
loop1
loop1
loop1
loop1
loop1
loop1
loop1
loop1
loop1
loop1
loop1
loop1
loop1
loop1
loop1
loop1
loop1
loop1
loop1
loop1
loop1
loop1
loop1
loop1
loop1
loop1
loop1
loop1
loop1
loop1
loop1
loop1
loop1
loop1
loop1
loop1
loop1
loop1
loop1
loop1
loop1
loop1
loop1
loop1
loop1
loop1
loop1
loop1
loop1
loop1
loop1
loop1
loop1
loop1
loop1
loop1
loop1
loop1
loop1
loop1
loop1
loop1
loop1
loop1
loop1
loop1
loop1
loop1
loop1
loop1
loop1
loop1
loop1
loop1
loop1
loop1
loop1
loop1
loop1
loop1
loop1
loop1
loop1
loop1
loop1
loop1
loop1
loop1
loop1
loop1
loop1
loop1
loop1
loop1
loop1
loop1
loop1
loop1
loop1
loop1
loop1
loop1
loop1
loop1
loop1
loop1
loop1
loop1
loop1
loop1
loop1
loop1
loop1
loop1
loop1
loop1
loop1
loop1
loop1
loop1
loop1
loop1
loop1
loop1
loop1
loop1
loop1
loop1
loop1
loop1
loop1
loop1
loop1
loop1
loop1
loop1
loop1
loop1
loop1
loop1
loop1
loop1
loop1
loop1
loop1
loop1
loop1
loop1
loop1
loop1
loop1
loop1
loop1
loop1
loop1
loop1
loop1
loop1
loop1
loop1
loop1
loop1
loop1
loop1
loop1
loop1
loop1
loop1
loop1
loop1
loop1
loop1
loop1
loop1
loop1
loop1
loop1
loop1
loop1
loop1
loop1
loop1
loop1
loop1
loop1
loop1
loop1
loop1
loop1
loop1
loop1
loop1
loop1
loop1
loop1
loop1
loop1
loop1
loop1
loop1
loop1
loop1
loop1
loop1
loop1
loop1
loop1
loop1
loop1
loop1
loop1
loop1
loop1
loop1
loop1
loop1
loop1
loop1
loop1
loop1
loop1
loop1
loop1
loop1
loop1
loop1
loop1
loop1
loop1
loop1
loop1
loop1
loop1
loop1
loop1
loop1
loop1
loop1
loop1
loop1
loop1
loop1
loop1
loop1
loop1
loop1
loop1
loop1
loop1
loop1
loop1
loop1
loop1
loop1
loop1
loop1
loop1
loop1
loop1
loop1
loop1
loop1
loop1
loop1
loop1
loop1
loop1
loop1
loop1
loop1
loop1
loop1
loop1
loop1
loop1
loop1
loop1
loop1
loop1
loop1
loop1
loop1
loop1
loop1
loop1
loop1
loop1
loop1
loop1
loop1
loop1
loop1
loop1
loop1
loop1
loop1
loop1
loop1
loop1
loop1
loop1
loop1
loop1
loop1
loop1
loop1
loop1
loop1
loop1
loop1
loop1
loop1
loop1
loop1
loop1
loop1
loop1
loop1
loop1
loop1
loop1
loop1
loop1
loop1
loop1
loop1
loop1
loop1
loop1
loop1
loop1
loop1
loop1
loop1
loop1
loop1
loop1
loop1
loop1
loop1
loop1
loop1
loop1
loop1
loop1
loop1
loop1
loop1
loop1
loop1
loop1
loop1
loop1
loop1
loop1
loop1
loop1
loop1
loop1
loop1
loop1
loop1
loop1
loop1
loop1
loop1
loop1
loop1
loop1
loop1
loop1
loop1
loop1
loop1
loop1
loop1
loop1
loop1
loop1
loop1
loop1
loop1
loop1
loop1
loop1
loop1
loop1
loop1
loop1
loop1
loop1
loop1
loop1
loop1
loop1
loop1
loop1
loop1
loop1
loop1
loop1
loop1
loop1
loop1
loop1
loop1
loop1
loop1
loop1
loop1
loop1
loop1
loop1
loop1
loop1
loop1
loop1
loop1
loop1
loop1
loop1
loop1
loop1
loop1
loop1
loop1
loop1
loop1
loop1
loop1
loop1
loop1
loop1
loop1
loop1
loop1
loop1
loop1
loop1
loop1
loop1
loop1
loop1
loop1
loop1
loop1
loop1
loop1
loop1
loop1
loop1
loop1
loop1
loop1
loop1
loop1
loop1
loop1
loop1
loop1
loop1
loop1
loop1
loop1
loop1
loop1
loop1
loop1
loop1
loop1
loop1
loop1
loop1
loop1
loop1
loop1
loop1
loop1
loop1
loop1
loop1
loop1
loop1
loop1
loop1
loop1
loop1
loop1
loop1
loop1
loop1
loop1
loop1
loop1
loop1
loop1
loop1
loop1
loop1
loop1
loop1
loop1
loop1
loop1
loop1
loop1
loop1
loop1
loop1
loop1
loop1
loop1
loop1
loop1
loop1
loop1
loop1
loop1
loop1
loop1
loop1
loop1
loop1
loop1
loop1
loop1
loop1
loop1
loop1
loop1
loop1
loop1
loop1
loop1
loop1
loop1
loop1
loop1
loop1
loop1
loop1
loop1
loop1
loop1
loop1
loop1
loop1
loop1
loop1
loop1
loop1
loop1
loop1
loop1
loop1
loop1
loop1
loop1
loop1
loop1
loop1
loop1
loop1
loop1
loop1
loop1
loop1
loop1
loop1
loop1
loop1
loop1
loop1
loop1
loop1
loop1
loop1
loop1
loop1
loop1
loop1
loop1
loop1
loop1
loop1
loop1
loop1
loop1
loop1
loop1
loop1
loop1
loop1
loop1
loop1
loop1
loop1
loop1
loop1
loop1
loop1
loop1
loop1
loop1
loop1
loop1
loop1
loop1
loop1
loop1
loop1
loop1
loop1
loop1
loop1
loop1
loop1
loop1
loop1
loop1
loop1
loop1
loop1
loop1
loop1
loop1
loop1
loop1
loop1
loop1
loop1
loop1
loop1
loop1
loop1
loop1
loop1
loop1
loop1
loop1
loop1
loop1
loop1
loop1
loop1
loop1
loop1
loop1
loop1
loop1
loop1
loop1
loop1
loop1
loop1
loop1
loop1
loop1
loop1
loop1
loop1
loop1
loop1
loop1
loop1
loop1
loop1
loop1
loop1
loop1
loop1
loop1
loop1
loop1
loop1
loop1
loop1
loop1
loop1
loop1
loop1
loop1
loop1
loop1
loop1
loop1
loop1
loop1
loop1
loop1
loop1
loop1
loop1
loop1
loop1
loop1
loop1
loop1
loop1
loop1
loop1
loop1
loop1
loop1
loop1
loop1
loop1
loop1
loop1
loop1
loop1
loop1
loop1
loop1
loop1
loop1
loop1
loop1
loop1
loop1
loop1
loop1
loop1
loop1
loop1
loop1
loop1
loop1
loop1
loop1
loop1
loop1
loop1
loop1
loop1
loop1
loop1
loop1
loop1
loop1
loop1
loop1
loop1
loop1
loop1
loop1
loop1
loop1
loop1
loop1
loop1
loop1
loop1
loop1
loop1
loop1
loop1
loop1
loop1
loop1
loop1
loop1
loop1
loop1
loop1
loop1
loop1
loop1
loop1
loop1
loop1
loop1
loop1
loop1
loop1
loop1
loop1
loop1
loop1
loop1
loop1
loop1
loop1
loop1
loop1
loop1
loop1
loop1
loop1
loop1
loop1
loop1
loop1
loop1
loop1
loop1
loop1
loop1
loop1
loop1
loop1
loop1
loop1
loop1
loop1
loop1
loop1
loop1
loop1
loop1
loop1
loop1
loop1
loop1
loop1
loop1
loop1
loop1
loop1
loop1
loop1
loop1
loop1
loop1
loop1
loop1
loop1
loop1
loop1
loop1
loop1
loop1
loop1
loop1
loop1
loop1
loop1
loop1
loop1
loop1
loop1
loop1
loop1
loop1
loop1
loop1
loop1
loop1
loop1
loop1
loop1
loop1
loop1
loop1
loop1
loop1
loop1
loop1
loop1
loop1
loop1
loop1
loop1
loop1
loop1
loop1
loop1
loop1
loop1
loop1
loop1
loop1
loop1
loop1
loop1
loop1
loop1
loop1
loop1
loop1
loop1
loop1
loop1
loop1
loop1
loop1
loop1
loop1
loop1
loop1
loop1
loop1
loop1
loop1
loop1
loop1
loop1
loop1
loop1
loop1
loop1
loop1
loop1
loop1
loop1
loop1
loop1
loop1
loop1
loop1
loop1
loop1
loop1
loop1
loop1
loop1
loop1
loop1
loop1
loop1
loop1
loop1
loop1
loop1
loop1
loop1
loop1
loop1
loop1
loop1
loop1
loop1
loop1
loop1
loop1
loop1
loop1
loop1
loop1
loop1
loop1
loop1
loop1
loop1
loop1
loop1
loop1
loop1
loop1
loop1
loop1
loop1
loop1
loop1
loop1
loop1
loop1
loop1
loop1
loop1
loop1
loop1
loop1
loop1
loop1
loop1
loop1
loop1
loop1
loop1
loop1
loop1
loop1
loop1
loop1
loop1
loop1
loop1
loop1
loop1
loop1
loop1
loop1
loop1
loop1
loop1
loop1
loop1
loop1
loop1
loop1
loop1
loop1
loop1
loop1
loop1
loop1
loop1
loop1
loop1
loop1
loop1
loop1
loop1
loop1
loop1
loop1
loop1
loop1
loop1
loop1
loop1
loop1
loop1
loop1
loop1
loop1
loop1
loop1
loop1
loop1
loop1
loop1
loop1
loop1
loop1
loop1
loop1
loop1
loop1
loop1
loop1
loop1
loop1
loop1
loop1
loop1
loop1
loop1
loop1
loop1
loop1
loop1
loop1
loop1
loop1
loop1
loop1
loop1
loop1
loop1
loop1
loop1
loop1
loop1
loop1
loop1
loop1
loop1
loop1
loop1
loop1
loop1
loop1
loop1
loop1
loop1
loop1
loop1
loop1
loop1
loop1
loop1
loop1
loop1
loop1
loop1
loop1
loop1
loop1
loop1
loop1
loop1
loop1
loop1
loop1
loop1
loop1
loop1
loop1
loop1
loop1
loop1
loop1
loop1
loop1
loop1
loop1
loop1
loop1
loop1
loop1
loop1
loop1
loop1
loop1
loop1
loop1
loop1
loop1
loop1
loop1
loop1
loop1
loop1
loop1
loop1
loop1
loop1
loop1
loop1
loop1
loop1
loop1
loop1
loop1
loop1
loop1
loop1
loop1
loop1
loop1
loop1
loop1
loop1
loop1
loop1
loop1
loop1
loop1
loop1
loop1
loop1
loop1
loop1
loop1
loop1
loop1
loop1
loop1
loop1
loop1
loop1
loop1
loop1
loop1
loop1
loop1
loop1
loop1
loop1
loop1
loop1
loop1
loop1
loop1
loop1
loop1
loop1
loop1
loop1
loop1
loop1
loop1
loop1
loop1
loop1
loop1
loop1
loop1
loop1
loop1
loop1
loop1
loop1
loop1
loop1
loop1
loop1
loop1
loop1
loop1
loop1
loop1
loop1
loop1
loop1
loop1
loop1
loop1
loop1
loop1
loop1
loop1
loop1
loop1
loop1
loop1
loop1
loop1
loop1
loop1
loop1
loop1
loop1
loop1
loop1
loop1
loop1
loop1
loop1
loop1
loop1
loop1
loop1
loop1
loop1
loop1
loop1
loop1
loop1
loop1
loop1
loop1
loop1
loop1
loop1
loop1
loop1
loop1
loop1
loop1
loop1
loop1
loop1
loop1
loop1
loop1
loop1
loop1
loop1
loop1
loop1
loop1
loop1
loop1
loop1
loop1
loop1
loop1
loop1
loop1
loop1
loop1
loop1
loop1
loop1
loop1
loop1
loop1
loop1
loop1
loop1
loop1
loop1
loop1
loop1
loop1
loop1
loop1
loop1
loop1
loop1
loop1
loop1
loop1
loop1
loop1
loop1
loop1
loop1
loop1
loop1
loop1
loop1
loop1
loop1
loop1
loop1
loop1
loop1
loop1
loop1
loop1
loop1
loop1
loop1
loop1
loop1
loop1
loop1
loop1
loop1
loop1
loop1
loop1
loop1
loop1
loop1
loop1
loop1
loop1
loop1
loop1
loop1
loop1
loop1
loop1
loop1
loop1
loop1
loop1
loop1
loop1
loop1
loop1
loop1
loop1
loop1
loop1
loop1
loop1
loop1
loop1
loop1
loop1
loop1
loop1
loop1
loop1
loop1
loop1
loop1
loop1
loop1
loop1
loop1
loop1
loop1
loop1
loop1
loop1
loop1
loop1
loop1
loop1
loop1
loop1
loop1
loop1
loop1
loop1
loop1
loop1
loop1
loop1
loop1
loop1
loop1
loop1
loop1
loop1
loop1
loop1
loop1
loop1
loop1
loop1
loop1
loop1
loop1
loop1
loop1
loop1
loop1
loop1
loop1
loop1
loop1
loop1
loop1
loop1
loop1
loop1
loop1
loop1
loop1
loop1
loop1
loop1
loop1
loop1
loop1
loop1
loop1
loop1
loop1
loop1
loop1
loop1
loop1
loop1
loop1
loop1
loop1
loop1
loop1
loop1
loop1
loop1
loop1
loop1
loop1
loop1
loop1
loop1
loop1
loop1
loop1
loop1
loop1
loop1
loop1
loop1
loop1
loop1
loop1
loop1
loop1
loop1
loop1
loop1
loop1
loop1
loop1
loop1
loop1
loop1
loop1
loop1
loop1
loop1
loop1
loop1
loop1
loop1
loop1
loop1
loop1
loop1
loop1
loop1
loop1
loop1
loop1
loop1
loop1
loop1
loop1
loop1
loop1
loop1
loop1
loop1
loop1
loop1
loop1
loop1
loop1
loop1
loop1
loop1
loop1
loop1
loop1
loop1
loop1
loop1
loop1
loop1
loop1
loop1
loop1
loop1
loop1
loop1
loop1
loop1
loop1
loop1
loop1
loop1
loop1
loop1
loop1
loop1
loop1
loop1
loop1
loop1
loop1
loop1
loop1
loop1
loop1
loop1
loop1
loop1
loop1
loop1
loop1
loop1
loop1
loop1
loop1
loop1
loop1
loop1
loop1
loop1
loop1
loop1
loop1
loop1
loop1
loop1
loop1
loop1
loop1
loop1
loop1
loop1
loop1
loop1
loop1
loop1
loop1
loop1
loop1
loop1
loop1
loop1
loop1
loop1
loop1
loop1
loop1
loop1
loop1
loop1
loop1
loop1
loop1
loop1
loop1
loop1
loop1
loop1
loop1
loop1
loop1
loop1
loop1
loop1
loop1
loop1
loop1
loop1
loop1
loop1
loop1
loop1
loop1
loop1
loop1
loop1
loop1
loop1
loop1
loop1
loop1
loop1
loop1
loop1
loop1
loop1
loop1
loop1
loop1
loop1
loop1
loop1
loop1
loop1
loop1
loop1
loop1
loop1
loop1
loop1
loop1
loop1
loop1
loop1
loop1
loop1
loop1
loop1
loop1
loop1
loop1
loop1
loop1
loop1
loop1
loop1
loop1
loop1
loop1
loop1
loop1
loop1
loop1
loop1
loop1
loop1
loop1
loop1
loop1
loop1
loop1
loop1
loop1
loop1
loop1
loop1
loop1
loop1
loop1
loop1
loop1
loop1
loop1
loop1
loop1
loop1
loop1
loop1
loop1
loop1
loop1
loop1
loop1
loop1
loop1
loop1
loop1
loop1
loop1
loop1
loop1
loop1
loop1
loop1
loop1
loop1
loop1
loop1
loop1
loop1
loop1
loop1
loop1
loop1
loop1
loop1
loop1
loop1
loop1
loop1
loop1
loop1
loop1
loop1
loop1
loop1
loop1
loop1
loop1
loop1
loop1
loop1
loop1
loop1
loop1
loop1
loop1
loop1
loop1
loop1
loop1
loop1
loop1
loop1
loop1
loop1
loop1
loop1
loop1
loop1
loop1
loop1
loop1
loop1
loop1
loop1
loop1
loop1
loop1
loop1
loop1
loop1
loop1
loop1
loop1
loop1
loop1
loop1
loop1
loop1
loop1
loop1
loop1
loop1
loop1
loop1
loop1
loop1
loop1
loop1
loop1
loop1
loop1
loop1
loop1
loop1
loop1
loop1
loop1
loop1
loop1
loop1
loop1
loop1
loop1
loop1
loop1
loop1
loop1
loop1
loop1
loop1
loop1
loop1
loop1
loop1
loop1
loop1
loop1
loop1
loop1
loop1
loop1
loop1
loop1
loop1
loop1
loop1
loop1
loop1
loop1
loop1
loop1
loop1
loop1
loop1
loop1
loop1
loop1
loop1
loop1
loop1
loop1
loop1
loop1
loop1
loop1
loop1
loop1
loop1
loop1
loop1
loop1
loop1
loop1
loop1
loop1
loop1
loop1
loop1
loop1
loop1
loop1
loop1
loop1
loop1
loop1
loop1
loop1
loop1
loop1
loop1
loop1
loop1
loop1
loop1
loop1
loop1
loop1
loop1
loop1
loop1
loop1
loop1
loop1
loop1
loop1
loop1
loop1
loop1
loop1
loop1
loop1
loop1
loop1
loop1
loop1
loop1
loop1
loop1
loop1
loop1
loop1
loop1
loop1
loop1
loop1
loop1
loop1
loop1
loop1
loop1
loop1
loop1
loop1
loop1
loop1
loop1
loop1
loop1
loop1
loop1
loop1
loop1
loop1
loop1
loop1
loop1
loop1
loop1
loop1
loop1
loop1
loop1
loop1
loop1
loop1
loop1
loop1
loop1
loop1
loop1
loop1
loop1
loop1
loop1
loop1
loop1
loop1
loop1
loop1
loop1
loop1
loop1
loop1
loop1
loop1
loop1
loop1
loop1
loop1
loop1
loop1
loop1
loop1
loop1
loop1
loop1
loop1
loop1
loop1
loop1
loop1
loop1
loop1
loop1
loop1
loop1
loop1
loop1
loop1
loop1
loop1
loop1
loop1
loop1
loop1
loop1
loop1
loop1
loop1
loop1
loop1
loop1
loop1
loop1
loop1
loop1
loop1
loop1
loop1
loop1
loop1
loop1
loop1
loop1
loop1
loop1
loop1
loop1
loop1
loop1
loop1
loop1
loop1
loop1
loop1
loop1
loop1
loop1
loop1
loop1
loop1
loop1
loop1
loop1
loop1
loop1
loop1
loop1
loop1
loop1
loop1
loop1
loop1
loop1
loop1
loop1
loop1
loop1
loop1
loop1
loop1
loop1
loop1
loop1
loop1
loop1
loop1
loop1
loop1
loop1
loop1
loop1
loop1
loop1
loop1
loop1
loop1
loop1
loop1
loop1
loop1
loop1
loop1
loop1
loop1
loop1
loop1
loop1
loop1
loop1
loop1
loop1
loop1
loop1
loop1
loop1
loop1
loop1
loop1
loop1
loop1
loop1
loop1
loop1
loop1
loop1
loop1
loop1
loop1
loop1
loop1
loop1
loop1
loop1
loop1
loop1
loop1
loop1
loop1
loop1
loop1
loop1
loop1
loop1
loop1
loop1
loop1
loop1
loop1
loop1
loop1
loop1
loop1
loop1
loop1
loop1
loop1
loop1
loop1
loop1
loop1
loop1
loop1
loop1
loop1
loop1
loop1
loop1
loop1
loop1
loop1
loop1
loop1
loop1
loop1
loop1
loop1
loop1
loop1
loop1
loop1
loop1
loop1
loop1
loop1
loop1
loop1
loop1
loop1
loop1
loop1
loop1
loop1
loop1
loop1
loop1
loop1
loop1
loop1
loop1
loop1
loop1
loop1
loop1
loop1
loop1
loop1
loop1
loop1
loop1
loop1
loop1
loop1
loop1
loop1
loop1
loop1
loop1
loop1
loop1
loop1
loop1
loop1
loop1
loop1
loop1
loop1
loop1
loop1
loop1
loop1
loop1
loop1
loop1
loop1
loop1
loop1
loop1
loop1
loop1
loop1
loop1
loop1
loop1
loop1
loop1
loop1
loop1
loop1
loop1
loop1
loop1
loop1
loop1
loop1
loop1
loop1
loop1
loop1
loop1
loop1
loop1
loop1
loop1
loop1
loop1
loop1
loop1
loop1
loop1
loop1
loop1
loop1
loop1
loop1
loop1
loop1
loop1
loop1
loop1
loop1
loop1
loop1
loop1
loop1
loop1
loop1
loop1
loop1
loop1
loop1
loop1
loop1
loop1
loop1
loop1
loop1
loop1
loop1
loop1
loop1
loop1
loop1
loop1
loop1
loop1
loop1
loop1
loop1
loop1
loop1
loop1
loop1
loop1
loop1
loop1
loop1
loop1
loop1
loop1
loop1
loop1
loop1
loop1
loop1
loop1
loop1
loop1
loop1
loop1
loop1
loop1
loop1
loop1
loop1
loop1
loop1
loop1
loop1
loop1
loop1
loop1
loop1
loop1
loop1
loop1
loop1
loop1
loop1
loop1
loop1
loop1
loop1
loop1
loop1
loop1
loop1
loop1
loop1
loop1
loop1
loop1
loop1
loop1
loop1
loop1
loop1
loop1
loop1
loop1
loop1
loop1
loop1
loop1
loop1
loop1
loop1
loop1
loop1
loop1
loop1
loop1
loop1
loop1
loop1
loop1
loop1
loop1
loop1
loop1
loop1
loop1
loop1
loop1
loop1
loop1
loop1
loop1
loop1
loop1
loop1
loop1
loop1
loop1
loop1
loop1
loop1
loop1
loop1
loop1
loop1
loop1
loop1
loop1
loop1
loop1
loop1
loop1
loop1
loop1
loop1
loop1
loop1
loop1
loop1
loop1
loop1
loop1
loop1
loop1
loop1
loop1
loop1
loop1
loop1
loop1
loop1
loop1
loop1
loop1
loop1
loop1
loop1
loop1
loop1
loop1
loop1
loop1
loop1
loop1
loop1
loop1
loop1
loop1
loop1
loop1
loop1
loop1
loop1
loop1
loop1
loop1
loop1
loop1
loop1
loop1
loop1
loop1
loop1
loop1
loop1
loop1
loop1
loop1
loop1
loop1
loop1
loop1
loop1
loop1
loop1
loop1
loop1
loop1
loop1
loop1
loop1
loop1
loop1
loop1
loop1
loop1
loop1
loop1
loop1
loop1
loop1
loop1
loop1
loop1
loop1
loop1
loop1
loop1
loop1
loop1
loop1
loop1
loop1
loop1
loop1
loop1
loop1
loop1
loop1
loop1
loop1
loop1
loop1
loop1
loop1
loop1
loop1
loop1
loop1
loop1
loop1
loop1
loop1
loop1
loop1
loop1
loop1
loop1
loop1
loop1
loop1
loop1
loop1
loop1
loop1
loop1
loop1
loop1
loop1
loop1
loop1
loop1
loop1
loop1
loop1
loop1
loop1
loop1
loop1
loop1
loop1
loop1
loop1
loop1
loop1
loop1
loop1
loop1
loop1
loop1
loop1
loop1
loop1
loop1
loop1
loop1
loop1
loop1
loop1
loop1
loop1
loop1
loop1
loop1
loop1
loop1
loop1
loop1
loop1
loop1
loop1
loop1
loop1
loop1
loop1
loop1
loop1
loop1
loop1
loop1
loop1
loop1
loop1
loop1
loop1
loop1
loop1
loop1
loop1
loop1
loop1
loop1
loop1
loop1
loop1
loop1
loop1
loop1
loop1
loop1
loop1
loop1
loop1
loop1
loop1
loop1
loop1
loop1
loop1
loop1
loop1
loop1
loop1
loop1
loop1
loop1
loop1
loop1
loop1
loop1
loop1
loop1
loop1
loop1
loop1
loop1
loop1
loop1
loop1
loop1
loop1
loop1
loop1
loop1
loop1
loop1
loop1
loop1
loop1
loop1
loop1
loop1
loop1
loop1
loop1
loop1
loop1
loop1
loop1
loop1
loop1
loop1
loop1
loop1
loop1
loop1
loop1
loop1
loop1
loop1
loop1
loop1
loop1
loop1
loop1
loop1
loop1
loop1
loop1
loop1
loop1
loop1
loop1
loop1
loop1
loop1
loop1
loop1
loop1
loop1
loop1
loop1
loop1
loop1
loop1
loop1
loop1
loop1
loop1
loop1
loop1
loop1
loop1
loop1
loop1
loop1
loop1
loop1
loop1
loop1
loop1
loop1
loop1
loop1
loop1
loop1
loop1
loop1
loop1
loop1
loop1
loop1
loop1
loop1
loop1
loop1
loop1
loop1
loop1
loop1
loop1
loop1
loop1
loop1
loop1
loop1
loop1
loop1
loop1
loop1
loop1
loop1
loop1
loop1
loop1
loop1
loop1
loop1
loop1
loop1
loop1
loop1
loop1
loop1
loop1
loop1
loop1
loop1
loop1
loop1
loop1
loop1
loop1
loop1
loop1
loop1
loop1
loop1
loop1
loop1
loop1
loop1
loop1
loop1
loop1
loop1
loop1
loop1
loop1
loop1
loop1
loop1
loop1
loop1
loop1
loop1
loop1
loop1
loop1
loop1
loop1
loop1
loop1
loop1
loop1
loop1
loop1
loop1
loop1
loop1
loop1
loop1
loop1
loop1
loop1
loop1
loop1
loop1
loop1
loop1
loop1
loop1
loop1
loop1
loop1
loop1
loop1
loop1
loop1
loop1
loop1
loop1
loop1
loop1
loop1
loop1
loop1
loop1
loop1
loop1
loop1
loop1
loop1
loop1
loop1
loop1
loop1
loop1
loop1
loop1
loop1
loop1
loop1
loop1
loop1
loop1
loop1
loop1
loop1
loop1
loop1
loop1
loop1
loop1
loop1
loop1
loop1
loop1
loop1
loop1
loop1
loop1
loop1
loop1
loop1
loop1
loop1
loop1
loop1
loop1
loop1
loop1
loop1
loop1
loop1
loop1
loop1
loop1
loop1
loop1
loop1
loop1
loop1
loop1
loop1
loop1
loop1
loop1
loop1
loop1
loop1
loop1
loop1
loop1
loop1
loop1
loop1
loop1
loop1
loop1
loop1
loop1
loop1
loop1
loop1
loop1
loop1
loop1
loop1
loop1
loop1
loop1
loop1
loop1
loop1
loop1
loop1
loop1
loop1
loop1
loop1
loop1
loop1
loop1
loop1
loop1
loop1
loop1
loop1
loop1
loop1
loop1
loop1
loop1
loop1
loop1
loop1
loop1
loop1
loop1
loop1
loop1
loop1
loop1
loop1
loop1
loop1
loop1
loop1
loop1
loop1
loop1
loop1
loop1
loop1
loop1
loop1
loop1
loop1
loop1
loop1
loop1
loop1
loop1
loop1
loop1
loop1
loop1
loop1
loop1
loop1
loop1
loop1
loop1
loop1
loop1
loop1
loop1
loop1
loop1
loop1
loop1
loop1
loop1
loop1
loop1
loop1
loop1
loop1
loop1
loop1
loop1
loop1
loop1
loop1
loop1
loop1
loop1
loop1
loop1
loop1
loop1
loop1
loop1
loop1
loop1
loop1
loop1
loop1
loop1
loop1
loop1
loop1
loop1
loop1
loop1
loop1
loop1
loop1
loop1
loop1
loop1
loop1
loop1
loop1
loop1
loop1
loop1
loop1
loop1
loop1
loop1
loop1
loop1
loop1
loop1
loop1
loop1
loop1
loop1
loop1
loop1
loop1
loop1
loop1
loop1
loop1
loop1
loop1
loop1
loop1
loop1
loop1
loop1
loop1
loop1
loop1
loop1
loop1
loop1
loop1
loop1
loop1
loop1
loop1
loop1
loop1
loop1
loop1
loop1
loop1
loop1
loop1
loop1
loop1
loop1
loop1
loop1
loop1
loop1
loop1
loop1
loop1
loop1
loop1
loop1
loop1
loop1
loop1
loop1
loop1
loop1
loop1
loop1
loop1
loop1
loop1
loop1
loop1
loop1
loop1
loop1
loop1
loop1
loop1
loop1
loop1
loop1
loop1
loop1
loop1
loop1
loop1
loop1
loop1
loop1
loop1
loop1
loop1
loop1
loop1
loop1
loop1
loop1
loop1
loop1
loop1
loop1
loop1
loop1
loop1
loop1
loop1
loop1
loop1
loop1
loop1
loop1
loop1
loop1
loop1
loop1
loop1
loop1
loop1
loop1
loop1
loop1
loop1
loop1
loop1
loop1
loop1
loop1
loop1
loop1
loop1
loop1
loop1
loop1
loop1
loop1
loop1
loop1
loop1
loop1
loop1
loop1
loop1
loop1
loop1
loop1
loop1
loop1
loop1
loop1
loop1
loop1
loop1
loop1
loop1
loop1
loop1
loop1
loop1
loop1
loop1
loop1
loop1
loop1
loop1
loop1
loop1
loop1
loop1
loop1
loop1
loop1
loop1
loop1
loop1
loop1
loop1
loop1
loop1
loop1
loop1
loop1
loop1
loop1
loop1
loop1
loop1
loop1
loop1
loop1
loop1
loop1
loop1
loop1
loop1
loop1
loop1
loop1
loop1
loop1
loop1
loop1
loop1
loop1
loop1
loop1
loop1
loop1
loop1
loop1
loop1
loop1
loop1
loop1
loop1
loop1
loop1
loop1
loop1
loop1
loop1
loop1
loop1
loop1
loop1
loop1
loop1
loop1
loop1
loop1
loop1
loop1
loop1
loop1
loop1
loop1
loop1
loop1
loop1
loop1
loop1
loop1
loop1
loop1
loop1
loop1
loop1
loop1
loop1
loop1
loop1
loop1
loop1
loop1
loop1
loop1
loop1
loop1
loop1
loop1
loop1
loop1
loop1
loop1
loop1
loop1
loop1
loop1
loop1
loop1
loop1
loop1
loop1
loop1
loop1
loop1
loop1
loop1
loop1
loop1
loop1
loop1
loop1
loop1
loop1
loop1
loop1
loop1
loop1
loop1
loop1
loop1
loop1
loop1
loop1
loop1
loop1
loop1
loop1
loop1
loop1
loop1
loop1
loop1
loop1
loop1
loop1
loop1
loop1
loop1
loop1
loop1
loop1
loop1
loop1
loop1
loop1
loop1
loop1
loop1
loop1
loop1
loop1
loop1
loop1
loop1
loop1
loop1
loop1
loop1
loop1
loop1
loop1
loop1
loop1
loop1
loop1
loop1
loop1
loop1
loop1
loop1
loop1
loop1
loop1
loop1
loop1
loop1
loop1
loop1
loop1
loop1
loop1
loop1
loop1
loop1
loop1
loop1
loop1
loop1
loop1
loop1
loop1
loop1
loop1
loop1
loop1
loop1
loop1
loop1
loop1
loop1
loop1
loop1
loop1
loop1
loop1
loop1
loop1
loop1
loop1
loop1
loop1
loop1
loop1
loop1
loop1
loop1
loop1
loop1
loop1
loop1
loop1
loop1
loop1
loop1
loop1
loop1
loop1
loop1
loop1
loop1
loop1
loop1
loop1
loop1
loop1
loop1
loop1
loop1
loop1
loop1
loop1
loop1
loop1
loop1
loop1
loop1
loop1
loop1
loop1
loop1
loop1
loop1
loop1
loop1
loop1
loop1
loop1
loop1
loop1
loop1
loop1
loop1
loop1
loop1
loop1
loop1
loop1
loop1
loop1
loop1
loop1
loop1
loop1
loop1
loop1
loop1
loop1
loop1
loop1
loop1
loop1
loop1
loop1
loop1
loop1
loop1
loop1
loop1
loop1
loop1
loop1
loop1
loop1
loop1
loop1
loop1
loop1
loop1
loop1
loop1
loop1
loop1
loop1
loop1
loop1
loop1
loop1
loop1
loop1
loop1
loop1
loop1
loop1
loop1
loop1
loop1
loop1
loop1
loop1
loop1
loop1
loop1
loop1
loop1
loop1
loop1
loop1
loop1
loop1
loop1
loop1
loop1
loop1
loop1
loop1
loop1
loop1
loop1
loop1
loop1
loop1
loop1
loop1
loop1
loop1
loop1
loop1
loop1
loop1
loop1
loop1
loop1
loop1
loop1
loop1
loop1
loop1
loop1
loop1
loop1
loop1
loop1
loop1
loop1
loop1
loop1
loop1
loop1
loop1
loop1
loop1
loop1
loop1
loop1
loop1
loop1
loop1
loop1
loop1
loop1
loop1
loop1
loop1
loop1
loop1
loop1
loop1
loop1
loop1
loop1
loop1
loop1
loop1
loop1
loop1
loop1
loop1
loop1
loop1
loop1
loop1
loop1
loop1
loop1
loop1
loop1
loop1
loop1
loop1
loop1
loop1
loop1
loop1
loop1
loop1
loop1
loop1
loop1
loop1
loop1
loop1
loop1
loop1
loop1
loop1
loop1
loop1
loop1
loop1
loop1
loop1
loop1
loop1
loop1
loop1
loop1
loop1
loop1
loop1
loop1
loop1
loop1
loop1
loop1
loop1
loop1
loop1
loop1
loop1
loop1
loop1
loop1
loop1
loop1
loop1
loop1
loop1
loop1
loop1
loop1
loop1
loop1
loop1
loop1
loop1
loop1
loop1
loop1
loop1
loop1
loop1
loop1
loop1
loop1
loop1
loop1
loop1
loop1
loop1
loop1
loop1
loop1
loop1
loop1
loop1
loop1
loop1
loop1
loop1
loop1
loop1
loop1
loop1
loop1
loop1
loop1
loop1
loop1
loop1
loop1
loop1
loop1
loop1
loop1
loop1
loop1
loop1
loop1
loop1
loop1
loop1
loop1
loop1
loop1
loop1
loop1
loop1
loop1
loop1
loop1
loop1
loop1
loop1
loop1
loop1
loop1
loop1
loop1
loop1
loop1
loop1
loop1
loop1
loop1
loop1
loop1
loop1
loop1
loop1
loop1
loop1
loop1
loop1
loop1
loop1
loop1
loop1
loop1
loop1
loop1
loop1
loop1
loop1
loop1
loop1
loop1
loop1
loop1
loop1
loop1
loop1
loop1
loop1
loop1
loop1
loop1
loop1
loop1
loop1
loop1
loop1
loop1
loop1
loop1
loop1
loop1
loop1
loop1
loop1
loop1
loop1
loop1
loop1
loop1
loop1
loop1
loop1
loop1
loop1
loop1
loop1
loop1
loop1
loop1
loop1
loop1
loop1
loop1
loop1
loop1
loop1
loop1
loop1
loop1
loop1
loop1
loop1
loop1
loop1
loop1
loop1
loop1
loop1
loop1
loop1
loop1
loop1
loop1
loop1
loop1
loop1
loop1
loop1
loop1
loop1
loop1
loop1
loop1
loop1
loop1
loop1
loop1
loop1
loop1
loop1
loop1
loop1
loop1
loop1
loop1
loop1
loop1
loop1
loop1
loop1
loop1
loop1
loop1
loop1
loop1
loop1
loop1
loop1
loop1
loop1
loop1
loop1
loop1
loop1
loop1
loop1
loop1
loop1
loop1
loop1
loop1
loop1
loop1
loop1
loop1
loop1
loop1
loop1
loop1
loop1
loop1
loop1
loop1
loop1
loop1
loop1
loop1
loop1
loop1
loop1
loop1
loop1
loop1
loop1
loop1
loop1
loop1
loop1
loop1
loop1
loop1
loop1
loop1
loop1
loop1
loop1
loop1
loop1
loop1
loop1
loop1
loop1
loop1
loop1
loop1
loop1
loop1
loop1
loop1
loop1
loop1
loop1
loop1
loop1
loop1
loop1
loop1
loop1
loop1
loop1
loop1
loop1
loop1
loop1
loop1
loop1
loop1
loop1
loop1
loop1
loop1
loop1
loop1
loop1
loop1
loop1
loop1
loop1
loop1
loop1
loop1
loop1
loop1
loop1
loop1
loop1
loop1
loop1
loop1
loop1
loop1
loop1
loop1
loop1
loop1
loop1
loop1
loop1
loop1
loop1
loop1
loop1
loop1
loop1
loop1
loop1
loop1
loop1
loop1
loop1
loop1
loop1
loop1
loop1
loop1
loop1
loop1
loop1
loop1
loop1
loop1
loop1
loop1
loop1
loop1
loop1
loop1
loop1
loop1
loop1
loop1
loop1
loop1
loop1
loop1
loop1
loop1
loop1
loop1
loop1
loop1
loop1
loop1
loop1
loop1
loop1
loop1
loop1
loop1
loop1
loop1
loop1
loop1
loop1
loop1
loop1
loop1
loop1
loop1
loop1
loop1
loop1
loop1
loop1
loop1
loop1
loop1
loop1
loop1
loop1
loop1
loop1
loop1
loop1
loop1
loop1
loop1
loop1
loop1
loop1
loop1
loop1
loop1
loop1
loop1
loop1
loop1
loop1
loop1
loop1
loop1
loop1
loop1
loop1
loop1
loop1
loop1
loop1
loop1
loop1
loop1
loop1
loop1
loop1
loop1
loop1
loop1
loop1
loop1
loop1
loop1
loop1
loop1
loop1
loop1
loop1
loop1
loop1
loop1
loop1
loop1
loop1
loop1
loop1
loop1
loop1
loop1
loop1
loop1
loop1
loop1
loop1
loop1
loop1
loop1
loop1
loop1
loop1
loop1
loop1
loop1
loop1
loop1
loop1
loop1
loop1
loop1
loop1
loop1
loop1
loop1
loop1
loop1
loop1
loop1
loop1
loop1
loop1
loop1
loop1
loop1
loop1
loop1
loop1
loop1
loop1
loop1
loop1
loop1
loop1
loop1
loop1
loop1
loop1
loop1
loop1
loop1
loop1
loop1
loop1
loop1
loop1
loop1
loop1
loop1
loop1
loop1
loop1
loop1
loop1
loop1
loop1
loop1
loop1
loop1
loop1
loop1
loop1
loop1
loop1
loop1
loop1
loop1
loop1
loop1
loop1
loop1
loop1
loop1
loop1
loop1
loop1
loop1
loop1
loop1
loop1
loop1
loop1
loop1
loop1
loop1
loop1
loop1
loop1
loop1
loop1
loop1
loop1
loop1
loop1
loop1
loop1
loop1
loop1
loop1
loop1
loop1
loop1
loop1
loop1
loop1
loop1
loop1
loop1
loop1
loop1
loop1
loop1
loop1
loop1
loop1
loop1
loop1
loop1
loop1
loop1
loop1
loop1
loop1
loop1
loop1
loop1
loop1
loop1
loop1
loop1
loop1
loop1
loop1
loop1
loop1
loop1
loop1
loop1
loop1
loop1
loop1
loop1
loop1
loop1
loop1
loop1
loop1
loop1
loop1
loop1
loop1
loop1
loop1
loop1
loop1
loop1
loop1
loop1
loop1
loop1
loop1
loop1
loop1
loop1
loop1
loop1
loop1
loop1
loop1
loop1
loop1
loop1
loop1
loop1
loop1
loop1
loop1
loop1
loop1
loop1
loop1
loop1
loop1
loop1
loop1
loop1
loop1
loop1
loop1
loop1
loop1
loop1
loop1
loop1
loop1
loop1
loop1
loop1
loop1
loop1
loop1
loop1
loop1
loop1
loop1
loop1
loop1
loop1
loop1
loop1
loop1
loop1
loop1
loop1
loop1
loop1
loop1
loop1
loop1
loop1
loop1
loop1
loop1
loop1
loop1
loop1
loop1
loop1
loop1
loop1
loop1
loop1
loop1
loop1
loop1
loop1
loop1
loop1
loop1
loop1
loop1
loop1
loop1
loop1
loop1
loop1
loop1
loop1
loop1
loop1
loop1
loop1
loop1
loop1
loop1
loop1
loop1
loop1
loop1
loop1
loop1
loop1
loop1
loop1
loop1
loop1
loop1
loop1
loop1
loop1
loop1
loop1
loop1
loop1
loop1
loop1
loop1
loop1
loop1
loop1
loop1
loop1
loop1
loop1
loop1
loop1
loop1
loop1
loop1
loop1
loop1
loop1
loop1
loop1
loop1
loop1
loop1
loop1
loop1
loop1
loop1
loop1
loop1
loop1
loop1
loop1
loop1
loop1
loop1
loop1
loop1
loop1
loop1
loop1
loop1
loop1
loop1
loop1
loop1
loop1
loop1
loop1
loop1
loop1
loop1
loop1
loop1
loop1
loop1
loop1
loop1
loop1
loop1
loop1
loop1
loop1
loop1
loop1
loop1
loop1
loop1
loop1
loop1
loop1
loop1
loop1
loop1
loop1
loop1
loop1
loop1
loop1
loop1
loop1
loop1
loop1
loop1
loop1
loop1
loop1
loop1
loop1
loop1
loop1
loop1
loop1
loop1
loop1
loop1
loop1
loop1
loop1
loop1
loop1
loop1
loop1
loop1
loop1
loop1
loop1
loop1
loop1
loop1
loop1
loop1
loop1
loop1
loop1
loop1
loop1
loop1
loop1
loop1
loop1
loop1
loop1
loop1
loop1
loop1
loop1
loop1
loop1
loop1
loop1
loop1
loop1
loop1
loop1
loop1
loop1
loop1
loop1
loop1
loop1
loop1
loop1
loop1
loop1
loop1
loop1
loop1
loop1
loop1
loop1
loop1
loop1
loop1
loop1
loop1
loop1
loop1
loop1
loop1
loop1
loop1
loop1
loop1
loop1
loop1
loop1
loop1
loop1
loop1
loop1
loop1
loop1
loop1
loop1
loop1
loop1
loop1
loop1
loop1
loop1
loop1
loop1
loop1
loop1
loop1
loop1
loop1
loop1
loop1
loop1
loop1
loop1
loop1
loop1
loop1
loop1
loop1
loop1
loop1
loop1
loop1
loop1
loop1
loop1
loop1
loop1
loop1
loop1
loop1
loop1
loop1
loop1
loop1
loop1
loop1
loop1
loop1
loop1
loop1
loop1
loop1
loop1
loop1
loop1
loop1
loop1
loop1
loop1
loop1
loop1
loop1
loop1
loop1
loop1
loop1
loop1
loop1
loop1
loop1
loop1
loop1
loop1
loop1
loop1
loop1
loop1
loop1
loop1
loop1
loop1
loop1
loop1
loop1
loop1
loop1
loop1
loop1
loop1
loop1
loop1
loop1
loop1
loop1
loop1
loop1
loop1
loop1
loop1
loop1
loop1
loop1
loop1
loop1
loop1
loop1
loop1
loop1
loop1
loop1
loop1
loop1
loop1
loop1
loop1
loop1
loop1
loop1
loop1
loop1
loop1
loop1
loop1
loop1
loop1
loop1
loop1
loop1
loop1
loop1
loop1
loop1
loop1
loop1
loop1
loop1
loop1
loop1
loop1
loop1
loop1
loop1
loop1
loop1
loop1
loop1
loop1
loop1
loop1
loop1
loop1
loop1
loop1
loop1
loop1
loop1
loop1
loop1
loop1
loop1
loop1
loop1
loop1
loop1
loop1
loop1
loop1
loop1
loop1
loop1
loop1
loop1
loop1
loop1
loop1
loop1
loop1
loop1
loop1
loop1
loop1
loop1
loop1
loop1
loop1
loop1
loop1
loop1
loop1
loop1
loop1
loop1
loop1
loop1
loop1
loop1
loop1
loop1
loop1
loop1
loop1
loop1
loop1
loop1
loop1
loop1
loop1
loop1
loop1
loop1
loop1
loop1
loop1
loop1
loop1
loop1
loop1
loop1
loop1
loop1
loop1
loop1
loop1
loop1
loop1
loop1
loop1
loop1
loop1
loop1
loop1
loop1
loop1
loop1
loop1
loop1
loop1
loop1
loop1
loop1
loop1
loop1
loop1
loop1
loop1
loop1
loop1
loop1
loop1
loop1
loop1
loop1
loop1
loop1
loop1
loop1
loop1
loop1
loop1
loop1
loop1
loop1
loop1
loop1
loop1
loop1
loop1
loop1
loop1
loop1
loop1
loop1
loop1
loop1
loop1
loop1
loop1
loop1
loop1
loop1
loop1
loop1
loop1
loop1
loop1
loop1
loop1
loop1
loop1
loop1
loop1
loop1
loop1
loop1
loop1
loop1
loop1
loop1
loop1
loop1
loop1
loop1
loop1
loop1
loop1
loop1
loop1
loop1
loop1
loop1
loop1
loop1
loop1
loop1
loop1
loop1
loop1
loop1
loop1
loop1
loop1
loop1
loop1
loop1
loop1
loop1
loop1
loop1
loop1
loop1
loop1
loop1
loop1
loop1
loop1
loop1
loop1
loop1
loop1
loop1
loop1
loop1
loop1
loop1
loop1
loop1
loop1
loop1
loop1
loop1
loop1
loop1
loop1
loop1
loop1
loop1
loop1
loop1
loop1
loop1
loop1
loop1
loop1
loop1
loop1
loop1
loop1
loop1
loop1
loop1
loop1
loop1
loop1
loop1
loop1
loop1
loop1
loop1
loop1
loop1
loop1
loop1
loop1
loop1
loop1
loop1
loop1
loop1
loop1
loop1
loop1
loop1
loop1
loop1
loop1
loop1
loop1
loop1
loop1
loop1
loop1
loop1
loop1
loop1
loop1
loop1
loop1
loop1
loop1
loop1
loop1
loop1
loop1
loop1
loop1
loop1
loop1
loop1
loop1
loop1
loop1
loop1
loop1
loop1
loop1
loop1
loop1
loop1
loop1
loop1
loop1
loop1
loop1
loop1
loop1
loop1
loop1
loop1
loop1
loop1
loop1
loop1
loop1
loop1
loop1
loop1
loop1
loop1
loop1
loop1
loop1
loop1
loop1
loop1
loop1
loop1
loop1
loop1
loop1
loop1
loop1
loop1
loop1
loop1
loop1
loop1
loop1
loop1
loop1
loop1
loop1
loop1
loop1
loop1
loop1
loop1
loop1
loop1
loop1
loop1
loop1
loop1
loop1
loop1
loop1
loop1
loop1
loop1
loop1
loop1
loop1
loop1
loop1
loop1
loop1
loop1
loop1
loop1
loop1
loop1
loop1
loop1
loop1
loop1
loop1
loop1
loop1
loop1
loop1
loop1
loop1
loop1
loop1
loop1
loop1
loop1
loop1
loop1
loop1
loop1
loop1
loop1
loop1
loop1
loop1
loop1
loop1
loop1
loop1
loop1
loop1
loop1
loop1
loop1
loop1
loop1
loop1
loop1
loop1
loop1
loop1
loop1
loop1
loop1
loop1
loop1
loop1
loop1
loop1
loop1
loop1
loop1
loop1
loop1
loop1
loop1
loop1
loop1
loop1
loop1
loop1
loop1
loop1
loop1
loop1
loop1
loop1
loop1
loop1
loop1
loop1
loop1
loop1
loop1
loop1
loop1
loop1
loop1
loop1
loop1
loop1
loop1
loop1
loop1
loop1
loop1
loop1
loop1
loop1
loop1
loop1
loop1
loop1
loop1
loop1
loop1
loop1
loop1
loop1
loop1
loop1
loop1
loop1
loop1
loop1
loop1
loop1
loop1
loop1
loop1
loop1
loop1
loop1
loop1
loop1
loop1
loop1
loop1
loop1
loop1
loop1
loop1
loop1
loop1
loop1
loop1
loop1
loop1
loop1
loop1
loop1
loop1
loop1
loop1
loop1
loop1
loop1
loop1
loop1
loop1
loop1
loop1
loop1
loop1
loop1
loop1
loop1
loop1
loop1
loop1
loop1
loop1
loop1
loop1
loop1
loop1
loop1
loop1
loop1
loop1
loop1
loop1
loop1
loop1
loop1
loop1
loop1
loop1
loop1
loop1
loop1
loop1
loop1
loop1
loop1
loop1
loop1
loop1
loop1
loop1
loop1
loop1
loop1
loop1
loop1
loop1
loop1
loop1
loop1
loop1
loop1
loop1
loop1
loop1
loop1
loop1
loop1
loop1
loop1
loop1
loop1
loop1
loop1
loop1
loop1
loop1
loop1
loop1
loop1
loop1
loop1
loop1
loop1
loop1
loop1
loop1
loop1
loop1
loop1
loop1
loop1
loop1
loop1
loop1
loop1
loop1
loop1
loop1
loop1
loop1
loop1
loop1
loop1
loop1
loop1
loop1
loop1
loop1
loop1
loop1
loop1
loop1
loop1
loop1
loop1
loop1
loop1
loop1
loop1
loop1
loop1
loop1
loop1
loop1
loop1
loop1
loop1
loop1
loop1
loop1
loop1
loop1
loop1
loop1
loop1
loop1
loop1
loop1
loop1
loop1
loop1
loop1
loop1
loop1
loop1
loop1
loop1
loop1
loop1
loop1
loop1
loop1
loop1
loop1
loop1
loop1
loop1
loop1
loop1
loop1
loop1
loop1
loop1
loop1
loop1
loop1
loop1
loop1
loop1
loop1
loop1
loop1
loop1
loop1
loop1
loop1
loop1
loop1
loop1
loop1
loop1
loop1
loop1
loop1
loop1
loop1
loop1
loop1
loop1
loop1
loop1
loop1
loop1
loop1
loop1
loop1
loop1
loop1
loop1
loop1
loop1
loop1
loop1
loop1
loop1
loop1
loop1
loop1
loop1
loop1
loop1
loop1
loop1
loop1
loop1
loop1
loop1
loop1
loop1
loop1
loop1
loop1
loop1
loop1
loop1
loop1
loop1
loop1
loop1
loop1
loop1
loop1
loop1
loop1
loop1
loop1
loop1
loop1
loop1
loop1
loop1
loop1
loop1
loop1
loop1
loop1
loop1
loop1
loop1
loop1
loop1
loop1
loop1
loop1
loop1
loop1
loop1
loop1
loop1
loop1
loop1
loop1
loop1
loop1
loop1
loop1
loop1
loop1
loop1
loop1
loop1
loop1
loop1
loop1
loop1
loop1
loop1
loop1
loop1
loop1
loop1
loop1
loop1
loop1
loop1
loop1
loop1
loop1
loop1
loop1
loop1
loop1
loop1
loop1
loop1
loop1
loop1
loop1
loop1
loop1
loop1
loop1
loop1
loop1
loop1
loop1
loop1
loop1
loop1
loop1
loop1
loop1
loop1
loop1
loop1
loop1
loop1
loop1
loop1
loop1
loop1
loop1
loop1
loop1
loop1
loop1
loop1
loop1
loop1
loop1
loop1
loop1
loop1
loop1
loop1
loop1
loop1
loop1
loop1
loop1
loop1
loop1
loop1
loop1
loop1
loop1
loop1
loop1
loop1
loop1
loop1
loop1
loop1
loop1
loop1
loop1
loop1
loop1
loop1
loop1
loop1
loop1
loop1
loop1
loop1
loop1
loop1
loop1
loop1
loop1
loop1
loop1
loop1
loop1
loop1
loop1
loop1
loop1
loop1
loop1
loop1
loop1
loop1
loop1
loop1
loop1
loop1
loop1
loop1
loop1
loop1
loop1
loop1
loop1
loop1
loop1
loop1
loop1
loop1
loop1
loop1
loop1
loop1
loop1
loop1
loop1
loop1
loop1
loop1
loop1
loop1
loop1
loop1
loop1
loop1
loop1
loop1
loop1
loop1
loop1
loop1
loop1
loop1
loop1
loop1
loop1
loop1
loop1
loop1
loop1
loop1
loop1
loop1
loop1
loop1
loop1
loop1
loop1
loop1
loop1
loop1
loop1
loop1
loop1
loop1
loop1
loop1
loop1
loop1
loop1
loop1
loop1
loop1
loop1
loop1
loop1
loop1
loop1
loop1
loop1
loop1
loop1
loop1
loop1
loop1
loop1
loop1
loop1
loop1
loop1
loop1
loop1
loop1
loop1
loop1
loop1
loop1
loop1
loop1
loop1
loop1
loop1
loop1
loop1
loop1
loop1
loop1
loop1
loop1
loop1
loop1
loop1
loop1
loop1
loop1
loop1
loop1
loop1
loop1
loop1
loop1
loop1
loop1
loop1
loop1
loop1
loop1
loop1
loop1
loop1
loop1
loop1
loop1
loop1
loop1
loop1
loop1
loop1
loop1
loop1
loop1
loop1
loop1
loop1
loop1
loop1
loop1
loop1
loop1
loop1
loop1
loop1
loop1
loop1
loop1
loop1
loop1
loop1
loop1
loop1
loop1
loop1
loop1
loop1
loop1
loop1
loop1
loop1
loop1
loop1
loop1
loop1
loop1
loop1
loop1
loop1
loop1
loop1
loop1
loop1
loop1
loop1
loop1
loop1
loop1
loop1
loop1
loop1
loop1
loop1
loop1
loop1
loop1
loop1
loop1
loop1
loop1
loop1
loop1
loop1
loop1
loop1
loop1
loop1
loop1
loop1
loop1
loop1
loop1
loop1
loop1
loop1
loop1
loop1
loop1
loop1
loop1
loop1
loop1
loop1
loop1
loop1
loop1
loop1
loop1
loop1
loop1
loop1
loop1
loop1
loop1
loop1
loop1
loop1
loop1
loop1
loop1
loop1
loop1
loop1
loop1
loop1
loop1
loop1
loop1
loop1
loop1
loop1
loop1
loop1
loop1
loop1
loop1
loop1
loop1
loop1
loop1
loop1
loop1
loop1
loop1
loop1
loop1
loop1
loop1
loop1
loop1
loop1
loop1
loop1
loop1
loop1
loop1
loop1
loop1
loop1
loop1
loop1
loop1
loop1
loop1
loop1
loop1
loop1
loop1
loop1
loop1
loop1
loop1
loop1
loop1
loop1
loop1
loop1
loop1
loop1
loop1
loop1
loop1
loop1
loop1
loop1
loop1
loop1
loop1
loop1
loop1
loop1
loop1
loop1
loop1
loop1
loop1
loop1
loop1
loop1
loop1
loop1
loop1
loop1
loop1
loop1
loop1
loop1
loop1
loop1
loop1
loop1
loop1
loop1
loop1
loop1
loop1
loop1
loop1
loop1
loop1
loop1
loop1
loop1
loop1
loop1
loop1
loop1
loop1
loop1
loop1
loop1
loop1
loop1
loop1
loop1
loop1
loop1
loop1
loop1
loop1
loop1
loop1
loop1
loop1
loop1
loop1
loop1
loop1
loop1
loop1
loop1
loop1
loop1
loop1
loop1
loop1
loop1
loop1
loop1
loop1
loop1
loop1
loop1
loop1
loop1
loop1
loop1
loop1
loop1
loop1
loop1
loop1
loop1
loop1
loop1
loop1
loop1
loop1
loop1
loop1
loop1
loop1
loop1
loop1
loop1
loop1
loop1
loop1
loop1
loop1
loop1
loop1
loop1
loop1
loop1
loop1
loop1
loop1
loop1
loop1
loop1
loop1
loop1
loop1
loop1
loop1
loop1
loop1
loop1
loop1
loop1
loop1
loop1
loop1
loop1
loop1
loop1
loop1
loop1
loop1
loop1
loop1
loop1
loop1
loop1
loop1
loop1
loop1
loop1
loop1
loop1
loop1
loop1
loop1
loop1
loop1
loop1
loop1
loop1
loop1
loop1
loop1
loop1
loop1
loop1
loop1
loop1
loop1
loop1
loop1
loop1
loop1
loop1
loop1
loop1
loop1
loop1
loop1
loop1
loop1
loop1
loop1
loop1
loop1
loop1
loop1
loop1
loop1
loop1
loop1
loop1
loop1
loop1
loop1
loop1
loop1
loop1
loop1
loop1
loop1
loop1
loop1
loop1
loop1
loop1
loop1
loop1
loop1
loop1
loop1
loop1
loop1
loop1
loop1
loop1
loop1
loop1
loop1
loop1
loop1
loop1
loop1
loop1
loop1
loop1
loop1
loop1
loop1
loop1
loop1
loop1
loop1
loop1
loop1
loop1
loop1
loop1
loop1
loop1
loop1
loop1
loop1
loop1
loop1
loop1
loop1
loop1
loop1
loop1
loop1
loop1
loop1
loop1
loop1
loop1
loop1
loop1
loop1
loop1
loop1
loop1
loop1
loop1
loop1
loop1
loop1
loop1
loop1
loop1
loop1
loop1
loop1
loop1
loop1
loop1
loop1
loop1
loop1
loop1
loop1
loop1
loop1
loop1
loop1
loop1
loop1
loop1
loop1
loop1
loop1
loop1
loop1
loop1
loop1
loop1
loop1
loop1
loop1
loop1
loop1
loop1
loop1
loop1
loop1
loop1
loop1
loop1
loop1
loop1
loop1
loop1
loop1
loop1
loop1
loop1
loop1
loop1
loop1
loop1
loop1
loop1
loop1
loop1
loop1
loop1
loop1
loop1
loop1
loop1
loop1
loop1
loop1
loop1
loop1
loop1
loop1
loop1
loop1
loop1
loop1
loop1
loop1
loop1
loop1
loop1
loop1
loop1
loop1
loop1
loop1
loop1
loop1
loop1
loop1
loop1
loop1
loop1
loop1
loop1
loop1
loop1
loop1
loop1
loop1
loop1
loop1
loop1
loop1
loop1
loop1
loop1
loop1
loop1
loop1
loop1
loop1
loop1
loop1
loop1
loop1
loop1
loop1
loop1
loop1
loop1
loop1
loop1
loop1
loop1
loop1
loop1
loop1
loop1
loop1
loop1
loop1
loop1
loop1
loop1
loop1
loop1
loop1
loop1
loop1
loop1
loop1
loop1
loop1
loop1
loop1
loop1
loop1
loop1
loop1
loop1
loop1
loop1
loop1
loop1
loop1
loop1
loop1
loop1
loop1
loop1
loop1
loop1
loop1
loop1
loop1
loop1
loop1
loop1
loop1
loop1
loop1
loop1
loop1
loop1
loop1
loop1
loop1
loop1
loop1
loop1
loop1
loop1
loop1
loop1
loop1
loop1
loop1
loop1
loop1
loop1
loop1
loop1
loop1
loop1
loop1
loop1
loop1
loop1
loop1
loop1
loop1
loop1
loop1
loop1
loop1
loop1
loop1
loop1
loop1
loop1
loop1
loop1
loop1
loop1
loop1
loop1
loop1
loop1
loop1
loop1
loop1
loop1
loop1
loop1
loop1
loop1
loop1
loop1
loop1
loop1
loop1
loop1
loop1
loop1
loop1
loop1
loop1
loop1
loop1
loop1
loop1
loop1
loop1
loop1
loop1
loop1
loop1
loop1
loop1
loop1
loop1
loop1
loop1
loop1
loop1
loop1
loop1
loop1
loop1
loop1
loop1
loop1
loop1
loop1
loop1
loop1
loop1
loop1
loop1
loop1
loop1
loop1
loop1
loop1
loop1
loop1
loop1
loop1
loop1
loop1
loop1
loop1
loop1
loop1
loop1
loop1
loop1
loop1
loop1
loop1
loop1
loop1
loop1
loop1
loop1
loop1
loop1
loop1
loop1
loop1
loop1
loop1
loop1
loop1
loop1
loop1
loop1
loop1
loop1
loop1
loop1
loop1
loop1
loop1
loop1
loop1
loop1
loop1
loop1
loop1
loop1
loop1
loop1
loop1
loop1
loop1
loop1
loop1
loop1
loop1
loop1
loop1
loop1
loop1
loop1
loop1
loop1
loop1
loop1
loop1
loop1
loop1
loop1
loop1
loop1
loop1
loop1
loop1
loop1
loop1
loop1
loop1
loop1
loop1
loop1
loop1
loop1
loop1
loop1
loop1
loop1
loop1
loop1
loop1
loop1
loop1
loop1
loop1
loop1
loop1
loop1
loop1
loop1
loop1
loop1
loop1
loop1
loop1
loop1
loop1
loop1
loop1
loop1
loop1
loop1
loop1
loop1
loop1
loop1
loop1
loop1
loop1
loop1
loop1
loop1
loop1
loop1
loop1
loop1
loop1
loop1
loop1
loop1
loop1
loop1
loop1
loop1
loop1
loop1
loop1
loop1
loop1
loop1
loop1
loop1
loop1
loop1
loop1
loop1
loop1
loop1
loop1
loop1
loop1
loop1
loop1
loop1
loop1
loop1
loop1
loop1
loop1
loop1
loop1
loop1
loop1
loop1
loop1
loop1
loop1
loop1
loop1
loop1
loop1
loop1
loop1
loop1
loop1
loop1
loop1
loop1
loop1
loop1
loop1
loop1
loop1
loop1
loop1
loop1
loop1
loop1
loop1
loop1
loop1
loop1
loop1
loop1
loop1
loop1
loop1
loop1
loop1
loop1
loop1
loop1
loop1
loop1
loop1
loop1
loop1
loop1
loop1
loop1
loop1
loop1
loop1
loop1
loop1
loop1
loop1
loop1
loop1
loop1
loop1
loop1
loop1
loop1
loop1
loop1
loop1
loop1
loop1
loop1
loop1
loop1
loop1
loop1
loop1
loop1
loop1
loop1
loop1
loop1
loop1
loop1
loop1
loop1
loop1
loop1
loop1
loop1
loop1
loop1
loop1
loop1
loop1
loop1
loop1
loop1
loop1
loop1
loop1
loop1
loop1
loop1
loop1
loop1
loop1
loop1
loop1
loop1
loop1
loop1
loop1
loop1
loop1
loop1
loop1
loop1
loop1
loop1
loop1
loop1
loop1
loop1
loop1
loop1
loop1
loop1
loop1
loop1
loop1
loop1
loop1
loop1
loop1
loop1
loop1
loop1
loop1
loop1
loop1
loop1
loop1
loop1
loop1
loop1
loop1
loop1
loop1
loop1
loop1
loop1
loop1
loop1
loop1
loop1
loop1
loop1
loop1
loop1
loop1
loop1
loop1
loop1
loop1
loop1
loop1
loop1
loop1
loop1
loop1
loop1
loop1
loop1
loop1
loop1
loop1
loop1
loop1
loop1
loop1
loop1
loop1
loop1
loop1
loop1
loop1
loop1
loop1
loop1
loop1
loop1
loop1
loop1
loop1
loop1
loop1
loop1
loop1
loop1
loop1
loop1
loop1
loop1
loop1
loop1
loop1
loop1
loop1
loop1
loop1
loop1
loop1
loop1
loop1
loop1
loop1
loop1
loop1
loop1
loop1
loop1
loop1
loop1
loop1
loop1
loop1
loop1
loop1
loop1
loop1
loop1
loop1
loop1
loop1
loop1
loop1
loop1
loop1
loop1
loop1
loop1
loop1
loop1
loop1
loop1
loop1
loop1
loop1
loop1
loop1
loop1
loop1
loop1
loop1
loop1
loop1
loop1
loop1
loop1
loop1
loop1
loop1
loop1
loop1
loop1
loop1
loop1
loop1
loop1
loop1
loop1
loop1
loop1
loop1
loop1
loop1
loop1
loop1
loop1
loop1
loop1
loop1
loop1
loop1
loop1
loop1
loop1
loop1
loop1
loop1
loop1
loop1
loop1
loop1
loop1
loop1
loop1
loop1
loop1
loop1
loop1
loop1
loop1
loop1
loop1
loop1
loop1
loop1
loop1
loop1
loop1
loop1
loop1
loop1
loop1
loop1
loop1
loop1
loop1
loop1
loop1
loop1
loop1
loop1
loop1
loop1
loop1
loop1
loop1
loop1
loop1
loop1
loop1
loop1
loop1
loop1
loop1
loop1
loop1
loop1
loop1
loop1
loop1
loop1
loop1
loop1
loop1
loop1
loop1
loop1
loop1
loop1
loop1
loop1
loop1
loop1
loop1
loop1
loop1
loop1
loop1
loop1
loop1
loop1
loop1
loop1
loop1
loop1
loop1
loop1
loop1
loop1
loop1
loop1
loop1
loop1
loop1
loop1
loop1
loop1
loop1
loop1
loop1
loop1
loop1
loop1
loop1
loop1
loop1
loop1
loop1
loop1
loop1
loop1
loop1
loop1
loop1
loop1
loop1
loop1
loop1
loop1
loop1
loop1
loop1
loop1
loop1
loop1
loop1
loop1
loop1
loop1
loop1
loop1
loop1
loop1
loop1
loop1
loop1
loop1
loop1
loop1
loop1
loop1
loop1
loop1
loop1
loop1
loop1
loop1
loop1
loop1
loop1
loop1
loop1
loop1
loop1
loop1
loop1
loop1
loop1
loop1
loop1
loop1
loop1
loop1
loop1
loop1
loop1
loop1
loop1
loop1
loop1
loop1
loop1
loop1
loop1
loop1
loop1
loop1
loop1
loop1
loop1
loop1
loop1
loop1
loop1
loop1
loop1
loop1
loop1
loop1
loop1
loop1
loop1
loop1
loop1
loop1
loop1
loop1
loop1
loop1
loop1
loop1
loop1
loop1
loop1
loop1
loop1
loop1
loop1
loop1
loop1
loop1
loop1
loop1
loop1
loop1
loop1
loop1
loop1
loop1
loop1
loop1
loop1
loop1
loop1
loop1
loop1
loop1
loop1
loop1
loop1
loop1
loop1
loop1
loop1
loop1
loop1
loop1
loop1
loop1
loop1
loop1
loop1
loop1
loop1
loop1
loop1
loop1
loop1
loop1
loop1
loop1
loop1
loop1
loop1
loop1
loop1
loop1
loop1
loop1
loop1
loop1
loop1
loop1
loop1
loop1
loop1
loop1
loop1
loop1
loop1
loop1
loop1
loop1
loop1
loop1
loop1
loop1
loop1
loop1
loop1
loop1
loop1
loop1
loop1
loop1
loop1
loop1
loop1
loop1
loop1
loop1
loop1
loop1
loop1
loop1
loop1
loop1
loop1
loop1
loop1
loop1
loop1
loop1
loop1
loop1
loop1
loop1
loop1
loop1
loop1
loop1
loop1
loop1
loop1
loop1
loop1
loop1
loop1
loop1
loop1
loop1
loop1
loop1
loop1
loop1
loop1
loop1
loop1
loop1
loop1
loop1
loop1
loop1
loop1
loop1
loop1
loop1
loop1
loop1
loop1
loop1
loop1
loop1
loop1
loop1
loop1
loop1
loop1
loop1
loop1
loop1
loop1
loop1
loop1
loop1
loop1
loop1
loop1
loop1
loop1
loop1
loop1
loop1
loop1
loop1
loop1
loop1
loop1
loop1
loop1
loop1
loop1
loop1
loop1
loop1
loop1
loop1
loop1
loop1
loop1
loop1
loop1
loop1
loop1
loop1
loop1
loop1
loop1
loop1
loop1
loop1
loop1
loop1
loop1
loop1
loop1
loop1
loop1
loop1
loop1
loop1
loop1
loop1
loop1
loop1
loop1
loop1
loop1
loop1
loop1
loop1
loop1
loop1
loop1
loop1
loop1
loop1
loop1
loop1
loop1
loop1
loop1
loop1
loop1
loop1
loop1
loop1
loop1
loop1
loop1
loop1
loop1
loop1
loop1
loop1
loop1
loop1
loop1
loop1
loop1
loop1
loop1
loop1
loop1
loop1
loop1
loop1
loop1
loop1
loop1
loop1
loop1
loop1
loop1
loop1
loop1
loop1
loop1
loop1
loop1
loop1
loop1
loop1
loop1
loop1
loop1
loop1
loop1
loop1
loop1
loop1
loop1
loop1
loop1
loop1
loop1
loop1
loop1
loop1
loop1
loop1
loop1
loop1
loop1
loop1
loop1
loop1
loop1
loop1
loop1
loop1
loop1
loop1
loop1
loop1
loop1
loop1
loop1
loop1
loop1
loop1
loop1
loop1
loop1
loop1
loop1
loop1
loop1
loop1
loop1
loop1
loop1
loop1
loop1
loop1
loop1
loop1
loop1
loop1
loop1
loop1
loop1
loop1
loop1
loop1
loop1
loop1
loop1
loop1
loop1
loop1
loop1
loop1
loop1
loop1
loop1
loop1
loop1
loop1
loop1
loop1
loop1
loop1
loop1
loop1
loop1
loop1
loop1
loop1
loop1
loop1
loop1
loop1
loop1
loop1
loop1
loop1
loop1
loop1
loop1
loop1
loop1
loop1
loop1
loop1
loop1
loop1
loop1
loop1
loop1
loop1
loop1
loop1
loop1
loop1
loop1
loop1
loop1
loop1
loop1
loop1
loop1
loop1
loop1
loop1
loop1
loop1
loop1
loop1
loop1
loop1
loop1
loop1
loop1
loop1
loop1
loop1
loop1
loop1
loop1
loop1
loop1
loop1
loop1
loop1
loop1
loop1
loop1
loop1
loop1
loop1
loop1
loop1
loop1
loop1
loop1
loop1
loop1
loop1
loop1
loop1
loop1
loop1
loop1
loop1
loop1
loop1
loop1
loop1
loop1
loop1
loop1
loop1
loop1
loop1
loop1
loop1
loop1
loop1
loop1
loop1
loop1
loop1
loop1
loop1
loop1
loop1
loop1
loop1
loop1
loop1
loop1
loop1
loop1
loop1
loop1
loop1
loop1
loop1
loop1
loop1
loop1
loop1
loop1
loop1
loop1
loop1
loop1
loop1
loop1
loop1
loop1
loop1
loop1
loop1
loop1
loop1
loop1
loop1
loop1
loop1
loop1
loop1
loop1
loop1
loop1
loop1
loop1
loop1
loop1
loop1
loop1
loop1
loop1
loop1
loop1
loop1
loop1
loop1
loop1
loop1
loop1
loop1
loop1
loop1
loop1
loop1
loop1
loop1
loop1
loop1
loop1
loop1
loop1
loop1
loop1
loop1
loop1
loop1
loop1
loop1
loop1
loop1
loop1
loop1
loop1
loop1
loop1
loop1
loop1
loop1
loop1
loop1
loop1
loop1
loop1
loop1
loop1
loop1
loop1
loop1
loop1
loop1
loop1
loop1
loop1
loop1
loop1
loop1
loop1
loop1
loop1
loop1
loop1
loop1
loop1
loop1
loop1
loop1
loop1
loop1
loop1
loop1
loop1
loop1
loop1
loop1
loop1
loop1
loop1
loop1
loop1
loop1
loop1
loop1
loop1
loop1
loop1
loop1
loop1
loop1
loop1
loop1
loop1
loop1
loop1
loop1
loop1
loop1
loop1
loop1
loop1
loop1
loop1
loop1
loop1
loop1
loop1
loop1
loop1
loop1
loop1
loop1
loop1
loop1
loop1
loop1
loop1
loop1
loop1
loop1
loop1
loop1
loop1
loop1
loop1
loop1
loop1
loop1
loop1
loop1
loop1
loop1
loop1
loop1
loop1
loop1
loop1
loop1
loop1
loop1
loop1
loop1
loop1
loop1
loop1
loop1
loop1
loop1
loop1
loop1
loop1
loop1
loop1
loop1
loop1
loop1
loop1
loop1
loop1
loop1
loop1
loop1
loop1
loop1
loop1
loop1
loop1
loop1
loop1
loop1
loop1
loop1
loop1
loop1
loop1
loop1
loop1
loop1
loop1
loop1
loop1
loop1
loop1
loop1
loop1
loop1
loop1
loop1
loop1
loop1
loop1
loop1
loop1
loop1
loop1
loop1
loop1
loop1
loop1
loop1
loop1
loop1
loop1
loop1
loop1
loop1
loop1
loop1
loop1
loop1
loop1
loop1
loop1
loop1
loop1
loop1
loop1
loop1
loop1
loop1
loop1
loop1
loop1
loop1
loop1
loop1
loop1
loop1
loop1
loop1
loop1
loop1
loop1
loop1
loop1
loop1
loop1
loop1
loop1
loop1
loop1
loop1
loop1
loop1
loop1
loop1
loop1
loop1
loop1
loop1
loop1
loop1
loop1
loop1
loop1
loop1
loop1
loop1
loop1
loop1
loop1
loop1
loop1
loop1
loop1
loop1
loop1
loop1
loop1
loop1
loop1
loop1
loop1
loop1
loop1
loop1
loop1
loop1
loop1
loop1
loop1
loop1
loop1
loop1
loop1
loop1
loop1
loop1
loop1
loop1
loop1
loop1
loop1
loop1
loop1
loop1
loop1
loop1
loop1
loop1
loop1
loop1
loop1
loop1
loop1
loop1
loop1
loop1
loop1
loop1
loop1
loop1
loop1
loop1
loop1
loop1
loop1
loop1
loop1
loop1
loop1
loop1
loop1
loop1
loop1
loop1
loop1
loop1
loop1
loop1
loop1
loop1
loop1
loop1
loop1
loop1
loop1
loop1
loop1
loop1
loop1
loop1
loop1
loop1
loop1
loop1
loop1
loop1
loop1
loop1
loop1
loop1
loop1
loop1
loop1
loop1
loop1
loop1
loop1
loop1
loop1
loop1
loop1
loop1
loop1
loop1
loop1
loop1
loop1
loop1
loop1
loop1
loop1
loop1
loop1
loop1
loop1
loop1
loop1
loop1
loop1
loop1
loop1
loop1
loop1
loop1
loop1
loop1
loop1
loop1
loop1
loop1
loop1
loop1
loop1
loop1
loop1
loop1
loop1
loop1
loop1
loop1
loop1
loop1
loop1
loop1
loop1
loop1
loop1
loop1
loop1
loop1
loop1
loop1
loop1
loop1
loop1
loop1
loop1
loop1
loop1
loop1
loop1
loop1
loop1
loop1
loop1
loop1
loop1
loop1
loop1
loop1
loop1
loop1
loop1
loop1
loop1
loop1
loop1
loop1
loop1
loop1
loop1
loop1
loop1
loop1
loop1
loop1
loop1
loop1
loop1
loop1
loop1
loop1
loop1
loop1
loop1
loop1
loop1
loop1
loop1
loop1
loop1
loop1
loop1
loop1
loop1
loop1
loop1
loop1
loop1
loop1
loop1
loop1
loop1
loop1
loop1
loop1
loop1
loop1
loop1
loop1
loop1
loop1
loop1
loop1
loop1
loop1
loop1
loop1
loop1
loop1
loop1
loop1
loop1
loop1
loop1
loop1
loop1
loop1
loop1
loop1
loop1
loop1
loop1
loop1
loop1
loop1
loop1
loop1
loop1
loop1
loop1
loop1
loop1
loop1
loop1
loop1
loop1
loop1
loop1
loop1
loop1
loop1
loop1
loop1
loop1
loop1
loop1
loop1
loop1
loop1
loop1
loop1
loop1
loop1
loop1
loop1
loop1
loop1
loop1
loop1
loop1
loop1
loop1
loop1
loop1
loop1
loop1
loop1
loop1
loop1
loop1
loop1
loop1
loop1
loop1
loop1
loop1
loop1
loop1
loop1
loop1
loop1
loop1
loop1
loop1
loop1
loop1
loop1
loop1
loop1
loop1
loop1
loop1
loop1
loop1
loop1
loop1
loop1
loop1
loop1
loop1
loop1
loop1
loop1
loop1
loop1
loop1
loop1
loop1
loop1
loop1
loop1
loop1
loop1
loop1
loop1
loop1
loop1
loop1
loop1
loop1
loop1
loop1
loop1
loop1
loop1
loop1
loop1
loop1
loop1
loop1
loop1
loop1
loop1
loop1
loop1
loop1
loop1
loop1
loop1
loop1
loop1
loop1
loop1
loop1
loop1
loop1
loop1
loop1
loop1
loop1
loop1
loop1
loop1
loop1
loop1
loop1
loop1
loop1
loop1
loop1
loop1
loop1
loop1
loop1
loop1
loop1
loop1
loop1
loop1
loop1
loop1
loop1
loop1
loop1
loop1
loop1
loop1
loop1
loop1
loop1
loop1
loop1
loop1
loop1
loop1
loop1
loop1
loop1
loop1
loop1
loop1
loop1
loop1
loop1
loop1
loop1
loop1
loop1
loop1
loop1
loop1
loop1
loop1
loop1
loop1
loop1
loop1
loop1
loop1
loop1
loop1
loop1
loop1
loop1
loop1
loop1
loop1
loop1
loop1
loop1
loop1
loop1
loop1
loop1
loop1
loop1
loop1
loop1
loop1
loop1
loop1
loop1
loop1
loop1
loop1
loop1
loop1
loop1
loop1
loop1
loop1
loop1
loop1
loop1
loop1
loop1
loop1
loop1
loop1
loop1
loop1
loop1
loop1
loop1
loop1
loop1
loop1
loop1
loop1
loop1
loop1
loop1
loop1
loop1
loop1
loop1
loop1
loop1
loop1
loop1
loop1
loop1
loop1
loop1
loop1
loop1
loop1
loop1
loop1
loop1
loop1
loop1
loop1
loop1
loop1
loop1
loop1
loop1
loop1
loop1
loop1
loop1
loop1
loop1
loop1
loop1
loop1
loop1
loop1
loop1
loop1
loop1
loop1
loop1
loop1
loop1
loop1
loop1
loop1
loop1
loop1
loop1
loop1
loop1
loop1
loop1
loop1
loop1
loop1
loop1
loop1
loop1
loop1
loop1
loop1
loop1
loop1
loop1
loop1
loop1
loop1
loop1
loop1
loop1
loop1
loop1
loop1
loop1
loop1
loop1
loop1
loop1
loop1
loop1
loop1
loop1
loop1
loop1
loop1
loop1
loop1
loop1
loop1
loop1
loop1
loop1
loop1
loop1
loop1
loop1
loop1
loop1
loop1
loop1
loop1
loop1
loop1
loop1
loop1
loop1
loop1
loop1
loop1
loop1
loop1
loop1
loop1
loop1
loop1
loop1
loop1
loop1
loop1
loop1
loop1
loop1
loop1
loop1
loop1
loop1
loop1
loop1
loop1
loop1
loop1
loop1
loop1
loop1
loop1
loop1
loop1
loop1
loop1
loop1
loop1
loop1
loop1
loop1
loop1
loop1
loop1
loop1
loop1
loop1
loop1
loop1
loop1
loop1
loop1
loop1
loop1
loop1
loop1
loop1
loop1
loop1
loop1
loop1
loop1
loop1
loop1
loop1
loop1
loop1
loop1
loop1
loop1
loop1
loop1
loop1
loop1
loop1
loop1
loop1
loop1
loop1
loop1
loop1
loop1
loop1
loop1
loop1
loop1
loop1
loop1
loop1
loop1
loop1
loop1
loop1
loop1
loop1
loop1
loop1
loop1
loop1
loop1
loop1
loop1
loop1
loop1
loop1
loop1
loop1
loop1
loop1
loop1
loop1
loop1
loop1
loop1
loop1
loop1
loop1
loop1
loop1
loop1
loop1
loop1
loop1
loop1
loop1
loop1
loop1
loop1
loop1
loop1
loop1
loop1
loop1
loop1
loop1
loop1
loop1
loop1
loop1
loop1
loop1
loop1
loop1
loop1
loop1
loop1
loop1
loop1
loop1
loop1
loop1
loop1
loop1
loop1
loop1
loop1
loop1
loop1
loop1
loop1
loop1
loop1
loop1
loop1
loop1
loop1
loop1
loop1
loop1
loop1
loop1
loop1
loop1
loop1
loop1
loop1
loop1
loop1
loop1
loop1
loop1
loop1
loop1
loop1
loop1
loop1
loop1
loop1
loop1
loop1
loop1
loop1
loop1
loop1
loop1
loop1
loop1
loop1
loop1
loop1
loop1
loop1
loop1
loop1
loop1
loop1
loop1
loop1
loop1
loop1
loop1
loop1
loop1
loop1
loop1
loop1
loop1
loop1
loop1
loop1
loop1
loop1
loop1
loop1
loop1
loop1
loop1
loop1
loop1
loop1
loop1
loop1
loop1
loop1
loop1
loop1
loop1
loop1
loop1
loop1
loop1
loop1
loop1
loop1
loop1
loop1
loop1
loop1
loop1
loop1
loop1
loop1
loop1
loop1
loop1
loop1
loop1
loop1
loop1
loop1
loop1
loop1
loop1
loop1
loop1
loop1
loop1
loop1
loop1
loop1
loop1
loop1
loop1
loop1
loop1
loop1
loop1
loop1
loop1
loop1
loop1
loop1
loop1
loop1
loop1
loop1
loop1
loop1
loop1
loop1
loop1
loop1
loop1
loop1
loop1
loop1
loop1
loop1
loop1
loop1
loop1
loop1
loop1
loop1
loop1
loop1
loop1
loop1
loop1
loop1
loop1
loop1
loop1
loop1
loop1
loop1
loop1
loop1
loop1
loop1
loop1
loop1
loop1
loop1
loop1
loop1
loop1
loop1
loop1
loop1
loop1
loop1
loop1
loop1
loop1
loop1
loop1
loop1
loop1
loop1
loop1
loop1
loop1
loop1
loop1
loop1
loop1
loop1
loop1
loop1
loop1
loop1
loop1
loop1
loop1
loop1
loop1
loop1
loop1
loop1
loop1
loop1
loop1
loop1
loop1
loop1
loop1
loop1
loop1
loop1
loop1
loop1
loop1
loop1
loop1
loop1
loop1
loop1
loop1
loop1
loop1
loop1
loop1
loop1
loop1
loop1
loop1
loop1
loop1
loop1
loop1
loop1
loop1
loop1
loop1
loop1
loop1
loop1
loop1
loop1
loop1
loop1
loop1
loop1
loop1
loop1
loop1
loop1
loop1
loop1
loop1
loop1
loop1
loop1
loop1
loop1
loop1
loop1
loop1
loop1
loop1
loop1
loop1
loop1
loop1
loop1
loop1
loop1
loop1
loop1
loop1
loop1
loop1
loop1
loop1
loop1
loop1
loop1
loop1
loop1
loop1
loop1
loop1
loop1
loop1
loop1
loop1
loop1
loop1
loop1
loop1
loop1
loop1
loop1
loop1
loop1
loop1
loop1
loop1
loop1
loop1
loop1
loop1
loop1
loop1
loop1
loop1
loop1
loop1
loop1
loop1
loop1
loop1
loop1
loop1
loop1
loop1
loop1
loop1
loop1
loop1
loop1
loop1
loop1
loop1
loop1
loop1
loop1
loop1
loop1
loop1
loop1
loop1
loop1
loop1
loop1
loop1
loop1
loop1
loop1
loop1
loop1
loop1
loop1
loop1
loop1
loop1
loop1
loop1
loop1
loop1
loop1
loop1
loop1
loop1
loop1
loop1
loop1
loop1
loop1
loop1
loop1
loop1
loop1
loop1
loop1
loop1
loop1
loop1
loop1
loop1
loop1
loop1
loop1
loop1
loop1
loop1
loop1
loop1
loop1
loop1
loop1
loop1
loop1
loop1
loop1
loop1
loop1
loop1
loop1
loop1
loop1
loop1
loop1
loop1
loop1
loop1
loop1
loop1
loop1
loop1
loop1
loop1
loop1
loop1
loop1
loop1
loop1
loop1
loop1
loop1
loop1
loop1
loop1
loop1
loop1
loop1
loop1
loop1
loop1
loop1
loop1
loop1
loop1
loop1
loop1
loop1
loop1
loop1
loop1
loop1
loop1
loop1
loop1
loop1
loop1
loop1
loop1
loop1
loop1
loop1
loop1
loop1
loop1
loop1
loop1
loop1
loop1
loop1
loop1
loop1
loop1
loop1
loop1
loop1
loop1
loop1
loop1
loop1
loop1
loop1
loop1
loop1
loop1
loop1
loop1
loop1
loop1
loop1
loop1
loop1
loop1
loop1
loop1
loop1
loop1
loop1
loop1
loop1
loop1
loop1
loop1
loop1
loop1
loop1
loop1
loop1
loop1
loop1
loop1
loop1
loop1
loop1
loop1
loop1
loop1
loop1
loop1
loop1
loop1
loop1
loop1
loop1
loop1
loop1
loop1
loop1
loop1
loop1
loop1
loop1
loop1
loop1
loop1
loop1
loop1
loop1
loop1
loop1
loop1
loop1
loop1
loop1
loop1
loop1
loop1
loop1
loop1
loop1
loop1
loop1
loop1
loop1
loop1
loop1
loop1
loop1
loop1
loop1
loop1
loop1
loop1
loop1
loop1
loop1
loop1
loop1
loop1
loop1
loop1
loop1
loop1
loop1
loop1
loop1
loop1
loop1
loop1
loop1
loop1
loop1
loop1
loop1
loop1
loop1
loop1
loop1
loop1
loop1
loop1
loop1
loop1
loop1
loop1
loop1
loop1
loop1
loop1
loop1
loop1
loop1
loop1
loop1
loop1
loop1
loop1
loop1
loop1
loop1
loop1
loop1
loop1
loop1
loop1
loop1
loop1
loop1
loop1
loop1
loop1
loop1
loop1
loop1
loop1
loop1
loop1
loop1
loop1
loop1
loop1
loop1
loop1
loop1
loop1
loop1
loop1
loop1
loop1
loop1
loop1
loop1
loop1
loop1
loop1
loop1
loop1
loop1
loop1
loop1
loop1
loop1
loop1
loop1
loop1
loop1
loop1
loop1
loop1
loop1
loop1
loop1
loop1
loop1
loop1
loop1
loop1
loop1
loop1
loop1
loop1
loop1
loop1
loop1
loop1
loop1
loop1
loop1
loop1
loop1
loop1
loop1
loop1
loop1
loop1
loop1
loop1
loop1
loop1
loop1
loop1
loop1
loop1
loop1
loop1
loop1
loop1
loop1
loop1
loop1
loop1
loop1
loop1
loop1
loop1
loop1
loop1
loop1
loop1
loop1
loop1
loop1
loop1
loop1
loop1
loop1
loop1
loop1
loop1
loop1
loop1
loop1
loop1
loop1
loop1
loop1
loop1
loop1
loop1
loop1
loop1
loop1
loop1
loop1
loop1
loop1
loop1
loop1
loop1
loop1
loop1
loop1
loop1
loop1
loop1
loop1
loop1
loop1
loop1
loop1
loop1
loop1
loop1
loop1
loop1
loop1
loop1
loop1
loop1
loop1
loop1
loop1
loop1
loop1
loop1
loop1
loop1
loop1
loop1
loop1
loop1
loop1
loop1
loop1
loop1
loop1
loop1
loop1
loop1
loop1
loop1
loop1
loop1
loop1
loop1
loop1
loop1
loop1
loop1
loop1
loop1
loop1
loop1
loop1
loop1
loop1
loop1
loop1
loop1
loop1
loop1
loop1
loop1
loop1
loop1
loop1
loop1
loop1
loop1
loop1
loop1
loop1
loop1
loop1
loop1
loop1
loop1
loop1
loop1
loop1
loop1
loop1
loop1
loop1
loop1
loop1
loop1
loop1
loop1
loop1
loop1
loop1
loop1
loop1
loop1
loop1
loop1
loop1
loop1
loop1
loop1
loop1
loop1
loop1
loop1
loop1
loop1
loop1
loop1
loop1
loop1
loop1
loop1
loop1
loop1
loop1
loop1
loop1
loop1
loop1
loop1
loop1
loop1
loop1
loop1
loop1
loop1
loop1
loop1
loop1
loop1
loop1
loop1
loop1
loop1
loop1
loop1
loop1
loop1
loop1
loop1
loop1
loop1
loop1
loop1
loop1
loop1
loop1
loop1
loop1
loop1
loop1
loop1
loop1
loop1
loop1
loop1
loop1
loop1
loop1
loop1
loop1
loop1
loop1
loop1
loop1
loop1
loop1
loop1
loop1
loop1
loop1
loop1
loop1
loop1
loop1
loop1
loop1
loop1
loop1
loop1
loop1
loop1
loop1
loop1
loop1
loop1
loop1
loop1
loop1
loop1
loop1
loop1
loop1
loop1
loop1
loop1
loop1
loop1
loop1
loop1
loop1
loop1
loop1
loop1
loop1
loop1
loop1
loop1
loop1
loop1
loop1
loop1
loop1
loop1
loop1
loop1
loop1
loop1
loop1
loop1
loop1
loop1
loop1
loop1
loop1
loop1
loop1
loop1
loop1
loop1
loop1
loop1
loop1
loop1
loop1
loop1
loop1
loop1
loop1
loop1
loop1
loop1
loop1
loop1
loop1
loop1
loop1
loop1
loop1
loop1
loop1
loop1
loop1
loop1
loop1
loop1
loop1
loop1
loop1
loop1
loop1
loop1
loop1
loop1
loop1
loop1
loop1
loop1
loop1
loop1
loop1
loop1
loop1
loop1
loop1
loop1
loop1
loop1
loop1
loop1
loop1
loop1
loop1
loop1
loop1
loop1
loop1
loop1
loop1
loop1
loop1
loop1
loop1
loop1
loop1
loop1
loop1
loop1
loop1
loop1
loop1
loop1
loop1
loop1
loop1
loop1
loop1
loop1
loop1
loop1
loop1
loop1
loop1
loop1
loop1
loop1
loop1
loop1
loop1
loop1
loop1
loop1
loop1
loop1
loop1
loop1
loop1
loop1
loop1
loop1
loop1
loop1
loop1
loop1
loop1
loop1
loop1
loop1
loop1
loop1
loop1
loop1
loop1
loop1
loop1
loop1
loop1
loop1
loop1
loop1
loop1
loop1
loop1
loop1
loop1
loop1
loop1
loop1
loop1
loop1
loop1
loop1
loop1
loop1
loop1
loop1
loop1
loop1
loop1
loop1
loop1
loop1
loop1
loop1
loop1
loop1
loop1
loop1
loop1
loop1
loop1
loop1
loop1
loop1
loop1
loop1
loop1
loop1
loop1
loop1
loop1
loop1
loop1
loop1
loop1
loop1
loop1
loop1
loop1
loop1
loop1
loop1
loop1
loop1
loop1
loop1
loop1
loop1
loop1
loop1
loop1
loop1
loop1
loop1
loop1
loop1
loop1
loop1
loop1
loop1
loop1
loop1
loop1
loop1
loop1
loop1
loop1
loop1
loop1
loop1
loop1
loop1
loop1
loop1
loop1
loop1
loop1
loop1
loop1
loop1
loop1
loop1
loop1
loop1
loop1
loop1
loop1
loop1
loop1
loop1
loop1
loop1
loop1
loop1
loop1
loop1
loop1
loop1
loop1
loop1
loop1
loop1
loop1
loop1
loop1
loop1
loop1
loop1
loop1
loop1
loop1
loop1
loop1
loop1
loop1
loop1
loop1
loop1
loop1
loop1
loop1
loop1
loop1
loop1
loop1
loop1
loop1
loop1
loop1
loop1
loop1
loop1
loop1
loop1
loop1
loop1
loop1
loop1
loop1
loop1
loop1
loop1
loop1
loop1
loop1
loop1
loop1
loop1
loop1
loop1
loop1
loop1
loop1
loop1
loop1
loop1
loop1
loop1
loop1
loop1
loop1
loop1
loop1
loop1
loop1
loop1
loop1
loop1
loop1
loop1
loop1
loop1
loop1
loop1
loop1
loop1
loop1
loop1
loop1
loop1
loop1
loop1
loop1
loop1
loop1
loop1
loop1
loop1
loop1
loop1
loop1
loop1
loop1
loop1
loop1
loop1
loop1
loop1
loop1
loop1
loop1
loop1
loop1
loop1
loop1
loop1
loop1
loop1
loop1
loop1
loop1
loop1
loop1
loop1
loop1
loop1
loop1
loop1
loop1
loop1
loop1
loop1
loop1
loop1
loop1
loop1
loop1
loop1
loop1
loop1
loop1
loop1
loop1
loop1
loop1
loop1
loop1
loop1
loop1
loop1
loop1
loop1
loop1
loop1
loop1
loop1
loop1
loop1
loop1
loop1
loop1
loop1
loop1
loop1
loop1
loop1
loop1
loop1
loop1
loop1
loop1
loop1
loop1
loop1
loop1
loop1
loop1
loop1
loop1
loop1
loop1
loop1
loop1
loop1
loop1
loop1
loop1
loop1
loop1
loop1
loop1
loop1
loop1
loop1
loop1
loop1
loop1
loop1
loop1
loop1
loop1
loop1
loop1
loop1
loop1
loop1
loop1
loop1
loop1
loop1
loop1
loop1
loop1
loop1
loop1
loop1
loop1
loop1
loop1
loop1
loop1
loop1
loop1
loop1
loop1
loop1
loop1
loop1
loop1
loop1
loop1
loop1
loop1
loop1
loop1
loop1
loop1
loop1
loop1
loop1
loop1
loop1
loop1
loop1
loop1
loop1
loop1
loop1
loop1
loop1
loop1
loop1
loop1
loop1
loop1
loop1
loop1
loop1
loop1
loop1
loop1
loop1
loop1
loop1
loop1
loop1
loop1
loop1
loop1
loop1
loop1
loop1
loop1
loop1
loop1
loop1
loop1
loop1
loop1
loop1
loop1
loop1
loop1
loop1
loop1
loop1
loop1
loop1
loop1
loop1
loop1
loop1
loop1
loop1
loop1
loop1
loop1
loop1
loop1
loop1
loop1
loop1
loop1
loop1
loop1
loop1
loop1
loop1
loop1
loop1
loop1
loop1
loop1
loop1
loop1
loop1
loop1
loop1
loop1
loop1
loop1
loop1
loop1
loop1
loop1
loop1
loop1
loop1
loop1
loop1
loop1
loop1
loop1
loop1
loop1
loop1
loop1
loop1
loop1
loop1
loop1
loop1
loop1
loop1
loop1
loop1
loop1
loop1
loop1
loop1
loop1
loop1
loop1
loop1
loop1
loop1
loop1
loop1
loop1
loop1
loop1
loop1
loop1
loop1
loop1
loop1
loop1
loop1
loop1
loop1
loop1
loop1
loop1
loop1
loop1
loop1
loop1
loop1
loop1
loop1
loop1
loop1
loop1
loop1
loop1
loop1
loop1
loop1
loop1
loop1
loop1
loop1
loop1
loop1
loop1
loop1
loop1
loop1
loop1
loop1
loop1
loop1
loop1
loop1
loop1
loop1
loop1
loop1
loop1
loop1
loop1
loop1
loop1
loop1
loop1
loop1
loop1
loop1
loop1
loop1
loop1
loop1
loop1
loop1
loop1
loop1
loop1
loop1
loop1
loop1
loop1
loop1
loop1
loop1
loop1
loop1
loop1
loop1
loop1
loop1
loop1
loop1
loop1
loop1
loop1
loop1
loop1
loop1
loop1
loop1
loop1
loop1
loop1
loop1
loop1
loop1
loop1
loop1
loop1
loop1
loop1
loop1
loop1
loop1
loop1
loop1
loop1
loop1
loop1
loop1
loop1
loop1
loop1
loop1
loop1
loop1
loop1
loop1
loop1
loop1
loop1
loop1
loop1
loop1
loop1
loop1
loop1
loop1
loop1
loop1
loop1
loop1
loop1
loop1
loop1
loop1
loop1
loop1
loop1
loop1
loop1
loop1
loop1
loop1
loop1
loop1
loop1
loop1
loop1
loop1
loop1
loop1
loop1
loop1
loop1
loop1
loop1
loop1
loop1
loop1
loop1
loop1
loop1
loop1
loop1
loop1
loop1
loop1
loop1
loop1
loop1
loop1
loop1
loop1
loop1
loop1
loop1
loop1
loop1
loop1
loop1
loop1
loop1
loop1
loop1
loop1
loop1
loop1
loop1
loop1
loop1
loop1
loop1
loop1
loop1
loop1
loop1
loop1
loop1
loop1
loop1
loop1
loop1
loop1
loop1
loop1
loop1
loop1
loop1
loop1
loop1
loop1
loop1
loop1
loop1
loop1
loop1
loop1
loop1
loop1
loop1
loop1
loop1
loop1
loop1
loop1
loop1
loop1
loop1
loop1
loop1
loop1
loop1
loop1
loop1
loop1
loop1
loop1
loop1
loop1
loop1
loop1
loop1
loop1
loop1
loop1
loop1
loop1
loop1
loop1
loop1
loop1
loop1
loop1
loop1
loop1
loop1
loop1
loop1
loop1
loop1
loop1
loop1
loop1
loop1
loop1
loop1
loop1
loop1
loop1
loop1
loop1
loop1
loop1
loop1
loop1
loop1
loop1
loop1
loop1
loop1
loop1
loop1
loop1
loop1
loop1
loop1
loop1
loop1
loop1
loop1
loop1
loop1
loop1
loop1
loop1
loop1
loop1
loop1
loop1
loop1
loop1
loop1
loop1
loop1
loop1
loop1
loop1
loop1
loop1
loop1
loop1
loop1
loop1
loop1
loop1
loop1
loop1
loop1
loop1
loop1
loop1
loop1
loop1
loop1
loop1
loop1
loop1
loop1
loop1
loop1
loop1
loop1
loop1
loop1
loop1
loop1
loop1
loop1
loop1
loop1
loop1
loop1
loop1
loop1
loop1
loop1
loop1
loop1
loop1
loop1
loop1
loop1
loop1
loop1
loop1
loop1
loop1
loop1
loop1
loop1
loop1
loop1
loop1
loop1
loop1
loop1
loop1
loop1
loop1
loop1
loop1
loop1
loop1
loop1
loop1
loop1
loop1
loop1
loop1
loop1
loop1
loop1
loop1
loop1
loop1
loop1
loop1
loop1
loop1
loop1
loop1
loop1
loop1
loop1
loop1
loop1
loop1
loop1
loop1
loop1
loop1
loop1
loop1
loop1
loop1
loop1
loop1
loop1
loop1
loop1
loop1
loop1
loop1
loop1
loop1
loop1
loop1
loop1
loop1
loop1
loop1
loop1
loop1
loop1
loop1
loop1
loop1
loop1
loop1
loop1
loop1
loop1
loop1
loop1
loop1
loop1
loop1
loop1
loop1
loop1
loop1
loop1
loop1
loop1
loop1
loop1
loop1
loop1
loop1
loop1
loop1
loop1
loop1
loop1
loop1
loop1
loop1
loop1
loop1
loop1
loop1
loop1
loop1
loop1
loop1
loop1
loop1
loop1
loop1
loop1
loop1
loop1
loop1
loop1
loop1
loop1
loop1
loop1
loop1
loop1
loop1
loop1
loop1
loop1
loop1
loop1
loop1
loop1
loop1
loop1
loop1
loop1
loop1
loop1
loop1
loop1
loop1
loop1
loop1
loop1
loop1
loop1
loop1
loop1
loop1
loop1
loop1
loop1
loop1
loop1
loop1
loop1
loop1
loop1
loop1
loop1
loop1
loop1
loop1
loop1
loop1
loop1
loop1
loop1
loop1
loop1
loop1
loop1
loop1
loop1
loop1
loop1
loop1
loop1
loop1
loop1
loop1
loop1
loop1
loop1
loop1
loop1
loop1
loop1
loop1
loop1
loop1
loop1
loop1
loop1
loop1
loop1
loop1
loop1
loop1
loop1
loop1
loop1
loop1
loop1
loop1
loop1
loop1
loop1
loop1
loop1
loop1
loop1
loop1
loop1
loop1
loop1
loop1
loop1
loop1
loop1
loop1
loop1
loop1
loop1
loop1
loop1
loop1
loop1
loop1
loop1
loop1
loop1
loop1
loop1
loop1
loop1
loop1
loop1
loop1
loop1
loop1
loop1
loop1
loop1
loop1
loop1
loop1
loop1
loop1
loop1
loop1
loop1
loop1
loop1
loop1
loop1
loop1
loop1
loop1
loop1
loop1
loop1
loop1
loop1
loop1
loop1
loop1
loop1
loop1
loop1
loop1
loop1
loop1
loop1
loop1
loop1
loop1
loop1
loop1
loop1
loop1
loop1
loop1
loop1
loop1
loop1
loop1
loop1
loop1
loop1
loop1
loop1
loop1
loop1
loop1
loop1
loop1
loop1
loop1
loop1
loop1
loop1
loop1
loop1
loop1
loop1
loop1
loop1
loop1
loop1
loop1
loop1
loop1
loop1
loop1
loop1
loop1
loop1
loop1
loop1
loop1
loop1
loop1
loop1
loop1
loop1
loop1
loop1
loop1
loop1
loop1
loop1
loop1
loop1
loop1
loop1
loop1
loop1
loop1
loop1
loop1
loop1
loop1
loop1
loop1
loop1
loop1
loop1
loop1
loop1
loop1
loop1
loop1
loop1
loop1
loop1
loop1
loop1
loop1
loop1
loop1
loop1
loop1
loop1
loop1
loop1
loop1
loop1
loop1
loop1
loop1
loop1
loop1
loop1
loop1
loop1
loop1
loop1
loop1
loop1
loop1
loop1
loop1
loop1
loop1
loop1
loop1
loop1
loop1
loop1
loop1
loop1
loop1
loop1
loop1
loop1
loop1
loop1
loop1
loop1
loop1
loop1
loop1
loop1
loop1
loop1
loop1
loop1
loop1
loop1
loop1
loop1
loop1
loop1
loop1
loop1
loop1
loop1
loop1
loop1
loop1
loop1
loop1
loop1
loop1
loop1
loop1
loop1
loop1
loop1
loop1
loop1
loop1
loop1
loop1
loop1
loop1
loop1
loop1
loop1
loop1
loop1
loop1
loop1
loop1
loop1
loop1
loop1
loop1
loop1
loop1
loop1
loop1
loop1
loop1
loop1
loop1
loop1
loop1
loop1
loop1
loop1
loop1
loop1
loop1
loop1
loop1
loop1
loop1
loop1
loop1
loop1
loop1
loop1
loop1
loop1
loop1
loop1
loop1
loop1
loop1
loop1
loop1
loop1
loop1
loop1
loop1
loop1
loop1
loop1
loop1
loop1
loop1
loop1
loop1
loop1
loop1
loop1
loop1
loop1
loop1
loop1
loop1
loop1
loop1
loop1
loop1
loop1
loop1
loop1
loop1
loop1
loop1
loop1
loop1
loop1
loop1
loop1
loop1
loop1
loop1
loop1
loop1
loop1
loop1
loop1
loop1
loop1
loop1
loop1
loop1
loop1
loop1
loop1
loop1
loop1
loop1
loop1
loop1
loop1
loop1
loop1
loop1
loop1
loop1
loop1
loop1
loop1
loop1
loop1
loop1
loop1
loop1
loop1
loop1
loop1
loop1
loop1
loop1
loop1
loop1
loop1
loop1
loop1
loop1
loop1
loop1
loop1
loop1
loop1
loop1
loop1
loop1
loop1
loop1
loop1
loop1
loop1
loop1
loop1
loop1
loop1
loop1
loop1
loop1
loop1
loop1
loop1
loop1
loop1
loop1
loop1
loop1
loop1
loop1
loop1
loop1
loop1
loop1
loop1
loop1
loop1
loop1
loop1
loop1
loop1
loop1
loop1
loop1
loop1
loop1
loop1
loop1
loop1
loop1
loop1
loop1
loop1
loop1
loop1
loop1
loop1
loop1
loop1
loop1
loop1
loop1
loop1
loop1
loop1
loop1
loop1
loop1
loop1
loop1
loop1
loop1
loop1
loop1
loop1
loop1
loop1
loop1
loop1
loop1
loop1
loop1
loop1
loop1
loop1
loop1
loop1
loop1
loop1
loop1
loop1
loop1
loop1
loop1
loop1
loop1
loop1
loop1
loop1
loop1
loop1
loop1
loop1
loop1
loop1
loop1
loop1
loop1
loop1
loop1
loop1
loop1
loop1
loop1
loop1
loop1
loop1
loop1
loop1
loop1
loop1
loop1
loop1
loop1
loop1
loop1
loop1
loop1
loop1
loop1
loop1
loop1
loop1
loop1
loop1
loop1
loop1
loop1
loop1
loop1
loop1
loop1
loop1
loop1
loop1
loop1
loop1
loop1
loop1
loop1
loop1
loop1
loop1
loop1
loop1
loop1
loop1
loop1
loop1
loop1
loop1
loop1
loop1
loop1
loop1
loop1
loop1
loop1
loop1
loop1
loop1
loop1
loop1
loop1
loop1
loop1
loop1
loop1
loop1
loop1
loop1
loop1
loop1
loop1
loop1
loop1
loop1
loop1
loop1
loop1
loop1
loop1
loop1
loop1
loop1
loop1
loop1
loop1
loop1
loop1
loop1
loop1
loop1
loop1
loop1
loop1
loop1
loop1
loop1
loop1
loop1
loop1
loop1
loop1
loop1
loop1
loop1
loop1
loop1
loop1
loop1
loop1
loop1
loop1
loop1
loop1
loop1
loop1
loop1
loop1
loop1
loop1
loop1
loop1
loop1
loop1
loop1
loop1
loop1
loop1
loop1
loop1
loop1
loop1
loop1
loop1
loop1
loop1
loop1
loop1
loop1
loop1
loop1
loop1
loop1
loop1
loop1
loop1
loop1
loop1
loop1
loop1
loop1
loop1
loop1
loop1
loop1
loop1
loop1
loop1
loop1
loop1
loop1
loop1
loop1
loop1
loop1
loop1
loop1
loop1
loop1
loop1
loop1
loop1
loop1
loop1
loop1
loop1
loop1
loop1
loop1
loop1
loop1
loop1
loop1
loop1
loop1
loop1
loop1
loop1
loop1
loop1
loop1
loop1
loop1
loop1
loop1
loop1
loop1
loop1
loop1
loop1
loop1
loop1
loop1
loop1
loop1
loop1
loop1
loop1
loop1
loop1
loop1
loop1
loop1
loop1
loop1
loop1
loop1
loop1
loop1
loop1
loop1
loop1
loop1
loop1
loop1
loop1
loop1
loop1
loop1
loop1
loop1
loop1
loop1
loop1
loop1
loop1
loop1
loop1
loop1
loop1
loop1
loop1
loop1
loop1
loop1
loop1
loop1
loop1
loop1
loop1
loop1
loop1
loop1
loop1
loop1
loop1
loop1
loop1
loop1
loop1
loop1
loop1
loop1
loop1
loop1
loop1
loop1
loop1
loop1
loop1
loop1
loop1
loop1
loop1
loop1
loop1
loop1
loop1
loop1
loop1
loop1
loop1
loop1
loop1
loop1
loop1
loop1
loop1
loop1
loop1
loop1
loop1
loop1
loop1
loop1
loop1
loop1
loop1
loop1
loop1
loop1
loop1
loop1
loop1
loop1
loop1
loop1
loop1
loop1
loop1
loop1
loop1
loop1
loop1
loop1
loop1
loop1
loop1
loop1
loop1
loop1
loop1
loop1
loop1
loop1
loop1
loop1
loop1
loop1
loop1
loop1
loop1
loop1
loop1
loop1
loop1
loop1
loop1
loop1
loop1
loop1
loop1
loop1
loop1
loop1
loop1
loop1
loop1
loop1
loop1
loop1
loop1
loop1
loop1
loop1
loop1
loop1
loop1
loop1
loop1
loop1
loop1
loop1
loop1
loop1
loop1
loop1
loop1
loop1
loop1
loop1
loop1
loop1
loop1
loop1
loop1
loop1
loop1
loop1
loop1
loop1
loop1
loop1
loop1
loop1
loop1
loop1
loop1
loop1
loop1
loop1
loop1
loop1
loop1
loop1
loop1
loop1
loop1
loop1
loop1
loop1
loop1
loop1
loop1
loop1
loop1
loop1
loop1
loop1
loop1
loop1
loop1
loop1
loop1
loop1
loop1
loop1
loop1
loop1
loop1
loop1
loop1
loop1
loop1
loop1
loop1
loop1
loop1
loop1
loop1
loop1
loop1
loop1
loop1
loop1
loop1
loop1
loop1
loop1
loop1
loop1
loop1
loop1
loop1
loop1
loop1
loop1
loop1
loop1
loop1
loop1
loop1
loop1
loop1
loop1
loop1
loop1
loop1
loop1
loop1
loop1
loop1
loop1
loop1
loop1
loop1
loop1
loop1
loop1
loop1
loop1
loop1
loop1
loop1
loop1
loop1
loop1
loop1
loop1
loop1
loop1
loop1
loop1
loop1
loop1
loop1
loop1
loop1
loop1
loop1
loop1
loop1
loop1
loop1
loop1
loop1
loop1
loop1
loop1
loop1
loop1
loop1
loop1
loop1
loop1
loop1
loop1
loop1
loop1
loop1
loop1
loop1
loop1
loop1
loop1
loop1
loop1
loop1
loop1
loop1
loop1
loop1
loop1
loop1
loop1
loop1
loop1
loop1
loop1
loop1
loop1
loop1
loop1
loop1
loop1
loop1
loop1
loop1
loop1
loop1
loop1
loop1
loop1
loop1
loop1
loop1
loop1
loop1
loop1
loop1
loop1
loop1
loop1
loop1
loop1
loop1
loop1
loop1
loop1
loop1
loop1
loop1
loop1
loop1
loop1
loop1
loop1
loop1
loop1
loop1
loop1
loop1
loop1
loop1
loop1
loop1
loop1
loop1
loop1
loop1
loop1
loop1
loop1
loop1
loop1
loop1
loop1
loop1
loop1
loop1
loop1
loop1
loop1
loop1
loop1
loop1
loop1
loop1
loop1
loop1
loop1
loop1
loop1
loop1
loop1
loop1
loop1
loop1
loop1
loop1
loop1
loop1
loop1
loop1
loop1
loop1
loop1
loop1
loop1
loop1
loop1
loop1
loop1
loop1
loop1
loop1
loop1
loop1
loop1
loop1
loop1
loop1
loop1
loop1
loop1
loop1
loop1
loop1
loop1
loop1
loop1
loop1
loop1
loop1
loop1
loop1
loop1
loop1
loop1
loop1
loop1
loop1
loop1
loop1
loop1
loop1
loop1
loop1
loop1
loop1
loop1
loop1
loop1
loop1
loop1
loop1
loop1
loop1
loop1
loop1
loop1
loop1
loop1
loop1
loop1
loop1
loop1
loop1
loop1
loop1
loop1
loop1
loop1
loop1
loop1
loop1
loop1
loop1
loop1
loop1
loop1
loop1
loop1
loop1
loop1
loop1
loop1
loop1
loop1
loop1
loop1
loop1
loop1
loop1
loop1
loop1
loop1
loop1
loop1
loop1
loop1
loop1
loop1
loop1
loop1
loop1
loop1
loop1
loop1
loop1
loop1
loop1
loop1
loop1
loop1
loop1
loop1
loop1
loop1
loop1
loop1
loop1
loop1
loop1
loop1
loop1
loop1
loop1
loop1
loop1
loop1
loop1
loop1
loop1
loop1
loop1
loop1
loop1
loop1
loop1
loop1
loop1
loop1
loop1
loop1
loop1
loop1
loop1
loop1
loop1
loop1
loop1
loop1
loop1
loop1
loop1
loop1
loop1
loop1
loop1
loop1
loop1
loop1
loop1
loop1
loop1
loop1
loop1
loop1
loop1
loop1
loop1
loop1
loop1
loop1
loop1
loop1
loop1
loop1
loop1
loop1
loop1
loop1
loop1
loop1
loop1
loop1
loop1
loop1
loop1
loop1
loop1
loop1
loop1
loop1
loop1
loop1
loop1
loop1
loop1
loop1
loop1
loop1
loop1
loop1
loop1
loop1
loop1
loop1
loop1
loop1
loop1
loop1
loop1
loop1
loop1
loop1
loop1
loop1
loop1
loop1
loop1
loop1
loop1
loop1
loop1
loop1
loop1
loop1
loop1
loop1
loop1
loop1
loop1
loop1
loop1
loop1
loop1
loop1
loop1
loop1
loop1
loop1
loop1
loop1
loop1
loop1
loop1
loop1
loop1
loop1
loop1
loop1
loop1
loop1
loop1
loop1
loop1
loop1
loop1
loop1
loop1
loop1
loop1
loop1
loop1
loop1
loop1
loop1
loop1
loop1
loop1
loop1
loop1
loop1
loop1
loop1
loop1
loop1
loop1
loop1
loop1
loop1
loop1
loop1
loop1
loop1
loop1
loop1
loop1
loop1
loop1
loop1
loop1
loop1
loop1
loop1
loop1
loop1
loop1
loop1
loop1
loop1
loop1
loop1
loop1
loop1
loop1
loop1
loop1
loop1
loop1
loop1
loop1
loop1
loop1
loop1
loop1
loop1
loop1
loop1
loop1
loop1
loop1
loop1
loop1
loop1
loop1
loop1
loop1
loop1
loop1
loop1
loop1
loop1
loop1
loop1
loop1
loop1
loop1
loop1
loop1
loop1
loop1
loop1
loop1
loop1
loop1
loop1
loop1
loop1
loop1
loop1
loop1
loop1
loop1
loop1
loop1
loop1
loop1
loop1
loop1
loop1
loop1
loop1
loop1
loop1
loop1
loop1
loop1
loop1
loop1
loop1
loop1
loop1
loop1
loop1
loop1
loop1
loop1
loop1
loop1
loop1
loop1
loop1
loop1
loop1
loop1
loop1
loop1
loop1
loop1
loop1
loop1
loop1
loop1
loop1
loop1
loop1
loop1
loop1
loop1
loop1
loop1
loop1
loop1
loop1
loop1
loop1
loop1
loop1
loop1
loop1
loop1
loop1
loop1
loop1
loop1
loop1
loop1
loop1
loop1
loop1
loop1
loop1
loop1
loop1
loop1
loop1
loop1
loop1
loop1
loop1
loop1
loop1
loop1
loop1
loop1
loop1
loop1
loop1
loop1
loop1
loop1
loop1
loop1
loop1
loop1
loop1
loop1
loop1
loop1
loop1
loop1
loop1
loop1
loop1
loop1
loop1
loop1
loop1
loop1
loop1
loop1
loop1
loop1
loop1
loop1
loop1
loop1
loop1
loop1
loop1
loop1
loop1
loop1
loop1
loop1
loop1
loop1
loop1
loop1
loop1
loop1
loop1
loop1
loop1
loop1
loop1
loop1
loop1
loop1
loop1
loop1
loop1
loop1
loop1
loop1
loop1
loop1
loop1
loop1
loop1
loop1
loop1
loop1
loop1
loop1
loop1
loop1
loop1
loop1
loop1
loop1
loop1
loop1
loop1
loop1
loop1
loop1
loop1
loop1
loop1
loop1
loop1
loop1
loop1
loop1
loop1
loop1
loop1
loop1
loop1
loop1
loop1
loop1
loop1
loop1
loop1
loop1
loop1
loop1
loop1
loop1
loop1
loop1
loop1
loop1
loop1
loop1
loop1
loop1
loop1
loop1
loop1
loop1
loop1
loop1
loop1
loop1
loop1
loop1
loop1
loop1
loop1
loop1
loop1
loop1
loop1
loop1
loop1
loop1
loop1
loop1
loop1
loop1
loop1
loop1
loop1
loop1
loop1
loop1
loop1
loop1
loop1
loop1
loop1
loop1
loop1
loop1
loop1
loop1
loop1
loop1
loop1
loop1
loop1
loop1
loop1
loop1
loop1
loop1
loop1
loop1
loop1
loop1
loop1
loop1
loop1
loop1
loop1
loop1
loop1
loop1
loop1
loop1
loop1
loop1
loop1
loop1
loop1
loop1
loop1
loop1
loop1
loop1
loop1
loop1
loop1
loop1
loop1
loop1
loop1
loop1
loop1
loop1
loop1
loop1
loop1
loop1
loop1
loop1
loop1
loop1
loop1
loop1
loop1
loop1
loop1
loop1
loop1
loop1
loop1
loop1
loop1
loop1
loop1
loop1
loop1
loop1
loop1
loop1
loop1
loop1
loop1
loop1
loop1
loop1
loop1
loop1
loop1
loop1
loop1
loop1
loop1
loop1
loop1
loop1
loop1
loop1
loop1
loop1
loop1
loop1
loop1
loop1
loop1
loop1
loop1
loop1
loop1
loop1
loop1
loop1
loop1
loop1
loop1
loop1
loop1
loop1
loop1
loop1
loop1
loop1
loop1
loop1
loop1
loop1
loop1
loop1
loop1
loop1
loop1
loop1
loop1
loop1
loop1
loop1
loop1
loop1
loop1
loop1
loop1
loop1
loop1
loop1
loop1
loop1
loop1
loop1
loop1
loop1
loop1
loop1
loop1
loop1
loop1
loop1
loop1
loop1
loop1
loop1
loop1
loop1
loop1
loop1
loop1
loop1
loop1
loop1
loop1
loop1
loop1
loop1
loop1
loop1
loop1
loop1
loop1
loop1
loop1
loop1
loop1
loop1
loop1
loop1
loop1
loop1
loop1
loop1
loop1
loop1
loop1
loop1
loop1
loop1
loop1
loop1
loop1
loop1
loop1
loop1
loop1
loop1
loop1
loop1
loop1
loop1
loop1
loop1
loop1
loop1
loop1
loop1
loop1
loop1
loop1
loop1
loop1
loop1
loop1
loop1
loop1
loop1
loop1
loop1
loop1
loop1
loop1
loop1
loop1
loop1
loop1
loop1
loop1
loop1
loop1
loop1
loop1
loop1
loop1
loop1
loop1
loop1
loop1
loop1
loop1
loop1
loop1
loop1
loop1
loop1
loop1
loop1
loop1
loop1
loop1
loop1
loop1
loop1
loop1
loop1
loop1
loop1
loop1
loop1
loop1
loop1
loop1
loop1
loop1
loop1
loop1
loop1
loop1
loop1
loop1
loop1
loop1
loop1
loop1
loop1
loop1
loop1
loop1
loop1
loop1
loop1
loop1
loop1
loop1
loop1
loop1
loop1
loop1
loop1
loop1
loop1
loop1
loop1
loop1
loop1
loop1
loop1
loop1
loop1
loop1
loop1
loop1
loop1
loop1
loop1
loop1
loop1
loop1
loop1
loop1
loop1
loop1
loop1
loop1
loop1
loop1
loop1
loop1
loop1
loop1
loop1
loop1
loop1
loop1
loop1
loop1
loop1
loop1
loop1
loop1
loop1
loop1
loop1
loop1
loop1
loop1
loop1
loop1
loop1
loop1
loop1
loop1
loop1
loop1
loop1
loop1
loop1
loop1
loop1
loop1
loop1
loop1
loop1
loop1
loop1
loop1
loop1
loop1
loop1
loop1
loop1
loop1
loop1
loop1
loop1
loop1
loop1
loop1
loop1
loop1
loop1
loop1
loop1
loop1
loop1
loop1
loop1
loop1
loop1
loop1
loop1
loop1
loop1
loop1
loop1
loop1
loop1
loop1
loop1
loop1
loop1
loop1
loop1
loop1
loop1
loop1
loop1
loop1
loop1
loop1
loop1
loop1
loop1
loop1
loop1
loop1
loop1
loop1
loop1
loop1
loop1
loop1
loop1
loop1
loop1
loop1
loop1
loop1
loop1
loop1
loop1
loop1
loop1
loop1
loop1
loop1
loop1
loop1
loop1
loop1
loop1
loop1
loop1
loop1
loop1
loop1
loop1
loop1
loop1
loop1
loop1
loop1
loop1
loop1
loop1
loop1
loop1
loop1
loop1
loop1
loop1
loop1
loop1
loop1
loop1
loop1
loop1
loop1
loop1
loop1
loop1
loop1
loop1
loop1
loop1
loop1
loop1
loop1
loop1
loop1
loop1
loop1
loop1
loop1
loop1
loop1
loop1
loop1
loop1
loop1
loop1
loop1
loop1
loop1
loop1
loop1
loop1
loop1
loop1
loop1
loop1
loop1
loop1
loop1
loop1
loop1
loop1
loop1
loop1
loop1
loop1
loop1
loop1
loop1
loop1
loop1
loop1
loop1
loop1
loop1
loop1
loop1
loop1
loop1
loop1
loop1
loop1
loop1
loop1
loop1
loop1
loop1
loop1
loop1
loop1
loop1
loop1
loop1
loop1
loop1
loop1
loop1
loop1
loop1
loop1
loop1
loop1
loop1
loop1
loop1
loop1
loop1
loop1
loop1
loop1
loop1
loop1
loop1
loop1
loop1
loop1
loop1
loop1
loop1
loop1
loop1
loop1
loop1
loop1
loop1
loop1
loop1
loop1
loop1
loop1
loop1
loop1
loop1
loop1
loop1
loop1
loop1
loop1
loop1
loop1
loop1
loop1
loop1
loop1
loop1
loop1
loop1
loop1
loop1
loop1
loop1
loop1
loop1
loop1
loop1
loop1
loop1
loop1
loop1
loop1
loop1
loop1
loop1
loop1
loop1
loop1
loop1
loop1
loop1
loop1
loop1
loop1
loop1
loop1
loop1
loop1
loop1
loop1
loop1
loop1
loop1
loop1
loop1
loop1
loop1
loop1
loop1
loop1
loop1
loop1
loop1
loop1
loop1
loop1
loop1
loop1
loop1
loop1
loop1
loop1
loop1
loop1
loop1
loop1
loop1
loop1
loop1
loop1
loop1
loop1
loop1
loop1
loop1
loop1
loop1
loop1
loop1
loop1
loop1
loop1
loop1
loop1
loop1
loop1
loop1
loop1
loop1
loop1
loop1
loop1
loop1
loop1
loop1
loop1
loop1
loop1
loop1
loop1
loop1
loop1
loop1
loop1
loop1
loop1
loop1
loop1
loop1
loop1
loop1
loop1
loop1
loop1
loop1
loop1
loop1
loop1
loop1
loop1
loop1
loop1
loop1
loop1
loop1
loop1
loop1
loop1
loop1
loop1
loop1
loop1
loop1
loop1
loop1
loop1
loop1
loop1
loop1
loop1
loop1
loop1
loop1
loop1
loop1
loop1
loop1
loop1
loop1
loop1
loop1
loop1
loop1
loop1
loop1
loop1
loop1
loop1
loop1
loop1
loop1
loop1
loop1
loop1
loop1
loop1
loop1
loop1
loop1
loop1
loop1
loop1
loop1
loop1
loop1
loop1
loop1
loop1
loop1
loop1
loop1
loop1
loop1
loop1
loop1
loop1
loop1
loop1
loop1
loop1
loop1
loop1
loop1
loop1
loop1
loop1
loop1
loop1
loop1
loop1
loop1
loop1
loop1
loop1
loop1
loop1
loop1
loop1
loop1
loop1
loop1
loop1
loop1
loop1
loop1
loop1
loop1
loop1
loop1
loop1
loop1
loop1
loop1
loop1
loop1
loop1
loop1
loop1
loop1
loop1
loop1
loop1
loop1
loop1
loop1
loop1
loop1
loop1
loop1
loop1
loop1
loop1
loop1
loop1
loop1
loop1
loop1
loop1
loop1
loop1
loop1
loop1
loop1
loop1
loop1
loop1
loop1
loop1
loop1
loop1
loop1
loop1
loop1
loop1
loop1
loop1
loop1
loop1
loop1
loop1
loop1
loop1
loop1
loop1
loop1
loop1
loop1
loop1
loop1
loop1
loop1
loop1
loop1
loop1
loop1
loop1
loop1
loop1
loop1
loop1
loop1
loop1
loop1
loop1
loop1
loop1
loop1
loop1
loop1
loop1
loop1
loop1
loop1
loop1
loop1
loop1
loop1
loop1
loop1
loop1
loop1
loop1
loop1
loop1
loop1
loop1
loop1
loop1
loop1
loop1
loop1
loop1
loop1
loop1
loop1
loop1
loop1
loop1
loop1
loop1
loop1
loop1
loop1
loop1
loop1
loop1
loop1
loop1
loop1
loop1
loop1
loop1
loop1
loop1
loop1
loop1
loop1
loop1
loop1
loop1
loop1
loop1
loop1
loop1
loop1
loop1
loop1
loop1
loop1
loop1
loop1
loop1
loop1
loop1
loop1
loop1
loop1
loop1
loop1
loop1
loop1
loop1
loop1
loop1
loop1
loop1
loop1
loop1
loop1
loop1
loop1
loop1
loop1
loop1
loop1
loop1
loop1
loop1
loop1
loop1
loop1
loop1
loop1
loop1
loop1
loop1
loop1
loop1
loop1
loop1
loop1
loop1
loop1
loop1
loop1
loop1
loop1
loop1
loop1
loop1
loop1
loop1
loop1
loop1
loop1
loop1
loop1
loop1
loop1
loop1
loop1
loop1
loop1
loop1
loop1
loop1
loop1
loop1
loop1
loop1
loop1
loop1
loop1
loop1
loop1
loop1
loop1
loop1
loop1
loop1
loop1
loop1
loop1
loop1
loop1
loop1
loop1
loop1
loop1
loop1
loop1
loop1
loop1
loop1
loop1
loop1
loop1
loop1
loop1
loop1
loop1
loop1
loop1
loop1
loop1
loop1
loop1
loop1
loop1
loop1
loop1
loop1
loop1
loop1
loop1
loop1
loop1
loop1
loop1
loop1
loop1
loop1
loop1
loop1
loop1
loop1
loop1
loop1
loop1
loop1
loop1
loop1
loop1
loop1
loop1
loop1
loop1
loop1
loop1
loop1
loop1
loop1
loop1
loop1
loop1
loop1
loop1
loop1
loop1
loop1
loop1
loop1
loop1
loop1
loop1
loop1
loop1
loop1
loop1
loop1
loop1
loop1
loop1
loop1
loop1
loop1
loop1
loop1
loop1
loop1
loop1
loop1
loop1
loop1
loop1
loop1
loop1
loop1
loop1
loop1
loop1
loop1
loop1
loop1
loop1
loop1
loop1
loop1
loop1
loop1
loop1
loop1
loop1
loop1
loop1
loop1
loop1
loop1
loop1
loop1
loop1
loop1
loop1
loop1
loop1
loop1
loop1
loop1
loop1
loop1
loop1
loop1
loop1
loop1
loop1
loop1
loop1
loop1
loop1
loop1
loop1
loop1
loop1
loop1
loop1
loop1
loop1
loop1
loop1
loop1
loop1
loop1
loop1
loop1
loop1
loop1
loop1
loop1
loop1
loop1
loop1
loop1
loop1
loop1
loop1
loop1
loop1
loop1
loop1
loop1
loop1
loop1
loop1
loop1
loop1
loop1
loop1
loop1
loop1
loop1
loop1
loop1
loop1
loop1
loop1
loop1
loop1
loop1
loop1
loop1
loop1
loop1
loop1
loop1
loop1
loop1
loop1
loop1
loop1
loop1
loop1
loop1
loop1
loop1
loop1
loop1
loop1
loop1
loop1
loop1
loop1
loop1
loop1
loop1
loop1
loop1
loop1
loop1
loop1
loop1
loop1
loop1
loop1
loop1
loop1
loop1
loop1
loop1
loop1
loop1
loop1
loop1
loop1
loop1
loop1
loop1
loop1
loop1
loop1
loop1
loop1
loop1
loop1
loop1
loop1
loop1
loop1
loop1
loop1
loop1
loop1
loop1
loop1
loop1
loop1
loop1
loop1
loop1
loop1
loop1
loop1
loop1
loop1
loop1
loop1
loop1
loop1
loop1
loop1
loop1
loop1
loop1
loop1
loop1
loop1
loop1
loop1
loop1
loop1
loop1
loop1
loop1
loop1
loop1
loop1
loop1
loop1
loop1
loop1
loop1
loop1
loop1
loop1
loop1
loop1
loop1
loop1
loop1
loop1
loop1
loop1
loop1
loop1
loop1
loop1
loop1
loop1
loop1
loop1
loop1
loop1
loop1
loop1
loop1
loop1
loop1
loop1
loop1
loop1
loop1
loop1
loop1
loop1
loop1
loop1
loop1
loop1
loop1
loop1
loop1
loop1
loop1
loop1
loop1
loop1
loop1
loop1
loop1
loop1
loop1
loop1
loop1
loop1
loop1
loop1
loop1
loop1
loop1
loop1
loop1
loop1
loop1
loop1
loop1
loop1
loop1
loop1
loop1
loop1
loop1
loop1
loop1
loop1
loop1
loop1
loop1
loop1
loop1
loop1
loop1
loop1
loop1
loop1
loop1
loop1
loop1
loop1
loop1
loop1
loop1
loop1
loop1
loop1
loop1
loop1
loop1
loop1
loop1
loop1
loop1
loop1
loop1
loop1
loop1
loop1
loop1
loop1
loop1
loop1
loop1
loop1
loop1
loop1
loop1
loop1
loop1
loop1
loop1
loop1
loop1
loop1
loop1
loop1
loop1
loop1
loop1
loop1
loop1
loop1
loop1
loop1
loop1
loop1
loop1
loop1
loop1
loop1
loop1
loop1
loop1
loop1
loop1
loop1
loop1
loop1
loop1
loop1
loop1
loop1
loop1
loop1
loop1
loop1
loop1
loop1
loop1
loop1
loop1
loop1
loop1
loop1
loop1
loop1
loop1
loop1
loop1
loop1
loop1
loop1
loop1
loop1
loop1
loop1
loop1
loop1
loop1
loop1
loop1
loop1
loop1
loop1
loop1
loop1
loop1
loop1
loop1
loop1
loop1
loop1
loop1
loop1
loop1
loop1
loop1
loop1
loop1
loop1
loop1
loop1
loop1
loop1
loop1
loop1
loop1
loop1
loop1
loop1
loop1
loop1
loop1
loop1
loop1
loop1
loop1
loop1
loop1
loop1
loop1
loop1
loop1
loop1
loop1
loop1
loop1
loop1
loop1
loop1
loop1
loop1
loop1
loop1
loop1
loop1
loop1
loop1
loop1
loop1
loop1
loop1
loop1
loop1
loop1
loop1
loop1
loop1
loop1
loop1
loop1
loop1
loop1
loop1
loop1
loop1
loop1
loop1
loop1
loop1
loop1
loop1
loop1
loop1
loop1
loop1
loop1
loop1
loop1
loop1
loop1
loop1
loop1
loop1
loop1
loop1
loop1
loop1
loop1
loop1
loop1
loop1
loop1
loop1
loop1
loop1
loop1
loop1
loop1
loop1
loop1
loop1
loop1
loop1
loop1
loop1
loop1
loop1
loop1
loop1
loop1
loop1
loop1
loop1
loop1
loop1
loop1
loop1
loop1
loop1
loop1
loop1
loop1
loop1
loop1
loop1
loop1
loop1
loop1
loop1
loop1
loop1
loop1
loop1
loop1
loop1
loop1
loop1
loop1
loop1
loop1
loop1
loop1
loop1
loop1
loop1
loop1
loop1
loop1
loop1
loop1
loop1
loop1
loop1
loop1
loop1
loop1
loop1
loop1
loop1
loop1
loop1
loop1
loop1
loop1
loop1
loop1
loop1
loop1
loop1
loop1
loop1
loop1
loop1
loop1
loop1
loop1
loop1
loop1
loop1
loop1
loop1
loop1
loop1
loop1
loop1
loop1
loop1
loop1
loop1
loop1
loop1
loop1
loop1
loop1
loop1
loop1
loop1
loop1
loop1
loop1
loop1
loop1
loop1
loop1
loop1
loop1
loop1
loop1
loop1
loop1
loop1
loop1
loop1
loop1
loop1
loop1
loop1
loop1
loop1
loop1
loop1
loop1
loop1
loop1
loop1
loop1
loop1
loop1
loop1
loop1
loop1
loop1
loop1
loop1
loop1
loop1
loop1
loop1
loop1
loop1
loop1
loop1
loop1
loop1
loop1
loop1
loop1
loop1
loop1
loop1
loop1
loop1
loop1
loop1
loop1
loop1
loop1
loop1
loop1
loop1
loop1
loop1
loop1
loop1
loop1
loop1
loop1
loop1
loop1
loop1
loop1
loop1
loop1
loop1
loop1
loop1
loop1
loop1
loop1
loop1
loop1
loop1
loop1
loop1
loop1
loop1
loop1
loop1
loop1
loop1
loop1
loop1
loop1
loop1
loop1
loop1
loop1
loop1
loop1
loop1
loop1
loop1
loop1
loop1
loop1
loop1
loop1
loop1
loop1
loop1
loop1
loop1
loop1
loop1
loop1
loop1
loop1
loop1
loop1
loop1
loop1
loop1
loop1
loop1
loop1
loop1
loop1
loop1
loop1
loop1
loop1
loop1
loop1
loop1
loop1
loop1
loop1
loop1
loop1
loop1
loop1
loop1
loop1
loop1
loop1
loop1
loop1
loop1
loop1
loop1
loop1
loop1
loop1
loop1
loop1
loop1
loop1
loop1
loop1
loop1
loop1
loop1
loop1
loop1
loop1
loop1
loop1
loop1
loop1
loop1
loop1
loop1
loop1
loop1
loop1
loop1
loop1
loop1
loop1
loop1
loop1
loop1
loop1
loop1
loop1
loop1
loop1
loop1
loop1
loop1
loop1
loop1
loop1
loop1
loop1
loop1
loop1
loop1
loop1
loop1
loop1
loop1
loop1
loop1
loop1
loop1
loop1
loop1
loop1
loop1
loop1
loop1
loop1
loop1
loop1
loop1
loop1
loop1
loop1
loop1
loop1
loop1
loop1
loop1
loop1
loop1
loop1
loop1
loop1
loop1
loop1
loop1
loop1
loop1
loop1
loop1
loop1
loop1
loop1
loop1
loop1
loop1
loop1
loop1
loop1
loop1
loop1
loop1
loop1
loop1
loop1
loop1
loop1
loop1
loop1
loop1
loop1
loop1
loop1
loop1
loop1
loop1
loop1
loop1
loop1
loop1
loop1
loop1
loop1
loop1
loop1
loop1
loop1
loop1
loop1
loop1
loop1
loop1
loop1
loop1
loop1
loop1
loop1
loop1
loop1
loop1
loop1
loop1
loop1
loop1
loop1
loop1
loop1
loop1
loop1
loop1
loop1
loop1
loop1
loop1
loop1
loop1
loop1
loop1
loop1
loop1
loop1
loop1
loop1
loop1
loop1
loop1
loop1
loop1
loop1
loop1
loop1
loop1
loop1
loop1
loop1
loop1
loop1
loop1
loop1
loop1
loop1
loop1
loop1
loop1
loop1
loop1
loop1
loop1
loop1
loop1
loop1
loop1
loop1
loop1
loop1
loop1
loop1
loop1
loop1
loop1
loop1
loop1
loop1
loop1
loop1
loop1
loop1
loop1
loop1
loop1
loop1
loop1
loop1
loop1
loop1
loop1
loop1
loop1
loop1
loop1
loop1
loop1
loop1
loop1
loop1
loop1
loop1
loop1
loop1
loop1
loop1
loop1
loop1
loop1
loop1
loop1
loop1
loop1
loop1
loop1
loop1
loop1
loop1
loop1
loop1
loop1
loop1
loop1
loop1
loop1
loop1
loop1
loop1
loop1
loop1
loop1
loop1
loop1
loop1
loop1
loop1
loop1
loop1
loop1
loop1
loop1
loop1
loop1
loop1
loop1
loop1
loop1
loop1
loop1
loop1
loop1
loop1
loop1
loop1
loop1
loop1
loop1
loop1
loop1
loop1
loop1
loop1
loop1
loop1
loop1
loop1
loop1
loop1
loop1
loop1
loop1
loop1
loop1
loop1
loop1
loop1
loop1
loop1
loop1
loop1
loop1
loop1
loop1
loop1
loop1
loop1
loop1
loop1
loop1
loop1
loop1
loop1
loop1
loop1
loop1
loop1
loop1
loop1
loop1
loop1
loop1
loop1
loop1
loop1
loop1
loop1
loop1
loop1
loop1
loop1
loop1
loop1
loop1
loop1
loop1
loop1
loop1
loop1
loop1
loop1
loop1
loop1
loop1
loop1
loop1
loop1
loop1
loop1
loop1
loop1
loop1
loop1
loop1
loop1
loop1
loop1
loop1
loop1
loop1
loop1
loop1
loop1
loop1
loop1
loop1
loop1
loop1
loop1
loop1
loop1
loop1
loop1
loop1
loop1
loop1
loop1
loop1
loop1
loop1
loop1
loop1
loop1
loop1
loop1
loop1
loop1
loop1
loop1
loop1
loop1
loop1
loop1
loop1
loop1
loop1
loop1
loop1
loop1
loop1
loop1
loop1
loop1
loop1
loop1
loop1
loop1
loop1
loop1
loop1
loop1
loop1
loop1
loop1
loop1
loop1
loop1
loop1
loop1
loop1
loop1
loop1
loop1
loop1
loop1
loop1
loop1
loop1
loop1
loop1
loop1
loop1
loop1
loop1
loop1
loop1
loop1
loop1
loop1
loop1
loop1
loop1
loop1
loop1
loop1
loop1
loop1
loop1
loop1
loop1
loop1
loop1
loop1
loop1
loop1
loop1
loop1
loop1
loop1
loop1
loop1
loop1
loop1
loop1
loop1
loop1
loop1
loop1
loop1
loop1
loop1
loop1
loop1
loop1
loop1
loop1
loop1
loop1
loop1
loop1
loop1
loop1
loop1
loop1
loop1
loop1
loop1
loop1
loop1
loop1
loop1
loop1
loop1
loop1
loop1
loop1
loop1
loop1
loop1
loop1
loop1
loop1
loop1
loop1
loop1
loop1
loop1
loop1
loop1
loop1
loop1
loop1
loop1
loop1
loop1
loop1
loop1
loop1
loop1
loop1
loop1
loop1
loop1
loop1
loop1
loop1
loop1
loop1
loop1
loop1
loop1
loop1
loop1
loop1
loop1
loop1
loop1
loop1
loop1
loop1
loop1
loop1
loop1
loop1
loop1
loop1
loop1
loop1
loop1
loop1
loop1
loop1
loop1
loop1
loop1
loop1
loop1
loop1
loop1
loop1
loop1
loop1
loop1
loop1
loop1
loop1
loop1
loop1
loop1
loop1
loop1
loop1
loop1
loop1
loop1
loop1
loop1
loop1
loop1
loop1
loop1
loop1
loop1
loop1
loop1
loop1
loop1
loop1
loop1
loop1
loop1
loop1
loop1
loop1
loop1
loop1
loop1
loop1
loop1
loop1
loop1
loop1
loop1
loop1
loop1
loop1
loop1
loop1
loop1
loop1
loop1
loop1
loop1
loop1
loop1
loop1
loop1
loop1
loop1
loop1
loop1
loop1
loop1
loop1
loop1
loop1
loop1
loop1
loop1
loop1
loop1
loop1
loop1
loop1
loop1
loop1
loop1
loop1
loop1
loop1
loop1
loop1
loop1
loop1
loop1
loop1
loop1
loop1
loop1
loop1
loop1
loop1
loop1
loop1
loop1
loop1
loop1
loop1
loop1
loop1
loop1
loop1
loop1
loop1
loop1
loop1
loop1
loop1
loop1
loop1
loop1
loop1
loop1
loop1
loop1
loop1
loop1
loop1
loop1
loop1
loop1
loop1
loop1
loop1
loop1
loop1
loop1
loop1
loop1
loop1
loop1
loop1
loop1
loop1
loop1
loop1
loop1
loop1
loop1
loop1
loop1
loop1
loop1
loop1
loop1
loop1
loop1
loop1
loop1
loop1
loop1
loop1
loop1
loop1
loop1
loop1
loop1
loop1
loop1
loop1
loop1
loop1
loop1
loop1
loop1
loop1
loop1
loop1
loop1
loop1
loop1
loop1
loop1
loop1
loop1
loop1
loop1
loop1
loop1
loop1
loop1
loop1
loop1
loop1
loop1
loop1
loop1
loop1
loop1
loop1
loop1
loop1
loop1
loop1
loop1
loop1
loop1
loop1
loop1
loop1
loop1
loop1
loop1
loop1
loop1
loop1
loop1
loop1
loop1
loop1
loop1
loop1
loop1
loop1
loop1
loop1
loop1
loop1
loop1
loop1
loop1
loop1
loop1
loop1
loop1
loop1
loop1
loop1
loop1
loop1
loop1
loop1
loop1
loop1
loop1
loop1
loop1
loop1
loop1
loop1
loop1
loop1
loop1
loop1
loop1
loop1
loop1
loop1
loop1
loop1
loop1
loop1
loop1
loop1
loop1
loop1
loop1
loop1
loop1
loop1
loop1
loop1
loop1
loop1
loop1
loop1
loop1
loop1
loop1
loop1
loop1
loop1
loop1
loop1
loop1
loop1
loop1
loop1
loop1
loop1
loop1
loop1
loop1
loop1
loop1
loop1
loop1
loop1
loop1
loop1
loop1
loop1
loop1
loop1
loop1
loop1
loop1
loop1
loop1
loop1
loop1
loop1
loop1
loop1
loop1
loop1
loop1
loop1
loop1
loop1
loop1
loop1
loop1
loop1
loop1
loop1
loop1
loop1
loop1
loop1
loop1
loop1
loop1
loop1
loop1
loop1
loop1
loop1
loop1
loop1
loop1
loop1
loop1
loop1
loop1
loop1
loop1
loop1
loop1
loop1
loop1
loop1
loop1
loop1
loop1
loop1
loop1
loop1
loop1
loop1
loop1
loop1
loop1
loop1
loop1
loop1
loop1
loop1
loop1
loop1
loop1
loop1
loop1
loop1
loop1
loop1
loop1
loop1
loop1
loop1
loop1
loop1
loop1
loop1
loop1
loop1
loop1
loop1
loop1
loop1
loop1
loop1
loop1
loop1
loop1
loop1
loop1
loop1
loop1
loop1
loop1
loop1
loop1
loop1
loop1
loop1
loop1
loop1
loop1
loop1
loop1
loop1
loop1
loop1
loop1
loop1
loop1
loop1
loop1
loop1
loop1
loop1
loop1
loop1
loop1
loop1
loop1
loop1
loop1
loop1
loop1
loop1
loop1
loop1
loop1
loop1
loop1
loop1
loop1
loop1
loop1
loop1
loop1
loop1
loop1
loop1
loop1
loop1
loop1
loop1
loop1
loop1
loop1
loop1
loop1
loop1
loop1
loop1
loop1
loop1
loop1
loop1
loop1
loop1
loop1
loop1
loop1
loop1
loop1
loop1
loop1
loop1
loop1
loop1
loop1
loop1
loop1
loop1
loop1
loop1
loop1
loop1
loop1
loop1
loop1
loop1
loop1
loop1
loop1
loop1
loop1
loop1
loop1
loop1
loop1
loop1
loop1
loop1
loop1
loop1
loop1
loop1
loop1
loop1
loop1
loop1
loop1
loop1
loop1
loop1
loop1
loop1
loop1
loop1
loop1
loop1
loop1
loop1
loop1
loop1
loop1
loop1
loop1
loop1
loop1
loop1
loop1
loop1
loop1
loop1
loop1
loop1
loop1
loop1
loop1
loop1
loop1
loop1
loop1
loop1
loop1
loop1
loop1
loop1
loop1
loop1
loop1
loop1
loop1
loop1
loop1
loop1
loop1
loop1
loop1
loop1
loop1
loop1
loop1
loop1
loop1
loop1
loop1
loop1
loop1
loop1
loop1
loop1
loop1
loop1
loop1
loop1
loop1
loop1
loop1
loop1
loop1
loop1
loop1
loop1
loop1
loop1
loop1
loop1
loop1
loop1
loop1
loop1
loop1
loop1
loop1
loop1
loop1
loop1
loop1
loop1
loop1
loop1
loop1
loop1
loop1
loop1
loop1
loop1
loop1
loop1
loop1
loop1
loop1
loop1
loop1
loop1
loop1
loop1
loop1
loop1
loop1
loop1
loop1
loop1
loop1
loop1
loop1
loop1
loop1
loop1
loop1
loop1
loop1
loop1
loop1
loop1
loop1
loop1
loop1
loop1
loop1
loop1
loop1
loop1
loop1
loop1
loop1
loop1
loop1
loop1
loop1
loop1
loop1
loop1
loop1
loop1
loop1
loop1
loop1
loop1
loop1
loop1
loop1
loop1
loop1
loop1
loop1
loop1
loop1
loop1
loop1
loop1
loop1
loop1
loop1
loop1
loop1
loop1
loop1
loop1
loop1
loop1
loop1
loop1
loop1
loop1
loop1
loop1
loop1
loop1
loop1
loop1
loop1
loop1
loop1
loop1
loop1
loop1
loop1
loop1
loop1
loop1
loop1
loop1
loop1
loop1
loop1
loop1
loop1
loop1
loop1
loop1
loop1
loop1
loop1
loop1
loop1
loop1
loop1
loop1
loop1
loop1
loop1
loop1
loop1
loop1
loop1
loop1
loop1
loop1
loop1
loop1
loop1
loop1
loop1
loop1
loop1
loop1
loop1
loop1
loop1
loop1
loop1
loop1
loop1
loop1
loop1
loop1
loop1
loop1
loop1
loop1
loop1
loop1
loop1
loop1
loop1
loop1
loop1
loop1
loop1
loop1
loop1
loop1
loop1
loop1
loop1
loop1
loop1
loop1
loop1
loop1
loop1
loop1
loop1
loop1
loop1
loop1
loop1
loop1
loop1
loop1
loop1
loop1
loop1
loop1
loop1
loop1
loop1
loop1
loop1
loop1
loop1
loop1
loop1
loop1
loop1
loop1
loop1
loop1
loop1
loop1
loop1
loop1
loop1
loop1
loop1
loop1
loop1
loop1
loop1
loop1
loop1
loop1
loop1
loop1
loop1
loop1
loop1
loop1
loop1
loop1
loop1
loop1
loop1
loop1
loop1
loop1
loop1
loop1
loop1
loop1
loop1
loop1
loop1
loop1
loop1
loop1
loop1
loop1
loop1
loop1
loop1
loop1
loop1
loop1
loop1
loop1
loop1
loop1
loop1
loop1
loop1
loop1
loop1
loop1
loop1
loop1
loop1
loop1
loop1
loop1
loop1
loop1
loop1
loop1
loop1
loop1
loop1
loop1
loop1
loop1
loop1
loop1
loop1
loop1
loop1
loop1
loop1
loop1
loop1
loop1
loop1
loop1
loop1
loop1
loop1
loop1
loop1
loop1
loop1
loop1
loop1
loop1
loop1
loop1
loop1
loop1
loop1
loop1
loop1
loop1
loop1
loop1
loop1
loop1
loop1
loop1
loop1
loop1
loop1
loop1
loop1
loop1
loop1
loop1
loop1
loop1
loop1
loop1
loop1
loop1
loop1
loop1
loop1
loop1
loop1
loop1
loop1
loop1
loop1
loop1
loop1
loop1
loop1
loop1
loop1
loop1
loop1
loop1
loop1
loop1
loop1
loop1
loop1
loop1
loop1
loop1
loop1
loop1
loop1
loop1
loop1
loop1
loop1
loop1
loop1
loop1
loop1
loop1
loop1
loop1
loop1
loop1
loop1
loop1
loop1
loop1
loop1
loop1
loop1
loop1
loop1
loop1
loop1
loop1
loop1
loop1
loop1
loop1
loop1
loop1
loop1
loop1
loop1
loop1
loop1
loop1
loop1
loop1
loop1
loop1
loop1
loop1
loop1
loop1
loop1
loop1
loop1
loop1
loop1
loop1
loop1
loop1
loop1
loop1
loop1
loop1
loop1
loop1
loop1
loop1
loop1
loop1
loop1
loop1
loop1
loop1
loop1
loop1
loop1
loop1
loop1
loop1
loop1
loop1
loop1
loop1
loop1
loop1
loop1
loop1
loop1
loop1
loop1
loop1
loop1
loop1
loop1
loop1
loop1
loop1
loop1
loop1
loop1
loop1
loop1
loop1
loop1
loop1
loop1
loop1
loop1
loop1
loop1
loop1
loop1
loop1
loop1
loop1
loop1
loop1
loop1
loop1
loop1
loop1
loop1
loop1
loop1
loop1
loop1
loop1
loop1
loop1
loop1
loop1
loop1
loop1
loop1
loop1
loop1
loop1
loop1
loop1
loop1
loop1
loop1
loop1
loop1
loop1
loop1
loop1
loop1
loop1
loop1
loop1
loop1
loop1
loop1
loop1
loop1
loop1
loop1
loop1
loop1
loop1
loop1
loop1
loop1
loop1
loop1
loop1
loop1
loop1
loop1
loop1
loop1
loop1
loop1
loop1
loop1
loop1
loop1
loop1
loop1
loop1
loop1
loop1
loop1
loop1
loop1
loop1
loop1
loop1
loop1
loop1
loop1
loop1
loop1
loop1
loop1
loop1
loop1
loop1
loop1
loop1
loop1
loop1
loop1
loop1
loop1
loop1
loop1
loop1
loop1
loop1
loop1
loop1
loop1
loop1
loop1
loop1
loop1
loop1
loop1
loop1
loop1
loop1
loop1
loop1
loop1
loop1
loop1
loop1
loop1
loop1
loop1
loop1
loop1
loop1
loop1
loop1
loop1
loop1
loop1
loop1
loop1
loop1
loop1
loop1
loop1
loop1
loop1
loop1
loop1
loop1
loop1
loop1
loop1
loop1
loop1
loop1
loop1
loop1
loop1
loop1
loop1
loop1
loop1
loop1
loop1
loop1
loop1
loop1
loop1
loop1
loop1
loop1
loop1
loop1
loop1
loop1
loop1
loop1
loop1
loop1
loop1
loop1
loop1
loop1
loop1
loop1
loop1
loop1
loop1
loop1
loop1
loop1
loop1
loop1
loop1
loop1
loop1
loop1
loop1
loop1
loop1
loop1
loop1
loop1
loop1
loop1
loop1
loop1
loop1
loop1
loop1
loop1
loop1
loop1
loop1
loop1
loop1
loop1
loop1
loop1
loop1
loop1
loop1
loop1
loop1
loop1
loop1
loop1
loop1
loop1
loop1
loop1
loop1
loop1
loop1
loop1
loop1
loop1
loop1
loop1
loop1
loop1
loop1
loop1
loop1
loop1
loop1
loop1
loop1
loop1
loop1
loop1
loop1
loop1
loop1
loop1
loop1
loop1
loop1
loop1
loop1
loop1
loop1
loop1
loop1
loop1
loop1
loop1
loop1
loop1
loop1
loop1
loop1
loop1
loop1
loop1
loop1
loop1
loop1
loop1
loop1
loop1
loop1
loop1
loop1
loop1
loop1
loop1
loop1
loop1
loop1
loop1
loop1
loop1
loop1
loop1
loop1
loop1
loop1
loop1
loop1
loop1
loop1
loop1
loop1
loop1
loop1
loop1
loop1
loop1
loop1
loop1
loop1
loop1
loop1
loop1
loop1
loop1
loop1
loop1
loop1
loop1
loop1
loop1
loop1
loop1
loop1
loop1
loop1
loop1
loop1
loop1
loop1
loop1
loop1
loop1
loop1
loop1
loop1
loop1
loop1
loop1
loop1
loop1
loop1
loop1
loop1
loop1
loop1
loop1
loop1
loop1
loop1
loop1
loop1
loop1
loop1
loop1
loop1
loop1
loop1
loop1
loop1
loop1
loop1
loop1
loop1
loop1
loop1
loop1
loop1
loop1
loop1
loop1
loop1
loop1
loop1
loop1
loop1
loop1
loop1
loop1
loop1
loop1
loop1
loop1
loop1
loop1
loop1
loop1
loop1
loop1
loop1
loop1
loop1
loop1
loop1
loop1
loop1
loop1
loop1
loop1
loop1
loop1
loop1
loop1
loop1
loop1
loop1
loop1
loop1
loop1
loop1
loop1
loop1
loop1
loop1
loop1
loop1
loop1
loop1
loop1
loop1
loop1
loop1
loop1
loop1
loop1
loop1
loop1
loop1
loop1
loop1
loop1
loop1
loop1
loop1
loop1
loop1
loop1
loop1
loop1
loop1
loop1
loop1
loop1
loop1
loop1
loop1
loop1
loop1
loop1
loop1
loop1
loop1
loop1
loop1
loop1
loop1
loop1
loop1
loop1
loop1
loop1
loop1
loop1
loop1
loop1
loop1
loop1
loop1
loop1
loop1
loop1
loop1
loop1
loop1
loop1
loop1
loop1
loop1
loop1
loop1
loop1
loop1
loop1
loop1
loop1
loop1
loop1
loop1
loop1
loop1
loop1
loop1
loop1
loop1
loop1
loop1
loop1
loop1
loop1
loop1
loop1
loop1
loop1
loop1
loop1
loop1
loop1
loop1
loop1
loop1
loop1
loop1
loop1
loop1
loop1
loop1
loop1
loop1
loop1
loop1
loop1
loop1
loop1
loop1
loop1
loop1
loop1
loop1
loop1
loop1
loop1
loop1
loop1
loop1
loop1
loop1
loop1
loop1
loop1
loop1
loop1
loop1
loop1
loop1
loop1
loop1
loop1
loop1
loop1
loop1
loop1
loop1
loop1
loop1
loop1
loop1
loop1
loop1
loop1
loop1
loop1
loop1
loop1
loop1
loop1
loop1
loop1
loop1
loop1
loop1
loop1
loop1
loop1
loop1
loop1
loop1
loop1
loop1
loop1
loop1
loop1
loop1
loop1
loop1
loop1
loop1
loop1
loop1
loop1
loop1
loop1
loop1
loop1
loop1
loop1
loop1
loop1
loop1
loop1
loop1
loop1
loop1
loop1
loop1
loop1
loop1
loop1
loop1
loop1
loop1
loop1
loop1
loop1
loop1
loop1
loop1
loop1
loop1
loop1
loop1
loop1
loop1
loop1
loop1
loop1
loop1
loop1
loop1
loop1
loop1
loop1
loop1
loop1
loop1
loop1
loop1
loop1
loop1
loop1
loop1
loop1
loop1
loop1
loop1
loop1
loop1
loop1
loop1
loop1
loop1
loop1
loop1
loop1
loop1
loop1
loop1
loop1
loop1
loop1
loop1
loop1
loop1
loop1
loop1
loop1
loop1
loop1
loop1
loop1
loop1
loop1
loop1
loop1
loop1
loop1
loop1
loop1
loop1
loop1
loop1
loop1
loop1
loop1
loop1
loop1
loop1
loop1
loop1
loop1
loop1
loop1
loop1
loop1
loop1
loop1
loop1
loop1
loop1
loop1
loop1
loop1
loop1
loop1
loop1
loop1
loop1
loop1
loop1
loop1
loop1
loop1
loop1
loop1
loop1
loop1
loop1
loop1
loop1
loop1
loop1
loop1
loop1
loop1
loop1
loop1
loop1
loop1
loop1
loop1
loop1
loop1
loop1
loop1
loop1
loop1
loop1
loop1
loop1
loop1
loop1
loop1
loop1
loop1
loop1
loop1
loop1
loop1
loop1
loop1
loop1
loop1
loop1
loop1
loop1
loop1
loop1
loop1
loop1
loop1
loop1
loop1
loop1
loop1
loop1
loop1
loop1
loop1
loop1
loop1
loop1
loop1
loop1
loop1
loop1
loop1
loop1
loop1
loop1
loop1
loop1
loop1
loop1
loop1
loop1
loop1
loop1
loop1
loop1
loop1
loop1
loop1
loop1
loop1
loop1
loop1
loop1
loop1
loop1
loop1
loop1
loop1
loop1
loop1
loop1
loop1
loop1
loop1
loop1
loop1
loop1
loop1
loop1
loop1
loop1
loop1
loop1
loop1
loop1
loop1
loop1
loop1
loop1
loop1
loop1
loop1
loop1
loop1
loop1
loop1
loop1
loop1
loop1
loop1
loop1
loop1
loop1
loop1
loop1
loop1
loop1
loop1
loop1
loop1
loop1
loop1
loop1
loop1
loop1
loop1
loop1
loop1
loop1
loop1
loop1
loop1
loop1
loop1
loop1
loop1
loop1
loop1
loop1
loop1
loop1
loop1
loop1
loop1
loop1
loop1
loop1
loop1
loop1
loop1
loop1
loop1
loop1
loop1
loop1
loop1
loop1
loop1
loop1
loop1
loop1
loop1
loop1
loop1
loop1
loop1
loop1
loop1
loop1
loop1
loop1
loop1
loop1
loop1
loop1
loop1
loop1
loop1
loop1
loop1
loop1
loop1
loop1
loop1
loop1
loop1
loop1
loop1
loop1
loop1
loop1
loop1
loop1
loop1
loop1
loop1
loop1
loop1
loop1
loop1
loop1
loop1
loop1
loop1
loop1
loop1
loop1
loop1
loop1
loop1
loop1
loop1
loop1
loop1
loop1
loop1
loop1
loop1
loop1
loop1
loop1
loop1
loop1
loop1
loop1
loop1
loop1
loop1
loop1
loop1
loop1
loop1
loop1
loop1
loop1
loop1
loop1
loop1
loop1
loop1
loop1
loop1
loop1
loop1
loop1
loop1
loop1
loop1
loop1
loop1
loop1
loop1
loop1
loop1
loop1
loop1
loop1
loop1
loop1
loop1
loop1
loop1
loop1
loop1
loop1
loop1
loop1
loop1
loop1
loop1
loop1
loop1
loop1
loop1
loop1
loop1
loop1
loop1
loop1
loop1
loop1
loop1
loop1
loop1
loop1
loop1
loop1
loop1
loop1
loop1
loop1
loop1
loop1
loop1
loop1
loop1
loop1
loop1
loop1
loop1
loop1
loop1
loop1
loop1
loop1
loop1
loop1
loop1
loop1
loop1
loop1
loop1
loop1
loop1
loop1
loop1
loop1
loop1
loop1
loop1
loop1
loop1
loop1
loop1
loop1
loop1
loop1
loop1
loop1
loop1
loop1
loop1
loop1
loop1
loop1
loop1
loop1
loop1
loop1
loop1
loop1
loop1
loop1
loop1
loop1
loop1
loop1
loop1
loop1
loop1
loop1
loop1
loop1
loop1
loop1
loop1
loop1
loop1
loop1
loop1
loop1
loop1
loop1
loop1
loop1
loop1
loop1
loop1
loop1
loop1
loop1
loop1
loop1
loop1
loop1
loop1
loop1
loop1
loop1
loop1
loop1
loop1
loop1
loop1
loop1
loop1
loop1
loop1
loop1
loop1
loop1
loop1
loop1
loop1
loop1
loop1
loop1
loop1
loop1
loop1
loop1
loop1
loop1
loop1
loop1
loop1
loop1
loop1
loop1
loop1
loop1
loop1
loop1
loop1
loop1
loop1
loop1
loop1
loop1
loop1
loop1
loop1
loop1
loop1
loop1
loop1
loop1
loop1
loop1
loop1
loop1
loop1
loop1
loop1
loop1
loop1
loop1
loop1
loop1
loop1
loop1
loop1
loop1
loop1
loop1
loop1
loop1
loop1
loop1
loop1
loop1
loop1
loop1
loop1
loop1
loop1
loop1
loop1
loop1
loop1
loop1
loop1
loop1
loop1
loop1
loop1
loop1
loop1
loop1
loop1
loop1
loop1
loop1
loop1
loop1
loop1
loop1
loop1
loop1
loop1
loop1
loop1
loop1
loop1
loop1
loop1
loop1
loop1
loop1
loop1
loop1
loop1
loop1
loop1
loop1
loop1
loop1
loop1
loop1
loop1
loop1
loop1
loop1
loop1
loop1
loop1
loop1
loop1
loop1
loop1
loop1
loop1
loop1
loop1
loop1
loop1
loop1
loop1
loop1
loop1
loop1
loop1
loop1
loop1
loop1
loop1
loop1
loop1
loop1
loop1
loop1
loop1
loop1
loop1
loop1
loop1
loop1
loop1
loop1
loop1
loop1
loop1
loop1
loop1
loop1
loop1
loop1
loop1
loop1
loop1
loop1
loop1
loop1
loop1
loop1
loop1
loop1
loop1
loop1
loop1
loop1
loop1
loop1
loop1
loop1
loop1
loop1
loop1
loop1
loop1
loop1
loop1
loop1
loop1
loop1
loop1
loop1
loop1
loop1
loop1
loop1
loop1
loop1
loop1
loop1
loop1
loop1
loop1
loop1
loop1
loop1
loop1
loop1
loop1
loop1
loop1
loop1
loop1
loop1
loop1
loop1
loop1
loop1
loop1
loop1
loop1
loop1
loop1
loop1
loop1
loop1
loop1
loop1
loop1
loop1
loop1
loop1
loop1
loop1
loop1
loop1
loop1
loop1
loop1
loop1
loop1
loop1
loop1
loop1
loop1
loop1
loop1
loop1
loop1
loop1
loop1
loop1
loop1
loop1
loop1
loop1
loop1
loop1
loop1
loop1
loop1
loop1
loop1
loop1
loop1
loop1
loop1
loop1
loop1
loop1
loop1
loop1
loop1
loop1
loop1
loop1
loop1
loop1
loop1
loop1
loop1
loop1
loop1
loop1
loop1
loop1
loop1
loop1
loop1
loop1
loop1
loop1
loop1
loop1
loop1
loop1
loop1
loop1
loop1
loop1
loop1
loop1
loop1
loop1
loop1
loop1
loop1
loop1
loop1
loop1
loop1
loop1
loop1
loop1
loop1
loop1
loop1
loop1
loop1
loop1
loop1
loop1
loop1
loop1
loop1
loop1
loop1
loop1
loop1
loop1
loop1
loop1
loop1
loop1
loop1
loop1
loop1
loop1
loop1
loop1
loop1
loop1
loop1
loop1
loop1
loop1
loop1
loop1
loop1
loop1
loop1
loop1
loop1
loop1
loop1
loop1
loop1
loop1
loop1
loop1
loop1
loop1
loop1
loop1
loop1
loop1
loop1
loop1
loop1
loop1
loop1
loop1
loop1
loop1
loop1
loop1
loop1
loop1
loop1
loop1
loop1
loop1
loop1
loop1
loop1
loop1
loop1
loop1
loop1
loop1
loop1
loop1
loop1
loop1
loop1
loop1
loop1
loop1
loop1
loop1
loop1
loop1
loop1
loop1
loop1
loop1
loop1
loop1
loop1
loop1
loop1
loop1
loop1
loop1
loop1
loop1
loop1
loop1
loop1
loop1
loop1
loop1
loop1
loop1
loop1
loop1
loop1
loop1
loop1
loop1
loop1
loop1
loop1
loop1
loop1
loop1
loop1
loop1
loop1
loop1
loop1
loop1
loop1
loop1
loop1
loop1
loop1
loop1
loop1
loop1
loop1
loop1
loop1
loop1
loop1
loop1
loop1
loop1
loop1
loop1
loop1
loop1
loop1
loop1
loop1
loop1
loop1
loop1
loop1
loop1
loop1
loop1
loop1
loop1
loop1
loop1
loop1
loop1
loop1
loop1
loop1
loop1
loop1
loop1
loop1
loop1
loop1
loop1
loop1
loop1
loop1
loop1
loop1
loop1
loop1
loop1
loop1
loop1
loop1
loop1
loop1
loop1
loop1
loop1
loop1
loop1
loop1
loop1
loop1
loop1
loop1
loop1
loop1
loop1
loop1
loop1
loop1
loop1
loop1
loop1
loop1
loop1
loop1
loop1
loop1
loop1
loop1
loop1
loop1
loop1
loop1
loop1
loop1
loop1
loop1
loop1
loop1
loop1
loop1
loop1
loop1
loop1
loop1
loop1
loop1
loop1
loop1
loop1
loop1
loop1
loop1
loop1
loop1
loop1
loop1
loop1
loop1
loop1
loop1
loop1
loop1
loop1
loop1
loop1
loop1
loop1
loop1
loop1
loop1
loop1
loop1
loop1
loop1
loop1
loop1
loop1
loop1
loop1
loop1
loop1
loop1
loop1
loop1
loop1
loop1
loop1
loop1
loop1
loop1
loop1
loop1
loop1
loop1
loop1
loop1
loop1
loop1
loop1
loop1
loop1
loop1
loop1
loop1
loop1
loop1
loop1
loop1
loop1
loop1
loop1
loop1
loop1
loop1
loop1
loop1
loop1
loop1
loop1
loop1
loop1
loop1
loop1
loop1
loop1
loop1
loop1
loop1
loop1
loop1
loop1
loop1
loop1
loop1
loop1
loop1
loop1
loop1
loop1
loop1
loop1
loop1
loop1
loop1
loop1
loop1
loop1
loop1
loop1
loop1
loop1
loop1
loop1
loop1
loop1
loop1
loop1
loop1
loop1
loop1
loop1
loop1
loop1
loop1
loop1
loop1
loop1
loop1
loop1
loop1
loop1
loop1
loop1
loop1
loop1
loop1
loop1
loop1
loop1
loop1
loop1
loop1
loop1
loop1
loop1
loop1
loop1
loop1
loop1
loop1
loop1
loop1
loop1
loop1
loop1
loop1
loop1
loop1
loop1
loop1
loop1
loop1
loop1
loop1
loop1
loop1
loop1
loop1
loop1
loop1
loop1
loop1
loop1
loop1
loop1
loop1
loop1
loop1
loop1
loop1
loop1
loop1
loop1
loop1
loop1
loop1
loop1
loop1
loop1
loop1
loop1
loop1
loop1
loop1
loop1
loop1
loop1
loop1
loop1
loop1
loop1
loop1
loop1
loop1
loop1
loop1
loop1
loop1
loop1
loop1
loop1
loop1
loop1
loop1
loop1
loop1
loop1
loop1
loop1
loop1
loop1
loop1
loop1
loop1
loop1
loop1
loop1
loop1
loop1
loop1
loop1
loop1
loop1
loop1
loop1
loop1
loop1
loop1
loop1
loop1
loop1
loop1
loop1
loop1
loop1
loop1
loop1
loop1
loop1
loop1
loop1
loop1
loop1
loop1
loop1
loop1
loop1
loop1
loop1
loop1
loop1
loop1
loop1
loop1
loop1
loop1
loop1
loop1
loop1
loop1
loop1
loop1
loop1
loop1
loop1
loop1
loop1
loop1
loop1
loop1
loop1
loop1
loop1
loop1
loop1
loop1
loop1
loop1
loop1
loop1
loop1
loop1
loop1
loop1
loop1
loop1
loop1
loop1
loop1
loop1
loop1
loop1
loop1
loop1
loop1
loop1
loop1
loop1
loop1
loop1
loop1
loop1
loop1
loop1
loop1
loop1
loop1
loop1
loop1
loop1
loop1
loop1
loop1
loop1
loop1
loop1
loop1
loop1
loop1
loop1
loop1
loop1
loop1
loop1
loop1
loop1
loop1
loop1
loop1
loop1
loop1
loop1
loop1
loop1
loop1
loop1
loop1
loop1
loop1
loop1
loop1
loop1
loop1
loop1
loop1
loop1
loop1
loop1
loop1
loop1
loop1
loop1
loop1
loop1
loop1
loop1
loop1
loop1
loop1
loop1
loop1
loop1
loop1
loop1
loop1
loop1
loop1
loop1
loop1
loop1
loop1
loop1
loop1
loop1
loop1
loop1
loop1
loop1
loop1
loop1
loop1
loop1
loop1
loop1
loop1
loop1
loop1
loop1
loop1
loop1
loop1
loop1
loop1
loop1
loop1
loop1
loop1
loop1
loop1
loop1
loop1
loop1
loop1
loop1
loop1
loop1
loop1
loop1
loop1
loop1
loop1
loop1
loop1
loop1
loop1
loop1
loop1
loop1
loop1
loop1
loop1
loop1
loop1
loop1
loop1
loop1
loop1
loop1
loop1
loop1
loop1
loop1
loop1
loop1
loop1
loop1
loop1
loop1
loop1
loop1
loop1
loop1
loop1
loop1
loop1
loop1
loop1
loop1
loop1
loop1
loop1
loop1
loop1
loop1
loop1
loop1
loop1
loop1
loop1
loop1
loop1
loop1
loop1
loop1
loop1
loop1
loop1
loop1
loop1
loop1
loop1
loop1
loop1
loop1
loop1
loop1
loop1
loop1
loop1
loop1
loop1
loop1
loop1
loop1
loop1
loop1
loop1
loop1
loop1
loop1
loop1
loop1
loop1
loop1
loop1
loop1
loop1
loop1
loop1
loop1
loop1
loop1
loop1
loop1
loop1
loop1
loop1
loop1
loop1
loop1
loop1
loop1
loop1
loop1
loop1
loop1
loop1
loop1
loop1
loop1
loop1
loop1
loop1
loop1
loop1
loop1
loop1
loop1
loop1
loop1
loop1
loop1
loop1
loop1
loop1
loop1
loop1
loop1
loop1
loop1
loop1
loop1
loop1
loop1
loop1
loop1
loop1
loop1
loop1
loop1
loop1
loop1
loop1
loop1
loop1
loop1
loop1
loop1
loop1
loop1
loop1
loop1
loop1
loop1
loop1
loop1
loop1
loop1
loop1
loop1
loop1
loop1
loop1
loop1
loop1
loop1
loop1
loop1
loop1
loop1
loop1
loop1
loop1
loop1
loop1
loop1
loop1
loop1
loop1
loop1
loop1
loop1
loop1
loop1
loop1
loop1
loop1
loop1
loop1
loop1
loop1
loop1
loop1
loop1
loop1
loop1
loop1
loop1
loop1
loop1
loop1
loop1
loop1
loop1
loop1
loop1
loop1
loop1
loop1
loop1
loop1
loop1
loop1
loop1
loop1
loop1
loop1
loop1
loop1
loop1
loop1
loop1
loop1
loop1
loop1
loop1
loop1
loop1
loop1
loop1
loop1
loop1
loop1
loop1
loop1
loop1
loop1
loop1
loop1
loop1
loop1
loop1
loop1
loop1
loop1
loop1
loop1
loop1
loop1
loop1
loop1
loop1
loop1
loop1
loop1
loop1
loop1
loop1
loop1
loop1
loop1
loop1
loop1
loop1
loop1
loop1
loop1
loop1
loop1
loop1
loop1
loop1
loop1
loop1
loop1
loop1
loop1
loop1
loop1
loop1
loop1
loop1
loop1
loop1
loop1
loop1
loop1
loop1
loop1
loop1
loop1
loop1
loop1
loop1
loop1
loop1
loop1
loop1
loop1
loop1
loop1
loop1
loop1
loop1
loop1
loop1
loop1
loop1
loop1
loop1
loop1
loop1
loop1
loop1
loop1
loop1
loop1
loop1
loop1
loop1
loop1
loop1
loop1
loop1
loop1
loop1
loop1
loop1
loop1
loop1
loop1
loop1
loop1
loop1
loop1
loop1
loop1
loop1
loop1
loop1
loop1
loop1
loop1
loop1
loop1
loop1
loop1
loop1
loop1
loop1
loop1
loop1
loop1
loop1
loop1
loop1
loop1
loop1
loop1
loop1
loop1
loop1
loop1
loop1
loop1
loop1
loop1
loop1
loop1
loop1
loop1
loop1
loop1
loop1
loop1
loop1
loop1
loop1
loop1
loop1
loop1
loop1
loop1
loop1
loop1
loop1
loop1
loop1
loop1
loop1
loop1
loop1
loop1
loop1
loop1
loop1
loop1
loop1
loop1
loop1
loop1
loop1
loop1
loop1
loop1
loop1
loop1
loop1
loop1
loop1
loop1
loop1
loop1
loop1
loop1
loop1
loop1
loop1
loop1
loop1
loop1
loop1
loop1
loop1
loop1
loop1
loop1
loop1
loop1
loop1
loop1
loop1
loop1
loop1
loop1
loop1
loop1
loop1
loop1
loop1
loop1
loop1
loop1
loop1
loop1
loop1
loop1
loop1
loop1
loop1
loop1
loop1
loop1
loop1
loop1
loop1
loop1
loop1
loop1
loop1
loop1
loop1
loop1
loop1
loop1
loop1
loop1
loop1
loop1
loop1
loop1
loop1
loop1
loop1
loop1
loop1
loop1
loop1
loop1
loop1
loop1
loop1
loop1
loop1
loop1
loop1
loop1
loop1
loop1
loop1
loop1
loop1
loop1
loop1
loop1
loop1
loop1
loop1
loop1
loop1
loop1
loop1
loop1
loop1
loop1
loop1
loop1
loop1
loop1
loop1
loop1
loop1
loop1
loop1
loop1
loop1
loop1
loop1
loop1
loop1
loop1
loop1
loop1
loop1
loop1
loop1
loop1
loop1
loop1
loop1
loop1
loop1
loop1
loop1
loop1
loop1
loop1
loop1
loop1
loop1
loop1
loop1
loop1
loop1
loop1
loop1
loop1
loop1
loop1
loop1
loop1
loop1
loop1
loop1
loop1
loop1
loop1
loop1
loop1
loop1
loop1
loop1
loop1
loop1
loop1
loop1
loop1
loop1
loop1
loop1
loop1
loop1
loop1
loop1
loop1
loop1
loop1
loop1
loop1
loop1
loop1
loop1
loop1
loop1
loop1
loop1
loop1
loop1
loop1
loop1
loop1
loop1
loop1
loop1
loop1
loop1
loop1
loop1
loop1
loop1
loop1
loop1
loop1
loop1
loop1
loop1
loop1
loop1
loop1
loop1
loop1
loop1
loop1
loop1
loop1
loop1
loop1
loop1
loop1
loop1
loop1
loop1
loop1
loop1
loop1
loop1
loop1
loop1
loop1
loop1
loop1
loop1
loop1
loop1
loop1
loop1
loop1
loop1
loop1
loop1
loop1
loop1
loop1
loop1
loop1
loop1
loop1
loop1
loop1
loop1
loop1
loop1
loop1
loop1
loop1
loop1
loop1
loop1
loop1
loop1
loop1
loop1
loop1
loop1
loop1
loop1
loop1
loop1
loop1
loop1
loop1
loop1
loop1
loop1
loop1
loop1
loop1
loop1
loop1
loop1
loop1
loop1
loop1
loop1
loop1
loop1
loop1
loop1
loop1
loop1
loop1
loop1
loop1
loop1
loop1
loop1
loop1
loop1
loop1
loop1
loop1
loop1
loop1
loop1
loop1
loop1
loop1
loop1
loop1
loop1
loop1
loop1
loop1
loop1
loop1
loop1
loop1
loop1
loop1
loop1
loop1
loop1
loop1
loop1
loop1
loop1
loop1
loop1
loop1
loop1
loop1
loop1
loop1
loop1
loop1
loop1
loop1
loop1
loop1
loop1
loop1
loop1
loop1
loop1
loop1
loop1
loop1
loop1
loop1
loop1
loop1
loop1
loop1
loop1
loop1
loop1
loop1
loop1
loop1
loop1
loop1
loop1
loop1
loop1
loop1
loop1
loop1
loop1
loop1
loop1
loop1
loop1
loop1
loop1
loop1
loop1
loop1
loop1
loop1
loop1
loop1
loop1
loop1
loop1
loop1
loop1
loop1
loop1
loop1
loop1
loop1
loop1
loop1
loop1
loop1
loop1
loop1
loop1
loop1
loop1
loop1
loop1
loop1
loop1
loop1
loop1
loop1
loop1
loop1
loop1
loop1
loop1
loop1
loop1
loop1
loop1
loop1
loop1
loop1
loop1
loop1
loop1
loop1
loop1
loop1
loop1
loop1
loop1
loop1
loop1
loop1
loop1
loop1
loop1
loop1
loop1
loop1
loop1
loop1
loop1
loop1
loop1
loop1
loop1
loop1
loop1
loop1
loop1
loop1
loop1
loop1
loop1
loop1
loop1
loop1
loop1
loop1
loop1
loop1
loop1
loop1
loop1
loop1
loop1
loop1
loop1
loop1
loop1
loop1
loop1
loop1
loop1
loop1
loop1
loop1
loop1
loop1
loop1
loop1
loop1
loop1
loop1
loop1
loop1
loop1
loop1
loop1
loop1
loop1
loop1
loop1
loop1
loop1
loop1
loop1
loop1
loop1
loop1
loop1
loop1
loop1
loop1
loop1
loop1
loop1
loop1
loop1
loop1
loop1
loop1
loop1
loop1
loop1
loop1
loop1
loop1
loop1
loop1
loop1
loop1
loop1
loop1
loop1
loop1
loop1
loop1
loop1
loop1
loop1
loop1
loop1
loop1
loop1
loop1
loop1
loop1
loop1
loop1
loop1
loop1
loop1
loop1
loop1
loop1
loop1
loop1
loop1
loop1
loop1
loop1
loop1
loop1
loop1
loop1
loop1
loop1
loop1
loop1
loop1
loop1
loop1
loop1
loop1
loop1
loop1
loop1
loop1
loop1
loop1
loop1
loop1
loop1
loop1
loop1
loop1
loop1
loop1
loop1
loop1
loop1
loop1
loop1
loop1
loop1
loop1
loop1
loop1
loop1
loop1
loop1
loop1
loop1
loop1
loop1
loop1
loop1
loop1
loop1
loop1
loop1
loop1
loop1
loop1
loop1
loop1
loop1
loop1
loop1
loop1
loop1
loop1
loop1
loop1
loop1
loop1
loop1
loop1
loop1
loop1
loop1
loop1
loop1
loop1
loop1
loop1
loop1
loop1
loop1
loop1
loop1
loop1
loop1
loop1
loop1
loop1
loop1
loop1
loop1
loop1
loop1
loop1
loop1
loop1
loop1
loop1
loop1
loop1
loop1
loop1
loop1
loop1
loop1
loop1
loop1
loop1
loop1
loop1
loop1
loop1
loop1
loop1
loop1
loop1
loop1
loop1
loop1
loop1
loop1
loop1
loop1
loop1
loop1
loop1
loop1
loop1
loop1
loop1
loop1
loop1
loop1
loop1
loop1
loop1
loop1
loop1
loop1
loop1
loop1
loop1
loop1
loop1
loop1
loop1
loop1
loop1
loop1
loop1
loop1
loop1
loop1
loop1
loop1
loop1
loop1
loop1
loop1
loop1
loop1
loop1
loop1
loop1
loop1
loop1
loop1
loop1
loop1
loop1
loop1
loop1
loop1
loop1
loop1
loop1
loop1
loop1
loop1
loop1
loop1
loop1
loop1
loop1
loop1
loop1
loop1
loop1
loop1
loop1
loop1
loop1
loop1
loop1
loop1
loop1
loop1
loop1
loop1
loop1
loop1
loop1
loop1
loop1
loop1
loop1
loop1
loop1
loop1
loop1
loop1
loop1
loop1
loop1
loop1
loop1
loop1
loop1
loop1
loop1
loop1
loop1
loop1
loop1
loop1
loop1
loop1
loop1
loop1
loop1
loop1
loop1
loop1
loop1
loop1
loop1
loop1
loop1
loop1
loop1
loop1
loop1
loop1
loop1
loop1
loop1
loop1
loop1
loop1
loop1
loop1
loop1
loop1
loop1
loop1
loop1
loop1
loop1
loop1
loop1
loop1
loop1
loop1
loop1
loop1
loop1
loop1
loop1
loop1
loop1
loop1
loop1
loop1
loop1
loop1
loop1
loop1
loop1
loop1
loop1
loop1
loop1
loop1
loop1
loop1
loop1
loop1
loop1
loop1
loop1
loop1
loop1
loop1
loop1
loop1
loop1
loop1
loop1
loop1
loop1
loop1
loop1
loop1
loop1
loop1
loop1
loop1
loop1
loop1
loop1
loop1
loop1
loop1
loop1
loop1
loop1
loop1
loop1
loop1
loop1
loop1
loop1
loop1
loop1
loop1
loop1
loop1
loop1
loop1
loop1
loop1
loop1
loop1
loop1
loop1
loop1
loop1
loop1
loop1
loop1
loop1
loop1
loop1
loop1
loop1
loop1
loop1
loop1
loop1
loop1
loop1
loop1
loop1
loop1
loop1
loop1
loop1
loop1
loop1
loop1
loop1
loop1
loop1
loop1
loop1
loop1
loop1
loop1
loop1
loop1
loop1
loop1
loop1
loop1
loop1
loop1
loop1
loop1
loop1
loop1
loop1
loop1
loop1
loop1
loop1
loop1
loop1
loop1
loop1
loop1
loop1
loop1
loop1
loop1
loop1
loop1
loop1
loop1
loop1
loop1
loop1
loop1
loop1
loop1
loop1
loop1
loop1
loop1
loop1
loop1
loop1
loop1
loop1
loop1
loop1
loop1
loop1
loop1
loop1
loop1
loop1
loop1
loop1
loop1
loop1
loop1
loop1
loop1
loop1
loop1
loop1
loop1
loop1
loop1
loop1
loop1
loop1
loop1
loop1
loop1
loop1
loop1
loop1
loop1
loop1
loop1
loop1
loop1
loop1
loop1
loop1
loop1
loop1
loop1
loop1
loop1
loop1
loop1
loop1
loop1
loop1
loop1
loop1
loop1
loop1
loop1
loop1
loop1
loop1
loop1
loop1
loop1
loop1
loop1
loop1
loop1
loop1
loop1
loop1
loop1
loop1
loop1
loop1
loop1
loop1
loop1
loop1
loop1
loop1
loop1
loop1
loop1
loop1
loop1
loop1
loop1
loop1
loop1
loop1
loop1
loop1
loop1
loop1
loop1
loop1
loop1
loop1
loop1
loop1
loop1
loop1
loop1
loop1
loop1
loop1
loop1
loop1
loop1
loop1
loop1
loop1
loop1
loop1
loop1
loop1
loop1
loop1
loop1
loop1
loop1
loop1
loop1
loop1
loop1
loop1
loop1
loop1
loop1
loop1
loop1
loop1
loop1
loop1
loop1
loop1
loop1
loop1
loop1
loop1
loop1
loop1
loop1
loop1
loop1
loop1
loop1
loop1
loop1
loop1
loop1
loop1
loop1
loop1
loop1
loop1
loop1
loop1
loop1
loop1
loop1
loop1
loop1
loop1
loop1
loop1
loop1
loop1
loop1
loop1
loop1
loop1
loop1
loop1
loop1
loop1
loop1
loop1
loop1
loop1
loop1
loop1
loop1
loop1
loop1
loop1
loop1
loop1
loop1
loop1
loop1
loop1
loop1
loop1
loop1
loop1
loop1
loop1
loop1
loop1
loop1
loop1
loop1
loop1
loop1
loop1
loop1
loop1
loop1
loop1
loop1
loop1
loop1
loop1
loop1
loop1
loop1
loop1
loop1
loop1
loop1
loop1
loop1
loop1
loop1
loop1
loop1
loop1
loop1
loop1
loop1
loop1
loop1
loop1
loop1
loop1
loop1
loop1
loop1
loop1
loop1
loop1
loop1
loop1
loop1
loop1
loop1
loop1
loop1
loop1
loop1
loop1
loop1
loop1
loop1
loop1
loop1
loop1
loop1
loop1
loop1
loop1
loop1
loop1
loop1
loop1
loop1
loop1
loop1
loop1
loop1
loop1
loop1
loop1
loop1
loop1
loop1
loop1
loop1
loop1
loop1
loop1
loop1
loop1
loop1
loop1
loop1
loop1
loop1
loop1
loop1
loop1
loop1
loop1
loop1
loop1
loop1
loop1
loop1
loop1
loop1
loop1
loop1
loop1
loop1
loop1
loop1
loop1
loop1
loop1
loop1
loop1
loop1
loop1
loop1
loop1
loop1
loop1
loop1
loop1
loop1
loop1
loop1
loop1
loop1
loop1
loop1
loop1
loop1
loop1
loop1
loop1
loop1
loop1
loop1
loop1
loop1
loop1
loop1
loop1
loop1
loop1
loop1
loop1
loop1
loop1
loop1
loop1
loop1
loop1
loop1
loop1
loop1
loop1
loop1
loop1
loop1
loop1
loop1
loop1
loop1
loop1
loop1
loop1
loop1
loop1
loop1
loop1
loop1
loop1
loop1
loop1
loop1
loop1
loop1
loop1
loop1
loop1
loop1
loop1
loop1
loop1
loop1
loop1
loop1
loop1
loop1
loop1
loop1
loop1
loop1
loop1
loop1
loop1
loop1
loop1
loop1
loop1
loop1
loop1
loop1
loop1
loop1
loop1
loop1
loop1
loop1
loop1
loop1
loop1
loop1
loop1
loop1
loop1
loop1
loop1
loop1
loop1
loop1
loop1
loop1
loop1
loop1
loop1
loop1
loop1
loop1
loop1
loop1
loop1
loop1
loop1
loop1
loop1
loop1
loop1
loop1
loop1
loop1
loop1
loop1
loop1
loop1
loop1
loop1
loop1
loop1
loop1
loop1
loop1
loop1
loop1
loop1
loop1
loop1
loop1
loop1
loop1
loop1
loop1
loop1
loop1
loop1
loop1
loop1
loop1
loop1
loop1
loop1
loop1
loop1
loop1
loop1
loop1
loop1
loop1
loop1
loop1
loop1
loop1
loop1
loop1
loop1
loop1
loop1
loop1
loop1
loop1
loop1
loop1
loop1
loop1
loop1
loop1
loop1
loop1
loop1
loop1
loop1
loop1
loop1
loop1
loop1
loop1
loop1
loop1
loop1
loop1
loop1
loop1
loop1
loop1
loop1
loop1
loop1
loop1
loop1
loop1
loop1
loop1
loop1
loop1
loop1
loop1
loop1
loop1
loop1
loop1
loop1
loop1
loop1
loop1
loop1
loop1
loop1
loop1
loop1
loop1
loop1
loop1
loop1
loop1
loop1
loop1
loop1
loop1
loop1
loop1
loop1
loop1
loop1
loop1
loop1
loop1
loop1
loop1
loop1
loop1
loop1
loop1
loop1
loop1
loop1
loop1
loop1
loop1
loop1
loop1
loop1
loop1
loop1
loop1
loop1
loop1
loop1
loop1
loop1
loop1
loop1
loop1
loop1
loop1
loop1
loop1
loop1
loop1
loop1
loop1
loop1
loop1
loop1
loop1
loop1
loop1
loop1
loop1
loop1
loop1
loop1
loop1
loop1
loop1
loop1
loop1
loop1
loop1
loop1
loop1
loop1
loop1
loop1
loop1
loop1
loop1
loop1
loop1
loop1
loop1
loop1
loop1
loop1
loop1
loop1
loop1
loop1
loop1
loop1
loop1
loop1
loop1
loop1
loop1
loop1
loop1
loop1
loop1
loop1
loop1
loop1
loop1
loop1
loop1
loop1
loop1
loop1
loop1
loop1
loop1
loop1
loop1
loop1
loop1
loop1
loop1
loop1
loop1
loop1
loop1
loop1
loop1
loop1
loop1
loop1
loop1
loop1
loop1
loop1
loop1
loop1
loop1
loop1
loop1
loop1
loop1
loop1
loop1
loop1
loop1
loop1
loop1
loop1
loop1
loop1
loop1
loop1
loop1
loop1
loop1
loop1
loop1
loop1
loop1
loop1
loop1
loop1
loop1
loop1
loop1
loop1
loop1
loop1
loop1
loop1
loop1
loop1
loop1
loop1
loop1
loop1
loop1
loop1
loop1
loop1
loop1
loop1
loop1
loop1
loop1
loop1
loop1
loop1
loop1
loop1
loop1
loop1
loop1
loop1
loop1
loop1
loop1
loop1
loop1
loop1
loop1
loop1
loop1
loop1
loop1
loop1
loop1
loop1
loop1
loop1
loop1
loop1
loop1
loop1
loop1
loop1
loop1
loop1
loop1
loop1
loop1
loop1
loop1
loop1
loop1
loop1
loop1
loop1
loop1
loop1
loop1
loop1
loop1
loop1
loop1
loop1
loop1
loop1
loop1
loop1
loop1
loop1
loop1
loop1
loop1
loop1
loop1
loop1
loop1
loop1
loop1
loop1
loop1
loop1
loop1
loop1
loop1
loop1
loop1
loop1
loop1
loop1
loop1
loop1
loop1
loop1
loop1
loop1
loop1
loop1
loop1
loop1
loop1
loop1
loop1
loop1
loop1
loop1
loop1
loop1
loop1
loop1
loop1
loop1
loop1
loop1
loop1
loop1
loop1
loop1
loop1
loop1
loop1
loop1
loop1
loop1
loop1
loop1
loop1
loop1
loop1
loop1
loop1
loop1
loop1
loop1
loop1
loop1
loop1
loop1
loop1
loop1
loop1
loop1
loop1
loop1
loop1
loop1
loop1
loop1
loop1
loop1
loop1
loop1
loop1
loop1
loop1
loop1
loop1
loop1
loop1
loop1
loop1
loop1
loop1
loop1
loop1
loop1
loop1
loop1
loop1
loop1
loop1
loop1
loop1
loop1
loop1
loop1
loop1
loop1
loop1
loop1
loop1
loop1
loop1
loop1
loop1
loop1
loop1
loop1
loop1
loop1
loop1
loop1
loop1
loop1
loop1
loop1
loop1
loop1
loop1
loop1
loop1
loop1
loop1
loop1
loop1
loop1
loop1
loop1
loop1
loop1
loop1
loop1
loop1
loop1
loop1
loop1
loop1
loop1
loop1
loop1
loop1
loop1
loop1
loop1
loop1
loop1
loop1
loop1
loop1
loop1
loop1
loop1
loop1
loop1
loop1
loop1
loop1
loop1
loop1
loop1
loop1
loop1
loop1
loop1
loop1
loop1
loop1
loop1
loop1
loop1
loop1
loop1
loop1
loop1
loop1
loop1
loop1
loop1
loop1
loop1
loop1
loop1
loop1
loop1
loop1
loop1
loop1
loop1
loop1
loop1
loop1
loop1
loop1
loop1
loop1
loop1
loop1
loop1
loop1
loop1
loop1
loop1
loop1
loop1
loop1
loop1
loop1
loop1
loop1
loop1
loop1
loop1
loop1
loop1
loop1
loop1
loop1
loop1
loop1
loop1
loop1
loop1
loop1
loop1
loop1
loop1
loop1
loop1
loop1
loop1
loop1
loop1
loop1
loop1
loop1
loop1
loop1
loop1
loop1
loop1
loop1
loop1
loop1
loop1
loop1
loop1
loop1
loop1
loop1
loop1
loop1
loop1
loop1
loop1
loop1
loop1
loop1
loop1
loop1
loop1
loop1
loop1
loop1
loop1
loop1
loop1
loop1
loop1
loop1
loop1
loop1
loop1
loop1
loop1
loop1
loop1
loop1
loop1
loop1
loop1
loop1
loop1
loop1
loop1
loop1
loop1
loop1
loop1
loop1
loop1
loop1
loop1
loop1
loop1
loop1
loop1
loop1
loop1
loop1
loop1
loop1
loop1
loop1
loop1
loop1
loop1
loop1
loop1
loop1
loop1
loop1
loop1
loop1
loop1
loop1
loop1
loop1
loop1
loop1
loop1
loop1
loop1
loop1
loop1
loop1
loop1
loop1
loop1
loop1
loop1
loop1
loop1
loop1
loop1
loop1
loop1
loop1
loop1
loop1
loop1
loop1
loop1
loop1
loop1
loop1
loop1
loop1
loop1
loop1
loop1
loop1
loop1
loop1
loop1
loop1
loop1
loop1
loop1
loop1
loop1
loop1
loop1
loop1
loop1
loop1
loop1
loop1
loop1
loop1
loop1
loop1
loop1
loop1
loop1
loop1
loop1
loop1
loop1
loop1
loop1
loop1
loop1
loop1
loop1
loop1
loop1
loop1
loop1
loop1
loop1
loop1
loop1
loop1
loop1
loop1
loop1
loop1
loop1
loop1
loop1
loop1
loop1
loop1
loop1
loop1
loop1
loop1
loop1
loop1
loop1
loop1
loop1
loop1
loop1
loop1
loop1
loop1
loop1
loop1
loop1
loop1
loop1
loop1
loop1
loop1
loop1
loop1
loop1
loop1
loop1
loop1
loop1
loop1
loop1
loop1
loop1
loop1
loop1
loop1
loop1
loop1
loop1
loop1
loop1
loop1
loop1
loop1
loop1
loop1
loop1
loop1
loop1
loop1
loop1
loop1
loop1
loop1
loop1
loop1
loop1
loop1
loop1
loop1
loop1
loop1
loop1
loop1
loop1
loop1
loop1
loop1
loop1
loop1
loop1
loop1
loop1
loop1
loop1
loop1
loop1
loop1
loop1
loop1
loop1
loop1
loop1
loop1
loop1
loop1
loop1
loop1
loop1
loop1
loop1
loop1
loop1
loop1
loop1
loop1
loop1
loop1
loop1
loop1
loop1
loop1
loop1
loop1
loop1
loop1
loop1
loop1
loop1
loop1
loop1
loop1
loop1
loop1
loop1
loop1
loop1
loop1
loop1
loop1
loop1
loop1
loop1
loop1
loop1
loop1
loop1
loop1
loop1
loop1
loop1
loop1
loop1
loop1
loop1
loop1
loop1
loop1
loop1
loop1
loop1
loop1
loop1
loop1
loop1
loop1
loop1
loop1
loop1
loop1
loop1
loop1
loop1
loop1
loop1
loop1
loop1
loop1
loop1
loop1
loop1
loop1
loop1
loop1
loop1
loop1
loop1
loop1
loop1
loop1
loop1
loop1
loop1
loop1
loop1
loop1
loop1
loop1
loop1
loop1
loop1
loop1
loop1
loop1
loop1
loop1
loop1
loop1
loop1
loop1
loop1
loop1
loop1
loop1
loop1
loop1
loop1
loop1
loop1
loop1
loop1
loop1
loop1
loop1
loop1
loop1
loop1
loop1
loop1
loop1
loop1
loop1
loop1
loop1
loop1
loop1
loop1
loop1
loop1
loop1
loop1
loop1
loop1
loop1
loop1
loop1
loop1
loop1
loop1
loop1
loop1
loop1
loop1
loop1
loop1
loop1
loop1
loop1
loop1
loop1
loop1
loop1
loop1
loop1
loop1
loop1
loop1
loop1
loop1
loop1
loop1
loop1
loop1
loop1
loop1
loop1
loop1
loop1
loop1
loop1
loop1
loop1
loop1
loop1
loop1
loop1
loop1
loop1
loop1
loop1
loop1
loop1
loop1
loop1
loop1
loop1
loop1
loop1
loop1
loop1
loop1
loop1
loop1
loop1
loop1
loop1
loop1
loop1
loop1
loop1
loop1
loop1
loop1
loop1
loop1
loop1
loop1
loop1
loop1
loop1
loop1
loop1
loop1
loop1
loop1
loop1
loop1
loop1
loop1
loop1
loop1
loop1
loop1
loop1
loop1
loop1
loop1
loop1
loop1
loop1
loop1
loop1
loop1
loop1
loop1
loop1
loop1
loop1
loop1
loop1
loop1
loop1
loop1
loop1
loop1
loop1
loop1
loop1
loop1
loop1
loop1
loop1
loop1
loop1
loop1
loop1
loop1
loop1
loop1
loop1
loop1
loop1
loop1
loop1
loop1
loop1
loop1
loop1
loop1
loop1
loop1
loop1
loop1
loop1
loop1
loop1
loop1
loop1
loop1
loop1
loop1
loop1
loop1
loop1
loop1
loop1
loop1
loop1
loop1
loop1
loop1
loop1
loop1
loop1
loop1
loop1
loop1
loop1
loop1
loop1
loop1
loop1
loop1
loop1
loop1
loop1
loop1
loop1
loop1
loop1
loop1
loop1
loop1
loop1
loop1
loop1
loop1
loop1
loop1
loop1
loop1
loop1
loop1
loop1
loop1
loop1
loop1
loop1
loop1
loop1
loop1
loop1
loop1
loop1
loop1
loop1
loop1
loop1
loop1
loop1
loop1
loop1
loop1
loop1
loop1
loop1
loop1
loop1
loop1
loop1
loop1
loop1
loop1
loop1
loop1
loop1
loop1
loop1
loop1
loop1
loop1
loop1
loop1
loop1
loop1
loop1
loop1
loop1
loop1
loop1
loop1
loop1
loop1
loop1
loop1
loop1
loop1
loop1
loop1
loop1
loop1
loop1
loop1
loop1
loop1
loop1
loop1
loop1
loop1
loop1
loop1
loop1
loop1
loop1
loop1
loop1
loop1
loop1
loop1
loop1
loop1
loop1
loop1
loop1
loop1
loop1
loop1
loop1
loop1
loop1
loop1
loop1
loop1
loop1
loop1
loop1
loop1
loop1
loop1
loop1
loop1
loop1
loop1
loop1
loop1
loop1
loop1
loop1
loop1
loop1
loop1
loop1
loop1
loop1
loop1
loop1
loop1
loop1
loop1
loop1
loop1
loop1
loop1
loop1
loop1
loop1
loop1
loop1
loop1
loop1
loop1
loop1
loop1
loop1
loop1
loop1
loop1
loop1
loop1
loop1
loop1
loop1
loop1
loop1
loop1
loop1
loop1
loop1
loop1
loop1
loop1
loop1
loop1
loop1
loop1
loop1
loop1
loop1
loop1
loop1
loop1
loop1
loop1
loop1
loop1
loop1
loop1
loop1
loop1
loop1
loop1
loop1
loop1
loop1
loop1
loop1
loop1
loop1
loop1
loop1
loop1
loop1
loop1
loop1
loop1
loop1
loop1
loop1
loop1
loop1
loop1
loop1
loop1
loop1
loop1
loop1
loop1
loop1
loop1
loop1
loop1
loop1
loop1
loop1
loop1
loop1
loop1
loop1
loop1
loop1
loop1
loop1
loop1
loop1
loop1
loop1
loop1
loop1
loop1
loop1
loop1
loop1
loop1
loop1
loop1
loop1
loop1
loop1
loop1
loop1
loop1
loop1
loop1
loop1
loop1
loop1
loop1
loop1
loop1
loop1
loop1
loop1
loop1
loop1
loop1
loop1
loop1
loop1
loop1
loop1
loop1
loop1
loop1
loop1
loop1
loop1
loop1
loop1
loop1
loop1
loop1
loop1
loop1
loop1
loop1
loop1
loop1
loop1
loop1
loop1
loop1
loop1
loop1
loop1
loop1
loop1
loop1
loop1
loop1
loop1
loop1
loop1
loop1
loop1
loop1
loop1
loop1
loop1
loop1
loop1
loop1
loop1
loop1
loop1
loop1
loop1
loop1
loop1
loop1
loop1
loop1
loop1
loop1
loop1
loop1
loop1
loop1
loop1
loop1
loop1
loop1
loop1
loop1
loop1
loop1
loop1
loop1
loop1
loop1
loop1
loop1
loop1
loop1
loop1
loop1
loop1
loop1
loop1
loop1
loop1
loop1
loop1
loop1
loop1
loop1
loop1
loop1
loop1
loop1
loop1
loop1
loop1
loop1
loop1
loop1
loop1
loop1
loop1
loop1
loop1
loop1
loop1
loop1
loop1
loop1
loop1
loop1
loop1
loop1
loop1
loop1
loop1
loop1
loop1
loop1
loop1
loop1
loop1
loop1
loop1
loop1
loop1
loop1
loop1
loop1
loop1
loop1
loop1
loop1
loop1
loop1
loop1
loop1
loop1
loop1
loop1
loop1
loop1
loop1
loop1
loop1
loop1
loop1
loop1
loop1
loop1
loop1
loop1
loop1
loop1
loop1
loop1
loop1
loop1
loop1
loop1
loop1
loop1
loop1
loop1
loop1
loop1
loop1
loop1
loop1
loop1
loop1
loop1
loop1
loop1
loop1
loop1
loop1
loop1
loop1
loop1
loop1
loop1
loop1
loop1
loop1
loop1
loop1
loop1
loop1
loop1
loop1
loop1
loop1
loop1
loop1
loop1
loop1
loop1
loop1
loop1
loop1
loop1
loop1
loop1
loop1
loop1
loop1
loop1
loop1
loop1
loop1
loop1
loop1
loop1
loop1
loop1
loop1
loop1
loop1
loop1
loop1
loop1
loop1
loop1
loop1
loop1
loop1
loop1
loop1
loop1
loop1
loop1
loop1
loop1
loop1
loop1
loop1
loop1
loop1
loop1
loop1
loop1
loop1
loop1
loop1
loop1
loop1
loop1
loop1
loop1
loop1
loop1
loop1
loop1
loop1
loop1
loop1
loop1
loop1
loop1
loop1
loop1
loop1
loop1
loop1
loop1
loop1
loop1
loop1
loop1
loop1
loop1
loop1
loop1
loop1
loop1
loop1
loop1
loop1
loop1
loop1
loop1
loop1
loop1
loop1
loop1
loop1
loop1
loop1
loop1
loop1
loop1
loop1
loop1
loop1
loop1
loop1
loop1
loop1
loop1
loop1
loop1
loop1
loop1
loop1
loop1
loop1
loop1
loop1
loop1
loop1
loop1
loop1
loop1
loop1
loop1
loop1
loop1
loop1
loop1
loop1
loop1
loop1
loop1
loop1
loop1
loop1
loop1
loop1
loop1
loop1
loop1
loop1
loop1
loop1
loop1
loop1
loop1
loop1
loop1
loop1
loop1
loop1
loop1
loop1
loop1
loop1
loop1
loop1
loop1
loop1
loop1
loop1
loop1
loop1
loop1
loop1
loop1
loop1
loop1
loop1
loop1
loop1
loop1
loop1
loop1
loop1
loop1
loop1
loop1
loop1
loop1
loop1
loop1
loop1
loop1
loop1
loop1
loop1
loop1
loop1
loop1
loop1
loop1
loop1
loop1
loop1
loop1
loop1
loop1
loop1
loop1
loop1
loop1
loop1
loop1
loop1
loop1
loop1
loop1
loop1
loop1
loop1
loop1
loop1
loop1
loop1
loop1
loop1
loop1
loop1
loop1
loop1
loop1
loop1
loop1
loop1
loop1
loop1
loop1
loop1
loop1
loop1
loop1
loop1
loop1
loop1
loop1
loop1
loop1
loop1
loop1
loop1
loop1
loop1
loop1
loop1
loop1
loop1
loop1
loop1
loop1
loop1
loop1
loop1
loop1
loop1
loop1
loop1
loop1
loop1
loop1
loop1
loop1
loop1
loop1
loop1
loop1
loop1
loop1
loop1
loop1
loop1
loop1
loop1
loop1
loop1
loop1
loop1
loop1
loop1
loop1
loop1
loop1
loop1
loop1
loop1
loop1
loop1
loop1
loop1
loop1
loop1
loop1
loop1
loop1
loop1
loop1
loop1
loop1
loop1
loop1
loop1
loop1
loop1
loop1
loop1
loop1
loop1
loop1
loop1
loop1
loop1
loop1
loop1
loop1
loop1
loop1
loop1
loop1
loop1
loop1
loop1
loop1
loop1
loop1
loop1
loop1
loop1
loop1
loop1
loop1
loop1
loop1
loop1
loop1
loop1
loop1
loop1
loop1
loop1
loop1
loop1
loop1
loop1
loop1
loop1
loop1
loop1
loop1
loop1
loop1
loop1
loop1
loop1
loop1
loop1
loop1
loop1
loop1
loop1
loop1
loop1
loop1
loop1
loop1
loop1
loop1
loop1
loop1
loop1
loop1
loop1
loop1
loop1
loop1
loop1
loop1
loop1
loop1
loop1
loop1
loop1
loop1
loop1
loop1
loop1
loop1
loop1
loop1
loop1
loop1
loop1
loop1
loop1
loop1
loop1
loop1
loop1
loop1
loop1
loop1
loop1
loop1
loop1
loop1
loop1
loop1
loop1
loop1
loop1
loop1
loop1
loop1
loop1
loop1
loop1
loop1
loop1
loop1
loop1
loop1
loop1
loop1
loop1
loop1
loop1
loop1
loop1
loop1
loop1
loop1
loop1
loop1
loop1
loop1
loop1
loop1
loop1
loop1
loop1
loop1
loop1
loop1
loop1
loop1
loop1
loop1
loop1
loop1
loop1
loop1
loop1
loop1
loop1
loop1
loop1
loop1
loop1
loop1
loop1
loop1
loop1
loop1
loop1
loop1
loop1
loop1
loop1
loop1
loop1
loop1
loop1
loop1
loop1
loop1
loop1
loop1
loop1
loop1
loop1
loop1
loop1
loop1
loop1
loop1
loop1
loop1
loop1
loop1
loop1
loop1
loop1
loop1
loop1
loop1
loop1
loop1
loop1
loop1
loop1
loop1
loop1
loop1
loop1
loop1
loop1
loop1
loop1
loop1
loop1
loop1
loop1
loop1
loop1
loop1
loop1
loop1
loop1
loop1
loop1
loop1
loop1
loop1
loop1
loop1
loop1
loop1
loop1
loop1
loop1
loop1
loop1
loop1
loop1
loop1
loop1
loop1
loop1
loop1
loop1
loop1
loop1
loop1
loop1
loop1
loop1
loop1
loop1
loop1
loop1
loop1
loop1
loop1
loop1
loop1
loop1
loop1
loop1
loop1
loop1
loop1
loop1
loop1
loop1
loop1
loop1
loop1
loop1
loop1
loop1
loop1
loop1
loop1
loop1
loop1
loop1
loop1
loop1
loop1
loop1
loop1
loop1
loop1
loop1
loop1
loop1
loop1
loop1
loop1
loop1
loop1
loop1
loop1
loop1
loop1
loop1
loop1
loop1
loop1
loop1
loop1
loop1
loop1
loop1
loop1
loop1
loop1
loop1
loop1
loop1
loop1
loop1
loop1
loop1
loop1
loop1
loop1
loop1
loop1
loop1
loop1
loop1
loop1
loop1
loop1
loop1
loop1
loop1
loop1
loop1
loop1
loop1
loop1
loop1
loop1
loop1
loop1
loop1
loop1
loop1
loop1
loop1
loop1
loop1
loop1
loop1
loop1
loop1
loop1
loop1
loop1
loop1
loop1
loop1
loop1
loop1
loop1
loop1
loop1
loop1
loop1
loop1
loop1
loop1
loop1
loop1
loop1
loop1
loop1
loop1
loop1
loop1
loop1
loop1
loop1
loop1
loop1
loop1
loop1
loop1
loop1
loop1
loop1
loop1
loop1
loop1
loop1
loop1
loop1
loop1
loop1
loop1
loop1
loop1
loop1
loop1
loop1
loop1
loop1
loop1
loop1
loop1
loop1
loop1
loop1
loop1
loop1
loop1
loop1
loop1
loop1
loop1
loop1
loop1
loop1
loop1
loop1
loop1
loop1
loop1
loop1
loop1
loop1
loop1
loop1
loop1
loop1
loop1
loop1
loop1
loop1
loop1
loop1
loop1
loop1
loop1
loop1
loop1
loop1
loop1
loop1
loop1
loop1
loop1
loop1
loop1
loop1
loop1
loop1
loop1
loop1
loop1
loop1
loop1
loop1
loop1
loop1
loop1
loop1
loop1
loop1
loop1
loop1
loop1
loop1
loop1
loop1
loop1
loop1
loop1
loop1
loop1
loop1
loop1
loop1
loop1
loop1
loop1
loop1
loop1
loop1
loop1
loop1
loop1
loop1
loop1
loop1
loop1
loop1
loop1
loop1
loop1
loop1
loop1
loop1
loop1
loop1
loop1
loop1
loop1
loop1
loop1
loop1
loop1
loop1
loop1
loop1
loop1
loop1
loop1
loop1
loop1
loop1
loop1
loop1
loop1
loop1
loop1
loop1
loop1
loop1
loop1
loop1
loop1
loop1
loop1
loop1
loop1
loop1
loop1
loop1
loop1
loop1
loop1
loop1
loop1
loop1
loop1
loop1
loop1
loop1
loop1
loop1
loop1
loop1
loop1
loop1
loop1
loop1
loop1
loop1
loop1
loop1
loop1
loop1
loop1
loop1
loop1
loop1
loop1
loop1
loop1
loop1
loop1
loop1
loop1
loop1
loop1
loop1
loop1
loop1
loop1
loop1
loop1
loop1
loop1
loop1
loop1
loop1
loop1
loop1
loop1
loop1
loop1
loop1
loop1
loop1
loop1
loop1
loop1
loop1
loop1
loop1
loop1
loop1
loop1
loop1
loop1
loop1
loop1
loop1
loop1
loop1
loop1
loop1
loop1
loop1
loop1
loop1
loop1
loop1
loop1
loop1
loop1
loop1
loop1
loop1
loop1
loop1
loop1
loop1
loop1
loop1
loop1
loop1
loop1
loop1
loop1
loop1
loop1
loop1
loop1
loop1
loop1
loop1
loop1
loop1
loop1
loop1
loop1
loop1
loop1
loop1
loop1
loop1
loop1
loop1
loop1
loop1
loop1
loop1
loop1
loop1
loop1
loop1
loop1
loop1
loop1
loop1
loop1
loop1
loop1
loop1
loop1
loop1
loop1
loop1
loop1
loop1
loop1
loop1
loop1
loop1
loop1
loop1
loop1
loop1
loop1
loop1
loop1
loop1
loop1
loop1
loop1
loop1
loop1
loop1
loop1
loop1
loop1
loop1
loop1
loop1
loop1
loop1
loop1
loop1
loop1
loop1
loop1
loop1
loop1
loop1
loop1
loop1
loop1
loop1
loop1
loop1
loop1
loop1
loop1
loop1
loop1
loop1
loop1
loop1
loop1
loop1
loop1
loop1
loop1
loop1
loop1
loop1
loop1
loop1
loop1
loop1
loop1
loop1
loop1
loop1
loop1
loop1
loop1
loop1
loop1
loop1
loop1
loop1
loop1
loop1
loop1
loop1
loop1
loop1
loop1
loop1
loop1
loop1
loop1
loop1
loop1
loop1
loop1
loop1
loop1
loop1
loop1
loop1
loop1
loop1
loop1
loop1
loop1
loop1
loop1
loop1
loop1
loop1
loop1
loop1
loop1
loop1
loop1
loop1
loop1
loop1
loop1
loop1
loop1
loop1
loop1
loop1
loop1
loop1
loop1
loop1
loop1
loop1
loop1
loop1
loop1
loop1
loop1
loop1
loop1
loop1
loop1
loop1
loop1
loop1
loop1
loop1
loop1
loop1
loop1
loop1
loop1
loop1
loop1
loop1
loop1
loop1
loop1
loop1
loop1
loop1
loop1
loop1
loop1
loop1
loop1
loop1
loop1
loop1
loop1
loop1
loop1
loop1
loop1
loop1
loop1
loop1
loop1
loop1
loop1
loop1
loop1
loop1
loop1
loop1
loop1
loop1
loop1
loop1
loop1
loop1
loop1
loop1
loop1
loop1
loop1
loop1
loop1
loop1
loop1
loop1
loop1
loop1
loop1
loop1
loop1
loop1
loop1
loop1
loop1
loop1
loop1
loop1
loop1
loop1
loop1
loop1
loop1
loop1
loop1
loop1
loop1
loop1
loop1
loop1
loop1
loop1
loop1
loop1
loop1
loop1
loop1
loop1
loop1
loop1
loop1
loop1
loop1
loop1
loop1
loop1
loop1
loop1
loop1
loop1
loop1
loop1
loop1
loop1
loop1
loop1
loop1
loop1
loop1
loop1
loop1
loop1
loop1
loop1
loop1
loop1
loop1
loop1
loop1
loop1
loop1
loop1
loop1
loop1
loop1
loop1
loop1
loop1
loop1
loop1
loop1
loop1
loop1
loop1
loop1
loop1
loop1
loop1
loop1
loop1
loop1
loop1
loop1
loop1
loop1
loop1
loop1
loop1
loop1
loop1
loop1
loop1
loop1
loop1
loop1
loop1
loop1
loop1
loop1
loop1
loop1
loop1
loop1
loop1
loop1
loop1
loop1
loop1
loop1
loop1
loop1
loop1
loop1
loop1
loop1
loop1
loop1
loop1
loop1
loop1
loop1
loop1
loop1
loop1
loop1
loop1
loop1
loop1
loop1
loop1
loop1
loop1
loop1
loop1
loop1
loop1
loop1
loop1
loop1
loop1
loop1
loop1
loop1
loop1
loop1
loop1
loop1
loop1
loop1
loop1
loop1
loop1
loop1
loop1
loop1
loop1
loop1
loop1
loop1
loop1
loop1
loop1
loop1
loop1
loop1
loop1
loop1
loop1
loop1
loop1
loop1
loop1
loop1
loop1
loop1
loop1
loop1
loop1
loop1
loop1
loop1
loop1
loop1
loop1
loop1
loop1
loop1
loop1
loop1
loop1
loop1
loop1
loop1
loop1
loop1
loop1
loop1
loop1
loop1
loop1
loop1
loop1
loop1
loop1
loop1
loop1
loop1
loop1
loop1
loop1
loop1
loop1
loop1
loop1
loop1
loop1
loop1
loop1
loop1
loop1
loop1
loop1
loop1
loop1
loop1
loop1
loop1
loop1
loop1
loop1
loop1
loop1
loop1
loop1
loop1
loop1
loop1
loop1
loop1
loop1
loop1
loop1
loop1
loop1
loop1
loop1
loop1
loop1
loop1
loop1
loop1
loop1
loop1
loop1
loop1
loop1
loop1
loop1
loop1
loop1
loop1
loop1
loop1
loop1
loop1
loop1
loop1
loop1
loop1
loop1
loop1
loop1
loop1
loop1
loop1
loop1
loop1
loop1
loop1
loop1
loop1
loop1
loop1
loop1
loop1
loop1
loop1
loop1
loop1
loop1
loop1
loop1
loop1
loop1
loop1
loop1
loop1
loop1
loop1
loop1
loop1
loop1
loop1
loop1
loop1
loop1
loop1
loop1
loop1
loop1
loop1
loop1
loop1
loop1
loop1
loop1
loop1
loop1
loop1
loop1
loop1
loop1
loop1
loop1
loop1
loop1
loop1
loop1
loop1
loop1
loop1
loop1
loop1
loop1
loop1
loop1
loop1
loop1
loop1
loop1
loop1
loop1
loop1
loop1
loop1
loop1
loop1
loop1
loop1
loop1
loop1
loop1
loop1
loop1
loop1
loop1
loop1
loop1
loop1
loop1
loop1
loop1
loop1
loop1
loop1
loop1
loop1
loop1
loop1
loop1
loop1
loop1
loop1
loop1
loop1
loop1
loop1
loop1
loop1
loop1
loop1
loop1
loop1
loop1
loop1
loop1
loop1
loop1
loop1
loop1
loop1
loop1
loop1
loop1
loop1
loop1
loop1
loop1
loop1
loop1
loop1
loop1
loop1
loop1
loop1
loop1
loop1
loop1
loop1
loop1
loop1
loop1
loop1
loop1
loop1
loop1
loop1
loop1
loop1
loop1
loop1
loop1
loop1
loop1
loop1
loop1
loop1
loop1
loop1
loop1
loop1
loop1
loop1
loop1
loop1
loop1
loop1
loop1
loop1
loop1
loop1
loop1
loop1
loop1
loop1
loop1
loop1
loop1
loop1
loop1
loop1
loop1
loop1
loop1
loop1
loop1
loop1
loop1
loop1
loop1
loop1
loop1
loop1
loop1
loop1
loop1
loop1
loop1
loop1
loop1
loop1
loop1
loop1
loop1
loop1
loop1
loop1
loop1
loop1
loop1
loop1
loop1
loop1
loop1
loop1
loop1
loop1
loop1
loop1
loop1
loop1
loop1
loop1
loop1
loop1
loop1
loop1
loop1
loop1
loop1
loop1
loop1
loop1
loop1
loop1
loop1
loop1
loop1
loop1
loop1
loop1
loop1
loop1
loop1
loop1
loop1
loop1
loop1
loop1
loop1
loop1
loop1
loop1
loop1
loop1
loop1
loop1
loop1
loop1
loop1
loop1
loop1
loop1
loop1
loop1
loop1
loop1
loop1
loop1
loop1
loop1
loop1
loop1
loop1
loop1
loop1
loop1
loop1
loop1
loop1
loop1
loop1
loop1
loop1
loop1
loop1
loop1
loop1
loop1
loop1
loop1
loop1
loop1
loop1
loop1
loop1
loop1
loop1
loop1
loop1
loop1
loop1
loop1
loop1
loop1
loop1
loop1
loop1
loop1
loop1
loop1
loop1
loop1
loop1
loop1
loop1
loop1
loop1
loop1
loop1
loop1
loop1
loop1
loop1
loop1
loop1
loop1
loop1
loop1
loop1
loop1
loop1
loop1
loop1
loop1
loop1
loop1
loop1
loop1
loop1
loop1
loop1
loop1
loop1
loop1
loop1
loop1
loop1
loop1
loop1
loop1
loop1
loop1
loop1
loop1
loop1
loop1
loop1
loop1
loop1
loop1
loop1
loop1
loop1
loop1
loop1
loop1
loop1
loop1
loop1
loop1
loop1
loop1
loop1
loop1
loop1
loop1
loop1
loop1
loop1
loop1
loop1
loop1
loop1
loop1
loop1
loop1
loop1
loop1
loop1
loop1
loop1
loop1
loop1
loop1
loop1
loop1
loop1
loop1
loop1
loop1
loop1
loop1
loop1
loop1
loop1
loop1
loop1
loop1
loop1
loop1
loop1
loop1
loop1
loop1
loop1
loop1
loop1
loop1
loop1
loop1
loop1
loop1
loop1
loop1
loop1
loop1
loop1
loop1
loop1
loop1
loop1
loop1
loop1
loop1
loop1
loop1
loop1
loop1
loop1
loop1
loop1
loop1
loop1
loop1
loop1
loop1
loop1
loop1
loop1
loop1
loop1
loop1
loop1
loop1
loop1
loop1
loop1
loop1
loop1
loop1
loop1
loop1
loop1
loop1
loop1
loop1
loop1
loop1
loop1
loop1
loop1
loop1
loop1
loop1
loop1
loop1
loop1
loop1
loop1
loop1
loop1
loop1
loop1
loop1
loop1
loop1
loop1
loop1
loop1
loop1
loop1
loop1
loop1
loop1
loop1
loop1
loop1
loop1
loop1
loop1
loop1
loop1
loop1
loop1
loop1
loop1
loop1
loop1
loop1
loop1
loop1
loop1
loop1
loop1
loop1
loop1
loop1
loop1
loop1
loop1
loop1
loop1
loop1
loop1
loop1
loop1
loop1
loop1
loop1
loop1
loop1
loop1
loop1
loop1
loop1
loop1
loop1
loop1
loop1
loop1
loop1
loop1
loop1
loop1
loop1
loop1
loop1
loop1
loop1
loop1
loop1
loop1
loop1
loop1
loop1
loop1
loop1
loop1
loop1
loop1
loop1
loop1
loop1
loop1
loop1
loop1
loop1
loop1
loop1
loop1
loop1
loop1
loop1
loop1
loop1
loop1
loop1
loop1
loop1
loop1
loop1
loop1
loop1
loop1
loop1
loop1
loop1
loop1
loop1
loop1
loop1
loop1
loop1
loop1
loop1
loop1
loop1
loop1
loop1
loop1
loop1
loop1
loop1
loop1
loop1
loop1
loop1
loop1
loop1
loop1
loop1
loop1
loop1
loop1
loop1
loop1
loop1
loop1
loop1
loop1
loop1
loop1
loop1
loop1
loop1
loop1
loop1
loop1
loop1
loop1
loop1
loop1
loop1
loop1
loop1
loop1
loop1
loop1
loop1
loop1
loop1
loop1
loop1
loop1
loop1
loop1
loop1
loop1
loop1
loop1
loop1
loop1
loop1
loop1
loop1
loop1
loop1
loop1
loop1
loop1
loop1
loop1
loop1
loop1
loop1
loop1
loop1
loop1
loop1
loop1
loop1
loop1
loop1
loop1
loop1
loop1
loop1
loop1
loop1
loop1
loop1
loop1
loop1
loop1
loop1
loop1
loop1
loop1
loop1
loop1
loop1
loop1
loop1
loop1
loop1
loop1
loop1
loop1
loop1
loop1
loop1
loop1
loop1
loop1
loop1
loop1
loop1
loop1
loop1
loop1
loop1
loop1
loop1
loop1
loop1
loop1
loop1
loop1
loop1
loop1
loop1
loop1
loop1
loop1
loop1
loop1
loop1
loop1
loop1
loop1
loop1
loop1
loop1
loop1
loop1
loop1
loop1
loop1
loop1
loop1
loop1
loop1
loop1
loop1
loop1
loop1
loop1
loop1
loop1
loop1
loop1
loop1
loop1
loop1
loop1
loop1
loop1
loop1
loop1
loop1
loop1
loop1
loop1
loop1
loop1
loop1
loop1
loop1
loop1
loop1
loop1
loop1
loop1
loop1
loop1
loop1
loop1
loop1
loop1
loop1
loop1
loop1
loop1
loop1
loop1
loop1
loop1
loop1
loop1
loop1
loop1
loop1
loop1
loop1
loop1
loop1
loop1
loop1
loop1
loop1
loop1
loop1
loop1
loop1
loop1
loop1
loop1
loop1
loop1
loop1
loop1
loop1
loop1
loop1
loop1
loop1
loop1
loop1
loop1
loop1
loop1
loop1
loop1
loop1
loop1
loop1
loop1
loop1
loop1
loop1
loop1
loop1
loop1
loop1
loop1
loop1
loop1
loop1
loop1
loop1
loop1
loop1
loop1
loop1
loop1
loop1
loop1
loop1
loop1
loop1
loop1
loop1
loop1
loop1
loop1
loop1
loop1
loop1
loop1
loop1
loop1
loop1
loop1
loop1
loop1
loop1
loop1
loop1
loop1
loop1
loop1
loop1
loop1
loop1
loop1
loop1
loop1
loop1
loop1
loop1
loop1
loop1
loop1
loop1
loop1
loop1
loop1
loop1
loop1
loop1
loop1
loop1
loop1
loop1
loop1
loop1
loop1
loop1
loop1
loop1
loop1
loop1
loop1
loop1
loop1
loop1
loop1
loop1
loop1
loop1
loop1
loop1
loop1
loop1
loop1
loop1
loop1
loop1
loop1
loop1
loop1
loop1
loop1
loop1
loop1
loop1
loop1
loop1
loop1
loop1
loop1
loop1
loop1
loop1
loop1
loop1
loop1
loop1
loop1
loop1
loop1
loop1
loop1
loop1
loop1
loop1
loop1
loop1
loop1
loop1
loop1
loop1
loop1
loop1
loop1
loop1
loop1
loop1
loop1
loop1
loop1
loop1
loop1
loop1
loop1
loop1
loop1
loop1
loop1
loop1
loop1
loop1
loop1
loop1
loop1
loop1
loop1
loop1
loop1
loop1
loop1
loop1
loop1
loop1
loop1
loop1
loop1
loop1
loop1
loop1
loop1
loop1
loop1
loop1
loop1
loop1
loop1
loop1
loop1
loop1
loop1
loop1
loop1
loop1
loop1
loop1
loop1
loop1
loop1
loop1
loop1
loop1
loop1
loop1
loop1
loop1
loop1
loop1
loop1
loop1
loop1
loop1
loop1
loop1
loop1
loop1
loop1
loop1
loop1
loop1
loop1
loop1
loop1
loop1
loop1
loop1
loop1
loop1
loop1
loop1
loop1
loop1
loop1
loop1
loop1
loop1
loop1
loop1
loop1
loop1
loop1
loop1
loop1
loop1
loop1
loop1
loop1
loop1
loop1
loop1
loop1
loop1
loop1
loop1
loop1
loop1
loop1
loop1
loop1
loop1
loop1
loop1
loop1
loop1
loop1
loop1
loop1
loop1
loop1
loop1
loop1
loop1
loop1
loop1
loop1
loop1
loop1
loop1
loop1
loop1
loop1
loop1
loop1
loop1
loop1
loop1
loop1
loop1
loop1
loop1
loop1
loop1
loop1
loop1
loop1
loop1
loop1
loop1
loop1
loop1
loop1
loop1
loop1
loop1
loop1
loop1
loop1
loop1
loop1
loop1
loop1
loop1
loop1
loop1
loop1
loop1
loop1
loop1
loop1
loop1
loop1
loop1
loop1
loop1
loop1
loop1
loop1
loop1
loop1
loop1
loop1
loop1
loop1
loop1
loop1
loop1
loop1
loop1
loop1
loop1
loop1
loop1
loop1
loop1
loop1
loop1
loop1
loop1
loop1
loop1
loop1
loop1
loop1
loop1
loop1
loop1
loop1
loop1
loop1
loop1
loop1
loop1
loop1
loop1
loop1
loop1
loop1
loop1
loop1
loop1
loop1
loop1
loop1
loop1
loop1
loop1
loop1
loop1
loop1
loop1
loop1
loop1
loop1
loop1
loop1
loop1
loop1
loop1
loop1
loop1
loop1
loop1
loop1
loop1
loop1
loop1
loop1
loop1
loop1
loop1
loop1
loop1
loop1
loop1
loop1
loop1
loop1
loop1
loop1
loop1
loop1
loop1
loop1
loop1
loop1
loop1
loop1
loop1
loop1
loop1
loop1
loop1
loop1
loop1
loop1
loop1
loop1
loop1
loop1
loop1
loop1
loop1
loop1
loop1
loop1
loop1
loop1
loop1
loop1
loop1
loop1
loop1
loop1
loop1
loop1
loop1
loop1
loop1
loop1
loop1
loop1
loop1
loop1
loop1
loop1
loop1
loop1
loop1
loop1
loop1
loop1
loop1
loop1
loop1
loop1
loop1
loop1
loop1
loop1
loop1
loop1
loop1
loop1
loop1
loop1
loop1
loop1
loop1
loop1
loop1
loop1
loop1
loop1
loop1
loop1
loop1
loop1
loop1
loop1
loop1
loop1
loop1
loop1
loop1
loop1
loop1
loop1
loop1
loop1
loop1
loop1
loop1
loop1
loop1
loop1
loop1
loop1
loop1
loop1
loop1
loop1
loop1
loop1
loop1
loop1
loop1
loop1
loop1
loop1
loop1
loop1
loop1
loop1
loop1
loop1
loop1
loop1
loop1
loop1
loop1
loop1
loop1
loop1
loop1
loop1
loop1
loop1
loop1
loop1
loop1
loop1
loop1
loop1
loop1
loop1
loop1
loop1
loop1
loop1
loop1
loop1
loop1
loop1
loop1
loop1
loop1
loop1
loop1
loop1
loop1
loop1
loop1
loop1
loop1
loop1
loop1
loop1
loop1
loop1
loop1
loop1
loop1
loop1
loop1
loop1
loop1
loop1
loop1
loop1
loop1
loop1
loop1
loop1
loop1
loop1
loop1
loop1
loop1
loop1
loop1
loop1
loop1
loop1
loop1
loop1
loop1
loop1
loop1
loop1
loop1
loop1
loop1
loop1
loop1
loop1
loop1
loop1
loop1
loop1
loop1
loop1
loop1
loop1
loop1
loop1
loop1
loop1
loop1
loop1
loop1
loop1
loop1
loop1
loop1
loop1
loop1
loop1
loop1
loop1
loop1
loop1
loop1
loop1
loop1
loop1
loop1
loop1
loop1
loop1
loop1
loop1
loop1
loop1
loop1
loop1
loop1
loop1
loop1
loop1
loop1
loop1
loop1
loop1
loop1
loop1
loop1
loop1
loop1
loop1
loop1
loop1
loop1
loop1
loop1
loop1
loop1
loop1
loop1
loop1
loop1
loop1
loop1
loop1
loop1
loop1
loop1
loop1
loop1
loop1
loop1
loop1
loop1
loop1
loop1
loop1
loop1
loop1
loop1
loop1
loop1
loop1
loop1
loop1
loop1
loop1
loop1
loop1
loop1
loop1
loop1
loop1
loop1
loop1
loop1
loop1
loop1
loop1
loop1
loop1
loop1
loop1
loop1
loop1
loop1
loop1
loop1
loop1
loop1
loop1
loop1
loop1
loop1
loop1
loop1
loop1
loop1
loop1
loop1
loop1
loop1
loop1
loop1
loop1
loop1
loop1
loop1
loop1
loop1
loop1
loop1
loop1
loop1
loop1
loop1
loop1
loop1
loop1
loop1
loop1
loop1
loop1
loop1
loop1
loop1
loop1
loop1
loop1
loop1
loop1
loop1
loop1
loop1
loop1
loop1
loop1
loop1
loop1
loop1
loop1
loop1
loop1
loop1
loop1
loop1
loop1
loop1
loop1
loop1
loop1
loop1
loop1
loop1
loop1
loop1
loop1
loop1
loop1
loop1
loop1
loop1
loop1
loop1
loop1
loop1
loop1
loop1
loop1
loop1
loop1
loop1
loop1
loop1
loop1
loop1
loop1
loop1
loop1
loop1
loop1
loop1
loop1
loop1
loop1
loop1
loop1
loop1
loop1
loop1
loop1
loop1
loop1
loop1
loop1
loop1
loop1
loop1
loop1
loop1
loop1
loop1
loop1
loop1
loop1
loop1
loop1
loop1
loop1
loop1
loop1
loop1
loop1
loop1
loop1
loop1
loop1
loop1
loop1
loop1
loop1
loop1
loop1
loop1
loop1
loop1
loop1
loop1
loop1
loop1
loop1
loop1
loop1
loop1
loop1
loop1
loop1
loop1
loop1
loop1
loop1
loop1
loop1
loop1
loop1
loop1
loop1
loop1
loop1
loop1
loop1
loop1
loop1
loop1
loop1
loop1
loop1
loop1
loop1
loop1
loop1
loop1
loop1
loop1
loop1
loop1
loop1
loop1
loop1
loop1
loop1
loop1
loop1
loop1
loop1
loop1
loop1
loop1
loop1
loop1
loop1
loop1
loop1
loop1
loop1
loop1
loop1
loop1
loop1
loop1
loop1
loop1
loop1
loop1
loop1
loop1
loop1
loop1
loop1
loop1
loop1
loop1
loop1
loop1
loop1
loop1
loop1
loop1
loop1
loop1
loop1
loop1
loop1
loop1
loop1
loop1
loop1
loop1
loop1
loop1
loop1
loop1
loop1
loop1
loop1
loop1
loop1
loop1
loop1
loop1
loop1
loop1
loop1
loop1
loop1
loop1
loop1
loop1
loop1
loop1
loop1
loop1
loop1
loop1
loop1
loop1
loop1
loop1
loop1
loop1
loop1
loop1
loop1
loop1
loop1
loop1
loop1
loop1
loop1
loop1
loop1
loop1
loop1
loop1
loop1
loop1
loop1
loop1
loop1
loop1
loop1
loop1
loop1
loop1
loop1
loop1
loop1
loop1
loop1
loop1
loop1
loop1
loop1
loop1
loop1
loop1
loop1
loop1
loop1
loop1
loop1
loop1
loop1
loop1
loop1
loop1
loop1
loop1
loop1
loop1
loop1
loop1
loop1
loop1
loop1
loop1
loop1
loop1
loop1
loop1
loop1
loop1
loop1
loop1
loop1
loop1
loop1
loop1
loop1
loop1
loop1
loop1
loop1
loop1
loop1
loop1
loop1
loop1
loop1
loop1
loop1
loop1
loop1
loop1
loop1
loop1
loop1
loop1
loop1
loop1
loop1
loop1
loop1
loop1
loop1
loop1
loop1
loop1
loop1
loop1
loop1
loop1
loop1
loop1
loop1
loop1
loop1
loop1
loop1
loop1
loop1
loop1
loop1
loop1
loop1
loop1
loop1
loop1
loop1
loop1
loop1
loop1
loop1
loop1
loop1
loop1
loop1
loop1
loop1
loop1
loop1
loop1
loop1
loop1
loop1
loop1
loop1
loop1
loop1
loop1
loop1
loop1
loop1
loop1
loop1
loop1
loop1
loop1
loop1
loop1
loop1
loop1
loop1
loop1
loop1
loop1
loop1
loop1
loop1
loop1
loop1
loop1
loop1
loop1
loop1
loop1
loop1
loop1
loop1
loop1
loop1
loop1
loop1
loop1
loop1
loop1
loop1
loop1
loop1
loop1
loop1
loop1
loop1
loop1
loop1
loop1
loop1
loop1
loop1
loop1
loop1
loop1
loop1
loop1
loop1
loop1
loop1
loop1
loop1
loop1
loop1
loop1
loop1
loop1
loop1
loop1
loop1
loop1
loop1
loop1
loop1
loop1
loop1
loop1
loop1
loop1
loop1
loop1
loop1
loop1
loop1
loop1
loop1
loop1
loop1
loop1
loop1
loop1
loop1
loop1
loop1
loop1
loop1
loop1
loop1
loop1
loop1
loop1
loop1
loop1
loop1
loop1
loop1
loop1
loop1
loop1
loop1
loop1
loop1
loop1
loop1
loop1
loop1
loop1
loop1
loop1
loop1
loop1
loop1
loop1
loop1
loop1
loop1
loop1
loop1
loop1
loop1
loop1
loop1
loop1
loop1
loop1
loop1
loop1
loop1
loop1
loop1
loop1
loop1
loop1
loop1
loop1
loop1
loop1
loop1
loop1
loop1
loop1
loop1
loop1
loop1
loop1
loop1
loop1
loop1
loop1
loop1
loop1
loop1
loop1
loop1
loop1
loop1
loop1
loop1
loop1
loop1
loop1
loop1
loop1
loop1
loop1
loop1
loop1
loop1
loop1
loop1
loop1
loop1
loop1
loop1
loop1
loop1
loop1
loop1
loop1
loop1
loop1
loop1
loop1
loop1
loop1
loop1
loop1
loop1
loop1
loop1
loop1
loop1
loop1
loop1
loop1
loop1
loop1
loop1
loop1
loop1
loop1
loop1
loop1
loop1
loop1
loop1
loop1
loop1
loop1
loop1
loop1
loop1
loop1
loop1
loop1
loop1
loop1
loop1
loop1
loop1
loop1
loop1
loop1
loop1
loop1
loop1
loop1
loop1
loop1
loop1
loop1
loop1
loop1
loop1
loop1
loop1
loop1
loop1
loop1
loop1
loop1
loop1
loop1
loop1
loop1
loop1
loop1
loop1
loop1
loop1
loop1
loop1
loop1
loop1
loop1
loop1
loop1
loop1
loop1
loop1
loop1
loop1
loop1
loop1
loop1
loop1
loop1
loop1
loop1
loop1
loop1
loop1
loop1
loop1
loop1
loop1
loop1
loop1
loop1
loop1
loop1
loop1
loop1
loop1
loop1
loop1
loop1
loop1
loop1
loop1
loop1
loop1
loop1
loop1
loop1
loop1
loop1
loop1
loop1
loop1
loop1
loop1
loop1
loop1
loop1
loop1
loop1
loop1
loop1
loop1
loop1
loop1
loop1
loop1
loop1
loop1
loop1
loop1
loop1
loop1
loop1
loop1
loop1
loop1
loop1
loop1
loop1
loop1
loop1
loop1
loop1
loop1
loop1
loop1
loop1
loop1
loop1
loop1
loop1
loop1
loop1
loop1
loop1
loop1
loop1
loop1
loop1
loop1
loop1
loop1
loop1
loop1
loop1
loop1
loop1
loop1
loop1
loop1
loop1
loop1
loop1
loop1
loop1
loop1
loop1
loop1
loop1
loop1
loop1
loop1
loop1
loop1
loop1
loop1
loop1
loop1
loop1
loop1
loop1
loop1
loop1
loop1
loop1
loop1
loop1
loop1
loop1
loop1
loop1
loop1
loop1
loop1
loop1
loop1
loop1
loop1
loop1
loop1
loop1
loop1
loop1
loop1
loop1
loop1
loop1
loop1
loop1
loop1
loop1
loop1
loop1
loop1
loop1
loop1
loop1
loop1
loop1
loop1
loop1
loop1
loop1
loop1
loop1
loop1
loop1
loop1
loop1
loop1
loop1
loop1
loop1
loop1
loop1
loop1
loop1
loop1
loop1
loop1
loop1
loop1
loop1
loop1
loop1
loop1
loop1
loop1
loop1
loop1
loop1
loop1
loop1
loop1
loop1
loop1
loop1
loop1
loop1
loop1
loop1
loop1
loop1
loop1
loop1
loop1
loop1
loop1
loop1
loop1
loop1
loop1
loop1
loop1
loop1
loop1
loop1
loop1
loop1
loop1
loop1
loop1
loop1
loop1
loop1
loop1
loop1
loop1
loop1
loop1
loop1
loop1
loop1
loop1
loop1
loop1
loop1
loop1
loop1
loop1
loop1
loop1
loop1
loop1
loop1
loop1
loop1
loop1
loop1
loop1
loop1
loop1
loop1
loop1
loop1
loop1
loop1
loop1
loop1
loop1
loop1
loop1
loop1
loop1
loop1
loop1
loop1
loop1
loop1
loop1
loop1
loop1
loop1
loop1
loop1
loop1
loop1
loop1
loop1
loop1
loop1
loop1
loop1
loop1
loop1
loop1
loop1
loop1
loop1
loop1
loop1
loop1
loop1
loop1
loop1
loop1
loop1
loop1
loop1
loop1
loop1
loop1
loop1
loop1
loop1
loop1
loop1
loop1
loop1
loop1
loop1
loop1
loop1
loop1
loop1
loop1
loop1
loop1
loop1
loop1
loop1
loop1
loop1
loop1
loop1
loop1
loop1
loop1
loop1
loop1
loop1
loop1
loop1
loop1
loop1
loop1
loop1
loop1
loop1
loop1
loop1
loop1
loop1
loop1
loop1
loop1
loop1
loop1
loop1
loop1
loop1
loop1
loop1
loop1
loop1
loop1
loop1
loop1
loop1
loop1
loop1
loop1
loop1
loop1
loop1
loop1
loop1
loop1
loop1
loop1
loop1
loop1
loop1
loop1
loop1
loop1
loop1
loop1
loop1
loop1
loop1
loop1
loop1
loop1
loop1
loop1
loop1
loop1
loop1
loop1
loop1
loop1
loop1
loop1
loop1
loop1
loop1
loop1
loop1
loop1
loop1
loop1
loop1
loop1
loop1
loop1
loop1
loop1
loop1
loop1
loop1
loop1
loop1
loop1
loop1
loop1
loop1
loop1
loop1
loop1
loop1
loop1
loop1
loop1
loop1
loop1
loop1
loop1
loop1
loop1
loop1
loop1
loop1
loop1
loop1
loop1
loop1
loop1
loop1
loop1
loop1
loop1
loop1
loop1
loop1
loop1
loop1
loop1
loop1
loop1
loop1
loop1
loop1
loop1
loop1
loop1
loop1
loop1
loop1
loop1
loop1
loop1
loop1
loop1
loop1
loop1
loop1
loop1
loop1
loop1
loop1
loop1
loop1
loop1
loop1
loop1
loop1
loop1
loop1
loop1
loop1
loop1
loop1
loop1
loop1
loop1
loop1
loop1
loop1
loop1
loop1
loop1
loop1
loop1
loop1
loop1
loop1
loop1
loop1
loop1
loop1
loop1
loop1
loop1
loop1
loop1
loop1
loop1
loop1
loop1
loop1
loop1
loop1
loop1
loop1
loop1
loop1
loop1
loop1
loop1
loop1
loop1
loop1
loop1
loop1
loop1
loop1
loop1
loop1
loop1
loop1
loop1
loop1
loop1
loop1
loop1
loop1
loop1
loop1
loop1
loop1
loop1
loop1
loop1
loop1
loop1
loop1
loop1
loop1
loop1
loop1
loop1
loop1
loop1
loop1
loop1
loop1
loop1
loop1
loop1
loop1
loop1
loop1
loop1
loop1
loop1
loop1
loop1
loop1
loop1
loop1
loop1
loop1
loop1
loop1
loop1
loop1
loop1
loop1
loop1
loop1
loop1
loop1
loop1
loop1
loop1
loop1
loop1
loop1
loop1
loop1
loop1
loop1
loop1
loop1
loop1
loop1
loop1
loop1
loop1
loop1
loop1
loop1
loop1
loop1
loop1
loop1
loop1
loop1
loop1
loop1
loop1
loop1
loop1
loop1
loop1
loop1
loop1
loop1
loop1
loop1
loop1
loop1
loop1
loop1
loop1
loop1
loop1
loop1
loop1
loop1
loop1
loop1
loop1
loop1
loop1
loop1
loop1
loop1
loop1
loop1
loop1
loop1
loop1
loop1
loop1
loop1
loop1
loop1
loop1
loop1
loop1
loop1
loop1
loop1
loop1
loop1
loop1
loop1
loop1
loop1
loop1
loop1
loop1
loop1
loop1
loop1
loop1
loop1
loop1
loop1
loop1
loop1
loop1
loop1
loop1
loop1
loop1
loop1
loop1
loop1
loop1
loop1
loop1
loop1
loop1
loop1
loop1
loop1
loop1
loop1
loop1
loop1
loop1
loop1
loop1
loop1
loop1
loop1
loop1
loop1
loop1
loop1
loop1
loop1
loop1
loop1
loop1
loop1
loop1
loop1
loop1
loop1
loop1
loop1
loop1
loop1
loop1
loop1
loop1
loop1
loop1
loop1
loop1
loop1
loop1
loop1
loop1
loop1
loop1
loop1
loop1
loop1
loop1
loop1
loop1
loop1
loop1
loop1
loop1
loop1
loop1
loop1
loop1
loop1
loop1
loop1
loop1
loop1
loop1
loop1
loop1
loop1
loop1
loop1
loop1
loop1
loop1
loop1
loop1
loop1
loop1
loop1
loop1
loop1
loop1
loop1
loop1
loop1
loop1
loop1
loop1
loop1
loop1
loop1
loop1
loop1
loop1
loop1
loop1
loop1
loop1
loop1
loop1
loop1
loop1
loop1
loop1
loop1
loop1
loop1
loop1
loop1
loop1
loop1
loop1
loop1
loop1
loop1
loop1
loop1
loop1
loop1
loop1
loop1
loop1
loop1
loop1
loop1
loop1
loop1
loop1
loop1
loop1
loop1
loop1
loop1
loop1
loop1
loop1
loop1
loop1
loop1
loop1
loop1
loop1
loop1
loop1
loop1
loop1
loop1
loop1
loop1
loop1
loop1
loop1
loop1
loop1
loop1
loop1
loop1
loop1
loop1
loop1
loop1
loop1
loop1
loop1
loop1
loop1
loop1
loop1
loop1
loop1
loop1
loop1
loop1
loop1
loop1
loop1
loop1
loop1
loop1
loop1
loop1
loop1
loop1
loop1
loop1
loop1
loop1
loop1
loop1
loop1
loop1
loop1
loop1
loop1
loop1
loop1
loop1
loop1
loop1
loop1
loop1
loop1
loop1
loop1
loop1
loop1
loop1
loop1
loop1
loop1
loop1
loop1
loop1
loop1
loop1
loop1
loop1
loop1
loop1
loop1
loop1
loop1
loop1
loop1
loop1
loop1
loop1
loop1
loop1
loop1
loop1
loop1
loop1
loop1
loop1
loop1
loop1
loop1
loop1
loop1
loop1
loop1
loop1
loop1
loop1
loop1
loop1
loop1
loop1
loop1
loop1
loop1
loop1
loop1
loop1
loop1
loop1
loop1
loop1
loop1
loop1
loop1
loop1
loop1
loop1
loop1
loop1
loop1
loop1
loop1
loop1
loop1
loop1
loop1
loop1
loop1
loop1
loop1
loop1
loop1
loop1
loop1
loop1
loop1
loop1
loop1
loop1
loop1
loop1
loop1
loop1
loop1
loop1
loop1
loop1
loop1
loop1
loop1
loop1
loop1
loop1
loop1
loop1
loop1
loop1
loop1
loop1
loop1
loop1
loop1
loop1
loop1
loop1
loop1
loop1
loop1
loop1
loop1
loop1
loop1
loop1
loop1
loop1
loop1
loop1
loop1
loop1
loop1
loop1
loop1
loop1
loop1
loop1
loop1
loop1
loop1
loop1
loop1
loop1
loop1
loop1
loop1
loop1
loop1
loop1
loop1
loop1
loop1
loop1
loop1
loop1
loop1
loop1
loop1
loop1
loop1
loop1
loop1
loop1
loop1
loop1
loop1
loop1
loop1
loop1
loop1
loop1
loop1
loop1
loop1
loop1
loop1
loop1
loop1
loop1
loop1
loop1
loop1
loop1
loop1
loop1
loop1
loop1
loop1
loop1
loop1
loop1
loop1
loop1
loop1
loop1
loop1
loop1
loop1
loop1
loop1
loop1
loop1
loop1
loop1
loop1
loop1
loop1
loop1
loop1
loop1
loop1
loop1
loop1
loop1
loop1
loop1
loop1
loop1
loop1
loop1
loop1
loop1
loop1
loop1
loop1
loop1
loop1
loop1
loop1
loop1
loop1
loop1
loop1
loop1
loop1
loop1
loop1
loop1
loop1
loop1
loop1
loop1
loop1
loop1
loop1
loop1
loop1
loop1
loop1
loop1
loop1
loop1
loop1
loop1
loop1
loop1
loop1
loop1
loop1
loop1
loop1
loop1
loop1
loop1
loop1
loop1
loop1
loop1
loop1
loop1
loop1
loop1
loop1
loop1
loop1
loop1
loop1
loop1
loop1
loop1
loop1
loop1
loop1
loop1
loop1
loop1
loop1
loop1
loop1
loop1
loop1
loop1
loop1
loop1
loop1
loop1
loop1
loop1
loop1
loop1
loop1
loop1
loop1
loop1
loop1
loop1
loop1
loop1
loop1
loop1
loop1
loop1
loop1
loop1
loop1
loop1
loop1
loop1
loop1
loop1
loop1
loop1
loop1
loop1
loop1
loop1
loop1
loop1
loop1
loop1
loop1
loop1
loop1
loop1
loop1
loop1
loop1
loop1
loop1
loop1
loop1
loop1
loop1
loop1
loop1
loop1
loop1
loop1
loop1
loop1
loop1
loop1
loop1
loop1
loop1
loop1
loop1
loop1
loop1
loop1
loop1
loop1
loop1
loop1
loop1
loop1
loop1
loop1
loop1
loop1
loop1
loop1
loop1
loop1
loop1
loop1
loop1
loop1
loop1
loop1
loop1
loop1
loop1
loop1
loop1
loop1
loop1
loop1
loop1
loop1
loop1
loop1
loop1
loop1
loop1
loop1
loop1
loop1
loop1
loop1
loop1
loop1
loop1
loop1
loop1
loop1
loop1
loop1
loop1
loop1
loop1
loop1
loop1
loop1
loop1
loop1
loop1
loop1
loop1
loop1
loop1
loop1
loop1
loop1
loop1
loop1
loop1
loop1
loop1
loop1
loop1
loop1
loop1
loop1
loop1
loop1
loop1
loop1
loop1
loop1
loop1
loop1
loop1
loop1
loop1
loop1
loop1
loop1
loop1
loop1
loop1
loop1
loop1
loop1
loop1
loop1
loop1
loop1
loop1
loop1
loop1
loop1
loop1
loop1
loop1
loop1
loop1
loop1
loop1
loop1
loop1
loop1
loop1
loop1
loop1
loop1
loop1
loop1
loop1
loop1
loop1
loop1
loop1
loop1
loop1
loop1
loop1
loop1
loop1
loop1
loop1
loop1
loop1
loop1
loop1
loop1
loop1
loop1
loop1
loop1
loop1
loop1
loop1
loop1
loop1
loop1
loop1
loop1
loop1
loop1
loop1
loop1
loop1
loop1
loop1
loop1
loop1
loop1
loop1
loop1
loop1
loop1
loop1
loop1
loop1
loop1
loop1
loop1
loop1
loop1
loop1
loop1
loop1
loop1
loop1
loop1
loop1
loop1
loop1
loop1
loop1
loop1
loop1
loop1
loop1
loop1
loop1
loop1
loop1
loop1
loop1
loop1
loop1
loop1
loop1
loop1
loop1
loop1
loop1
loop1
loop1
loop1
loop1
loop1
loop1
loop1
loop1
loop1
loop1
loop1
loop1
loop1
loop1
loop1
loop1
loop1
loop1
loop1
loop1
loop1
loop1
loop1
loop1
loop1
loop1
loop1
loop1
loop1
loop1
loop1
loop1
loop1
loop1
loop1
loop1
loop1
loop1
loop1
loop1
loop1
loop1
loop1
loop1
loop1
loop1
loop1
loop1
loop1
loop1
loop1
loop1
loop1
loop1
loop1
loop1
loop1
loop1
loop1
loop1
loop1
loop1
loop1
loop1
loop1
loop1
loop1
loop1
loop1
loop1
loop1
loop1
loop1
loop1
loop1
loop1
loop1
loop1
loop1
loop1
loop1
loop1
loop1
loop1
loop1
loop1
loop1
loop1
loop1
loop1
loop1
loop1
loop1
loop1
loop1
loop1
loop1
loop1
loop1
loop1
loop1
loop1
loop1
loop1
loop1
loop1
loop1
loop1
loop1
loop1
loop1
loop1
loop1
loop1
loop1
loop1
loop1
loop1
loop1
loop1
loop1
loop1
loop1
loop1
loop1
loop1
loop1
loop1
loop1
loop1
loop1
loop1
loop1
loop1
loop1
loop1
loop1
loop1
loop1
loop1
loop1
loop1
loop1
loop1
loop1
loop1
loop1
loop1
loop1
loop1
loop1
loop1
loop1
loop1
loop1
loop1
loop1
loop1
loop1
loop1
loop1
loop1
loop1
loop1
loop1
loop1
loop1
loop1
loop1
loop1
loop1
loop1
loop1
loop1
loop1
loop1
loop1
loop1
loop1
loop1
loop1
loop1
loop1
loop1
loop1
loop1
loop1
loop1
loop1
loop1
loop1
loop1
loop1
loop1
loop1
loop1
loop1
loop1
loop1
loop1
loop1
loop1
loop1
loop1
loop1
loop1
loop1
loop1
loop1
loop1
loop1
loop1
loop1
loop1
loop1
loop1
loop1
loop1
loop1
loop1
loop1
loop1
loop1
loop1
loop1
loop1
loop1
loop1
loop1
loop1
loop1
loop1
loop1
loop1
loop1
loop1
loop1
loop1
loop1
loop1
loop1
loop1
loop1
loop1
loop1
loop1
loop1
loop1
loop1
loop1
loop1
loop1
loop1
loop1
loop1
loop1
loop1
loop1
loop1
loop1
loop1
loop1
loop1
loop1
loop1
loop1
loop1
loop1
loop1
loop1
loop1
loop1
loop1
loop1
loop1
loop1
loop1
loop1
loop1
loop1
loop1
loop1
loop1
loop1
loop1
loop1
loop1
loop1
loop1
loop1
loop1
loop1
loop1
loop1
loop1
loop1
loop1
loop1
loop1
loop1
loop1
loop1
loop1
loop1
loop1
loop1
loop1
loop1
loop1
loop1
loop1
loop1
loop1
loop1
loop1
loop1
loop1
loop1
loop1
loop1
loop1
loop1
loop1
loop1
loop1
loop1
loop1
loop1
loop1
loop1
loop1
loop1
loop1
loop1
loop1
loop1
loop1
loop1
loop1
loop1
loop1
loop1
loop1
loop1
loop1
loop1
loop1
loop1
loop1
loop1
loop1
loop1
loop1
loop1
loop1
loop1
loop1
loop1
loop1
loop1
loop1
loop1
loop1
loop1
loop1
loop1
loop1
loop1
loop1
loop1
loop1
loop1
loop1
loop1
loop1
loop1
loop1
loop1
loop1
loop1
loop1
loop1
loop1
loop1
loop1
loop1
loop1
loop1
loop1
loop1
loop1
loop1
loop1
loop1
loop1
loop1
loop1
loop2
loop2
loop2
loop2
loop2
loop2
loop2
loop2
loop2
loop2
loop2
loop2
loop2
loop2
loop2
loop2
loop2
loop2
loop2
loop2
loop2
loop2
loop2
loop2
loop2
loop2
loop2
loop2
loop2
loop2
loop2
loop2
loop2
loop2
loop2
loop2
loop2
loop2
loop2
loop2
loop2
loop2
loop2
loop2
loop2
loop2
loop2
loop2
loop2
loop2
loop2
loop2
loop2
loop2
loop2
loop2
loop2
loop2
loop2
loop2
loop2
loop2
loop2
loop2
loop2
loop2
loop2
loop2
loop2
loop2
loop2
loop2
loop2
loop2
loop2
loop2
loop2
loop2
loop2
loop2
loop2
loop2
loop2
loop2
loop2
loop2
loop2
loop2
loop2
loop2
loop2
loop2
loop2
loop2
loop2
loop2
loop2
loop2
loop2
loop2
loop2
loop2
loop2
loop2
loop2
loop2
loop2
loop2
loop2
loop2
loop2
loop2
loop2
loop2
loop2
loop2
loop2
loop2
loop2
loop2
loop2
loop2
loop2
loop2
loop2
loop2
loop2
loop2
loop2
loop2
loop2
loop2
loop2
loop2
loop2
loop2
loop2
loop2
loop2
loop2
loop2
loop2
loop2
loop2
loop2
loop2
loop2
loop2
loop2
loop2
loop2
loop2
loop2
loop2
loop2
loop2
loop2
loop2
loop2
loop2
loop2
loop2
loop2
loop2
loop2
loop2
loop2
loop2
loop2
loop2
loop2
loop2
loop2
loop2
loop2
loop2
loop2
loop2
loop2
loop2
loop2
loop2
loop2
loop2
loop2
loop2
loop2
loop2
loop2
loop2
loop2
loop2
loop2
loop2
loop2
loop2
loop2
loop2
loop2
loop2
loop2
loop2
loop2
loop2
loop2
loop2
loop2
loop2
loop2
loop2
loop2
loop2
loop2
loop2
loop2
loop2
loop2
loop2
loop2
loop2
loop2
loop2
loop2
loop2
loop2
loop2
loop2
loop2
loop2
loop2
loop2
loop2
loop2
loop2
loop2
loop2
loop2
loop2
loop2
loop2
loop2
loop2
loop2
loop2
loop2
loop2
loop2
loop2
loop2
loop2
loop2
loop2
loop2
loop2
loop2
loop2
loop2
loop2
loop2
loop2
loop2
loop2
loop2
loop2
loop2
loop2
loop2
loop2
loop2
loop2
loop2
loop2
loop2
loop2
loop2
loop2
loop2
loop2
loop2
loop2
loop2
loop2
loop2
loop2
loop2
loop2
loop2
loop2
loop2
loop2
loop2
loop2
loop2
loop2
loop2
loop2
loop2
loop2
loop2
loop2
loop2
loop2
loop2
loop2
loop2
loop2
loop2
loop2
loop2
loop2
loop2
loop2
loop2
loop2
loop2
loop2
loop2
loop2
loop2
loop2
loop2
loop2
loop2
loop2
loop2
loop2
loop2
loop2
loop2
loop2
loop2
loop2
loop2
loop2
loop2
loop2
loop2
loop2
loop2
loop2
loop2
loop2
loop2
loop2
loop2
loop2
loop2
loop2
loop2
loop2
loop2
loop2
loop2
loop2
loop2
loop2
loop2
loop2
loop2
loop2
loop2
loop2
loop2
loop2
loop2
loop2
loop2
loop2
loop2
loop2
loop2
loop2
loop2
loop2
loop2
loop2
loop2
loop2
loop2
loop2
loop2
loop2
loop2
loop2
loop2
loop2
loop2
loop2
loop2
loop2
loop2
loop2
loop2
loop2
loop2
loop2
loop2
loop2
loop2
loop2
loop2
loop2
loop2
loop2
loop2
loop2
loop2
loop2
loop2
loop2
loop2
loop2
loop2
loop2
loop2
loop2
loop2
loop2
loop2
loop2
loop2
loop2
loop2
loop2
loop2
loop2
loop2
loop2
loop2
loop2
loop2
loop2
loop2
loop2
loop2
loop2
loop2
loop2
loop2
loop2
loop2
loop2
loop2
loop2
loop2
loop2
loop2
loop2
loop2
loop2
loop2
loop2
loop2
loop2
loop2
loop2
loop2
loop2
loop2
loop2
loop2
loop2
loop2
loop2
loop2
loop2
loop2
loop2
loop2
loop2
loop2
loop2
loop2
loop2
loop2
loop2
loop2
loop2
loop2
loop2
loop2
loop2
loop2
loop2
loop2
loop2
loop2
loop2
loop2
loop2
loop2
loop2
loop2
loop2
loop2
loop2
loop2
loop2
loop2
loop2
loop2
loop2
loop2
loop2
loop2
loop2
loop2
loop2
loop2
loop2
loop2
loop2
loop2
loop2
loop2
loop2
loop2
loop2
loop2
loop2
loop2
loop2
loop2
loop2
loop2
loop2
loop2
loop2
loop2
loop2
loop2
loop2
loop2
loop2
loop2
loop2
loop2
loop2
loop2
loop2
loop2
loop2
loop2
loop2
loop2
loop2
loop2
loop2
loop2
loop2
loop2
loop2
loop2
loop2
loop2
loop2
loop2
loop2
loop2
loop2
loop2
loop2
loop2
loop2
loop2
loop2
loop2
loop2
loop2
loop2
loop2
loop2
loop2
loop2
loop2
loop2
loop2
loop2
loop2
loop2
loop2
loop2
loop2
loop2
loop2
loop2
loop2
loop2
loop2
loop2
loop2
loop2
loop2
loop2
loop2
loop2
loop2
loop2
loop2
loop2
loop2
loop2
loop2
loop2
loop2
loop2
loop2
loop2
loop2
loop2
loop2
loop2
loop2
loop2
loop2
loop2
loop2
loop2
loop2
loop2
loop2
loop2
loop2
loop2
loop2
loop2
loop2
loop2
loop2
loop2
loop2
loop2
loop2
loop2
loop2
loop2
loop2
loop2
loop2
loop2
loop2
loop2
loop2
loop2
loop2
loop2
loop2
loop2
loop2
loop2
loop2
loop2
loop2
loop2
loop2
loop2
loop2
loop2
loop2
loop2
loop2
loop2
loop2
loop2
loop2
loop2
loop2
loop2
loop2
loop2
loop2
loop2
loop2
loop2
loop2
loop2
loop2
loop2
loop2
loop2
loop2
loop2
loop2
loop2
loop2
loop2
loop2
loop2
loop2
loop2
loop2
loop2
loop2
loop2
loop2
loop2
loop2
loop2
loop2
loop2
loop2
loop2
loop2
loop2
loop2
loop2
loop2
loop2
loop2
loop2
loop2
loop2
loop2
loop2
loop2
loop2
loop2
loop2
loop2
loop2
loop2
loop2
loop2
loop2
loop2
loop2
loop2
loop2
loop2
loop2
loop2
loop2
loop2
loop2
loop2
loop2
loop2
loop2
loop2
loop2
loop2
loop2
loop2
loop2
loop2
loop2
loop2
loop2
loop2
loop2
loop2
loop2
loop2
loop2
loop2
loop2
loop2
loop2
loop2
loop2
loop2
loop2
loop2
loop2
loop2
loop2
loop2
loop2
loop2
loop2
loop2
loop2
loop2
loop2
loop2
loop2
loop2
loop2
loop2
loop2
loop2
loop2
loop2
loop2
loop2
loop2
loop2
loop2
loop2
loop2
loop2
loop2
loop2
loop2
loop2
loop2
loop2
loop2
loop2
loop2
loop2
loop2
loop2
loop2
loop2
loop2
loop2
loop2
loop2
loop2
loop2
loop2
loop2
loop2
loop2
loop2
loop2
loop2
loop2
loop2
loop2
loop2
loop2
loop2
loop2
loop2
loop2
loop2
loop2
loop2
loop2
loop2
loop2
loop2
loop2
loop2
loop2
loop2
loop2
loop2
loop2
loop2
loop2
loop2
loop2
loop2
loop2
loop2
loop2
loop2
loop2
loop2
loop2
loop2
loop2
loop2
loop2
loop2
loop2
loop2
loop2
loop2
loop2
loop2
loop2
loop2
loop2
loop2
loop2
loop2
loop2
loop2
loop2
loop2
loop2
loop2
loop2
loop2
loop2
loop2
loop2
loop2
loop2
loop2
loop2
loop2
loop2
loop2
loop2
loop2
loop2
loop2
loop2
loop2
loop2
loop2
loop2
loop2
loop2
loop2
loop2
loop2
loop2
loop2
loop2
loop2
loop2
loop2
loop2
loop2
loop2
loop2
loop2
loop2
loop2
loop2
loop2
loop2
loop2
loop2
loop2
loop2
loop2
loop2
loop2
loop2
loop2
loop2
loop2
loop2
loop2
loop2
loop2
loop2
loop2
loop2
loop2
loop2
loop2
loop2
loop2
loop2
loop2
loop2
loop2
loop2
loop2
loop2
loop2
loop2
loop2
loop2
loop2
loop2
loop2
loop2
loop2
loop2
loop2
loop2
loop2
loop2
loop2
loop2
loop2
loop2
loop2
loop2
loop2
loop2
loop2
loop2
loop2
loop2
loop2
loop2
loop2
loop2
loop2
loop2
loop2
loop2
loop2
loop2
loop2
loop2
loop2
loop2
loop2
loop2
loop2
loop2
loop2
loop2
loop2
loop2
loop2
loop2
loop2
loop2
loop2
loop2
loop2
loop2
loop2
loop2
loop2
loop2
loop2
loop2
loop2
loop2
loop2
loop2
loop2
loop2
loop2
loop2
loop2
loop2
loop2
loop2
loop2
loop2
loop2
loop2
loop2
loop2
loop2
loop2
loop2
loop2
loop2
loop2
loop2
loop2
loop2
loop2
loop2
loop2
loop2
loop2
loop2
loop2
loop2
loop2
loop2
loop2
loop2
loop2
loop2
loop2
loop2
loop2
loop2
loop2
loop2
loop2
loop2
loop2
loop2
loop2
loop2
loop2
loop2
loop2
loop2
loop2
loop2
loop2
loop2
loop2
loop2
loop2
loop2
loop2
loop2
loop2
loop2
loop2
loop2
loop2
loop2
loop2
loop2
loop2
loop2
loop2
loop2
loop2
loop2
loop2
loop2
loop2
loop2
loop2
loop2
loop2
loop2
loop2
loop2
loop2
loop2
loop2
loop2
loop2
loop2
loop2
loop2
loop2
loop2
loop2
loop2
loop2
loop2
loop2
loop2
loop2
loop2
loop2
loop2
loop2
loop2
loop2
loop2
loop2
loop2
loop2
loop2
loop2
loop2
loop2
loop2
loop2
loop2
loop2
loop2
loop2
loop2
loop2
loop2
loop2
loop2
loop2
loop2
loop2
loop2
loop2
loop2
loop2
loop2
loop2
loop2
loop2
loop2
loop2
loop2
loop2
loop2
loop2
loop2
loop2
loop2
loop2
loop2
loop2
loop2
loop2
loop2
loop2
loop2
loop2
loop2
loop2
loop2
loop2
loop2
loop2
loop2
loop2
loop2
loop2
loop2
loop2
loop2
loop2
loop2
loop2
loop2
loop2
loop2
loop2
loop2
loop2
loop2
loop2
loop2
loop2
loop2
loop2
loop2
loop2
loop2
loop2
loop2
loop2
loop2
loop2
loop2
loop2
loop2
loop2
loop2
loop2
loop2
loop2
loop2
loop2
loop2
loop2
loop2
loop2
loop2
loop2
loop2
loop2
loop2
loop2
loop2
loop2
loop2
loop2
loop2
loop2
loop2
loop2
loop2
loop2
loop2
loop2
loop2
loop2
loop2
loop2
loop2
loop2
loop2
loop2
loop2
loop2
loop2
loop2
loop2
loop2
loop2
loop2
loop2
loop2
loop2
loop2
loop2
loop2
loop2
loop2
loop2
loop2
loop2
loop2
loop2
loop2
loop2
loop2
loop2
loop2
loop2
loop2
loop2
loop2
loop2
loop2
loop2
loop2
loop2
loop2
loop2
loop2
loop2
loop2
loop2
loop2
loop2
loop2
loop2
loop2
loop2
loop2
loop2
loop2
loop2
loop2
loop2
loop2
loop2
loop2
loop2
loop2
loop2
loop2
loop2
loop2
loop2
loop2
loop2
loop2
loop2
loop2
loop2
loop2
loop2
loop2
loop2
loop2
loop2
loop2
loop2
loop2
loop2
loop2
loop2
loop2
loop2
loop2
loop2
loop2
loop2
loop2
loop2
loop2
loop2
loop2
loop2
loop2
loop2
loop2
loop2
loop2
loop2
loop2
loop2
loop2
loop2
loop2
loop2
loop2
loop2
loop2
loop2
loop2
loop2
loop2
loop2
loop2
loop2
loop2
loop2
loop2
loop2
loop2
loop2
loop2
loop2
loop2
loop2
loop2
loop2
loop2
loop2
loop2
loop2
loop2
loop2
loop2
loop2
loop2
loop2
loop2
loop2
loop2
loop2
loop2
loop2
loop2
loop2
loop2
loop2
loop2
loop2
loop2
loop2
loop2
loop2
loop2
loop2
loop2
loop2
loop2
loop2
loop2
loop2
loop2
loop2
loop2
loop2
loop2
loop2
loop2
loop2
loop2
loop2
loop2
loop2
loop2
loop2
loop2
loop2
loop2
loop2
loop2
loop2
loop2
loop2
loop2
loop2
loop2
loop2
loop2
loop2
loop2
loop2
loop2
loop2
loop2
loop2
loop2
loop2
loop2
loop2
loop2
loop2
loop2
loop2
loop2
loop2
loop2
loop2
loop2
loop2
loop2
loop2
loop2
loop2
loop2
loop2
loop2
loop2
loop2
loop2
loop2
loop2
loop2
loop2
loop2
loop2
loop2
loop2
loop2
loop2
loop2
loop2
loop2
loop2
loop2
loop2
loop2
loop2
loop2
loop2
loop2
loop2
loop2
loop2
loop2
loop2
loop2
loop2
loop2
loop2
loop2
loop2
loop2
loop2
loop2
loop2
loop2
loop2
loop2
loop2
loop2
loop2
loop2
loop2
loop2
loop2
loop2
loop2
loop2
loop2
loop2
loop2
loop2
loop2
loop2
loop2
loop2
loop2
loop2
loop2
loop2
loop2
loop2
loop2
loop2
loop2
loop2
loop2
loop2
loop2
loop2
loop2
loop2
loop2
loop2
loop2
loop2
loop2
loop2
loop2
loop2
loop2
loop2
loop2
loop2
loop2
loop2
loop2
loop2
loop2
loop2
loop2
loop2
loop2
loop2
loop2
loop2
loop2
loop2
loop2
loop2
loop2
loop2
loop2
loop2
loop2
loop2
loop2
loop2
loop2
loop2
loop2
loop2
loop2
loop2
loop2
loop2
loop2
loop2
loop2
loop2
loop2
loop2
loop2
loop2
loop2
loop2
loop2
loop2
loop2
loop2
loop2
loop2
loop2
loop2
loop2
loop2
loop2
loop2
loop2
loop2
loop2
loop2
loop2
loop2
loop2
loop2
loop2
loop2
loop2
loop2
loop2
loop2
loop2
loop2
loop2
loop2
loop2
loop2
loop2
loop2
loop2
loop2
loop2
loop2
loop2
loop2
loop2
loop2
loop2
loop2
loop2
loop2
loop2
loop2
loop2
loop2
loop2
loop2
loop2
loop2
loop2
loop2
loop2
loop2
loop2
loop2
loop2
loop2
loop2
loop2
loop2
loop2
loop2
loop2
loop2
loop2
loop2
loop2
loop2
loop2
loop2
loop2
loop2
loop2
loop2
loop2
loop2
loop2
loop2
loop2
loop2
loop2
loop2
loop2
loop2
loop2
loop2
loop2
loop2
loop2
loop2
loop2
loop2
loop2
loop2
loop2
loop2
loop2
loop2
loop2
loop2
loop2
loop2
loop2
loop2
loop2
loop2
loop2
loop2
loop2
loop2
loop2
loop2
loop2
loop2
loop2
loop2
loop2
loop2
loop2
loop2
loop2
loop2
loop2
loop2
loop2
loop2
loop2
loop2
loop2
loop2
loop2
loop2
loop2
loop2
loop2
loop2
loop2
loop2
loop2
loop2
loop2
loop2
loop2
loop2
loop2
loop2
loop2
loop2
loop2
loop2
loop2
loop2
loop2
loop2
loop2
loop2
loop2
loop2
loop2
loop2
loop2
loop2
loop2
loop2
loop2
loop2
loop2
loop2
loop2
loop2
loop2
loop2
loop2
loop2
loop2
loop2
loop2
loop2
loop2
loop2
loop2
loop2
loop2
loop2
loop2
loop2
loop2
loop2
loop2
loop2
loop2
loop2
loop2
loop2
loop2
loop2
loop2
loop2
loop2
loop2
loop2
loop2
loop2
loop2
loop2
loop2
loop2
loop2
loop2
loop2
loop2
loop2
loop2
loop2
loop2
loop2
loop2
loop2
loop2
loop2
loop2
loop2
loop2
loop2
loop2
loop2
loop2
loop2
loop2
loop2
loop2
loop2
loop2
loop2
loop2
loop2
loop2
loop2
loop2
loop2
loop2
loop2
loop2
loop2
loop2
loop2
loop2
loop2
loop2
loop2
loop2
loop2
loop2
loop2
loop2
loop2
loop2
loop2
loop2
loop2
loop2
loop2
loop2
loop2
loop2
loop2
loop2
loop2
loop2
loop2
loop2
loop2
loop2
loop2
loop2
loop2
loop2
loop2
loop2
loop2
loop2
loop2
loop2
loop2
loop2
loop2
loop2
loop2
loop2
loop2
loop2
loop2
loop2
loop2
loop2
loop2
loop2
loop2
loop2
loop2
loop2
loop2
loop2
loop2
loop2
loop2
loop2
loop2
loop2
loop2
loop2
loop2
loop2
loop2
loop2
loop2
loop2
loop2
loop2
loop2
loop2
loop2
loop2
loop2
loop2
loop2
loop2
loop2
loop2
loop2
loop2
loop2
loop2
loop2
loop2
loop2
loop2
loop2
loop2
loop2
loop2
loop2
loop2
loop2
loop2
loop2
loop2
loop2
loop2
loop2
loop2
loop2
loop2
loop2
loop2
loop2
loop2
loop2
loop2
loop2
loop2
loop2
loop2
loop2
loop2
loop2
loop2
loop2
loop2
loop2
loop2
loop2
loop2
loop2
loop2
loop2
loop2
loop2
loop2
loop2
loop2
loop2
loop2
loop2
loop2
loop2
loop2
loop2
loop2
loop2
loop2
loop2
loop2
loop2
loop2
loop2
loop2
loop2
loop2
loop2
loop2
loop2
loop2
loop2
loop2
loop2
loop2
loop2
loop2
loop2
loop2
loop2
loop2
loop2
loop2
loop2
loop2
loop2
loop2
loop2
loop2
loop2
loop2
loop2
loop2
loop2
loop2
loop2
loop2
loop2
loop2
loop2
loop2
loop2
loop2
loop2
loop2
loop2
loop2
loop2
loop2
loop2
loop2
loop2
loop2
loop2
loop2
loop2
loop2
loop2
loop2
loop2
loop2
loop2
loop2
loop2
loop2
loop2
loop2
loop2
loop2
loop2
loop2
loop2
loop2
loop2
loop2
loop2
loop2
loop2
loop2
loop2
loop2
loop2
loop2
loop2
loop2
loop2
loop2
loop2
loop2
loop2
loop2
loop2
loop2
loop2
loop2
loop2
loop2
loop2
loop2
loop2
loop2
loop2
loop2
loop2
loop2
loop2
loop2
loop2
loop2
loop2
loop2
loop2
loop2
loop2
loop2
loop2
loop2
loop2
loop2
loop2
loop2
loop2
loop2
loop2
loop2
loop2
loop2
loop2
loop2
loop2
loop2
loop2
loop2
loop2
loop2
loop2
loop2
loop2
loop2
loop2
loop2
loop2
loop2
loop2
loop2
loop2
loop2
loop2
loop2
loop2
loop2
loop2
loop2
loop2
loop2
loop2
loop2
loop2
loop2
loop2
loop2
loop2
loop2
loop2
loop2
loop2
loop2
loop2
loop2
loop2
loop2
loop2
loop2
loop2
loop2
loop2
loop2
loop2
loop2
loop2
loop2
loop2
loop2
loop2
loop2
loop2
loop2
loop2
loop2
loop2
loop2
loop2
loop2
loop2
loop2
loop2
loop2
loop2
loop2
loop2
loop2
loop2
loop2
loop2
loop2
loop2
loop2
loop2
loop2
loop2
loop2
loop2
loop2
loop2
loop2
loop2
loop2
loop2
loop2
loop2
loop2
loop2
loop2
loop2
loop2
loop2
loop2
loop2
loop2
loop2
loop2
loop2
loop2
loop2
loop2
loop2
loop2
loop2
loop2
loop2
loop2
loop2
loop2
loop2
loop2
loop2
loop2
loop2
loop2
loop2
loop2
loop2
loop2
loop2
loop2
loop2
loop2
loop2
loop2
loop2
loop2
loop2
loop2
loop2
loop2
loop2
loop2
loop2
loop2
loop2
loop2
loop2
loop2
loop2
loop2
loop2
loop2
loop2
loop2
loop2
loop2
loop2
loop2
loop2
loop2
loop2
loop2
loop2
loop2
loop2
loop2
loop2
loop2
loop2
loop2
loop2
loop2
loop2
loop2
loop2
loop2
loop2
loop2
loop2
loop2
loop2
loop2
loop2
loop2
loop2
loop2
loop2
loop2
loop2
loop2
loop2
loop2
loop2
loop2
loop2
loop2
loop2
loop2
loop2
loop2
loop2
loop2
loop2
loop2
loop2
loop2
loop2
loop2
loop2
loop2
loop2
loop2
loop2
loop2
loop2
loop2
loop2
loop2
loop2
loop2
loop2
loop2
loop2
loop2
loop2
loop2
loop2
loop2
loop2
loop2
loop2
loop2
loop2
loop2
loop2
loop2
loop2
loop2
loop2
loop2
loop2
loop2
loop2
loop2
loop2
loop2
loop2
loop2
loop2
loop2
loop2
loop2
loop2
loop2
loop2
loop2
loop2
loop2
loop2
loop2
loop2
loop2
loop2
loop2
loop2
loop2
loop2
loop2
loop2
loop2
loop2
loop2
loop2
loop2
loop2
loop2
loop2
loop2
loop2
loop2
loop2
loop2
loop2
loop2
loop2
loop2
loop2
loop2
loop2
loop2
loop2
loop2
loop2
loop2
loop2
loop2
loop2
loop2
loop2
loop2
loop2
loop2
loop2
loop2
loop2
loop2
loop2
loop2
loop2
loop2
loop2
loop2
loop2
loop2
loop2
loop2
loop2
loop2
loop2
loop2
loop2
loop2
loop2
loop2
loop2
loop2
loop2
loop2
loop2
loop2
loop2
loop2
loop2
loop2
loop2
loop2
loop2
loop2
loop2
loop2
loop2
loop2
loop2
loop2
loop2
loop2
loop2
loop2
loop2
loop2
loop2
loop2
loop2
loop2
loop2
loop2
loop2
loop2
loop2
loop2
loop2
loop2
loop2
loop2
loop2
loop2
loop2
loop2
loop2
loop2
loop2
loop2
loop2
loop2
loop2
loop2
loop2
loop2
loop2
loop2
loop2
loop2
loop2
loop2
loop2
loop2
loop2
loop2
loop2
loop2
loop2
loop2
loop2
loop2
loop2
loop2
loop2
loop2
loop2
loop2
loop2
loop2
loop2
loop2
loop2
loop2
loop2
loop2
loop2
loop2
loop2
loop2
loop2
loop2
loop2
loop2
loop2
loop2
loop2
loop2
loop2
loop2
loop2
loop2
loop2
loop2
loop2
loop2
loop2
loop2
loop2
loop2
loop2
loop2
loop2
loop2
loop2
loop2
loop2
loop2
loop2
loop2
loop2
loop2
loop2
loop2
loop2
loop2
loop2
loop2
loop2
loop2
loop2
loop2
loop2
loop2
loop2
loop2
loop2
loop2
loop2
loop2
loop2
loop2
loop2
loop2
loop2
loop2
loop2
loop2
loop2
loop2
loop2
loop2
loop2
loop2
loop2
loop2
loop2
loop2
loop2
loop2
loop2
loop2
loop2
loop2
loop2
loop2
loop2
loop2
loop2
loop2
loop2
loop2
loop2
loop2
loop2
loop2
loop2
loop2
loop2
loop2
loop2
loop2
loop2
loop2
loop2
loop2
loop2
loop2
loop2
loop2
loop2
loop2
loop2
loop2
loop2
loop2
loop2
loop2
loop2
loop2
loop2
loop2
loop2
loop2
loop2
loop2
loop2
loop2
loop2
loop2
loop2
loop2
loop2
loop2
loop2
loop2
loop2
loop2
loop2
loop2
loop2
loop2
loop2
loop2
loop2
loop2
loop2
loop2
loop2
loop2
loop2
loop2
loop2
loop2
loop2
loop2
loop2
loop2
loop2
loop2
loop2
loop2
loop2
loop2
loop2
loop2
loop2
loop2
loop2
loop2
loop2
loop2
loop2
loop2
loop2
loop2
loop2
loop2
loop2
loop2
loop2
loop2
loop2
loop2
loop2
loop2
loop2
loop2
loop2
loop2
loop2
loop2
loop2
loop2
loop2
loop2
loop2
loop2
loop2
loop2
loop2
loop2
loop2
loop2
loop2
loop2
loop2
loop2
loop2
loop2
loop2
loop2
loop2
loop2
loop2
loop2
loop2
loop2
loop2
loop2
loop2
loop2
loop2
loop2
loop2
loop2
loop2
loop2
loop2
loop2
loop2
loop2
loop2
loop2
loop2
loop2
loop2
loop2
loop2
loop2
loop2
loop2
loop2
loop2
loop2
loop2
loop2
loop2
loop2
loop2
loop2
loop2
loop2
loop2
loop2
loop2
loop2
loop2
loop2
loop2
loop2
loop2
loop2
loop2
loop2
loop2
loop2
loop2
loop2
loop2
loop2
loop2
loop2
loop2
loop2
loop2
loop2
loop2
loop2
loop2
loop2
loop2
loop2
loop2
loop2
loop2
loop2
loop2
loop2
loop2
loop2
loop2
loop2
loop2
loop2
loop2
loop2
loop2
loop2
loop2
loop2
loop2
loop2
loop2
loop2
loop2
loop2
loop2
loop2
loop2
loop2
loop2
loop2
loop2
loop2
loop2
loop2
loop2
loop2
loop2
loop2
loop2
loop2
loop2
loop2
loop2
loop2
loop2
loop2
loop2
loop2
loop2
loop2
loop2
loop2
loop2
loop2
loop2
loop2
loop2
loop2
loop2
loop2
loop2
loop2
loop2
loop2
loop2
loop2
loop2
loop2
loop2
loop2
loop2
loop2
loop2
loop2
loop2
loop2
loop2
loop2
loop2
loop2
loop2
loop2
loop2
loop2
loop2
loop2
loop2
loop2
loop2
loop2
loop2
loop2
loop2
loop2
loop2
loop2
loop2
loop2
loop2
loop2
loop2
loop2
loop2
loop2
loop2
loop2
loop2
loop2
loop2
loop2
loop2
loop2
loop2
loop2
loop2
loop2
loop2
loop2
loop2
loop2
loop2
loop2
loop2
loop2
loop2
loop2
loop2
loop2
loop2
loop2
loop2
loop2
loop2
loop2
loop2
loop2
loop2
loop2
loop2
loop2
loop2
loop2
loop2
loop2
loop2
loop2
loop2
loop2
loop2
loop2
loop2
loop2
loop2
loop2
loop2
loop2
loop2
loop2
loop2
loop2
loop2
loop2
loop2
loop2
loop2
loop2
loop2
loop2
loop2
loop2
loop2
loop2
loop2
loop2
loop2
loop2
loop2
loop2
loop2
loop2
loop2
loop2
loop2
loop2
loop2
loop2
loop2
loop2
loop2
loop2
loop2
loop2
loop2
loop2
loop2
loop2
loop2
loop2
loop2
loop2
loop2
loop2
loop2
loop2
loop2
loop2
loop2
loop2
loop2
loop2
loop2
loop2
loop2
loop2
loop2
loop2
loop2
loop2
loop2
loop2
loop2
loop2
loop2
loop2
loop2
loop2
loop2
loop2
loop2
loop2
loop2
loop2
loop2
loop2
loop2
loop2
loop2
loop2
loop2
loop2
loop2
loop2
loop2
loop2
loop2
loop2
loop2
loop2
loop2
loop2
loop2
loop2
loop2
loop2
loop2
loop2
loop2
loop2
loop2
loop2
loop2
loop2
loop2
loop2
loop2
loop2
loop2
loop2
loop2
loop2
loop2
loop2
loop2
loop2
loop2
loop2
loop2
loop2
loop2
loop2
loop2
loop2
loop2
loop2
loop2
loop2
loop2
loop2
loop2
loop2
loop2
loop2
loop2
loop2
loop2
loop2
loop2
loop2
loop2
loop2
loop2
loop2
loop2
loop2
loop2
loop2
loop2
loop2
loop2
loop2
loop2
loop2
loop2
loop2
loop2
loop2
loop2
loop2
loop2
loop2
loop2
loop2
loop2
loop2
loop2
loop2
loop2
loop2
loop2
loop2
loop2
loop2
loop2
loop2
loop2
loop2
loop2
loop2
loop2
loop2
loop2
loop2
loop2
loop2
loop2
loop2
loop2
loop2
loop2
loop2
loop2
loop2
loop2
loop2
loop2
loop2
loop2
loop2
loop2
loop2
loop2
loop2
loop2
loop2
loop2
loop2
loop2
loop2
loop2
loop2
loop2
loop2
loop2
loop2
loop2
loop2
loop2
loop2
loop2
loop2
loop2
loop2
loop2
loop2
loop2
loop2
loop2
loop2
loop2
loop2
loop2
loop2
loop2
loop2
loop2
loop2
loop2
loop2
loop2
loop2
loop2
loop2
loop2
loop2
loop2
loop2
loop2
loop2
loop2
loop2
loop2
loop2
loop2
loop2
loop2
loop2
loop2
loop2
loop2
loop2
loop2
loop2
loop2
loop2
loop2
loop2
loop2
loop2
loop2
loop2
loop2
loop2
loop2
loop2
loop2
loop2
loop2
loop2
loop2
loop2
loop2
loop2
loop2
loop2
loop2
loop2
loop2
loop2
loop2
loop2
loop2
loop2
loop2
loop2
loop2
loop2
loop2
loop2
loop2
loop2
loop2
loop2
loop2
loop2
loop2
loop2
loop2
loop2
loop2
loop2
loop2
loop2
loop2
loop2
loop2
loop2
loop2
loop2
loop2
loop2
loop2
loop2
loop2
loop2
loop2
loop2
loop2
loop2
loop2
loop2
loop2
loop2
loop2
loop2
loop2
loop2
loop2
loop2
loop2
loop2
loop2
loop2
loop2
loop2
loop2
loop2
loop2
loop2
loop2
loop2
loop2
loop2
loop2
loop2
loop2
loop2
loop2
loop2
loop2
loop2
loop2
loop2
loop2
loop2
loop2
loop2
loop2
loop2
loop2
loop2
loop2
loop2
loop2
loop2
loop2
loop2
loop2
loop2
loop2
loop2
loop2
loop2
loop2
loop2
loop2
loop2
loop2
loop2
loop2
loop2
loop2
loop2
loop2
loop2
loop2
loop2
loop2
loop2
loop2
loop2
loop2
loop2
loop2
loop2
loop2
loop2
loop2
loop2
loop2
loop2
loop2
loop2
loop2
loop2
loop2
loop2
loop2
loop2
loop2
loop2
loop2
loop2
loop2
loop2
loop2
loop2
loop2
loop2
loop2
loop2
loop2
loop2
loop2
loop2
loop2
loop2
loop2
loop2
loop2
loop2
loop2
loop2
loop2
loop2
loop2
loop2
loop2
loop2
loop2
loop2
loop2
loop2
loop2
loop2
loop2
loop2
loop2
loop2
loop2
loop2
loop2
loop2
loop2
loop2
loop2
loop2
loop2
loop2
loop2
loop2
loop2
loop2
loop2
loop2
loop2
loop2
loop2
loop2
loop2
loop2
loop2
loop2
loop2
loop2
loop2
loop2
loop2
loop2
loop2
loop2
loop2
loop2
loop2
loop2
loop2
loop2
loop2
loop2
loop2
loop2
loop2
loop2
loop2
loop2
loop2
loop2
loop2
loop2
loop2
loop2
loop2
loop2
loop2
loop2
loop2
loop2
loop2
loop2
loop2
loop2
loop2
loop2
loop2
loop2
loop2
loop2
loop2
loop2
loop2
loop2
loop2
loop2
loop2
loop2
loop2
loop2
loop2
loop2
loop2
loop2
loop2
loop2
loop2
loop2
loop2
loop2
loop2
loop2
loop2
loop2
loop2
loop2
loop2
loop2
loop2
loop2
loop2
loop2
loop2
loop2
loop2
loop2
loop2
loop2
loop2
loop2
loop2
loop2
loop2
loop2
loop2
loop2
loop2
loop2
loop2
loop2
loop2
loop2
loop2
loop2
loop2
loop2
loop2
loop2
loop2
loop2
loop2
loop2
loop2
loop2
loop2
loop2
loop2
loop2
loop2
loop2
loop2
loop2
loop2
loop2
loop2
loop2
loop2
loop2
loop2
loop2
loop2
loop2
loop2
loop2
loop2
loop2
loop2
loop2
loop2
loop2
loop2
loop2
loop2
loop2
loop2
loop2
loop2
loop2
loop2
loop2
loop2
loop2
loop2
loop2
loop2
loop2
loop2
loop2
loop2
loop2
loop2
loop2
loop2
loop2
loop2
loop2
loop2
loop2
loop2
loop2
loop2
loop2
loop2
loop2
loop2
loop2
loop2
loop2
loop2
loop2
loop2
loop2
loop2
loop2
loop2
loop2
loop2
loop2
loop2
loop2
loop2
loop2
loop2
loop2
loop2
loop2
loop2
loop2
loop2
loop2
loop2
loop2
loop2
loop2
loop2
loop2
loop2
loop2
loop2
loop2
loop2
loop2
loop2
loop2
loop2
loop2
loop2
loop2
loop2
loop2
loop2
loop2
loop2
loop2
loop2
loop2
loop2
loop2
loop2
loop2
loop2
loop2
loop2
loop2
loop2
loop2
loop2
loop2
loop2
loop2
loop2
loop2
loop2
loop2
loop2
loop2
loop2
loop2
loop2
loop2
loop2
loop2
loop2
loop2
loop2
loop2
loop2
loop2
loop2
loop2
loop2
loop2
loop2
loop2
loop2
loop2
loop2
loop2
loop2
loop2
loop2
loop2
loop2
loop2
loop2
loop2
loop2
loop2
loop2
loop2
loop2
loop2
loop2
loop2
loop2
loop2
loop2
loop2
loop2
loop2
loop2
loop2
loop2
loop2
loop2
loop2
loop2
loop2
loop2
loop2
loop2
loop2
loop2
loop2
loop2
loop2
loop2
loop2
loop2
loop2
loop2
loop2
loop2
loop2
loop2
loop2
loop2
loop2
loop2
loop2
loop2
loop2
loop2
loop2
loop2
loop2
loop2
loop2
loop2
loop2
loop2
loop2
loop2
loop2
loop2
loop2
loop2
loop2
loop2
loop2
loop2
loop2
loop2
loop2
loop2
loop2
loop2
loop2
loop2
loop2
loop2
loop2
loop2
loop2
loop2
loop2
loop2
loop2
loop2
loop2
loop2
loop2
loop2
loop2
loop2
loop2
loop2
loop2
loop2
loop2
loop2
loop2
loop2
loop2
loop2
loop2
loop2
loop2
loop2
loop2
loop2
loop2
loop2
loop2
loop2
loop2
loop2
loop2
loop2
loop2
loop2
loop2
loop2
loop2
loop2
loop2
loop2
loop2
loop2
loop2
loop2
loop2
loop2
loop2
loop2
loop2
loop2
loop2
loop2
loop2
loop2
loop2
loop2
loop2
loop2
loop2
loop2
loop2
loop2
loop2
loop2
loop2
loop2
loop2
loop2
loop2
loop2
loop2
loop2
loop2
loop2
loop2
loop2
loop2
loop2
loop2
loop2
loop2
loop2
loop2
loop2
loop2
loop2
loop2
loop2
loop2
loop2
loop2
loop2
loop2
loop2
loop2
loop2
loop2
loop2
loop2
loop2
loop2
loop2
loop2
loop2
loop2
loop2
loop2
loop2
loop2
loop2
loop2
loop2
loop2
loop2
loop2
loop2
loop2
loop2
loop2
loop2
loop2
loop2
loop2
loop2
loop2
loop2
loop2
loop2
loop2
loop2
loop2
loop2
loop2
loop2
loop2
loop2
loop2
loop2
loop2
loop2
loop2
loop2
loop2
loop2
loop2
loop2
loop2
loop2
loop2
loop2
loop2
loop2
loop2
loop2
loop2
loop2
loop2
loop2
loop2
loop2
loop2
loop2
loop2
loop2
loop2
loop2
loop2
loop2
loop2
loop2
loop2
loop2
loop2
loop2
loop2
loop2
loop2
loop2
loop2
loop2
loop2
loop2
loop2
loop2
loop2
loop2
loop2
loop2
loop2
loop2
loop2
loop2
loop2
loop2
loop2
loop2
loop2
loop2
loop2
loop2
loop2
loop2
loop2
loop2
loop2
loop2
loop2
loop2
loop2
loop2
loop2
loop2
loop2
loop2
loop2
loop2
loop2
loop2
loop2
loop2
loop2
loop2
loop2
loop2
loop2
loop2
loop2
loop2
loop2
loop2
loop2
loop2
loop2
loop2
loop2
loop2
loop2
loop2
loop2
loop2
loop2
loop2
loop2
loop2
loop2
loop2
loop2
loop2
loop2
loop2
loop2
loop2
loop2
loop2
loop2
loop2
loop2
loop2
loop2
loop2
loop2
loop2
loop2
loop2
loop2
loop2
loop2
loop2
loop2
loop2
loop2
loop2
loop2
loop2
loop2
loop2
loop2
loop2
loop2
loop2
loop2
loop2
loop2
loop2
loop2
loop2
loop2
loop2
loop2
loop2
loop2
loop2
loop2
loop2
loop2
loop2
loop2
loop2
loop2
loop2
loop2
loop2
loop2
loop2
loop2
loop2
loop2
loop2
loop2
loop2
loop2
loop2
loop2
loop2
loop2
loop2
loop2
loop2
loop2
loop2
loop2
loop2
loop2
loop2
loop2
loop2
loop2
loop2
loop2
loop2
loop2
loop2
loop2
loop2
loop2
loop2
loop2
loop2
loop2
loop2
loop2
loop2
loop2
loop2
loop2
loop2
loop2
loop2
loop2
loop2
loop2
loop2
loop2
loop2
loop2
loop2
loop2
loop2
loop2
loop2
loop2
loop2
loop2
loop2
loop2
loop2
loop2
loop2
loop2
loop2
loop2
loop2
loop2
loop2
loop2
loop2
loop2
loop2
loop2
loop2
loop2
loop2
loop2
loop2
loop2
loop2
loop2
loop2
loop2
loop2
loop2
loop2
loop2
loop2
loop2
loop2
loop2
loop2
loop2
loop2
loop2
loop2
loop2
loop2
loop2
loop2
loop2
loop2
loop2
loop2
loop2
loop2
loop2
loop2
loop2
loop2
loop2
loop2
loop2
loop2
loop2
loop2
loop2
loop2
loop2
loop2
loop2
loop2
loop2
loop2
loop2
loop2
loop2
loop2
loop2
loop2
loop2
loop2
loop2
loop2
loop2
loop2
loop2
loop2
loop2
loop2
loop2
loop2
loop2
loop2
loop2
loop2
loop2
loop2
loop2
loop2
loop2
loop2
loop2
loop2
loop2
loop2
loop2
loop2
loop2
loop2
loop2
loop2
loop2
loop2
loop2
loop2
loop2
loop2
loop2
loop2
loop2
loop2
loop2
loop2
loop2
loop2
loop2
loop2
loop2
loop2
loop2
loop2
loop2
loop2
loop2
loop2
loop2
loop2
loop2
loop2
loop2
loop2
loop2
loop2
loop2
loop2
loop2
loop2
loop2
loop2
loop2
loop2
loop2
loop2
loop2
loop2
loop2
loop2
loop2
loop2
loop2
loop2
loop2
loop2
loop2
loop2
loop2
loop2
loop2
loop2
loop2
loop2
loop2
loop2
loop2
loop2
loop2
loop2
loop2
loop2
loop2
loop2
loop2
loop2
loop2
loop2
loop2
loop2
loop2
loop2
loop2
loop2
loop2
loop2
loop2
loop2
loop2
loop2
loop2
loop2
loop2
loop2
loop2
loop2
loop2
loop2
loop2
loop2
loop2
loop2
loop2
loop2
loop2
loop2
loop2
loop2
loop2
loop2
loop2
loop2
loop2
loop2
loop2
loop2
loop2
loop2
loop2
loop2
loop2
loop2
loop2
loop2
loop2
loop2
loop2
loop2
loop2
loop2
loop2
loop2
loop2
loop2
loop2
loop2
loop2
loop2
loop2
loop2
loop2
loop2
loop2
loop2
loop2
loop2
loop2
loop2
loop2
loop2
loop2
loop2
loop2
loop2
loop2
loop2
loop2
loop2
loop2
loop2
loop2
loop2
loop2
loop2
loop2
loop2
loop2
loop2
loop2
loop2
loop2
loop2
loop2
loop2
loop2
loop2
loop2
loop2
loop2
loop2
loop2
loop2
loop2
loop2
loop2
loop2
loop2
loop2
loop2
loop2
loop2
loop2
loop2
loop2
loop2
loop2
loop2
loop2
loop2
loop2
loop2
loop2
loop2
loop2
loop2
loop2
loop2
loop2
loop2
loop2
loop2
loop2
loop2
loop2
loop2
loop2
loop2
loop2
loop2
loop2
loop2
loop2
loop2
loop2
loop2
loop2
loop2
loop2
loop2
loop2
loop2
loop2
loop2
loop2
loop2
loop2
loop2
loop2
loop2
loop2
loop2
loop2
loop2
loop2
loop2
loop2
loop2
loop2
loop2
loop2
loop2
loop2
loop2
loop2
loop2
loop2
loop2
loop2
loop2
loop2
loop2
loop2
loop2
loop2
loop2
loop2
loop2
loop2
loop2
loop2
loop2
loop2
loop2
loop2
loop2
loop2
loop2
loop2
loop2
loop2
loop2
loop2
loop2
loop2
loop2
loop2
loop2
loop2
loop2
loop2
loop2
loop2
loop2
loop2
loop2
loop2
loop2
loop2
loop2
loop2
loop2
loop2
loop2
loop2
loop2
loop2
loop2
loop2
loop2
loop2
loop2
loop2
loop2
loop2
loop2
loop2
loop2
loop2
loop2
loop2
loop2
loop2
loop2
loop2
loop2
loop2
loop2
loop2
loop2
loop2
loop2
loop2
loop2
loop2
loop2
loop2
loop2
loop2
loop2
loop2
loop2
loop2
loop2
loop2
loop2
loop2
loop2
loop2
loop2
loop2
loop2
loop2
loop2
loop2
loop2
loop2
loop2
loop2
loop2
loop2
loop2
loop2
loop2
loop2
loop2
loop2
loop2
loop2
loop2
loop2
loop2
loop2
loop2
loop2
loop2
loop2
loop2
loop2
loop2
loop2
loop2
loop2
loop2
loop2
loop2
loop2
loop2
loop2
loop2
loop2
loop2
loop2
loop2
loop2
loop2
loop2
loop2
loop2
loop2
loop2
loop2
loop2
loop2
loop2
loop2
loop2
loop2
loop2
loop2
loop2
loop2
loop2
loop2
loop2
loop2
loop2
loop2
loop2
loop2
loop2
loop2
loop2
loop2
loop2
loop2
loop2
loop2
loop2
loop2
loop2
loop2
loop2
loop2
loop2
loop2
loop2
loop2
loop2
loop2
loop2
loop2
loop2
loop2
loop2
loop2
loop2
loop2
loop2
loop2
loop2
loop2
loop2
loop2
loop2
loop2
loop2
loop2
loop2
loop2
loop2
loop2
loop2
loop2
loop2
loop2
loop2
loop2
loop2
loop2
loop2
loop2
loop2
loop2
loop2
loop2
loop2
loop2
loop2
loop2
loop2
loop2
loop2
loop2
loop2
loop2
loop2
loop2
loop2
loop2
loop2
loop2
loop2
loop2
loop2
loop2
loop2
loop2
loop2
loop2
loop2
loop2
loop2
loop2
loop2
loop2
loop2
loop2
loop2
loop2
loop2
loop2
loop2
loop2
loop2
loop2
loop2
loop2
loop2
loop2
loop2
loop2
loop2
loop2
loop2
loop2
loop2
loop2
loop2
loop2
loop2
loop2
loop2
loop2
loop2
loop2
loop2
loop2
loop2
loop2
loop2
loop2
loop2
loop2
loop2
loop2
loop2
loop2
loop2
loop2
loop2
loop2
loop2
loop2
loop2
loop2
loop2
loop2
loop2
loop2
loop2
loop2
loop2
loop2
loop2
loop2
loop2
loop2
loop2
loop2
loop2
loop2
loop2
loop2
loop2
loop2
loop2
loop2
loop2
loop2
loop2
loop2
loop2
loop2
loop2
loop2
loop2
loop2
loop2
loop2
loop2
loop2
loop2
loop2
loop2
loop2
loop2
loop2
loop2
loop2
loop2
loop2
loop2
loop2
loop2
loop2
loop2
loop2
loop2
loop2
loop2
loop2
loop2
loop2
loop2
loop2
loop2
loop2
loop2
loop2
loop2
loop2
loop2
loop2
loop2
loop2
loop2
loop2
loop2
loop2
loop2
loop2
loop2
loop2
loop2
loop2
loop2
loop2
loop2
loop2
loop2
loop2
loop2
loop2
loop2
loop2
loop2
loop2
loop2
loop2
loop2
loop2
loop2
loop2
loop2
loop2
loop2
loop2
loop2
loop2
loop2
loop2
loop2
loop2
loop2
loop2
loop2
loop2
loop2
loop2
loop2
loop2
loop2
loop2
loop2
loop2
loop2
loop2
loop2
loop2
loop2
loop2
loop2
loop2
loop2
loop2
loop2
loop2
loop2
loop2
loop2
loop2
loop2
loop2
loop2
loop2
loop2
loop2
loop2
loop2
loop2
loop2
loop2
loop2
loop2
loop2
loop2
loop2
loop2
loop2
loop2
loop2
loop2
loop2
loop2
loop2
loop2
loop2
loop2
loop2
loop2
loop2
loop2
loop2
loop2
loop2
loop2
loop2
loop2
loop2
loop2
loop2
loop2
loop2
loop2
loop2
loop2
loop2
loop2
loop2
loop2
loop2
loop2
loop2
loop2
loop2
loop2
loop2
loop2
loop2
loop2
loop2
loop2
loop2
loop2
loop2
loop2
loop2
loop2
loop2
loop2
loop2
loop2
loop2
loop2
loop2
loop2
loop2
loop2
loop2
loop2
loop2
loop2
loop2
loop2
loop2
loop2
loop2
loop2
loop2
loop2
loop2
loop2
loop2
loop2
loop2
loop2
loop2
loop2
loop2
loop2
loop2
loop2
loop2
loop2
loop2
loop2
loop2
loop2
loop2
loop2
loop2
loop2
loop2
loop2
loop2
loop2
loop2
loop2
loop2
loop2
loop2
loop2
loop2
loop2
loop2
loop2
loop2
loop2
loop2
loop2
loop2
loop2
loop2
loop2
loop2
loop2
loop2
loop2
loop2
loop2
loop2
loop2
loop2
loop2
loop2
loop2
loop2
loop2
loop2
loop2
loop2
loop2
loop2
loop2
loop2
loop2
loop2
loop2
loop2
loop2
loop2
loop2
loop2
loop2
loop2
loop2
loop2
loop2
loop2
loop2
loop2
loop2
loop2
loop2
loop2
loop2
loop2
loop2
loop2
loop2
loop2
loop2
loop2
loop2
loop2
loop2
loop2
loop2
loop2
loop2
loop2
loop2
loop2
loop2
loop2
loop2
loop2
loop2
loop2
loop2
loop2
loop2
loop2
loop2
loop2
loop2
loop2
loop2
loop2
loop2
loop2
loop2
loop2
loop2
loop2
loop2
loop2
loop2
loop2
loop2
loop2
loop2
loop2
loop2
loop2
loop2
loop2
loop2
loop2
loop2
loop2
loop2
loop2
loop2
loop2
loop2
loop2
loop2
loop2
loop2
loop2
loop2
loop2
loop2
loop2
loop2
loop2
loop2
loop2
loop2
loop2
loop2
loop2
loop2
loop2
loop2
loop2
loop2
loop2
loop2
loop2
loop2
loop2
loop2
loop2
loop2
loop2
loop2
loop2
loop2
loop2
loop2
loop2
loop2
loop2
loop2
loop2
loop2
loop2
loop2
loop2
loop2
loop2
loop2
loop2
loop2
loop2
loop2
loop2
loop2
loop2
loop2
loop2
loop2
loop2
loop2
loop2
loop2
loop2
loop2
loop2
loop2
loop2
loop2
loop2
loop2
loop2
loop2
loop2
loop2
loop2
loop2
loop2
loop2
loop2
loop2
loop2
loop2
loop2
loop2
loop2
loop2
loop2
loop2
loop2
loop2
loop2
loop2
loop2
loop2
loop2
loop2
loop2
loop2
loop2
loop2
loop2
loop2
loop2
loop2
loop2
loop2
loop2
loop2
loop2
loop2
loop2
loop2
loop2
loop2
loop2
loop2
loop2
loop2
loop2
loop2
loop2
loop2
loop2
loop2
loop2
loop2
loop2
loop2
loop2
loop2
loop2
loop2
loop2
loop2
loop2
loop2
loop2
loop2
loop2
loop2
loop2
loop2
loop2
loop2
loop2
loop2
loop2
loop2
loop2
loop2
loop2
loop2
loop2
loop2
loop2
loop2
loop2
loop2
loop2
loop2
loop2
loop2
loop2
loop2
loop2
loop2
loop2
loop2
loop2
loop2
loop2
loop2
loop2
loop2
loop2
loop2
loop2
loop2
loop2
loop2
loop2
loop2
loop2
loop2
loop2
loop2
loop2
loop2
loop2
loop2
loop2
loop2
loop2
loop2
loop2
loop2
loop2
loop2
loop2
loop2
loop2
loop2
loop2
loop2
loop2
loop2
loop2
loop2
loop2
loop2
loop2
loop2
loop2
loop2
loop2
loop2
loop2
loop2
loop2
loop2
loop2
loop2
loop2
loop2
loop2
loop2
loop2
loop2
loop2
loop2
loop2
loop2
loop2
loop2
loop2
loop2
loop2
loop2
loop2
loop2
loop2
loop2
loop2
loop2
loop2
loop2
loop2
loop2
loop2
loop2
loop2
loop2
loop2
loop2
loop2
loop2
loop2
loop2
loop2
loop2
loop2
loop2
loop2
loop2
loop2
loop2
loop2
loop2
loop2
loop2
loop2
loop2
loop2
loop2
loop2
loop2
loop2
loop2
loop2
loop2
loop2
loop2
loop2
loop2
loop2
loop2
loop2
loop2
loop2
loop2
loop2
loop2
loop2
loop2
loop2
loop2
loop2
loop2
loop2
loop2
loop2
loop2
loop2
loop2
loop2
loop2
loop2
loop2
loop2
loop2
loop2
loop2
loop2
loop2
loop2
loop2
loop2
loop2
loop2
loop2
loop2
loop2
loop2
loop2
loop2
loop2
loop2
loop2
loop2
loop2
loop2
loop2
loop2
loop2
loop2
loop2
loop2
loop2
loop2
loop2
loop2
loop2
loop2
loop2
loop2
loop2
loop2
loop2
loop2
loop2
loop2
loop2
loop2
loop2
loop2
loop2
loop2
loop2
loop2
loop2
loop2
loop2
loop2
loop2
loop2
loop2
loop2
loop2
loop2
loop2
loop2
loop2
loop2
loop2
loop2
loop2
loop2
loop2
loop2
loop2
loop2
loop2
loop2
loop2
loop2
loop2
loop2
loop2
loop2
loop2
loop2
loop2
loop2
loop2
loop2
loop2
loop2
loop2
loop2
loop2
loop2
loop2
loop2
loop2
loop2
loop2
loop2
loop2
loop2
loop2
loop2
loop2
loop2
loop2
loop2
loop2
loop2
loop2
loop2
loop2
loop2
loop2
loop2
loop2
loop2
loop2
loop2
loop2
loop2
loop2
loop2
loop2
loop2
loop2
loop2
loop2
loop2
loop2
loop2
loop2
loop2
loop2
loop2
loop2
loop2
loop2
loop2
loop2
loop2
loop2
loop2
loop2
loop2
loop2
loop2
loop2
loop2
loop2
loop2
loop2
loop2
loop2
loop2
loop2
loop2
loop2
loop2
loop2
loop2
loop2
loop2
loop2
loop2
loop2
loop2
loop2
loop2
loop2
loop2
loop2
loop2
loop2
loop2
loop2
loop2
loop2
loop2
loop2
loop2
loop2
loop2
loop2
loop2
loop2
loop2
loop2
loop2
loop2
loop2
loop2
loop2
loop2
loop2
loop2
loop2
loop2
loop2
loop2
loop2
loop2
loop2
loop2
loop2
loop2
loop2
loop2
loop2
loop2
loop2
loop2
loop2
loop2
loop2
loop2
loop2
loop2
loop2
loop2
loop2
loop2
loop2
loop2
loop2
loop2
loop2
loop2
loop2
loop2
loop2
loop2
loop2
loop2
loop2
loop2
loop2
loop2
loop2
loop2
loop2
loop2
loop2
loop2
loop2
loop2
loop2
loop2
loop2
loop2
loop2
loop2
loop2
loop2
loop2
loop2
loop2
loop2
loop2
loop2
loop2
loop2
loop2
loop2
loop2
loop2
loop2
loop2
loop2
loop2
loop2
loop2
loop2
loop2
loop2
loop2
loop2
loop2
loop2
loop2
loop2
loop2
loop2
loop2
loop2
loop2
loop2
loop2
loop2
loop2
loop2
loop2
loop2
loop2
loop2
loop2
loop2
loop2
loop2
loop2
loop2
loop2
loop2
loop2
loop2
loop2
loop2
loop2
loop2
loop2
loop2
loop2
loop2
loop2
loop2
loop2
loop2
loop2
loop2
loop2
loop2
loop2
loop2
loop2
loop2
loop2
loop2
loop2
loop2
loop2
loop2
loop2
loop2
loop2
loop2
loop2
loop2
loop2
loop2
loop2
loop2
loop2
loop2
loop2
loop2
loop2
loop2
loop2
loop2
loop2
loop2
loop2
loop2
loop2
loop2
loop2
loop2
loop2
loop2
loop2
loop2
loop2
loop2
loop2
loop2
loop2
loop2
loop2
loop2
loop2
loop2
loop2
loop2
loop2
loop2
loop2
loop2
loop2
loop2
loop2
loop2
loop2
loop2
loop2
loop2
loop2
loop2
loop2
loop2
loop2
loop2
loop2
loop2
loop2
loop2
loop2
loop2
loop2
loop2
loop2
loop2
loop2
loop2
loop2
loop2
loop2
loop2
loop2
loop2
loop2
loop2
loop2
loop2
loop2
loop2
loop2
loop2
loop2
loop2
loop2
loop2
loop2
loop2
loop2
loop2
loop2
loop2
loop2
loop2
loop2
loop2
loop2
loop2
loop2
loop2
loop2
loop2
loop2
loop2
loop2
loop2
loop2
loop2
loop2
loop2
loop2
loop2
loop2
loop2
loop2
loop2
loop2
loop2
loop2
loop2
loop2
loop2
loop2
loop2
loop2
loop2
loop2
loop2
loop2
loop2
loop2
loop2
loop2
loop2
loop2
loop2
loop2
loop2
loop2
loop2
loop2
loop2
loop2
loop2
loop2
loop2
loop2
loop2
loop2
loop2
loop2
loop2
loop2
loop2
loop2
loop2
loop2
loop2
loop2
loop2
loop2
loop2
loop2
loop2
loop2
loop2
loop2
loop2
loop2
loop2
loop2
loop2
loop2
loop2
loop2
loop2
loop2
loop2
loop2
loop2
loop2
loop2
loop2
loop2
loop2
loop2
loop2
loop2
loop2
loop2
loop2
loop2
loop2
loop2
loop2
loop2
loop2
loop2
loop2
loop2
loop2
loop2
loop2
loop2
loop2
loop2
loop2
loop2
loop2
loop2
loop2
loop2
loop2
loop2
loop2
loop2
loop2
loop2
loop2
loop2
loop2
loop2
loop2
loop2
loop2
loop2
loop2
loop2
loop2
loop2
loop2
loop2
loop2
loop2
loop2
loop2
loop2
loop2
loop2
loop2
loop2
loop2
loop2
loop2
loop2
loop2
loop2
loop2
loop2
loop2
loop2
loop2
loop2
loop2
loop2
loop2
loop2
loop2
loop2
loop2
loop2
loop2
loop2
loop2
loop2
loop2
loop2
loop2
loop2
loop2
loop2
loop2
loop2
loop2
loop2
loop2
loop2
loop2
loop2
loop2
loop2
loop2
loop2
loop2
loop2
loop2
loop2
loop2
loop2
loop2
loop2
loop2
loop2
loop2
loop2
loop2
loop2
loop2
loop2
loop2
loop2
loop2
loop2
loop2
loop2
loop2
loop2
loop2
loop2
loop2
loop2
loop2
loop2
loop2
loop2
loop2
loop2
loop2
loop2
loop2
loop2
loop2
loop2
loop2
loop2
loop2
loop2
loop2
loop2
loop2
loop2
loop2
loop2
loop2
loop2
loop2
loop2
loop2
loop2
loop2
loop2
loop2
loop2
loop2
loop2
loop2
loop2
loop2
loop2
loop2
loop2
loop2
loop2
loop2
loop2
loop2
loop2
loop2
loop2
loop2
loop2
loop2
loop2
loop2
loop2
loop2
loop2
loop2
loop2
loop2
loop2
loop2
loop2
loop2
loop2
loop2
loop2
loop2
loop2
loop2
loop2
loop2
loop2
loop2
loop2
loop2
loop2
loop2
loop2
loop2
loop2
loop2
loop2
loop2
loop2
loop2
loop2
loop2
loop2
loop2
loop2
loop2
loop2
loop2
loop2
loop2
loop2
loop2
loop2
loop2
loop2
loop2
loop2
loop2
loop2
loop2
loop2
loop2
loop2
loop2
loop2
loop2
loop2
loop2
loop2
loop2
loop2
loop2
loop2
loop2
loop2
loop2
loop2
loop2
loop2
loop2
loop2
loop2
loop2
loop2
loop2
loop2
loop2
loop2
loop2
loop2
loop2
loop2
loop2
loop2
loop2
loop2
loop2
loop2
loop2
loop2
loop2
loop2
loop2
loop2
loop2
loop2
loop2
loop2
loop2
loop2
loop2
loop2
loop2
loop2
loop2
loop2
loop2
loop2
loop2
loop2
loop2
loop2
loop2
loop2
loop2
loop2
loop2
loop2
loop2
loop2
loop2
loop2
loop2
loop2
loop2
loop2
loop2
loop2
loop2
loop2
loop2
loop2
loop2
loop2
loop2
loop2
loop2
loop2
loop2
loop2
loop2
loop2
loop2
loop2
loop2
loop2
loop2
loop2
loop2
loop2
loop2
loop2
loop2
loop2
loop2
loop2
loop2
loop2
loop2
loop2
loop2
loop2
loop2
loop2
loop2
loop2
loop2
loop2
loop2
loop2
loop2
loop2
loop2
loop2
loop2
loop2
loop2
loop2
loop2
loop2
loop2
loop2
loop2
loop2
loop2
loop2
loop2
loop2
loop2
loop2
loop2
loop2
loop2
loop2
loop2
loop2
loop2
loop2
loop2
loop2
loop2
loop2
loop2
loop2
loop2
loop2
loop2
loop2
loop2
loop2
loop2
loop2
loop2
loop2
loop2
loop2
loop2
loop2
loop2
loop2
loop2
loop2
loop2
loop2
loop2
loop2
loop2
loop2
loop2
loop2
loop2
loop2
loop2
loop2
loop2
loop2
loop2
loop2
loop2
loop2
loop2
loop2
loop2
loop2
loop2
loop2
loop2
loop2
loop2
loop2
loop2
loop2
loop2
loop2
loop2
loop2
loop2
loop2
loop2
loop2
loop2
loop2
loop2
loop2
loop2
loop2
loop2
loop2
loop2
loop2
loop2
loop2
loop2
loop2
loop2
loop2
loop2
loop2
loop2
loop2
loop2
loop2
loop2
loop2
loop2
loop2
loop2
loop2
loop2
loop2
loop2
loop2
loop2
loop2
loop2
loop2
loop2
loop2
loop2
loop2
loop2
loop2
loop2
loop2
loop2
loop2
loop2
loop2
loop2
loop2
loop2
loop2
loop2
loop2
loop2
loop2
loop2
loop2
loop2
loop2
loop2
loop2
loop2
loop2
loop2
loop2
loop2
loop2
loop2
loop2
loop2
loop2
loop2
loop2
loop2
loop2
loop2
loop2
loop2
loop2
loop2
loop2
loop2
loop2
loop2
loop2
loop2
loop2
loop2
loop2
loop2
loop2
loop2
loop2
loop2
loop2
loop2
loop2
loop2
loop2
loop2
loop2
loop2
loop2
loop2
loop2
loop2
loop2
loop2
loop2
loop2
loop2
loop2
loop2
loop2
loop2
loop2
loop2
loop2
loop2
loop2
loop2
loop2
loop2
loop2
loop2
loop2
loop2
loop2
loop2
loop2
loop2
loop2
loop2
loop2
loop2
loop2
loop2
loop2
loop2
loop2
loop2
loop2
loop2
loop2
loop2
loop2
loop2
loop2
loop2
loop2
loop2
loop2
loop2
loop2
loop2
loop2
loop2
loop2
loop2
loop2
loop2
loop2
loop2
loop2
loop2
loop2
loop2
loop2
loop2
loop2
loop2
loop2
loop2
loop2
loop2
loop2
loop2
loop2
loop2
loop2
loop2
loop2
loop2
loop2
loop2
loop2
loop2
loop2
loop2
loop2
loop2
loop2
loop2
loop2
loop2
loop2
loop2
loop2
loop2
loop2
loop2
loop2
loop2
loop2
loop2
loop2
loop2
loop2
loop2
loop2
loop2
loop2
loop2
loop2
loop2
loop2
loop2
loop2
loop2
loop2
loop2
loop2
loop2
loop2
loop2
loop2
loop2
loop2
loop2
loop2
loop2
loop2
loop2
loop2
loop2
loop2
loop2
loop2
loop2
loop2
loop2
loop2
loop2
loop2
loop2
loop2
loop2
loop2
loop2
loop2
loop2
loop2
loop2
loop2
loop2
loop2
loop2
loop2
loop2
loop2
loop2
loop2
loop2
loop2
loop2
loop2
loop2
loop2
loop2
loop2
loop2
loop2
loop2
loop2
loop2
loop2
loop2
loop2
loop2
loop2
loop2
loop2
loop2
loop2
loop2
loop2
loop2
loop2
loop2
loop2
loop2
loop2
loop2
loop2
loop2
loop2
loop2
loop2
loop2
loop2
loop2
loop2
loop2
loop2
loop2
loop2
loop2
loop2
loop2
loop2
loop2
loop2
loop2
loop2
loop2
loop2
loop2
loop2
loop2
loop2
loop2
loop2
loop2
loop2
loop2
loop2
loop2
loop2
loop2
loop2
loop2
loop2
loop2
loop2
loop2
loop2
loop2
loop2
loop2
loop2
loop2
loop2
loop2
loop2
loop2
loop2
loop2
loop2
loop2
loop2
loop2
loop2
loop2
loop2
loop2
loop2
loop2
loop2
loop2
loop2
loop2
loop2
loop2
loop2
loop2
loop2
loop2
loop2
loop2
loop2
loop2
loop2
loop2
loop2
loop2
loop2
loop2
loop2
loop2
loop2
loop2
loop2
loop2
loop2
loop2
loop2
loop2
loop2
loop2
loop2
loop2
loop2
loop2
loop2
loop2
loop2
loop2
loop2
loop2
loop2
loop2
loop2
loop2
loop2
loop2
loop2
loop2
loop2
loop2
loop2
loop2
loop2
loop2
loop2
loop2
loop2
loop2
loop2
loop2
loop2
loop2
loop2
loop2
loop2
loop2
loop2
loop2
loop2
loop2
loop2
loop2
loop2
loop2
loop2
loop2
loop2
loop2
loop2
loop2
loop2
loop2
loop2
loop2
loop2
loop2
loop2
loop2
loop2
loop2
loop2
loop2
loop2
loop2
loop2
loop2
loop2
loop2
loop2
loop2
loop2
loop2
loop2
loop2
loop2
loop2
loop2
loop2
loop2
loop2
loop2
loop2
loop2
loop2
loop2
loop2
loop2
loop2
loop2
loop2
loop2
loop2
loop2
loop2
loop2
loop2
loop2
loop2
loop2
loop2
loop2
loop2
loop2
loop2
loop2
loop2
loop2
loop2
loop2
loop2
loop2
loop2
loop2
loop2
loop2
loop2
loop2
loop2
loop2
loop2
loop2
loop2
loop2
loop2
loop2
loop2
loop2
loop2
loop2
loop2
loop2
loop2
loop2
loop2
loop2
loop2
loop2
loop2
loop2
loop2
loop2
loop2
loop2
loop2
loop2
loop2
loop2
loop2
loop2
loop2
loop2
loop2
loop2
loop2
loop2
loop2
loop2
loop2
loop2
loop2
loop2
loop2
loop2
loop2
loop2
loop2
loop2
loop2
loop2
loop2
loop2
loop2
loop2
loop2
loop2
loop2
loop2
loop2
loop2
loop2
loop2
loop2
loop2
loop2
loop2
loop2
loop2
loop2
loop2
loop2
loop2
loop2
loop2
loop2
loop2
loop2
loop2
loop2
loop2
loop2
loop2
loop2
loop2
loop2
loop2
loop2
loop2
loop2
loop2
loop2
loop2
loop2
loop2
loop2
loop2
loop2
loop2
loop2
loop2
loop2
loop2
loop2
loop2
loop2
loop2
loop2
loop2
loop2
loop2
loop2
loop2
loop2
loop2
loop2
loop2
loop2
loop2
loop2
loop2
loop2
loop2
loop2
loop2
loop2
loop2
loop2
loop2
loop2
loop2
loop2
loop2
loop2
loop2
loop2
loop2
loop2
loop2
loop2
loop2
loop2
loop2
loop2
loop2
loop2
loop2
loop2
loop2
loop2
loop2
loop2
loop2
loop2
loop2
loop2
loop2
loop2
loop2
loop2
loop2
loop2
loop2
loop2
loop2
loop2
loop2
loop2
loop2
loop2
loop2
loop2
loop2
loop2
loop2
loop2
loop2
loop2
loop2
loop2
loop2
loop2
loop2
loop2
loop2
loop2
loop2
loop2
loop2
loop2
loop2
loop2
loop2
loop2
loop2
loop2
loop2
loop2
loop2
loop2
loop2
loop2
loop2
loop2
loop2
loop2
loop2
loop2
loop2
loop2
loop2
loop2
loop2
loop2
loop2
loop2
loop2
loop2
loop2
loop2
loop2
loop2
loop2
loop2
loop2
loop2
loop2
loop2
loop2
loop2
loop2
loop2
loop2
loop2
loop2
loop2
loop2
loop2
loop2
loop2
loop2
loop2
loop2
loop2
loop2
loop2
loop2
loop2
loop2
loop2
loop2
loop2
loop2
loop2
loop2
loop2
loop2
loop2
loop2
loop2
loop2
loop2
loop2
loop2
loop2
loop2
loop2
loop2
loop2
loop2
loop2
loop2
loop2
loop2
loop2
loop2
loop2
loop2
loop2
loop2
loop2
loop2
loop2
loop2
loop2
loop2
loop2
loop2
loop2
loop2
loop2
loop2
loop2
loop2
loop2
loop2
loop2
loop2
loop2
loop2
loop2
loop2
loop2
loop2
loop2
loop2
loop2
loop2
loop2
loop2
loop2
loop2
loop2
loop2
loop2
loop2
loop2
loop2
loop2
loop2
loop2
loop2
loop2
loop2
loop2
loop2
loop2
loop2
loop2
loop2
loop2
loop2
loop2
loop2
loop2
loop2
loop2
loop2
loop2
loop2
loop2
loop2
loop2
loop2
loop2
loop2
loop2
loop2
loop2
loop2
loop2
loop2
loop2
loop2
loop2
loop2
loop2
loop2
loop2
loop2
loop2
loop2
loop2
loop2
loop2
loop2
loop2
loop2
loop2
loop2
loop2
loop2
loop2
loop2
loop2
loop2
loop2
loop2
loop2
loop2
loop2
loop2
loop2
loop2
loop2
loop2
loop2
loop2
loop2
loop2
loop2
loop2
loop2
loop2
loop2
loop2
loop2
loop2
loop2
loop2
loop2
loop2
loop2
loop2
loop2
loop2
loop2
loop2
loop2
loop2
loop2
loop2
loop2
loop2
loop2
loop2
loop2
loop2
loop2
loop2
loop2
loop2
loop2
loop2
loop2
loop2
loop2
loop2
loop2
loop2
loop2
loop2
loop2
loop2
loop2
loop2
loop2
loop2
loop2
loop2
loop2
loop2
loop2
loop2
loop2
loop2
loop2
loop2
loop2
loop2
loop2
loop2
loop2
loop2
loop2
loop2
loop2
loop2
loop2
loop2
loop2
loop2
loop2
loop2
loop2
loop2
loop2
loop2
loop2
loop2
loop2
loop2
loop2
loop2
loop2
loop2
loop2
loop2
loop2
loop2
loop2
loop2
loop2
loop2
loop2
loop2
loop2
loop2
loop2
loop2
loop2
loop2
loop2
loop2
loop2
loop2
loop2
loop2
loop2
loop2
loop2
loop2
loop2
loop2
loop2
loop2
loop2
loop2
loop2
loop2
loop2
loop2
loop2
loop2
loop2
loop2
loop2
loop2
loop2
loop2
loop2
loop2
loop2
loop2
loop2
loop2
loop2
loop2
loop2
loop2
loop2
loop2
loop2
loop2
loop2
loop2
loop2
loop2
loop2
loop2
loop2
loop2
loop2
loop2
loop2
loop2
loop2
loop2
loop2
loop2
loop2
loop2
loop2
loop2
loop2
loop2
loop2
loop2
loop2
loop2
loop2
loop2
loop2
loop2
loop2
loop2
loop2
loop2
loop2
loop2
loop2
loop2
loop2
loop2
loop2
loop2
loop2
loop2
loop2
loop2
loop2
loop2
loop2
loop2
loop2
loop2
loop2
loop2
loop2
loop2
loop2
loop2
loop2
loop2
loop2
loop2
loop2
loop2
loop2
loop2
loop2
loop2
loop2
loop2
loop2
loop2
loop2
loop2
loop2
loop2
loop2
loop2
loop2
loop2
loop2
loop2
loop2
loop2
loop2
loop2
loop2
loop2
loop2
loop2
loop2
loop2
loop2
loop2
loop2
loop2
loop2
loop2
loop2
loop2
loop2
loop2
loop2
loop2
loop2
loop2
loop2
loop2
loop2
loop2
loop2
loop2
loop2
loop2
loop2
loop2
loop2
loop2
loop2
loop2
loop2
loop2
loop2
loop2
loop2
loop2
loop2
loop2
loop2
loop2
loop2
loop2
loop2
loop2
loop2
loop2
loop2
loop2
loop2
loop2
loop2
loop2
loop2
loop2
loop2
loop2
loop2
loop2
loop2
loop2
loop2
loop2
loop2
loop2
loop2
loop2
loop2
loop2
loop2
loop2
loop2
loop2
loop2
loop2
loop2
loop2
loop2
loop2
loop2
loop2
loop2
loop2
loop2
loop2
loop2
loop2
loop2
loop2
loop2
loop2
loop2
loop2
loop2
loop2
loop2
loop2
loop2
loop2
loop2
loop2
loop2
loop2
loop2
loop2
loop2
loop2
loop2
loop2
loop2
loop2
loop2
loop2
loop2
loop2
loop2
loop2
loop2
loop2
loop2
loop2
loop2
loop2
loop2
loop2
loop2
loop2
loop2
loop2
loop2
loop2
loop2
loop2
loop2
loop2
loop2
loop2
loop2
loop2
loop2
loop2
loop2
loop2
loop2
loop2
loop2
loop2
loop2
loop2
loop2
loop2
loop2
loop2
loop2
loop2
loop2
loop2
loop2
loop2
loop2
loop2
loop2
loop2
loop2
loop2
loop2
loop2
loop2
loop2
loop2
loop2
loop2
loop2
loop2
loop2
loop2
loop2
loop2
loop2
loop2
loop2
loop2
loop2
loop2
loop2
loop2
loop2
loop2
loop2
loop2
loop2
loop2
loop2
loop2
loop2
loop2
loop2
loop2
loop2
loop2
loop2
loop2
loop2
loop2
loop2
loop2
loop2
loop2
loop2
loop2
loop2
loop2
loop2
loop2
loop2
loop2
loop2
loop2
loop2
loop2
loop2
loop2
loop2
loop2
loop2
loop2
loop2
loop2
loop2
loop2
loop2
loop2
loop2
loop2
loop2
loop2
loop2
loop2
loop2
loop2
loop2
loop2
loop2
loop2
loop2
loop2
loop2
loop2
loop2
loop2
loop2
loop2
loop2
loop2
loop2
loop2
loop2
loop2
loop2
loop2
loop2
loop2
loop2
loop2
loop2
loop2
loop2
loop2
loop2
loop2
loop2
loop2
loop2
loop2
loop2
loop2
loop2
loop2
loop2
loop2
loop2
loop2
loop2
loop2
loop2
loop2
loop2
loop2
loop2
loop2
loop2
loop2
loop2
loop2
loop2
loop2
loop2
loop2
loop2
loop2
loop2
loop2
loop2
loop2
loop2
loop2
loop2
loop2
loop2
loop2
loop2
loop2
loop2
loop2
loop2
loop2
loop2
loop2
loop2
loop2
loop2
loop2
loop2
loop2
loop2
loop2
loop2
loop2
loop2
loop2
loop2
loop2
loop2
loop2
loop2
loop2
loop2
loop2
loop2
loop2
loop2
loop2
loop2
loop2
loop2
loop2
loop2
loop2
loop2
loop2
loop2
loop2
loop2
loop2
loop2
loop2
loop2
loop2
loop2
loop2
loop2
loop2
loop2
loop2
loop2
loop2
loop2
loop2
loop2
loop2
loop2
loop2
loop2
loop2
loop2
loop2
loop2
loop2
loop2
loop2
loop2
loop2
loop2
loop2
loop2
loop2
loop2
loop2
loop2
loop2
loop2
loop2
loop2
loop2
loop2
loop2
loop2
loop2
loop2
loop2
loop2
loop2
loop2
loop2
loop2
loop2
loop2
loop2
loop2
loop2
loop2
loop2
loop2
loop2
loop2
loop2
loop2
loop2
loop2
loop2
loop2
loop2
loop2
loop2
loop2
loop2
loop2
loop2
loop2
loop2
loop2
loop2
loop2
loop2
loop2
loop2
loop2
loop2
loop2
loop2
loop2
loop2
loop2
loop2
loop2
loop2
loop2
loop2
loop2
loop2
loop2
loop2
loop2
loop2
loop2
loop2
loop2
loop2
loop2
loop2
loop2
loop2
loop2
loop2
loop2
loop2
loop2
loop2
loop2
loop2
loop2
loop2
loop2
loop2
loop2
loop2
loop2
loop2
loop2
loop2
loop2
loop2
loop2
loop2
loop2
loop2
loop2
loop2
loop2
loop2
loop2
loop2
loop2
loop2
loop2
loop2
loop2
loop2
loop2
loop2
loop2
loop2
loop2
loop2
loop2
loop2
loop2
loop2
loop2
loop2
loop2
loop2
loop2
loop2
loop2
loop2
loop2
loop2
loop2
loop2
loop2
loop2
loop2
loop2
loop2
loop2
loop2
loop2
loop2
loop2
loop2
loop2
loop2
loop2
loop2
loop2
loop2
loop2
loop2
loop2
loop2
loop2
loop2
loop2
loop2
loop2
loop2
loop2
loop2
loop2
loop2
loop2
loop2
loop2
loop2
loop2
loop2
loop2
loop2
loop2
loop2
loop2
loop2
loop2
loop2
loop2
loop2
loop2
loop2
loop2
loop2
loop2
loop2
loop2
loop2
loop2
loop2
loop2
loop2
loop2
loop2
loop2
loop2
loop2
loop2
loop2
loop2
loop2
loop2
loop2
loop2
loop2
loop2
loop2
loop2
loop2
loop2
loop2
loop2
loop2
loop2
loop2
loop2
loop2
loop2
loop2
loop2
loop2
loop2
loop2
loop2
loop2
loop2
loop2
loop2
loop2
loop2
loop2
loop2
loop2
loop2
loop2
loop2
loop2
loop2
loop2
loop2
loop2
loop2
loop2
loop2
loop2
loop2
loop2
loop2
loop2
loop2
loop2
loop2
loop2
loop2
loop2
loop2
loop2
loop2
loop2
loop2
loop2
loop2
loop2
loop2
loop2
loop2
loop2
loop2
loop2
loop2
loop2
loop2
loop2
loop2
loop2
loop2
loop2
loop2
loop2
loop2
loop2
loop2
loop2
loop2
loop2
loop2
loop2
loop2
loop2
loop2
loop2
loop2
loop2
loop2
loop2
loop2
loop2
loop2
loop2
loop2
loop2
loop2
loop2
loop2
loop2
loop2
loop2
loop2
loop2
loop2
loop2
loop2
loop2
loop2
loop2
loop2
loop2
loop2
loop2
loop2
loop2
loop2
loop2
loop2
loop2
loop2
loop2
loop2
loop2
loop2
loop2
loop2
loop2
loop2
loop2
loop2
loop2
loop2
loop2
loop2
loop2
loop2
loop2
loop2
loop2
loop2
loop2
loop2
loop2
loop2
loop2
loop2
loop2
loop2
loop2
loop2
loop2
loop2
loop2
loop2
loop2
loop2
loop2
loop2
loop2
loop2
loop2
loop2
loop2
loop2
loop2
loop2
loop2
loop2
loop2
loop2
loop2
loop2
loop2
loop2
loop2
loop2
loop2
loop2
loop2
loop2
loop2
loop2
loop2
loop2
loop2
loop2
loop2
loop2
loop2
loop2
loop2
loop2
loop2
loop2
loop2
loop2
loop2
loop2
loop2
loop2
loop2
loop2
loop2
loop2
loop2
loop2
loop2
loop2
loop2
loop2
loop2
loop2
loop2
loop2
loop2
loop2
loop2
loop2
loop2
loop2
loop2
loop2
loop2
loop2
loop2
loop2
loop2
loop2
loop2
loop2
loop2
loop2
loop2
loop2
loop2
loop2
loop2
loop2
loop2
loop2
loop2
loop2
loop2
loop2
loop2
loop2
loop2
loop2
loop2
loop2
loop2
loop2
loop2
loop2
loop2
loop2
loop2
loop2
loop2
loop2
loop2
loop2
loop2
loop2
loop2
loop2
loop2
loop2
loop2
loop2
loop2
loop2
loop2
loop2
loop2
loop2
loop2
loop2
loop2
loop2
loop2
loop2
loop2
loop2
loop2
loop2
loop2
loop2
loop2
loop2
loop2
loop2
loop2
loop2
loop2
loop2
loop2
loop2
loop2
loop2
loop2
loop2
loop2
loop2
loop2
loop2
loop2
loop2
loop2
loop2
loop2
loop2
loop2
loop2
loop2
loop2
loop2
loop2
loop2
loop2
loop2
loop2
loop2
loop2
loop2
loop2
loop2
loop2
loop2
loop2
loop2
loop2
loop2
loop2
loop2
loop2
loop2
loop2
loop2
loop2
loop2
loop2
loop2
loop2
loop2
loop2
loop2
loop2
loop2
loop2
loop2
loop2
loop2
loop2
loop2
loop2
loop2
loop2
loop2
loop2
loop2
loop2
loop2
loop2
loop2
loop2
loop2
loop2
loop2
loop2
loop2
loop2
loop2
loop2
loop2
loop2
loop2
loop2
loop2
loop2
loop2
loop2
loop2
loop2
loop2
loop2
loop2
loop2
loop2
loop2
loop2
loop2
loop2
loop2
loop2
loop2
loop2
loop2
loop2
loop2
loop2
loop2
loop2
loop2
loop2
loop2
loop2
loop2
loop2
loop2
loop2
loop2
loop2
loop2
loop2
loop2
loop2
loop2
loop2
loop2
loop2
loop2
loop2
loop2
loop2
loop2
loop2
loop2
loop2
loop2
loop2
loop2
loop2
loop2
loop2
loop2
loop2
loop2
loop2
loop2
loop2
loop2
loop2
loop2
loop2
loop2
loop2
loop2
loop2
loop2
loop2
loop2
loop2
loop2
loop2
loop2
loop2
loop2
loop2
loop2
loop2
loop2
loop2
loop2
loop2
loop2
loop2
loop2
loop2
loop2
loop2
loop2
loop2
loop2
loop2
loop2
loop2
loop2
loop2
loop2
loop2
loop2
loop2
loop2
loop2
loop2
loop2
loop2
loop2
loop2
loop2
loop2
loop2
loop2
loop2
loop2
loop2
loop2
loop2
loop2
loop2
loop2
loop2
loop2
loop2
loop2
loop2
loop2
loop2
loop2
loop2
loop2
loop2
loop2
loop2
loop2
loop2
loop2
loop2
loop2
loop2
loop2
loop2
loop2
loop2
loop2
loop2
loop2
loop2
loop2
loop2
loop2
loop2
loop2
loop2
loop2
loop2
loop2
loop2
loop2
loop2
loop2
loop2
loop2
loop2
loop2
loop2
loop2
loop2
loop2
loop2
loop2
loop2
loop2
loop2
loop2
loop2
loop2
loop2
loop2
loop2
loop2
loop2
loop2
loop2
loop2
loop2
loop2
loop2
loop2
loop2
loop2
loop2
loop2
loop2
loop2
loop2
loop2
loop2
loop2
loop2
loop2
loop2
loop2
loop2
loop2
loop2
loop2
loop2
loop2
loop2
loop2
loop2
loop2
loop2
loop2
loop2
loop2
loop2
loop2
loop2
loop2
loop2
loop2
loop2
loop2
loop2
loop2
loop2
loop2
loop2
loop2
loop2
loop2
loop2
loop2
loop2
loop2
loop2
loop2
loop2
loop2
loop2
loop2
loop2
loop2
loop2
loop2
loop2
loop2
loop2
loop2
loop2
loop2
loop2
loop2
loop2
loop2
loop2
loop2
loop2
loop2
loop2
loop2
loop2
loop2
loop2
loop2
loop2
loop2
loop2
loop2
loop2
loop2
loop2
loop2
loop2
loop2
loop2
loop2
loop2
loop2
loop2
loop2
loop2
loop2
loop2
loop2
loop2
loop2
loop2
loop2
loop2
loop2
loop2
loop2
loop2
loop2
loop2
loop2
loop2
loop2
loop2
loop2
loop2
loop2
loop2
loop2
loop2
loop2
loop2
loop2
loop2
loop2
loop2
loop2
loop2
loop2
loop2
loop2
loop2
loop2
loop2
loop2
loop2
loop2
loop2
loop2
loop2
loop2
loop2
loop2
loop2
loop2
loop2
loop2
loop2
loop2
loop2
loop2
loop2
loop2
loop2
loop2
loop2
loop2
loop2
loop2
loop2
loop2
loop2
loop2
loop2
loop2
loop2
loop2
loop2
loop2
loop2
loop2
loop2
loop2
loop2
loop2
loop2
loop2
loop2
loop2
loop2
loop2
loop2
loop2
loop2
loop2
loop2
loop2
loop2
loop2
loop2
loop2
loop2
loop2
loop2
loop2
loop2
loop2
loop2
loop2
loop2
loop2
loop2
loop2
loop2
loop2
loop2
loop2
loop2
loop2
loop2
loop2
loop2
loop2
loop2
loop2
loop2
loop2
loop2
loop2
loop2
loop2
loop2
loop2
loop2
loop2
loop2
loop2
loop2
loop2
loop2
loop2
loop2
loop2
loop2
loop2
loop2
loop2
loop2
loop2
loop2
loop2
loop2
loop2
loop2
loop2
loop2
loop2
loop2
loop2
loop2
loop2
loop2
loop2
loop2
loop2
loop2
loop2
loop2
loop2
loop2
loop2
loop2
loop2
loop2
loop2
loop2
loop2
loop2
loop2
loop2
loop2
loop2
loop2
loop2
loop2
loop2
loop2
loop2
loop2
loop2
loop2
loop2
loop2
loop2
loop2
loop2
loop2
loop2
loop2
loop2
loop2
loop2
loop2
loop2
loop2
loop2
loop2
loop2
loop2
loop2
loop2
loop2
loop2
loop2
loop2
loop2
loop2
loop2
loop2
loop2
loop2
loop2
loop2
loop2
loop2
loop2
loop2
loop2
loop2
loop2
loop2
loop2
loop2
loop2
loop2
loop2
loop2
loop2
loop2
loop2
loop2
loop2
loop2
loop2
loop2
loop2
loop2
loop2
loop2
loop2
loop2
loop2
loop2
loop2
loop2
loop2
loop2
loop2
loop2
loop2
loop2
loop2
loop2
loop2
loop2
loop2
loop2
loop2
loop2
loop2
loop2
loop2
loop2
loop2
loop2
loop2
loop2
loop2
loop2
loop2
loop2
loop2
loop2
loop2
loop2
loop2
loop2
loop2
loop2
loop2
loop2
loop2
loop2
loop2
loop2
loop2
loop2
loop2
loop2
loop2
loop2
loop2
loop2
loop2
loop2
loop2
loop2
loop2
loop2
loop2
loop2
loop2
loop2
loop2
loop2
loop2
loop2
loop2
loop2
loop2
loop2
loop2
loop2
loop2
loop2
loop2
loop2
loop2
loop2
loop2
loop2
loop2
loop2
loop2
loop2
loop2
loop2
loop2
loop2
loop2
loop2
loop2
loop2
loop2
loop2
loop2
loop2
loop2
loop2
loop2
loop2
loop2
loop2
loop2
loop2
loop2
loop2
loop2
loop2
loop2
loop2
loop2
loop2
loop2
loop2
loop2
loop2
loop2
loop2
loop2
loop2
loop2
loop2
loop2
loop2
loop2
loop2
loop2
loop2
loop2
loop2
loop2
loop2
loop2
loop2
loop2
loop2
loop2
loop2
loop2
loop2
loop2
loop2
loop2
loop2
loop2
loop2
loop2
loop2
loop2
loop2
loop2
loop2
loop2
loop2
loop2
loop2
loop2
loop2
loop2
loop2
loop2
loop2
loop2
loop2
loop2
loop2
loop2
loop2
loop2
loop2
loop2
loop2
loop2
loop2
loop2
loop2
loop2
loop2
loop2
loop2
loop2
loop2
loop2
loop2
loop2
loop2
loop2
loop2
loop2
loop2
loop2
loop2
loop2
loop2
loop2
loop2
loop2
loop2
loop2
loop2
loop2
loop2
loop2
loop2
loop2
loop2
loop2
loop2
loop2
loop2
loop2
loop2
loop2
loop2
loop2
loop2
loop2
loop2
loop2
loop2
loop2
loop2
loop2
loop2
loop2
loop2
loop2
loop2
loop2
loop2
loop2
loop2
loop2
loop2
loop2
loop2
loop2
loop2
loop2
loop2
loop2
loop2
loop2
loop2
loop2
loop2
loop2
loop2
loop2
loop2
loop2
loop2
loop2
loop2
loop2
loop2
loop2
loop2
loop2
loop2
loop2
loop2
loop2
loop2
loop2
loop2
loop2
loop2
loop2
loop2
loop2
loop2
loop2
loop2
loop2
loop2
loop2
loop2
loop2
loop2
loop2
loop2
loop2
loop2
loop2
loop2
loop2
loop2
loop2
loop2
loop2
loop2
loop2
loop2
loop2
loop2
loop2
loop2
loop2
loop2
loop2
loop2
loop2
loop2
loop2
loop2
loop2
loop2
loop2
loop2
loop2
loop2
loop2
loop2
loop2
loop2
loop2
loop2
loop2
loop2
loop2
loop2
loop2
loop2
loop2
loop2
loop2
loop2
loop2
loop2
loop2
loop2
loop2
loop2
loop2
loop2
loop2
loop2
loop2
loop2
loop2
loop2
loop2
loop2
loop2
loop2
loop2
loop2
loop2
loop2
loop2
loop2
loop2
loop2
loop2
loop2
loop2
loop2
loop2
loop2
loop2
loop2
loop2
loop2
loop2
loop2
loop2
loop2
loop2
loop2
loop2
loop2
loop2
loop2
loop2
loop2
loop2
loop2
loop2
loop2
loop2
loop2
loop2
loop2
loop2
loop2
loop2
loop2
loop2
loop2
loop2
loop2
loop2
loop2
loop2
loop2
loop2
loop2
loop2
loop2
loop2
loop2
loop2
loop2
loop2
loop2
loop2
loop2
loop2
loop2
loop2
loop2
loop2
loop2
loop2
loop2
loop2
loop2
loop2
loop2
loop2
loop2
loop2
loop2
loop2
loop2
loop2
loop2
loop2
loop2
loop2
loop2
loop2
loop2
loop2
loop2
loop2
loop2
loop2
loop2
loop2
loop2
loop2
loop2
loop2
loop2
loop2
loop2
loop2
loop2
loop2
loop2
loop2
loop2
loop2
loop2
loop2
loop2
loop2
loop2
loop2
loop2
loop2
loop2
loop2
loop2
loop2
loop2
loop2
loop2
loop2
loop2
loop2
loop2
loop2
loop2
loop2
loop2
loop2
loop2
loop2
loop2
loop2
loop2
loop2
loop2
loop2
loop2
loop2
loop2
loop2
loop2
loop2
loop2
loop2
loop2
loop2
loop2
loop2
loop2
loop2
loop2
loop2
loop2
loop2
loop2
loop2
loop2
loop2
loop2
loop2
loop2
loop2
loop2
loop2
loop2
loop2
loop2
loop2
loop2
loop2
loop2
loop2
loop2
loop2
loop2
loop2
loop2
loop2
loop2
loop2
loop2
loop2
loop2
loop2
loop2
loop2
loop2
loop2
loop2
loop2
loop2
loop2
loop2
loop2
loop2
loop2
loop2
loop2
loop2
loop2
loop2
loop2
loop2
loop2
loop2
loop2
loop2
loop2
loop2
loop2
loop2
loop2
loop2
loop2
loop2
loop2
loop2
loop2
loop2
loop2
loop2
loop2
loop2
loop2
loop2
loop2
loop2
loop2
loop2
loop2
loop2
loop2
loop2
loop2
loop2
loop2
loop2
loop2
loop2
loop2
loop2
loop2
loop2
loop2
loop2
loop2
loop2
loop2
loop2
loop2
loop2
loop2
loop2
loop2
loop2
loop2
loop2
loop2
loop2
loop2
loop2
loop2
loop2
loop2
loop2
loop2
loop2
loop2
loop2
loop2
loop2
loop2
loop2
loop2
loop2
loop2
loop2
loop2
loop2
loop2
loop2
loop2
loop2
loop2
loop2
loop2
loop2
loop2
loop2
loop2
loop2
loop2
loop2
loop2
loop2
loop2
loop2
loop2
loop2
loop2
loop2
loop2
loop2
loop2
loop2
loop2
loop2
loop2
loop2
loop2
loop2
loop2
loop2
loop2
loop2
loop2
loop2
loop2
loop2
loop2
loop2
loop2
loop2
loop2
loop2
loop2
loop2
loop2
loop2
loop2
loop2
loop2
loop2
loop2
loop2
loop2
loop2
loop2
loop2
loop2
loop2
loop2
loop2
loop2
loop2
loop2
loop2
loop2
loop2
loop2
loop2
loop2
loop2
loop2
loop2
loop2
loop2
loop2
loop2
loop2
loop2
loop2
loop2
loop2
loop2
loop2
loop2
loop2
loop2
loop2
loop2
loop2
loop2
loop2
loop2
loop2
loop2
loop2
loop2
loop2
loop2
loop2
loop2
loop2
loop2
loop2
loop2
loop2
loop2
loop2
loop2
loop2
loop2
loop2
loop2
loop2
loop2
loop2
loop2
loop2
loop2
loop2
loop2
loop2
loop2
loop2
loop2
loop2
loop2
loop2
loop2
loop2
loop2
loop2
loop2
loop2
loop2
loop2
loop2
loop2
loop2
loop2
loop2
loop2
loop2
loop2
loop2
loop2
loop2
loop2
loop2
loop2
loop2
loop2
loop2
loop2
loop2
loop2
loop2
loop2
loop2
loop2
loop2
loop2
loop2
loop2
loop2
loop2
loop2
loop2
loop2
loop2
loop2
loop2
loop2
loop2
loop2
loop2
loop2
loop2
loop2
loop2
loop2
loop2
loop2
loop2
loop2
loop2
loop2
loop2
loop2
loop2
loop2
loop2
loop2
loop2
loop2
loop2
loop2
loop2
loop2
loop2
loop2
loop2
loop2
loop2
loop2
loop2
loop2
loop2
loop2
loop2
loop2
loop2
loop2
loop2
loop2
loop2
loop2
loop2
loop2
loop2
loop2
loop2
loop2
loop2
loop2
loop2
loop2
loop2
loop2
loop2
loop2
loop2
loop2
loop2
loop2
loop2
loop2
loop2
loop2
loop2
loop2
loop2
loop2
loop2
loop2
loop2
loop2
loop2
loop2
loop2
loop2
loop2
loop2
loop2
loop2
loop2
loop2
loop2
loop2
loop2
loop2
loop2
loop2
loop2
loop2
loop2
loop2
loop2
loop2
loop2
loop2
loop2
loop2
loop2
loop2
loop2
loop2
loop2
loop2
loop2
loop2
loop2
loop2
loop2
loop2
loop2
loop2
loop2
loop2
loop2
loop2
loop2
loop2
loop2
loop2
loop2
loop2
loop2
loop2
loop2
loop2
loop2
loop2
loop2
loop2
loop2
loop2
loop2
loop2
loop2
loop2
loop2
loop2
loop2
loop2
loop2
loop2
loop2
loop2
loop2
loop2
loop2
loop2
loop2
loop2
loop2
loop2
loop2
loop2
loop2
loop2
loop2
loop2
loop2
loop2
loop2
loop2
loop2
loop2
loop2
loop2
loop2
loop2
loop2
loop2
loop2
loop2
loop2
loop2
loop2
loop2
loop2
loop2
loop2
loop2
loop2
loop2
loop2
loop2
loop2
loop2
loop2
loop2
loop2
loop2
loop2
loop2
loop2
loop2
loop2
loop2
loop2
loop2
loop2
loop2
loop2
loop2
loop2
loop2
loop2
loop2
loop2
loop2
loop2
loop2
loop2
loop2
loop2
loop2
loop2
loop2
loop2
loop2
loop2
loop2
loop2
loop2
loop2
loop2
loop2
loop2
loop2
loop2
loop2
loop2
loop2
loop2
loop2
loop2
loop2
loop2
loop2
loop2
loop2
loop2
loop2
loop2
loop2
loop2
loop2
loop2
loop2
loop2
loop2
loop2
loop2
loop2
loop2
loop2
loop2
loop2
loop2
loop2
loop2
loop2
loop2
loop2
loop2
loop2
loop2
loop2
loop2
loop2
loop2
loop2
loop2
loop2
loop2
loop2
loop2
loop2
loop2
loop2
loop2
loop2
loop2
loop2
loop2
loop2
loop2
loop2
loop2
loop2
loop2
loop2
loop2
loop2
loop2
loop2
loop2
loop2
loop2
loop2
loop2
loop2
loop2
loop2
loop2
loop2
loop2
loop2
loop2
loop2
loop2
loop2
loop2
loop2
loop2
loop2
loop2
loop2
loop2
loop2
loop2
loop2
loop2
loop2
loop2
loop2
loop2
loop2
loop2
loop2
loop2
loop2
loop2
loop2
loop2
loop2
loop2
loop2
loop2
loop2
loop2
loop2
loop2
loop2
loop2
loop2
loop2
loop2
loop2
loop2
loop2
loop2
loop2
loop2
loop2
loop2
loop2
loop2
loop2
loop2
loop2
loop2
loop2
loop2
loop2
loop2
loop2
loop2
loop2
loop2
loop2
loop2
loop2
loop2
loop2
loop2
loop2
loop2
loop2
loop2
loop2
loop2
loop2
loop2
loop2
loop2
loop2
loop2
loop2
loop2
loop2
loop2
loop2
loop2
loop2
loop2
loop2
loop2
loop2
loop2
loop2
loop2
loop2
loop2
loop2
loop2
loop2
loop2
loop2
loop2
loop2
loop2
loop2
loop2
loop2
loop2
loop2
loop2
loop2
loop2
loop2
loop2
loop2
loop2
loop2
loop2
loop2
loop2
loop2
loop2
loop2
loop2
loop2
loop2
loop2
loop2
loop2
loop2
loop2
loop2
loop2
loop2
loop2
loop2
loop2
loop2
loop2
loop2
loop2
loop2
loop2
loop2
loop2
loop2
loop2
loop2
loop2
loop2
loop2
loop2
loop2
loop2
loop2
loop2
loop2
loop2
loop2
loop2
loop2
loop2
loop2
loop2
loop2
loop2
loop2
loop2
loop2
loop2
loop2
loop2
loop2
loop2
loop2
loop2
loop2
loop2
loop2
loop2
loop2
loop2
loop2
loop2
loop2
loop2
loop2
loop2
loop2
loop2
loop2
loop2
loop2
loop2
loop2
loop2
loop2
loop2
loop2
loop2
loop2
loop2
loop2
loop2
loop2
loop2
loop2
loop2
loop2
loop2
loop2
loop2
loop2
loop2
loop2
loop2
loop2
loop2
loop2
loop2
loop2
loop2
loop2
loop2
loop2
loop2
loop2
loop2
loop2
loop2
loop2
loop2
loop2
loop2
loop2
loop2
loop2
loop2
loop2
loop2
loop2
loop2
loop2
loop2
loop2
loop2
loop2
loop2
loop2
loop2
loop2
loop2
loop2
loop2
loop2
loop2
loop2
loop2
loop2
loop2
loop2
loop2
loop2
loop2
loop2
loop2
loop2
loop2
loop2
loop2
loop2
loop2
loop2
loop2
loop2
loop2
loop2
loop2
loop2
loop2
loop2
loop2
loop2
loop2
loop2
loop2
loop2
loop2
loop2
loop2
loop2
loop2
loop2
loop2
loop2
loop2
loop2
loop2
loop2
loop2
loop2
loop2
loop2
loop2
loop2
loop2
loop2
loop2
loop2
loop2
loop2
loop2
loop2
loop2
loop2
loop2
loop2
loop2
loop2
loop2
loop2
loop2
loop2
loop2
loop2
loop2
loop2
loop2
loop2
loop2
loop2
loop2
loop2
loop2
loop2
loop2
loop2
loop2
loop2
loop2
loop2
loop2
loop2
loop2
loop2
loop2
loop2
loop2
loop2
loop2
loop2
loop2
loop2
loop2
loop2
loop2
loop2
loop2
loop2
loop2
loop2
loop2
loop2
loop2
loop2
loop2
loop2
loop2
loop2
loop2
loop2
loop2
loop2
loop2
loop2
loop2
loop2
loop2
loop2
loop2
loop2
loop2
loop2
loop2
loop2
loop2
loop2
loop2
loop2
loop2
loop2
loop2
loop2
loop2
loop2
loop2
loop2
loop2
loop2
loop2
loop2
loop2
loop2
loop2
loop2
loop2
loop2
loop2
loop2
loop2
loop2
loop2
loop2
loop2
loop2
loop2
loop2
loop2
loop2
loop2
loop2
loop2
loop2
loop2
loop2
loop2
loop2
loop2
loop2
loop2
loop2
loop2
loop2
loop2
loop2
loop2
loop2
loop2
loop2
loop2
loop2
loop2
loop2
loop2
loop2
loop2
loop2
loop2
loop2
loop2
loop2
loop2
loop2
loop2
loop2
loop2
loop2
loop2
loop2
loop2
loop2
loop2
loop2
loop2
loop2
loop2
loop2
loop2
loop2
loop2
loop2
loop2
loop2
loop2
loop2
loop2
loop2
loop2
loop2
loop2
loop2
loop2
loop2
loop2
loop2
loop2
loop2
loop2
loop2
loop2
loop2
loop2
loop2
loop2
loop2
loop2
loop2
loop2
loop2
loop2
loop2
loop2
loop2
loop2
loop2
loop2
loop2
loop2
loop2
loop2
loop2
loop2
loop2
loop2
loop2
loop2
loop2
loop2
loop2
loop2
loop2
loop2
loop2
loop2
loop2
loop2
loop2
loop2
loop2
loop2
loop2
loop2
loop2
loop2
loop2
loop2
loop2
loop2
loop2
loop2
loop2
loop2
loop2
loop2
loop2
loop2
loop2
loop2
loop2
loop2
loop2
loop2
loop2
loop2
loop2
loop2
loop2
loop2
loop2
loop2
loop2
loop2
loop2
loop2
loop2
loop2
loop2
loop2
loop2
loop2
loop2
loop2
loop2
loop2
loop2
loop2
loop2
loop2
loop2
loop2
loop2
loop2
loop2
loop2
loop2
loop2
loop2
loop2
loop2
loop2
loop2
loop2
loop2
loop2
loop2
loop2
loop2
loop2
loop2
loop2
loop2
loop2
loop2
loop2
loop2
loop2
loop2
loop2
loop2
loop2
loop2
loop2
loop2
loop2
loop2
loop2
loop2
loop2
loop2
loop2
loop2
loop2
loop2
loop2
loop2
loop2
loop2
loop2
loop2
loop2
loop2
loop2
loop2
loop2
loop2
loop2
loop2
loop2
loop2
loop2
loop2
loop2
loop2
loop2
loop2
loop2
loop2
loop2
loop2
loop2
loop2
loop2
loop2
loop2
loop2
loop2
loop2
loop2
loop2
loop2
loop2
loop2
loop2
loop2
loop2
loop2
loop2
loop2
loop2
loop2
loop2
loop2
loop2
loop2
loop2
loop2
loop2
loop2
loop2
loop2
loop2
loop2
loop2
loop2
loop2
loop2
loop2
loop2
loop2
loop2
loop2
loop2
loop2
loop2
loop2
loop2
loop2
loop2
loop2
loop2
loop2
loop2
loop2
loop2
loop2
loop2
loop2
loop2
loop2
loop2
loop2
loop2
loop2
loop2
loop2
loop2
loop2
loop2
loop2
loop2
loop2
loop2
loop2
loop2
loop2
loop2
loop2
loop2
loop2
loop2
loop2
loop2
loop2
loop2
loop2
loop2
loop2
loop2
loop2
loop2
loop2
loop2
loop2
loop2
loop2
loop2
loop2
loop2
loop2
loop2
loop2
loop2
loop2
loop2
loop2
loop2
loop2
loop2
loop2
loop2
loop2
loop2
loop2
loop2
loop2
loop2
loop2
loop2
loop2
loop2
loop2
loop2
loop2
loop2
loop2
loop2
loop2
loop2
loop2
loop2
loop2
loop2
loop2
loop2
loop2
loop2
loop2
loop2
loop2
loop2
loop2
loop2
loop2
loop2
loop2
loop2
loop2
loop2
loop2
loop2
loop2
loop2
loop2
loop2
loop2
loop2
loop2
loop2
loop2
loop2
loop2
loop2
loop2
loop2
loop2
loop2
loop2
loop2
loop2
loop2
loop2
loop2
loop2
loop2
loop2
loop2
loop2
loop2
loop2
loop2
loop2
loop2
loop2
loop2
loop2
loop2
loop2
loop2
loop2
loop2
loop2
loop2
loop2
loop2
loop2
loop2
loop2
loop2
loop2
loop2
loop2
loop2
loop2
loop2
loop2
loop2
loop2
loop2
loop2
loop2
loop2
loop2
loop2
loop2
loop2
loop2
loop2
loop2
loop2
loop2
loop2
loop2
loop2
loop2
loop2
loop2
loop2
loop2
loop2
loop2
loop2
loop2
loop2
loop2
loop2
loop2
loop2
loop2
loop2
loop2
loop2
loop2
loop2
loop2
loop2
loop2
loop2
loop2
loop2
loop2
loop2
loop2
loop2
loop2
loop2
loop2
loop2
loop2
loop2
loop2
loop2
loop2
loop2
loop2
loop2
loop2
loop2
loop2
loop2
loop2
loop2
loop2
loop2
loop2
loop2
loop2
loop2
loop2
loop2
loop2
loop2
loop2
loop2
loop2
loop2
loop2
loop2
loop2
loop2
loop2
loop2
loop2
loop2
loop2
loop2
loop2
loop2
loop2
loop2
loop2
loop2
loop2
loop2
loop2
loop2
loop2
loop2
loop2
loop2
loop2
loop2
loop2
loop2
loop2
loop2
loop2
loop2
loop2
loop2
loop2
loop2
loop2
loop2
loop2
loop2
loop2
loop2
loop2
loop2
loop2
loop2
loop2
loop2
loop2
loop2
loop2
loop2
loop2
loop2
loop2
loop2
loop2
loop2
loop2
loop2
loop2
loop2
loop2
loop2
loop2
loop2
loop2
loop2
loop2
loop2
loop2
loop2
loop2
loop2
loop2
loop2
loop2
loop2
loop2
loop2
loop2
loop2
loop2
loop2
loop2
loop2
loop2
loop2
loop2
loop2
loop2
loop2
loop2
loop2
loop2
loop2
loop2
loop2
loop2
loop2
loop2
loop2
loop2
loop2
loop2
loop2
loop2
loop2
loop2
loop2
loop2
loop2
loop2
loop2
loop2
loop2
loop2
loop2
loop2
loop2
loop2
loop2
loop2
loop2
loop2
loop2
loop2
loop2
loop2
loop2
loop2
loop2
loop2
loop2
loop2
loop2
loop2
loop2
loop2
loop2
loop2
loop2
loop2
loop2
loop2
loop2
loop2
loop2
loop2
loop2
loop2
loop2
loop2
loop2
loop2
loop2
loop2
loop2
loop2
loop2
loop2
loop2
loop2
loop2
loop2
loop2
loop2
loop2
loop2
loop2
loop2
loop2
loop2
loop2
loop2
loop2
loop2
loop2
loop2
loop2
loop2
loop2
loop2
loop2
loop2
loop2
loop2
loop2
loop2
loop2
loop2
loop2
loop2
loop2
loop2
loop2
loop2
loop2
loop2
loop2
loop2
loop2
loop2
loop2
loop2
loop2
loop2
loop2
loop2
loop2
loop2
loop2
loop2
loop2
loop2
loop2
loop2
loop2
loop2
loop2
loop2
loop2
loop2
loop2
loop2
loop2
loop2
loop2
loop2
loop2
loop2
loop2
loop2
loop2
loop2
loop2
loop2
loop2
loop2
loop2
loop2
loop2
loop2
loop2
loop2
loop2
loop2
loop2
loop2
loop2
loop2
loop2
loop2
loop2
loop2
loop2
loop2
loop2
loop2
loop2
loop2
loop2
loop2
loop2
loop2
loop2
loop2
loop2
loop2
loop2
loop2
loop2
loop2
loop2
loop2
loop2
loop2
loop2
loop2
loop2
loop2
loop2
loop2
loop2
loop2
loop2
loop2
loop2
loop2
loop2
loop2
loop2
loop2
loop2
loop2
loop2
loop2
loop2
loop2
loop2
loop2
loop2
loop2
loop2
loop2
loop2
loop2
loop2
loop2
loop2
loop2
loop2
loop2
loop2
loop2
loop2
loop2
loop2
loop2
loop2
loop2
loop2
loop2
loop2
loop2
loop2
loop2
loop2
loop2
loop2
loop2
loop2
loop2
loop2
loop2
loop2
loop2
loop2
loop2
loop2
loop2
loop2
loop2
loop2
loop2
loop2
loop2
loop2
loop2
loop2
loop2
loop2
loop2
loop2
loop2
loop2
loop2
loop2
loop2
loop2
loop2
loop2
loop2
loop2
loop2
loop2
loop2
loop2
loop2
loop2
loop2
loop2
loop2
loop2
loop2
loop2
loop2
loop2
loop2
loop2
loop2
loop2
loop2
loop2
loop2
loop2
loop2
loop2
loop2
loop2
loop2
loop2
loop2
loop2
loop2
loop2
loop2
loop2
loop2
loop2
loop2
loop2
loop2
loop2
loop2
loop2
loop2
loop2
loop2
loop2
loop2
loop2
loop2
loop2
loop2
loop2
loop2
loop2
loop2
loop2
loop2
loop2
loop2
loop2
loop2
loop2
loop2
loop2
loop2
loop2
loop2
loop2
loop2
loop2
loop2
loop2
loop2
loop2
loop2
loop2
loop2
loop2
loop2
loop2
loop2
loop2
loop2
loop2
loop2
loop2
loop2
loop2
loop2
loop2
loop2
loop2
loop2
loop2
loop2
loop2
loop2
loop2
loop2
loop2
loop2
loop2
loop2
loop2
loop2
loop2
loop2
loop2
loop2
loop2
loop2
loop2
loop2
loop2
loop2
loop2
loop2
loop2
loop2
loop2
loop2
loop2
loop2
loop2
loop2
loop2
loop2
loop2
loop2
loop2
loop2
loop2
loop2
loop2
loop2
loop2
loop2
loop2
loop2
loop2
loop2
loop2
loop2
loop2
loop2
loop2
loop2
loop2
loop2
loop2
loop2
loop2
loop2
loop2
loop2
loop2
loop2
loop2
loop2
loop2
loop2
loop2
loop2
loop2
loop2
loop2
loop2
loop2
loop2
loop2
loop2
loop2
loop2
loop2
loop2
loop2
loop2
loop2
loop2
loop2
loop2
loop2
loop2
loop2
loop2
loop2
loop2
loop2
loop2
loop2
loop2
loop2
loop2
loop2
loop2
loop2
loop2
loop2
loop2
loop2
loop2
loop2
loop2
loop2
loop2
loop2
loop2
loop2
loop2
loop2
loop2
loop2
loop2
loop2
loop2
loop2
loop2
loop2
loop2
loop2
loop2
loop2
loop2
loop2
loop2
loop2
loop2
loop2
loop2
loop2
loop2
loop2
loop2
loop2
loop2
loop2
loop2
loop2
loop2
loop2
loop2
loop2
loop2
loop2
loop2
loop2
loop2
loop2
loop2
loop2
loop2
loop2
loop2
loop2
loop2
loop2
loop2
loop2
loop2
loop2
loop2
loop2
loop2
loop2
loop2
loop2
loop2
loop2
loop2
loop2
loop2
loop2
loop2
loop2
loop2
loop2
loop2
loop2
loop2
loop2
loop2
loop2
loop2
loop2
loop2
loop2
loop2
loop2
loop2
loop2
loop2
loop2
loop2
loop2
loop2
loop2
loop2
loop2
loop2
loop2
loop2
loop2
loop2
loop2
loop2
loop2
loop2
loop2
loop2
loop2
loop2
loop2
loop2
loop2
loop2
loop2
loop2
loop2
loop2
loop2
loop2
loop2
loop2
loop2
loop2
loop2
loop2
loop2
loop2
loop2
loop2
loop2
loop2
loop2
loop2
loop2
loop2
loop2
loop2
loop2
loop2
loop2
loop2
loop2
loop2
loop2
loop2
loop2
loop2
loop2
loop2
loop2
loop2
loop2
loop2
loop2
loop2
loop2
loop2
loop2
loop2
loop2
loop2
loop2
loop2
loop2
loop2
loop2
loop2
loop2
loop2
loop2
loop2
loop2
loop2
loop2
loop2
loop2
loop2
loop2
loop2
loop2
loop2
loop2
loop2
loop2
loop2
loop2
loop2
loop2
loop2
loop2
loop2
loop2
loop2
loop2
loop2
loop2
loop2
loop2
loop2
loop2
loop2
loop2
loop2
loop2
loop2
loop2
loop2
loop2
loop2
loop2
loop2
loop2
loop2
loop2
loop2
loop2
loop2
loop2
loop2
loop2
loop2
loop2
loop2
loop2
loop2
loop2
loop2
loop2
loop2
loop2
loop2
loop2
loop2
loop2
loop2
loop2
loop2
loop2
loop2
loop2
loop2
loop2
loop2
loop2
loop2
loop2
loop2
loop2
loop2
loop2
loop2
loop2
loop2
loop2
loop2
loop2
loop2
loop2
loop2
loop2
loop2
loop2
loop2
loop2
loop2
loop2
loop2
loop2
loop2
loop2
loop2
loop2
loop2
loop2
loop2
loop2
loop2
loop2
loop2
loop2
loop2
loop2
loop2
loop2
loop2
loop2
loop2
loop2
loop2
loop2
loop2
loop2
loop2
loop2
loop2
loop2
loop2
loop2
loop2
loop2
loop2
loop2
loop2
loop2
loop2
loop2
loop2
loop2
loop2
loop2
loop2
loop2
loop2
loop2
loop2
loop2
loop2
loop2
loop2
loop2
loop2
loop2
loop2
loop2
loop2
loop2
loop2
loop2
loop2
loop2
loop2
loop2
loop2
loop2
loop2
loop2
loop2
loop2
loop2
loop2
loop2
loop2
loop2
loop2
loop2
loop2
loop2
loop2
loop2
loop2
loop2
loop2
loop2
loop2
loop2
loop2
loop2
loop2
loop2
loop2
loop2
loop2
loop2
loop2
loop2
loop2
loop2
loop2
loop2
loop2
loop2
loop2
loop2
loop2
loop2
loop2
loop2
loop2
loop2
loop2
loop2
loop2
loop2
loop2
loop2
loop2
loop2
loop2
loop2
loop2
loop2
loop2
loop2
loop2
loop2
loop2
loop2
loop2
loop2
loop2
loop2
loop2
loop2
loop2
loop2
loop2
loop2
loop2
loop2
loop2
loop2
loop2
loop2
loop2
loop2
loop2
loop2
loop2
loop2
loop2
loop2
loop2
loop2
loop2
loop2
loop2
loop2
loop2
loop2
loop2
loop2
loop2
loop2
loop2
loop2
loop2
loop2
loop2
loop2
loop2
loop2
loop2
loop2
loop2
loop2
loop2
loop2
loop2
loop2
loop2
loop2
loop2
loop2
loop2
loop2
loop2
loop2
loop2
loop2
loop2
loop2
loop2
loop2
loop2
loop2
loop2
loop2
loop2
loop2
loop2
loop2
loop2
loop2
loop2
loop2
loop2
loop2
loop2
loop2
loop2
loop2
loop2
loop2
loop2
loop2
loop2
loop2
loop2
loop2
loop2
loop2
loop2
loop2
loop2
loop2
loop2
loop2
loop2
loop2
loop2
loop2
loop2
loop2
loop2
loop2
loop2
loop2
loop2
loop2
loop2
loop2
loop2
loop2
loop2
loop2
loop2
loop2
loop2
loop2
loop2
loop2
loop2
loop2
loop2
loop2
loop2
loop2
loop2
loop2
loop2
loop2
loop2
loop2
loop2
loop2
loop2
loop2
loop2
loop2
loop2
loop2
loop2
loop2
loop2
loop2
loop2
loop2
loop2
loop2
loop2
loop2
loop2
loop2
loop2
loop2
loop2
loop2
loop2
loop2
loop2
loop2
loop2
loop2
loop2
loop2
loop2
loop2
loop2
loop2
loop2
loop2
loop2
loop2
loop2
loop2
loop2
loop2
loop2
loop2
loop2
loop2
loop2
loop2
loop2
loop2
loop2
loop2
loop2
loop2
loop2
loop2
loop2
loop2
loop2
loop2
loop2
loop2
loop2
loop2
loop2
loop2
loop2
loop2
loop2
loop2
loop2
loop2
loop2
loop2
loop2
loop2
loop2
loop2
loop2
loop2
loop2
loop2
loop2
loop2
loop2
loop2
loop2
loop2
loop2
loop2
loop2
loop2
loop2
loop2
loop2
loop2
loop2
loop2
loop2
loop2
loop2
loop2
loop2
loop2
loop2
loop2
loop2
loop2
loop2
loop2
loop2
loop2
loop2
loop2
loop2
loop2
loop2
loop2
loop2
loop2
loop2
loop2
loop2
loop2
loop2
loop2
loop2
loop2
loop2
loop2
loop2
loop2
loop2
loop2
loop2
loop2
loop2
loop2
loop2
loop2
loop2
loop2
loop2
loop2
loop2
loop2
loop2
loop2
loop2
loop2
loop2
loop2
loop2
loop2
loop2
loop2
loop2
loop2
loop2
loop2
loop2
loop2
loop2
loop2
loop2
loop2
loop2
loop2
loop2
loop2
loop2
loop2
loop2
loop2
loop2
loop2
loop2
loop2
loop2
loop2
loop2
loop2
loop2
loop2
loop2
loop2
loop2
loop2
loop2
loop2
loop2
loop2
loop2
loop2
loop2
loop2
loop2
loop2
loop2
loop2
loop2
loop2
loop2
loop2
loop2
loop2
loop2
loop2
loop2
loop2
loop2
loop2
loop2
loop2
loop2
loop2
loop2
loop2
loop2
loop2
loop2
loop2
loop2
loop2
loop2
loop2
loop2
loop2
loop2
loop2
loop2
loop2
loop2
loop2
loop2
loop2
loop2
loop2
loop2
loop2
loop2
loop2
loop2
loop2
loop2
loop2
loop2
loop2
loop2
loop2
loop2
loop2
loop2
loop2
loop2
loop2
loop2
loop2
loop2
loop2
loop2
loop2
loop2
loop2
loop2
loop2
loop2
loop2
loop2
loop2
loop2
loop2
loop2
loop2
loop2
loop2
loop2
loop2
loop2
loop2
loop2
loop2
loop2
loop2
loop2
loop2
loop2
loop2
loop2
loop2
loop2
loop2
loop2
loop2
loop2
loop2
loop2
loop2
loop2
loop2
loop2
loop2
loop2
loop2
loop2
loop2
loop2
loop2
loop2
loop2
loop2
loop2
loop2
loop2
loop2
loop2
loop2
loop2
loop2
loop2
loop2
loop2
loop2
loop2
loop2
loop2
loop2
loop2
loop2
loop2
loop2
loop2
loop2
loop2
loop2
loop2
loop2
loop2
loop2
loop2
loop2
loop2
loop2
loop2
loop2
loop2
loop2
loop2
loop2
loop2
loop2
loop2
loop2
loop2
loop2
loop2
loop2
loop2
loop2
loop2
loop2
loop2
loop2
loop2
loop2
loop2
loop2
loop2
loop2
loop2
loop2
loop2
loop2
loop2
loop2
loop2
loop2
loop2
loop2
loop2
loop2
loop2
loop2
loop2
loop2
loop2
loop2
loop2
loop2
loop2
loop2
loop2
loop2
loop2
loop2
loop2
loop2
loop2
loop2
loop2
loop2
loop2
loop2
loop2
loop2
loop2
loop2
loop2
loop2
loop2
loop2
loop2
loop2
loop2
loop2
loop2
loop2
loop2
loop2
loop2
loop2
loop2
loop2
loop2
loop2
loop2
loop2
loop2
loop2
loop2
loop2
loop2
loop2
loop2
loop2
loop2
loop2
loop2
loop2
loop2
loop2
loop2
loop2
loop2
loop2
loop2
loop2
loop2
loop2
loop2
loop2
loop2
loop2
loop2
loop2
loop2
loop2
loop2
loop2
loop2
loop2
loop2
loop2
loop2
loop2
loop2
loop2
loop2
loop2
loop2
loop2
loop2
loop2
loop2
loop2
loop2
loop2
loop2
loop2
loop2
loop2
loop2
loop2
loop2
loop2
loop2
loop2
loop2
loop2
loop2
loop2
loop2
loop2
loop2
loop2
loop2
loop2
loop2
loop2
loop2
loop2
loop2
loop2
loop2
loop2
loop2
loop2
loop2
loop2
loop2
loop2
loop2
loop2
loop2
loop2
loop2
loop2
loop2
loop2
loop2
loop2
loop2
loop2
loop2
loop2
loop2
loop2
loop2
loop2
loop2
loop2
loop2
loop2
loop2
loop2
loop2
loop2
loop2
loop2
loop2
loop2
loop2
loop2
loop2
loop2
loop2
loop2
loop2
loop2
loop2
loop2
loop2
loop2
loop2
loop2
loop2
loop2
loop2
loop2
loop2
loop2
loop2
loop2
loop2
loop2
loop2
loop2
loop2
loop2
loop2
loop2
loop2
loop2
loop2
loop2
loop2
loop2
loop2
loop2
loop2
loop2
loop2
loop2
loop2
loop2
loop2
loop2
loop2
loop2
loop2
loop2
loop2
loop2
loop2
loop2
loop2
loop2
loop2
loop2
loop2
loop2
loop2
loop2
loop2
loop2
loop2
loop2
loop2
loop2
loop2
loop2
loop2
loop2
loop2
loop2
loop2
loop2
loop2
loop2
loop2
loop2
loop2
loop2
loop2
loop2
loop2
loop2
loop2
loop2
loop2
loop2
loop2
loop2
loop2
loop2
loop2
loop2
loop2
loop2
loop2
loop2
loop2
loop2
loop2
loop2
loop2
loop2
loop2
loop2
loop2
loop2
loop2
loop2
loop2
loop2
loop2
loop2
loop2
loop2
loop2
loop2
loop2
loop2
loop2
loop2
loop2
loop2
loop2
loop2
loop2
loop2
loop2
loop2
loop2
loop2
loop2
loop2
loop2
loop2
loop2
loop2
loop2
loop2
loop2
loop2
loop2
loop2
loop2
loop2
loop2
loop2
loop2
loop2
loop2
loop2
loop2
loop2
loop2
loop2
loop2
loop2
loop2
loop2
loop2
loop2
loop2
loop2
loop2
loop2
loop2
loop2
loop2
loop2
loop2
loop2
loop2
loop2
loop2
loop2
loop2
loop2
loop2
loop2
loop2
loop2
loop2
loop2
loop2
loop2
loop2
loop2
loop2
loop2
loop2
loop2
loop2
loop2
loop2
loop2
loop2
loop2
loop2
loop2
loop2
loop2
loop2
loop2
loop2
loop2
loop2
loop2
loop2
loop2
loop2
loop2
loop2
loop2
loop2
loop2
loop2
loop2
loop2
loop2
loop2
loop2
loop2
loop2
loop2
loop2
loop2
loop2
loop2
loop2
loop2
loop2
loop2
loop2
loop2
loop2
loop2
loop2
loop2
loop2
loop2
loop2
loop2
loop2
loop2
loop2
loop2
loop2
loop2
loop2
loop2
loop2
loop2
loop2
loop2
loop2
loop2
loop2
loop2
loop2
loop2
loop2
loop2
loop2
loop2
loop2
loop2
loop2
loop2
loop2
loop2
loop2
loop2
loop2
loop2
loop2
loop2
loop2
loop2
loop2
loop2
loop2
loop2
loop2
loop2
loop2
loop2
loop2
loop2
loop2
loop2
loop2
loop2
loop2
loop2
loop2
loop2
loop2
loop2
loop2
loop2
loop2
loop2
loop2
loop2
loop2
loop2
loop2
loop2
loop2
loop2
loop2
loop2
loop2
loop2
loop2
loop2
loop2
loop2
loop2
loop2
loop2
loop2
loop2
loop2
loop2
loop2
loop2
loop2
loop2
loop2
loop2
loop2
loop2
loop2
loop2
loop2
loop2
loop2
loop2
loop2
loop2
loop2
loop2
loop2
loop2
loop2
loop2
loop2
loop2
loop2
loop2
loop2
loop2
loop2
loop2
loop2
loop2
loop2
loop2
loop2
loop2
loop2
loop2
loop2
loop2
loop2
loop2
loop2
loop2
loop2
loop2
loop2
loop2
loop2
loop2
loop2
loop2
loop2
loop2
loop2
loop2
loop2
loop2
loop2
loop2
loop2
loop2
loop2
loop2
loop2
loop2
loop2
loop2
loop2
loop2
loop2
loop2
loop2
loop2
loop2
loop2
loop2
loop2
loop2
loop2
loop2
loop2
loop2
loop2
loop2
loop2
loop2
loop2
loop2
loop2
loop2
loop2
loop2
loop2
loop2
loop2
loop2
loop2
loop2
loop2
loop2
loop2
loop2
loop2
loop2
loop2
loop2
loop2
loop2
loop2
loop2
loop2
loop2
loop2
loop2
loop2
loop2
loop2
loop2
loop2
loop2
loop2
loop2
loop2
loop2
loop2
loop2
loop2
loop2
loop2
loop2
loop2
loop2
loop2
loop2
loop2
loop2
loop2
loop2
loop2
loop2
loop2
loop2
loop2
loop2
loop2
loop2
loop2
loop2
loop2
loop2
loop2
loop2
loop2
loop2
loop2
loop2
loop2
loop2
loop2
loop2
loop2
loop2
loop2
loop2
loop2
loop2
loop2
loop2
loop2
loop2
loop2
loop2
loop2
loop2
loop2
loop2
loop2
loop2
loop2
loop2
loop2
loop2
loop2
loop2
loop2
loop2
loop2
loop2
loop2
loop2
loop2
loop2
loop2
loop2
loop2
loop2
loop2
loop2
loop2
loop2
loop2
loop2
loop2
loop2
loop2
loop2
loop2
loop2
loop2
loop2
loop2
loop2
loop2
loop2
loop2
loop2
loop2
loop2
loop2
loop2
loop2
loop2
loop2
loop2
loop2
loop2
loop2
loop2
loop2
loop2
loop2
loop2
loop2
loop2
loop2
loop2
loop2
loop2
loop2
loop2
loop2
loop2
loop2
loop2
loop2
loop2
loop2
loop2
loop2
loop2
loop2
loop2
loop2
loop2
loop2
loop2
loop2
loop2
loop2
loop2
loop2
loop2
loop2
loop2
loop2
loop2
loop2
loop2
loop2
loop2
loop2
loop2
loop2
loop2
loop2
loop2
loop2
loop2
loop2
loop2
loop2
loop2
loop2
loop2
loop2
loop2
loop2
loop2
loop2
loop2
loop2
loop2
loop2
loop2
loop2
loop2
loop2
loop2
loop2
loop2
loop2
loop2
loop2
loop2
loop2
loop2
loop2
loop2
loop2
loop2
loop2
loop2
loop2
loop2
loop2
loop2
loop2
loop2
loop2
loop2
loop2
loop2
loop2
loop2
loop2
loop2
loop2
loop2
loop2
loop2
loop2
loop2
loop2
loop2
loop2
loop2
loop2
loop2
loop2
loop2
loop2
loop2
loop2
loop2
loop2
loop2
loop2
loop2
loop2
loop2
loop2
loop2
loop2
loop2
loop2
loop2
loop2
loop2
loop2
loop2
loop2
loop2
loop2
loop2
loop2
loop2
loop2
loop2
loop2
loop2
loop2
loop2
loop2
loop2
loop2
loop2
loop2
loop2
loop2
loop2
loop2
loop2
loop2
loop2
loop2
loop2
loop2
loop2
loop2
loop2
loop2
loop2
loop2
loop2
loop2
loop2
loop2
loop2
loop2
loop2
loop2
loop2
loop2
loop2
loop2
loop2
loop2
loop2
loop2
loop2
loop2
loop2
loop2
loop2
loop2
loop2
loop2
loop2
loop2
loop2
loop2
loop2
loop2
loop2
loop2
loop2
loop2
loop2
loop2
loop2
loop2
loop2
loop2
loop2
loop2
loop2
loop2
loop2
loop2
loop2
loop2
loop2
loop2
loop2
loop2
loop2
loop2
loop2
loop2
loop2
loop2
loop2
loop2
loop2
loop2
loop2
loop2
loop2
loop2
loop2
loop2
loop2
loop2
loop2
loop2
loop2
loop2
loop2
loop2
loop2
loop2
loop2
loop2
loop2
loop2
loop2
loop2
loop2
loop2
loop2
loop2
loop2
loop2
loop2
loop2
loop2
loop2
loop2
loop2
loop2
loop2
loop2
loop2
loop2
loop2
loop2
loop2
loop2
loop2
loop2
loop2
loop2
loop2
loop2
loop2
loop2
loop2
loop2
loop2
loop2
loop2
loop2
loop2
loop2
loop2
loop2
loop2
loop2
loop2
loop2
loop2
loop2
loop2
loop2
loop2
loop2
loop2
loop2
loop2
loop2
loop2
loop2
loop2
loop2
loop2
loop2
loop2
loop2
loop2
loop2
loop2
loop2
loop2
loop2
loop2
loop2
loop2
loop2
loop2
loop2
loop2
loop2
loop2
loop2
loop2
loop2
loop2
loop2
loop2
loop2
loop2
loop2
loop2
loop2
loop2
loop2
loop2
loop2
loop2
loop2
loop2
loop2
loop2
loop2
loop2
loop2
loop2
loop2
loop2
loop2
loop2
loop2
loop2
loop2
loop2
loop2
loop2
loop2
loop2
loop2
loop2
loop2
loop2
loop2
loop2
loop2
loop2
loop2
loop2
loop2
loop2
loop2
loop2
loop2
loop2
loop2
loop2
loop2
loop2
loop2
loop2
loop2
loop2
loop2
loop2
loop2
loop2
loop2
loop2
loop2
loop2
loop2
loop2
loop2
loop2
loop2
loop2
loop2
loop2
loop2
loop2
loop2
loop2
loop2
loop2
loop2
loop2
loop2
loop2
loop2
loop2
loop2
loop2
loop2
loop2
loop2
loop2
loop2
loop2
loop2
loop2
loop2
loop2
loop2
loop2
loop2
loop2
loop2
loop2
loop2
loop2
loop2
loop2
loop2
loop2
loop2
loop2
loop2
loop2
loop2
loop2
loop2
loop2
loop2
loop2
loop2
loop2
loop2
loop2
loop2
loop2
loop2
loop2
loop2
loop2
loop2
loop2
loop2
loop2
loop2
loop2
loop2
loop2
loop2
loop2
loop2
loop2
loop2
loop2
loop2
loop2
loop2
loop2
loop2
loop2
loop2
loop2
loop2
loop2
loop2
loop2
loop2
loop2
loop2
loop2
loop2
loop2
loop2
loop2
loop2
loop2
loop2
loop2
loop2
loop2
loop2
loop2
loop2
loop2
loop2
loop2
loop2
loop2
loop2
loop2
loop2
loop2
loop2
loop2
loop2
loop2
loop2
loop2
loop2
loop2
loop2
loop2
loop2
loop2
loop2
loop2
loop2
loop2
loop2
loop2
loop2
loop2
loop2
loop2
loop2
loop2
loop2
loop2
loop2
loop2
loop2
loop2
loop2
loop2
loop2
loop2
loop2
loop2
loop2
loop2
loop2
loop2
loop2
loop2
loop2
loop2
loop2
loop2
loop2
loop2
loop2
loop2
loop2
loop2
loop2
loop2
loop2
loop2
loop2
loop2
loop2
loop2
loop2
loop2
loop2
loop2
loop2
loop2
loop2
loop2
loop2
loop2
loop2
loop2
loop2
loop2
loop2
loop2
loop2
loop2
loop2
loop2
loop2
loop2
loop2
loop2
loop2
loop2
loop2
loop2
loop2
loop2
loop2
loop2
loop2
loop2
loop2
loop2
loop2
loop2
loop2
loop2
loop2
loop2
loop2
loop2
loop2
loop2
loop2
loop2
loop2
loop2
loop2
loop2
loop2
loop2
loop2
loop2
loop2
loop2
loop2
loop2
loop2
loop2
loop2
loop2
loop2
loop2
loop2
loop2
loop2
loop2
loop2
loop2
loop2
loop2
loop2
loop2
loop2
loop2
loop2
loop2
loop2
loop2
loop2
loop2
loop2
loop2
loop2
loop2
loop2
loop2
loop2
loop2
loop2
loop2
loop2
loop2
loop2
loop2
loop2
loop2
loop2
loop2
loop2
loop2
loop2
loop2
loop2
loop2
loop2
loop2
loop2
loop2
loop2
loop2
loop2
loop2
loop2
loop2
loop2
loop2
loop2
loop2
loop2
loop2
loop2
loop2
loop2
loop2
loop2
loop2
loop2
loop2
loop2
loop2
loop2
loop2
loop2
loop2
loop2
loop2
loop2
loop2
loop2
loop2
loop2
loop2
loop2
loop2
loop2
loop2
loop2
loop2
loop2
loop2
loop2
loop2
loop2
loop2
loop2
loop2
loop2
loop2
loop2
loop2
loop2
loop2
loop2
loop2
loop2
loop2
loop2
loop2
loop2
loop2
loop2
loop2
loop2
loop2
loop2
loop2
loop2
loop2
loop2
loop2
loop2
loop2
loop2
loop2
loop2
loop2
loop2
loop2
loop2
loop2
loop2
loop2
loop2
loop2
loop2
loop2
loop2
loop2
loop2
loop2
loop2
loop2
loop2
loop2
loop2
loop2
loop2
loop2
loop2
loop2
loop2
loop2
loop2
loop2
loop2
loop2
loop2
loop2
loop2
loop2
loop2
loop2
loop2
loop2
loop2
loop2
loop2
loop2
loop2
loop2
loop2
loop2
loop2
loop2
loop2
loop2
loop2
loop2
loop2
loop2
loop2
loop2
loop2
loop2
loop2
loop2
loop2
loop2
loop2
loop2
loop2
loop2
loop2
loop2
loop2
loop2
loop2
loop2
loop2
loop2
loop2
loop2
loop2
loop2
loop2
loop2
loop2
loop2
loop2
loop2
loop2
loop2
loop2
loop2
loop2
loop2
loop2
loop2
loop2
loop2
loop2
loop2
loop2
loop2
loop2
loop2
loop2
loop2
loop2
loop2
loop2
loop2
loop2
loop2
loop2
loop2
loop2
loop2
loop2
loop2
loop2
loop2
loop2
loop2
loop2
loop2
loop2
loop2
loop2
loop2
loop2
loop2
loop2
loop2
loop2
loop2
loop2
loop2
loop2
loop2
loop2
loop2
loop2
loop2
loop2
loop2
loop2
loop2
loop2
loop2
loop2
loop2
loop2
loop2
loop2
loop2
loop2
loop2
loop2
loop2
loop2
loop2
loop2
loop2
loop2
loop2
loop2
loop2
loop2
loop2
loop2
loop2
loop2
loop2
loop2
loop2
loop2
loop2
loop2
loop2
loop2
loop2
loop2
loop2
loop2
loop2
loop2
loop2
loop2
loop2
loop2
loop2
loop2
loop2
loop2
loop2
loop2
loop2
loop2
loop2
loop2
loop2
loop2
loop2
loop2
loop2
loop2
loop2
loop2
loop2
loop2
loop2
loop2
loop2
loop2
loop2
loop2
loop2
loop2
loop2
loop2
loop2
loop2
loop2
loop2
loop2
loop2
loop2
loop2
loop2
loop2
loop2
loop2
loop2
loop2
loop2
loop2
loop2
loop2
loop2
loop2
loop2
loop2
loop2
loop2
loop2
loop2
loop2
loop2
loop2
loop2
loop2
loop2
loop2
loop2
loop2
loop2
loop2
loop2
loop2
loop2
loop2
loop2
loop2
loop2
loop2
loop2
loop2
loop2
loop2
loop2
loop2
loop2
loop2
loop2
loop2
loop2
loop2
loop2
loop2
loop2
loop2
loop2
loop2
loop2
loop2
loop2
loop2
loop2
loop2
loop2
loop2
loop2
loop2
loop2
loop2
loop2
loop2
loop2
loop2
loop2
loop2
loop2
loop2
loop2
loop2
loop2
loop2
loop2
loop2
loop2
loop2
loop2
loop2
loop2
loop2
loop2
loop2
loop2
loop2
loop2
loop2
loop2
loop2
loop2
loop2
loop2
loop2
loop2
loop2
loop2
loop2
loop2
loop2
loop2
loop2
loop2
loop2
loop2
loop2
loop2
loop2
loop2
loop2
loop2
loop2
loop2
loop2
loop2
loop2
loop2
loop2
loop2
loop2
loop2
loop2
loop2
loop2
loop2
loop2
loop2
loop2
loop2
loop2
loop2
loop2
loop2
loop2
loop2
loop2
loop2
loop2
loop2
loop2
loop2
loop2
loop2
loop2
loop2
loop2
loop2
loop2
loop2
loop2
loop2
loop2
loop2
loop2
loop2
loop2
loop2
loop2
loop2
loop2
loop2
loop2
loop2
loop2
loop2
loop2
loop2
loop2
loop2
loop2
loop2
loop2
loop2
loop2
loop2
loop2
loop2
loop2
loop2
loop2
loop2
loop2
loop2
loop2
loop2
loop2
loop2
loop2
loop2
loop2
loop2
loop2
loop2
loop2
loop2
loop2
loop2
loop2
loop2
loop2
loop2
loop2
loop2
loop2
loop2
loop2
loop2
loop2
loop2
loop2
loop2
loop2
loop2
loop2
loop2
loop2
loop2
loop2
loop2
loop2
loop2
loop2
loop2
loop2
loop2
loop2
loop2
loop2
loop2
loop2
loop2
loop2
loop2
loop2
loop2
loop2
loop2
loop2
loop2
loop2
loop2
loop2
loop2
loop2
loop2
loop2
loop2
loop2
loop2
loop2
loop2
loop2
loop2
loop2
loop2
loop2
loop2
loop2
loop2
loop2
loop2
loop2
loop2
loop2
loop2
loop2
loop2
loop2
loop2
loop2
loop2
loop2
loop2
loop2
loop2
loop2
loop2
loop2
loop2
loop2
loop2
loop2
loop2
loop2
loop2
loop2
loop2
loop2
loop2
loop2
loop2
loop2
loop2
loop2
loop2
loop2
loop2
loop2
loop2
loop2
loop2
loop2
loop2
loop2
loop2
loop2
loop2
loop2
loop2
loop2
loop2
loop2
loop2
loop2
loop2
loop2
loop2
loop2
loop2
loop2
loop2
loop2
loop2
loop2
loop2
loop2
loop2
loop2
loop2
loop2
loop2
loop2
loop2
loop2
loop2
loop2
loop2
loop2
loop2
loop2
loop2
loop2
loop2
loop2
loop2
loop2
loop2
loop2
loop2
loop2
loop2
loop2
loop2
loop2
loop2
loop2
loop2
loop2
loop2
loop2
loop2
loop2
loop2
loop2
loop2
loop2
loop2
loop2
loop2
loop2
loop2
loop2
loop2
loop2
loop2
loop2
loop2
loop2
loop2
loop2
loop2
loop2
loop2
loop2
loop2
loop2
loop2
loop2
loop2
loop2
loop2
loop2
loop2
loop2
loop2
loop2
loop2
loop2
loop2
loop2
loop2
loop2
loop2
loop2
loop2
loop2
loop2
loop2
loop2
loop2
loop2
loop2
loop2
loop2
loop2
loop2
loop2
loop2
loop2
loop2
loop2
loop2
loop2
loop2
loop2
loop2
loop2
loop2
loop2
loop2
loop2
loop2
loop2
loop2
loop2
loop2
loop2
loop2
loop2
loop2
loop2
loop2
loop2
loop2
loop2
loop2
loop2
loop2
loop2
loop2
loop2
loop2
loop2
loop2
loop2
loop2
loop2
loop2
loop2
loop2
loop2
loop2
loop2
loop2
loop2
loop2
loop2
loop2
loop2
loop2
loop2
loop2
loop2
loop2
loop2
loop2
loop2
loop2
loop2
loop2
loop2
loop2
loop2
loop2
loop2
loop2
loop2
loop2
loop2
loop2
loop2
loop2
loop2
loop2
loop2
loop2
loop2
loop2
loop2
loop2
loop2
loop2
loop2
loop2
loop2
loop2
loop2
loop2
loop2
loop2
loop2
loop2
loop2
loop2
loop2
loop2
loop2
loop2
loop2
loop2
loop2
loop2
loop2
loop2
loop2
loop2
loop2
loop2
loop2
loop2
loop2
loop2
loop2
loop2
loop2
loop2
loop2
loop2
loop2
loop2
loop2
loop2
loop2
loop2
loop2
loop2
loop2
loop2
loop2
loop2
loop2
loop2
loop2
loop2
loop2
loop2
loop2
loop2
loop2
loop2
loop2
loop2
loop2
loop2
loop2
loop2
loop2
loop2
loop2
loop2
loop2
loop2
loop2
loop2
loop2
loop2
loop2
loop2
loop2
loop2
loop2
loop2
loop2
loop2
loop2
loop2
loop2
loop2
loop2
loop2
loop2
loop2
loop2
loop2
loop2
loop2
loop2
loop2
loop2
loop2
loop2
loop2
loop2
loop2
loop2
loop2
loop2
loop2
loop2
loop2
loop2
loop2
loop2
loop2
loop2
loop2
loop2
loop2
loop2
loop2
loop2
loop2
loop2
loop2
loop2
loop2
loop2
loop2
loop2
loop2
loop2
loop2
loop2
loop2
loop2
loop2
loop2
loop2
loop2
loop2
loop2
loop2
loop2
loop2
loop2
loop2
loop2
loop2
loop2
loop2
loop2
loop2
loop2
loop2
loop2
loop2
loop2
loop2
loop2
loop2
loop2
loop2
loop2
loop2
loop2
loop2
loop2
loop2
loop2
loop2
loop2
loop2
loop2
loop2
loop2
loop2
loop2
loop2
loop2
loop2
loop2
loop2
loop2
loop2
loop2
loop2
loop2
loop2
loop2
loop2
loop2
loop2
loop2
loop2
loop2
loop2
loop2
loop2
loop2
loop2
loop2
loop2
loop2
loop2
loop2
loop2
loop2
loop2
loop2
loop2
loop2
loop2
loop2
loop2
loop2
loop2
loop2
loop2
loop2
loop2
loop2
loop2
loop2
loop2
loop2
loop2
loop2
loop2
loop2
loop2
loop2
loop2
loop2
loop2
loop2
loop2
loop2
loop2
loop2
loop2
loop2
loop2
loop2
loop2
loop2
loop2
loop2
loop2
loop2
loop2
loop2
loop2
loop2
loop2
loop2
loop2
loop2
loop2
loop2
loop2
loop2
loop2
loop2
loop2
loop2
loop2
loop2
loop2
loop2
loop2
loop2
loop2
loop2
loop2
loop2
loop2
loop2
loop2
loop2
loop2
loop2
loop2
loop2
loop2
loop2
loop2
loop2
loop2
loop2
loop2
loop2
loop2
loop2
loop2
loop2
loop2
loop2
loop2
loop2
loop2
loop2
loop2
loop2
loop2
loop2
loop2
loop2
loop2
loop2
loop2
loop2
loop2
loop2
loop2
loop2
loop2
loop2
loop2
loop2
loop2
loop2
loop2
loop2
loop2
loop2
loop2
loop2
loop2
loop2
loop2
loop2
loop2
loop2
loop2
loop2
loop2
loop2
loop2
loop2
loop2
loop2
loop2
loop2
loop2
loop2
loop2
loop2
loop2
loop2
loop2
loop2
loop2
loop2
loop2
loop2
loop2
loop2
loop2
loop2
loop2
loop2
loop2
loop2
loop2
loop2
loop2
loop2
loop2
loop2
loop2
loop2
loop2
loop2
loop2
loop2
loop2
loop2
loop2
loop2
loop2
loop2
loop2
loop2
loop2
loop2
loop2
loop2
loop2
loop2
loop2
loop2
loop2
loop2
loop2
loop2
loop2
loop2
loop2
loop2
loop2
loop2
loop2
loop2
loop2
loop2
loop2
loop2
loop2
loop2
loop2
loop2
loop2
loop2
loop2
loop2
loop2
loop2
loop2
loop2
loop2
loop2
loop2
loop2
loop2
loop2
loop2
loop2
loop2
loop2
loop2
loop2
loop2
loop2
loop2
loop2
loop2
loop2
loop2
loop2
loop2
loop2
loop2
loop2
loop2
loop2
loop2
loop2
loop2
loop2
loop2
loop2
loop2
loop2
loop2
loop2
loop2
loop2
loop2
loop2
loop2
loop2
loop2
loop2
loop2
loop2
loop2
loop2
loop2
loop2
loop2
loop2
loop2
loop2
loop2
loop2
loop2
loop2
loop2
loop2
loop2
loop2
loop2
loop2
loop2
loop2
loop2
loop2
loop2
loop2
loop2
loop2
loop2
loop2
loop2
loop2
loop2
loop2
loop2
loop2
loop2
loop2
loop2
loop2
loop2
loop2
loop2
loop2
loop2
loop2
loop2
loop2
loop2
loop2
loop2
loop2
loop2
loop2
loop2
loop2
loop2
loop2
loop2
loop2
loop2
loop2
loop2
loop2
loop2
loop2
loop2
loop2
loop2
loop2
loop2
loop2
loop2
loop2
loop2
loop2
loop2
loop2
loop2
loop2
loop2
loop2
loop2
loop2
loop2
loop2
loop2
loop2
loop2
loop2
loop2
loop2
loop2
loop2
loop2
loop2
loop2
loop2
loop2
loop2
loop2
loop2
loop2
loop2
loop2
loop2
loop2
loop2
loop2
loop2
loop2
loop2
loop2
loop2
loop2
loop2
loop2
loop2
loop2
loop2
loop2
loop2
loop2
loop2
loop2
loop2
loop2
loop2
loop2
loop2
loop2
loop2
loop2
loop2
loop2
loop2
loop2
loop2
loop2
loop2
loop2
loop2
loop2
loop2
loop2
loop2
loop2
loop2
loop2
loop2
loop2
loop2
loop2
loop2
loop2
loop2
loop2
loop2
loop2
loop2
loop2
loop2
loop2
loop2
loop2
loop2
loop2
loop2
loop2
loop2
loop2
loop2
loop2
loop2
loop2
loop2
loop2
loop2
loop2
loop2
loop2
loop2
loop2
loop2
loop2
loop2
loop2
loop2
loop2
loop2
loop2
loop2
loop2
loop2
loop2
loop2
loop2
loop2
loop2
loop2
loop2
loop2
loop2
loop2
loop2
loop2
loop2
loop2
loop2
loop2
loop2
loop2
loop2
loop2
loop2
loop2
loop2
loop2
loop2
loop2
loop2
loop2
loop2
loop2
loop2
loop2
loop2
loop2
loop2
loop2
loop2
loop2
loop2
loop2
loop2
loop2
loop2
loop2
loop2
loop2
loop2
loop2
loop2
loop2
loop2
loop2
loop2
loop2
loop2
loop2
loop2
loop2
loop2
loop2
loop2
loop2
loop2
loop2
loop2
loop2
loop2
loop2
loop2
loop2
loop2
loop2
loop2
loop2
loop2
loop2
loop2
loop2
loop2
loop2
loop2
loop2
loop2
loop2
loop2
loop2
loop2
loop2
loop2
loop2
loop2
loop2
loop2
loop2
loop2
loop2
loop2
loop2
loop2
loop2
loop2
loop2
loop2
loop2
loop2
loop2
loop2
loop2
loop2
loop2
loop2
loop2
loop2
loop2
loop2
loop2
loop2
loop2
loop2
loop2
loop2
loop2
loop2
loop2
loop2
loop2
loop2
loop2
loop2
loop2
loop2
loop2
loop2
loop2
loop2
loop2
loop2
loop2
loop2
loop2
loop2
loop2
loop2
loop2
loop2
loop2
loop2
loop2
loop2
loop2
loop2
loop2
loop2
loop2
loop2
loop2
loop2
loop2
loop2
loop2
loop2
loop2
loop2
loop2
loop2
loop2
loop2
loop2
loop2
loop2
loop2
loop2
loop2
loop2
loop2
loop2
loop2
loop2
loop2
loop2
loop2
loop2
loop2
loop2
loop2
loop2
loop2
loop2
loop2
loop2
loop2
loop2
loop2
loop2
loop2
loop2
loop2
loop2
loop2
loop2
loop2
loop2
loop2
loop2
loop2
loop2
loop2
loop2
loop2
loop2
loop2
loop2
loop2
loop2
loop2
loop2
loop2
loop2
loop2
loop2
loop2
loop2
loop2
loop2
loop2
loop2
loop2
loop2
loop2
loop2
loop2
loop2
loop2
loop2
loop2
loop2
loop2
loop2
loop2
loop2
loop2
loop2
loop2
loop2
loop2
loop2
loop2
loop2
loop2
loop2
loop2
loop2
loop2
loop2
loop2
loop2
loop2
loop2
loop2
loop2
loop2
loop2
loop2
loop2
loop2
loop2
loop2
loop2
loop2
loop2
loop2
loop2
loop2
loop2
loop2
loop2
loop2
loop2
loop2
loop2
loop2
loop2
loop2
loop2
loop2
loop2
loop2
loop2
loop2
loop2
loop2
loop2
loop2
loop2
loop2
loop2
loop2
loop2
loop2
loop2
loop2
loop2
loop2
loop2
loop2
loop2
loop2
loop2
loop2
loop2
loop2
loop2
loop2
loop2
loop2
loop2
loop2
loop2
loop2
loop2
loop2
loop2
loop2
loop2
loop2
loop2
loop2
loop2
loop2
loop2
loop2
loop2
loop2
loop2
loop2
loop2
loop2
loop2
loop2
loop2
loop2
loop2
loop2
loop2
loop2
loop2
loop2
loop2
loop2
loop2
loop2
loop2
loop2
loop2
loop2
loop2
loop2
loop2
loop2
loop2
loop2
loop2
loop2
loop2
loop2
loop2
loop2
loop2
loop2
loop2
loop2
loop2
loop2
loop2
loop2
loop2
loop2
loop2
loop2
loop2
loop2
loop2
loop2
loop2
loop2
loop2
loop2
loop2
loop2
loop2
loop2
loop2
loop2
loop2
loop2
loop2
loop2
loop2
loop2
loop2
loop2
loop2
loop2
loop2
loop2
loop2
loop2
loop2
loop2
loop2
loop2
loop2
loop2
loop2
loop2
loop2
loop2
loop2
loop2
loop2
loop2
loop2
loop2
loop2
loop2
loop2
loop2
loop2
loop2
loop2
loop2
loop2
loop2
loop2
loop2
loop2
loop2
loop2
loop2
loop2
loop2
loop2
loop2
loop2
loop2
loop2
loop2
loop2
loop2
loop2
loop2
loop2
loop2
loop2
loop2
loop2
loop2
loop2
loop2
loop2
loop2
loop2
loop2
loop2
loop2
loop2
loop2
loop2
loop2
loop2
loop2
loop2
loop2
loop2
loop2
loop2
loop2
loop2
loop2
loop2
loop2
loop2
loop2
loop2
loop2
loop2
loop2
loop2
loop2
loop2
loop2
loop2
loop2
loop2
loop2
loop2
loop2
loop2
loop2
loop2
loop2
loop2
loop2
loop2
loop2
loop2
loop2
loop2
loop2
loop2
loop2
loop2
loop2
loop2
loop2
loop2
loop2
loop2
loop2
loop2
loop2
loop2
loop2
loop2
loop2
loop2
loop2
loop2
loop2
loop2
loop2
loop2
loop2
loop2
loop2
loop2
loop2
loop2
loop2
loop2
loop2
loop2
loop2
loop2
loop2
loop2
loop2
loop2
loop2
loop2
loop2
loop2
loop2
loop2
loop2
loop2
loop2
loop2
loop2
loop2
loop2
loop2
loop2
loop2
loop2
loop2
loop2
loop2
loop2
loop2
loop2
loop2
loop2
loop2
loop2
loop2
loop2
loop2
loop2
loop2
loop2
loop2
loop2
loop2
loop2
loop2
loop2
loop2
loop2
loop2
loop2
loop2
loop2
loop2
loop2
loop2
loop2
loop2
loop2
loop2
loop2
loop2
loop2
loop2
loop2
loop2
loop2
loop2
loop2
loop2
loop2
loop2
loop2
loop2
loop2
loop2
loop2
loop2
loop2
loop2
loop2
loop2
loop2
loop2
loop2
loop2
loop2
loop2
loop2
loop2
loop2
loop2
loop2
loop2
loop2
loop2
loop2
loop2
loop2
loop2
loop2
loop2
loop2
loop2
loop2
loop2
loop2
loop2
loop2
loop2
loop2
loop2
loop2
loop2
loop2
loop2
loop2
loop2
loop2
loop2
loop2
loop2
loop2
loop2
loop2
loop2
loop2
loop2
loop2
loop2
loop2
loop2
loop2
loop2
loop2
loop2
loop2
loop2
loop2
loop2
loop2
loop2
loop2
loop2
loop2
loop2
loop2
loop2
loop2
loop2
loop2
loop2
loop2
loop2
loop2
loop2
loop2
loop2
loop2
loop2
loop2
loop2
loop2
loop2
loop2
loop2
loop2
loop2
loop2
loop2
loop2
loop2
loop2
loop2
loop2
loop2
loop2
loop2
loop2
loop2
loop2
loop2
loop2
loop2
loop2
loop2
loop2
loop2
loop2
loop2
loop2
loop2
loop2
loop2
loop2
loop2
loop2
loop2
loop2
loop2
loop2
loop2
loop2
loop2
loop2
loop2
loop2
loop2
loop2
loop2
loop2
loop2
loop2
loop2
loop2
loop2
loop2
loop2
loop2
loop2
loop2
loop2
loop2
loop2
loop2
loop2
loop2
loop2
loop2
loop2
loop2
loop2
loop2
loop2
loop2
loop2
loop2
loop2
loop2
loop2
loop2
loop2
loop2
loop2
loop2
loop2
loop2
loop2
loop2
loop2
loop2
loop2
loop2
loop2
loop2
loop2
loop2
loop2
loop2
loop2
loop2
loop2
loop2
loop2
loop2
loop2
loop2
loop2
loop2
loop2
loop2
loop2
loop2
loop2
loop2
loop2
loop2
loop2
loop2
loop2
loop2
loop2
loop2
loop2
loop2
loop2
loop2
loop2
loop2
loop2
loop2
loop2
loop2
loop2
loop2
loop2
loop2
loop2
loop2
loop2
loop2
loop2
loop2
loop2
loop2
loop2
loop2
loop2
loop2
loop2
loop2
loop2
loop2
loop2
loop2
loop2
loop2
loop2
loop2
loop2
loop2
loop2
loop2
loop2
loop2
loop2
loop2
loop2
loop2
loop2
loop2
loop2
loop2
loop2
loop2
loop2
loop2
loop2
loop2
loop2
loop2
loop2
loop2
loop2
loop2
loop2
loop2
loop2
loop2
loop2
loop2
loop2
loop2
loop2
loop2
loop2
loop2
loop2
loop2
loop2
loop2
loop2
loop2
loop2
loop2
loop2
loop2
loop2
loop2
loop2
loop2
loop2
loop2
loop2
loop2
loop2
loop2
loop2
loop2
loop2
loop2
loop2
loop2
loop2
loop2
loop2
loop2
loop2
loop2
loop2
loop2
loop2
loop2
loop2
loop2
loop2
loop2
loop2
loop2
loop2
loop2
loop2
loop2
loop2
loop2
loop2
loop2
loop2
loop2
loop2
loop2
loop2
loop2
loop2
loop2
loop2
loop2
loop2
loop2
loop2
loop2
loop2
loop2
loop2
loop2
loop2
loop2
loop2
loop2
loop2
loop2
loop2
loop2
loop2
loop2
loop2
loop2
loop2
loop2
loop2
loop2
loop2
loop2
loop2
loop2
loop2
loop2
loop2
loop2
loop2
loop2
loop2
loop2
loop2
loop2
loop2
loop2
loop2
loop2
loop2
loop2
loop2
loop2
loop2
loop2
loop2
loop2
loop2
loop2
loop2
loop2
loop2
loop2
loop2
loop2
loop2
loop2
loop2
loop2
loop2
loop2
loop2
loop2
loop2
loop2
loop2
loop2
loop2
loop2
loop2
loop2
loop2
loop2
loop2
loop2
loop2
loop2
loop2
loop2
loop2
loop2
loop2
loop2
loop2
loop2
loop2
loop2
loop2
loop2
loop2
loop2
loop2
loop2
loop2
loop2
loop2
loop2
loop2
loop2
loop2
loop2
loop2
loop2
loop2
loop2
loop2
loop2
loop2
loop2
loop2
loop2
loop2
loop2
loop2
loop2
loop2
loop2
loop2
loop2
loop2
loop2
loop2
loop2
loop2
loop2
loop2
loop2
loop2
loop2
loop2
loop2
loop2
loop2
loop2
loop2
loop2
loop2
loop2
loop2
loop2
loop2
loop2
loop2
loop2
loop2
loop2
loop2
loop2
loop2
loop2
loop2
loop2
loop2
loop2
loop2
loop2
loop2
loop2
loop2
loop2
loop2
loop2
loop2
loop2
loop2
loop2
loop2
loop2
loop2
loop2
loop2
loop2
loop2
loop2
loop2
loop2
loop2
loop2
loop2
loop2
loop2
loop2
loop2
loop2
loop2
loop2
loop2
loop2
loop2
loop2
loop2
loop2
loop2
loop2
loop2
loop2
loop2
loop2
loop2
loop2
loop2
loop2
loop2
loop2
loop2
loop2
loop2
finished ../logs/01.11.2017/1_00_09/BeLog/server_console.log
current sessions 16646
current adjustments 0
